2026-07-22 11:36:56.661 | DEBUG    | tau2.runner.batch:__enter__:301 - Task log file: D:\PolicyAgent-PostTrain\experiments\20260722_110504_retail_baseline20_trial1_deepseek\task_107\tau2_artifacts\artifacts\task_107\sim_abeda212-0d93-4c8e-a9e1-6f8edabe036f\task.log
2026-07-22 11:36:56.699 | INFO     | tau2.orchestrator.orchestrator:_validate_mode_compatibility:477 - Orchestrator initialized in HALF_DUPLEX mode (turn-based) with agent=LLMAgent, user=UserSimulator
2026-07-22 11:36:56.699 | DEBUG    | tau2.runner.build:build_text_orchestrator:400 - Built text orchestrator: domain=retail, agent=llm_agent, user=user_simulator, task=107
2026-07-22 11:36:56.700 | DEBUG    | tau2.orchestrator.orchestrator:step:833 - Step 0. Sending message from Role.AGENT to Role.USER
2026-07-22 11:36:56.700 | DEBUG    | tau2.orchestrator.orchestrator:step:836 - Step 0.
From role: Role.AGENT
To role: Role.USER
Message: AssistantMessage
content: Hi! How can I help you today?
is_final_chunk: True
2026-07-22 11:36:56.700 | DEBUG    | tau2.user.user_simulator:_generate_next_message:222 - User responds to message: AssistantMessage
content: Hi! How can I help you today?
is_final_chunk: True
2026-07-22 11:36:58.463 | DEBUG    | tau2.user.user_simulator:_generate_next_message:244 - Response: Hi there! I just got my order and, oh boy, the hiking boots look like someone already took them for a spin. I’m a bit bummed about that. Could I get a fresh pair, same specs? Also, I ordered a jigsaw puzzle and I’d like to swap it for something a little fancier, with 500 fewer pieces, but still the same difficulty level. Can you help me sort this out?
2026-07-22 11:36:58.463 | DEBUG    | tau2.orchestrator.orchestrator:step:833 - Step 1. Sending message from Role.USER to Role.AGENT
2026-07-22 11:36:58.463 | DEBUG    | tau2.orchestrator.orchestrator:step:836 - Step 1.
From role: Role.USER
To role: Role.AGENT
Message: UserMessage
content: Hi there! I just got my order and, oh boy, the hiking boots look like someone already took them for a spin. I’m a bit bummed about that. Could I get a fresh pair, same specs? Also, I ordered a jigsaw puzzle and I’d like to swap it for something a little fancier, with 500 fewer pieces, but still the same difficulty level. Can you help me sort this out?
is_final_chunk: True
2026-07-22 11:36:59.545 | DEBUG    | tau2.orchestrator.orchestrator:step:833 - Step 2. Sending message from Role.AGENT to Role.USER
2026-07-22 11:36:59.545 | DEBUG    | tau2.orchestrator.orchestrator:step:836 - Step 2.
From role: Role.AGENT
To role: Role.USER
Message: AssistantMessage
content: I'd be happy to help you with your order! First, I need to authenticate your identity. Could you please provide me with your email address, or your name and zip code so I can look you up?
is_final_chunk: True
2026-07-22 11:36:59.545 | DEBUG    | tau2.user.user_simulator:_generate_next_message:222 - User responds to message: AssistantMessage
content: I'd be happy to help you with your order! First, I need to authenticate your identity. Could you please provide me with your email address, or your name and zip code so I can look you up?
is_final_chunk: True
2026-07-22 11:37:00.336 | DEBUG    | tau2.user.user_simulator:_generate_next_message:244 - Response: Oh, I totally blanked on my email—sorry! But my name is Yara Ito and my zip code is 75284. Does that help?
2026-07-22 11:37:00.336 | DEBUG    | tau2.orchestrator.orchestrator:step:833 - Step 3. Sending message from Role.USER to Role.AGENT
2026-07-22 11:37:00.336 | DEBUG    | tau2.orchestrator.orchestrator:step:836 - Step 3.
From role: Role.USER
To role: Role.AGENT
Message: UserMessage
content: Oh, I totally blanked on my email—sorry! But my name is Yara Ito and my zip code is 75284. Does that help?
is_final_chunk: True
2026-07-22 11:37:01.757 | DEBUG    | tau2.orchestrator.orchestrator:step:833 - Step 4. Sending message from Role.AGENT to Role.ENV
2026-07-22 11:37:01.758 | DEBUG    | tau2.orchestrator.orchestrator:step:836 - Step 4.
From role: Role.AGENT
To role: Role.ENV
Message: AssistantMessage
content: No problem! Let me look you up with that information.
ToolCalls:
ToolCall (from assistant)
id: call_00_CNFGpbqIUdinXPL49LVY2604
name: find_user_id_by_name_zip
arguments:
{
  "first_name": "Yara",
  "last_name": "Ito",
  "zip": "75284"
}
is_final_chunk: True
2026-07-22 11:37:01.758 | DEBUG    | tau2.environment.environment:get_response:454 - Response: yara_ito_8499
2026-07-22 11:37:01.758 | DEBUG    | tau2.orchestrator.orchestrator:step:833 - Step 5. Sending message from Role.ENV to Role.AGENT
2026-07-22 11:37:01.758 | DEBUG    | tau2.orchestrator.orchestrator:step:836 - Step 5.
From role: Role.ENV
To role: Role.AGENT
Message: ToolMessage (responding to assistant)
timestamp: 2026-07-22T11:37:01.758362
content: yara_ito_8499
2026-07-22 11:37:02.933 | DEBUG    | tau2.orchestrator.orchestrator:step:833 - Step 6. Sending message from Role.AGENT to Role.ENV
2026-07-22 11:37:02.933 | DEBUG    | tau2.orchestrator.orchestrator:step:836 - Step 6.
From role: Role.AGENT
To role: Role.ENV
Message: AssistantMessage
content: Great, I found you! Let me get your details and orders.
ToolCalls:
ToolCall (from assistant)
id: call_00_AWkM2ZjBZybu7EKJqp3K4031
name: get_user_details
arguments:
{
  "user_id": "yara_ito_8499"
}
is_final_chunk: True
2026-07-22 11:37:02.933 | DEBUG    | tau2.environment.environment:get_response:454 - Response: user_id='yara_ito_8499' name=UserName(first_name='Yara', last_name='Ito') address=UserAddress(address1='179 Broadway', address2='Suite 256', city='Dallas', country='USA', state='TX', zip='75284') email='yara.ito7353@example.com' payment_methods={'paypal_1679017': Paypal(source='paypal', id='paypal_1679017')} orders=['#W1304208', '#W8353027', '#W3191978', '#W1809337']
2026-07-22 11:37:02.934 | DEBUG    | tau2.orchestrator.orchestrator:step:833 - Step 7. Sending message from Role.ENV to Role.AGENT
2026-07-22 11:37:02.934 | DEBUG    | tau2.orchestrator.orchestrator:step:836 - Step 7.
From role: Role.ENV
To role: Role.AGENT
Message: ToolMessage (responding to assistant)
timestamp: 2026-07-22T11:37:02.934771
content: {"user_id": "yara_ito_8499", "name": {"first_name": "Yara", "last_name": "Ito"}, "address": {"address1": "179 Broadway", "address2": "Suite 256", "city": "Dallas", "country": "USA", "state": "TX", "zip": "75284"}, "email": "yara.ito7353@example.com", "payment_methods": {"paypal_1679017": {"source": "paypal", "id": "paypal_1679017"}}, "orders": ["#W1304208", "#W8353027", "#W3191978", "#W1809337"]}
2026-07-22 11:37:04.723 | DEBUG    | tau2.orchestrator.orchestrator:step:833 - Step 8. Sending message from Role.AGENT to Role.ENV
2026-07-22 11:37:04.724 | DEBUG    | tau2.orchestrator.orchestrator:step:836 - Step 8.
From role: Role.AGENT
To role: Role.ENV
Message: AssistantMessage
content: Great, I've found you, Yara! Let me check the details of your orders to find the one with the hiking boots and jigsaw puzzle.
ToolCalls:
ToolCall (from assistant)
id: call_00_keTJw9wjW1hOImjSyW4z2170
name: get_order_details
arguments:
{
  "order_id": "#W1304208"
}
ToolCall (from assistant)
id: call_01_Yc7uYjtfaCAqXkWHMkF43195
name: get_order_details
arguments:
{
  "order_id": "#W8353027"
}
ToolCall (from assistant)
id: call_02_vPGSw7duaOutr4FF1v1m8600
name: get_order_details
arguments:
{
  "order_id": "#W3191978"
}
ToolCall (from assistant)
id: call_03_k6Zd7qpqHNF36b9OgL9m2046
name: get_order_details
arguments:
{
  "order_id": "#W1809337"
}
is_final_chunk: True
2026-07-22 11:37:04.724 | DEBUG    | tau2.environment.environment:get_response:454 - Response: order_id='#W1304208' user_id='yara_ito_8499' address=UserAddress(address1='179 Broadway', address2='Suite 256', city='Dallas', country='USA', state='TX', zip='75284') items=[OrderItem(name='Hiking Boots', product_id='7363354090', item_id='1615379700', price=253.89, options={'size': '10', 'material': 'synthetic', 'waterproof': 'yes'})] status='delivered' fulfillments=[OrderFullfilment(tracking_id=['989750881076'], item_ids=['1615379700'])] payment_history=[OrderPayment(transaction_type='payment', amount=253.89, payment_method_id='paypal_1679017')] cancel_reason=None exchange_items=None exchange_new_items=None exchange_payment_method_id=None exchange_price_difference=None return_items=None return_payment_method_id=None
2026-07-22 11:37:04.724 | DEBUG    | tau2.environment.environment:get_response:454 - Response: order_id='#W8353027' user_id='yara_ito_8499' address=UserAddress(address1='179 Broadway', address2='Suite 256', city='Dallas', country='USA', state='TX', zip='75284') items=[OrderItem(name='Electric Kettle', product_id='1075968781', item_id='9335834276', price=137.92, options={'capacity': '2L', 'material': 'glass', 'color': 'black'}), OrderItem(name='Grill', product_id='6819683148', item_id='7717598293', price=985.66, options={'type': 'electric', 'size': 'medium', 'features': 'rotisserie'}), OrderItem(name='Jigsaw Puzzle', product_id='1808611083', item_id='6245746168', price=46.0, options={'pieces': '1500', 'theme': 'animals', 'difficulty level': 'intermediate'}), OrderItem(name='Dumbbell Set', product_id='7233192239', item_id='6130713659', price=483.66, options={'weight range': '55-75 lbs', 'material': 'urethane', 'set type': 'adjustable'}), OrderItem(name='Skateboard', product_id='1968349452', item_id='8176740019', price=208.6, options={'deck material': 'bamboo', 'length': '28 inch', 'design': 'plain'})] status='delivered' fulfillments=[OrderFullfilment(tracking_id=['778196182846'], item_ids=['9335834276', '7717598293', '6245746168', '6130713659', '8176740019'])] payment_history=[OrderPayment(transaction_type='payment', amount=1861.84, payment_method_id='paypal_1679017')] cancel_reason=None exchange_items=None exchange_new_items=None exchange_payment_method_id=None exchange_price_difference=None return_items=None return_payment_method_id=None
2026-07-22 11:37:04.725 | DEBUG    | tau2.environment.environment:get_response:454 - Response: order_id='#W3191978' user_id='yara_ito_8499' address=UserAddress(address1='179 Broadway', address2='Suite 256', city='Dallas', country='USA', state='TX', zip='75284') items=[OrderItem(name='Mechanical Keyboard', product_id='1656367028', item_id='5222576926', price=249.95, options={'switch type': 'linear', 'backlight': 'white', 'size': 'full size'})] status='processed' fulfillments=[OrderFullfilment(tracking_id=['549282369883'], item_ids=['5222576926'])] payment_history=[OrderPayment(transaction_type='payment', amount=249.95, payment_method_id='paypal_1679017')] cancel_reason=None exchange_items=None exchange_new_items=None exchange_payment_method_id=None exchange_price_difference=None return_items=None return_payment_method_id=None
2026-07-22 11:37:04.726 | DEBUG    | tau2.environment.environment:get_response:454 - Response: order_id='#W1809337' user_id='yara_ito_8499' address=UserAddress(address1='947 Elm Avenue', address2='Suite 599', city='Washington', country='USA', state='DC', zip='20258') items=[OrderItem(name='Cycling Helmet', product_id='7765186836', item_id='3339188619', price=200.24, options={'size': 'M', 'color': 'blue', 'ventilation': 'low'}), OrderItem(name='Makeup Kit', product_id='5149340237', item_id='2882812427', price=261.11, options={'skin tone': 'medium', 'kit size': 'professional', 'brand': 'Brand A'}), OrderItem(name='Tea Kettle', product_id='9832717871', item_id='4238115171', price=91.78, options={'material': 'stainless steel', 'capacity': '2 liters', 'stovetop compatibility': 'gas'}), OrderItem(name='Wall Clock', product_id='2344688344', item_id='8610532516', price=203.76, options={'diameter': '10 inches', 'color': 'black', 'type': 'digital'})] status='delivered' fulfillments=[OrderFullfilment(tracking_id=['581363444050'], item_ids=['3339188619', '2882812427', '4238115171', '8610532516'])] payment_history=[OrderPayment(transaction_type='payment', amount=756.89, payment_method_id='paypal_1679017')] cancel_reason=None exchange_items=None exchange_new_items=None exchange_payment_method_id=None exchange_price_difference=None return_items=None return_payment_method_id=None
2026-07-22 11:37:04.726 | DEBUG    | tau2.orchestrator.orchestrator:step:833 - Step 9. Sending message from Role.ENV to Role.AGENT
2026-07-22 11:37:04.726 | DEBUG    | tau2.orchestrator.orchestrator:step:836 - Step 9.
From role: Role.ENV
To role: Role.AGENT
Message: role='tool' tool_messages=[ToolMessage(id='call_00_keTJw9wjW1hOImjSyW4z2170', role='tool', content='{"order_id": "#W1304208", "user_id": "yara_ito_8499", "address": {"address1": "179 Broadway", "address2": "Suite 256", "city": "Dallas", "country": "USA", "state": "TX", "zip": "75284"}, "items": [{"name": "Hiking Boots", "product_id": "7363354090", "item_id": "1615379700", "price": 253.89, "options": {"size": "10", "material": "synthetic", "waterproof": "yes"}}], "status": "delivered", "fulfillments": [{"tracking_id": ["989750881076"], "item_ids": ["1615379700"]}], "payment_history": [{"transaction_type": "payment", "amount": 253.89, "payment_method_id": "paypal_1679017"}], "cancel_reason": null, "exchange_items": null, "exchange_new_items": null, "exchange_payment_method_id": null, "exchange_price_difference": null, "return_items": null, "return_payment_method_id": null}', requestor='assistant', error=False, turn_idx=None, timestamp='2026-07-22T11:37:04.724043'), ToolMessage(id='call_01_Yc7uYjtfaCAqXkWHMkF43195', role='tool', content='{"order_id": "#W8353027", "user_id": "yara_ito_8499", "address": {"address1": "179 Broadway", "address2": "Suite 256", "city": "Dallas", "country": "USA", "state": "TX", "zip": "75284"}, "items": [{"name": "Electric Kettle", "product_id": "1075968781", "item_id": "9335834276", "price": 137.92, "options": {"capacity": "2L", "material": "glass", "color": "black"}}, {"name": "Grill", "product_id": "6819683148", "item_id": "7717598293", "price": 985.66, "options": {"type": "electric", "size": "medium", "features": "rotisserie"}}, {"name": "Jigsaw Puzzle", "product_id": "1808611083", "item_id": "6245746168", "price": 46.0, "options": {"pieces": "1500", "theme": "animals", "difficulty level": "intermediate"}}, {"name": "Dumbbell Set", "product_id": "7233192239", "item_id": "6130713659", "price": 483.66, "options": {"weight range": "55-75 lbs", "material": "urethane", "set type": "adjustable"}}, {"name": "Skateboard", "product_id": "1968349452", "item_id": "8176740019", "price": 208.6, "options": {"deck material": "bamboo", "length": "28 inch", "design": "plain"}}], "status": "delivered", "fulfillments": [{"tracking_id": ["778196182846"], "item_ids": ["9335834276", "7717598293", "6245746168", "6130713659", "8176740019"]}], "payment_history": [{"transaction_type": "payment", "amount": 1861.84, "payment_method_id": "paypal_1679017"}], "cancel_reason": null, "exchange_items": null, "exchange_new_items": null, "exchange_payment_method_id": null, "exchange_price_difference": null, "return_items": null, "return_payment_method_id": null}', requestor='assistant', error=False, turn_idx=None, timestamp='2026-07-22T11:37:04.725038'), ToolMessage(id='call_02_vPGSw7duaOutr4FF1v1m8600', role='tool', content='{"order_id": "#W3191978", "user_id": "yara_ito_8499", "address": {"address1": "179 Broadway", "address2": "Suite 256", "city": "Dallas", "country": "USA", "state": "TX", "zip": "75284"}, "items": [{"name": "Mechanical Keyboard", "product_id": "1656367028", "item_id": "5222576926", "price": 249.95, "options": {"switch type": "linear", "backlight": "white", "size": "full size"}}], "status": "processed", "fulfillments": [{"tracking_id": ["549282369883"], "item_ids": ["5222576926"]}], "payment_history": [{"transaction_type": "payment", "amount": 249.95, "payment_method_id": "paypal_1679017"}], "cancel_reason": null, "exchange_items": null, "exchange_new_items": null, "exchange_payment_method_id": null, "exchange_price_difference": null, "return_items": null, "return_payment_method_id": null}', requestor='assistant', error=False, turn_idx=None, timestamp='2026-07-22T11:37:04.725038'), ToolMessage(id='call_03_k6Zd7qpqHNF36b9OgL9m2046', role='tool', content='{"order_id": "#W1809337", "user_id": "yara_ito_8499", "address": {"address1": "947 Elm Avenue", "address2": "Suite 599", "city": "Washington", "country": "USA", "state": "DC", "zip": "20258"}, "items": [{"name": "Cycling Helmet", "product_id": "7765186836", "item_id": "3339188619", "price": 200.24, "options": {"size": "M", "color": "blue", "ventilation": "low"}}, {"name": "Makeup Kit", "product_id": "5149340237", "item_id": "2882812427", "price": 261.11, "options": {"skin tone": "medium", "kit size": "professional", "brand": "Brand A"}}, {"name": "Tea Kettle", "product_id": "9832717871", "item_id": "4238115171", "price": 91.78, "options": {"material": "stainless steel", "capacity": "2 liters", "stovetop compatibility": "gas"}}, {"name": "Wall Clock", "product_id": "2344688344", "item_id": "8610532516", "price": 203.76, "options": {"diameter": "10 inches", "color": "black", "type": "digital"}}], "status": "delivered", "fulfillments": [{"tracking_id": ["581363444050"], "item_ids": ["3339188619", "2882812427", "4238115171", "8610532516"]}], "payment_history": [{"transaction_type": "payment", "amount": 756.89, "payment_method_id": "paypal_1679017"}], "cancel_reason": null, "exchange_items": null, "exchange_new_items": null, "exchange_payment_method_id": null, "exchange_price_difference": null, "return_items": null, "return_payment_method_id": null}', requestor='assistant', error=False, turn_idx=None, timestamp='2026-07-22T11:37:04.726039')]
2026-07-22 11:37:07.099 | DEBUG    | tau2.orchestrator.orchestrator:step:833 - Step 10. Sending message from Role.AGENT to Role.ENV
2026-07-22 11:37:07.100 | DEBUG    | tau2.orchestrator.orchestrator:step:836 - Step 10.
From role: Role.AGENT
To role: Role.ENV
Message: AssistantMessage
content: Alright Yara, I can see your orders! Let me break down what I've found:

1. **Hiking Boots** - These are in order **#W1304208** (delivered). The boots are size 10, synthetic material, waterproof. You'd like to exchange them for a fresh pair with the same specs.

2. **Jigsaw Puzzle** - This is in order **#W8353027** (delivered). The puzzle has 1500 pieces, animal theme, intermediate difficulty. You'd like to swap it for one with 500 fewer pieces (so 1000 pieces), same difficulty level.

Since both orders are **delivered**, we can handle this via **exchanges**! Let me look up the available product options to find suitable replacements.

Let me check the product details for the hiking boots and jigsaw puzzle.
ToolCalls:
ToolCall (from assistant)
id: call_00_n3fZmEfN2EDlamnbMbvt9563
name: get_product_details
arguments:
{
  "product_id": "7363354090"
}
ToolCall (from assistant)
id: call_01_BvVDqt7aDZTJnNzIVFIx5760
name: get_product_details
arguments:
{
  "product_id": "1808611083"
}
is_final_chunk: True
2026-07-22 11:37:07.100 | DEBUG    | tau2.environment.environment:get_response:454 - Response: name='Hiking Boots' product_id='7363354090' variants={'1615379700': Variant(item_id='1615379700', options={'size': '10', 'material': 'synthetic', 'waterproof': 'yes'}, available=True, price=253.89), '8106223139': Variant(item_id='8106223139', options={'size': '9', 'material': 'leather', 'waterproof': 'yes'}, available=True, price=249.12), '2658930189': Variant(item_id='2658930189', options={'size': '9', 'material': 'synthetic', 'waterproof': 'yes'}, available=False, price=241.68), '3812493782': Variant(item_id='3812493782', options={'size': '7', 'material': 'leather', 'waterproof': 'yes'}, available=True, price=244.34), '2648909398': Variant(item_id='2648909398', options={'size': '8', 'material': 'leather', 'waterproof': 'yes'}, available=False, price=240.87), '4582956489': Variant(item_id='4582956489', options={'size': '12', 'material': 'synthetic', 'waterproof': 'no'}, available=True, price=241.96), '7228247242': Variant(item_id='7228247242', options={'size': '10', 'material': 'leather', 'waterproof': 'yes'}, available=False, price=251.38), '2185126308': Variant(item_id='2185126308', options={'size': '10', 'material': 'leather', 'waterproof': 'no'}, available=False, price=241.9), '6159919747': Variant(item_id='6159919747', options={'size': '11', 'material': 'leather', 'waterproof': 'yes'}, available=True, price=259.75), '1437889264': Variant(item_id='1437889264', options={'size': '7', 'material': 'synthetic', 'waterproof': 'no'}, available=True, price=258.09), '8277474082': Variant(item_id='8277474082', options={'size': '12', 'material': 'leather', 'waterproof': 'yes'}, available=True, price=236.57), '6546364613': Variant(item_id='6546364613', options={'size': '11', 'material': 'synthetic', 'waterproof': 'yes'}, available=False, price=231.43), '1262139877': Variant(item_id='1262139877', options={'size': '7', 'material': 'synthetic', 'waterproof': 'yes'}, available=False, price=239.99), '6595128475': Variant(item_id='6595128475', options={'size': '9', 'material': 'synthetic', 'waterproof': 'no'}, available=False, price=237.65), '5676696062': Variant(item_id='5676696062', options={'size': '11', 'material': 'leather', 'waterproof': 'no'}, available=True, price=245.99), '4694984344': Variant(item_id='4694984344', options={'size': '12', 'material': 'synthetic', 'waterproof': 'yes'}, available=False, price=239.78), '3613716226': Variant(item_id='3613716226', options={'size': '8', 'material': 'synthetic', 'waterproof': 'no'}, available=True, price=253.54), '8118291112': Variant(item_id='8118291112', options={'size': '12', 'material': 'leather', 'waterproof': 'no'}, available=False, price=260.56), '4127323219': Variant(item_id='4127323219', options={'size': '10', 'material': 'synthetic', 'waterproof': 'no'}, available=False, price=251.82)}
2026-07-22 11:37:07.101 | DEBUG    | tau2.environment.environment:get_response:454 - Response: name='Jigsaw Puzzle' product_id='1808611083' variants={'3614853563': Variant(item_id='3614853563', options={'pieces': '2000', 'theme': 'art', 'difficulty level': 'intermediate'}, available=False, price=46.99), '4772738468': Variant(item_id='4772738468', options={'pieces': '1000', 'theme': 'animals', 'difficulty level': 'beginner'}, available=False, price=53.91), '4068787148': Variant(item_id='4068787148', options={'pieces': '500', 'theme': 'art', 'difficulty level': 'intermediate'}, available=True, price=52.01), '3112842858': Variant(item_id='3112842858', options={'pieces': '1000', 'theme': 'fantasy', 'difficulty level': 'intermediate'}, available=True, price=49.1), '7869640094': Variant(item_id='7869640094', options={'pieces': '2000', 'theme': 'animals', 'difficulty level': 'expert'}, available=False, price=47.59), '1096508426': Variant(item_id='1096508426', options={'pieces': '500', 'theme': 'art', 'difficulty level': 'beginner'}, available=True, price=46.13), '9237024510': Variant(item_id='9237024510', options={'pieces': '500', 'theme': 'animals', 'difficulty level': 'expert'}, available=True, price=53.53), '5546244844': Variant(item_id='5546244844', options={'pieces': '1500', 'theme': 'art', 'difficulty level': 'intermediate'}, available=True, price=51.59), '1008948180': Variant(item_id='1008948180', options={'pieces': '1000', 'theme': 'art', 'difficulty level': 'beginner'}, available=False, price=54.34), '6245746168': Variant(item_id='6245746168', options={'pieces': '1500', 'theme': 'animals', 'difficulty level': 'intermediate'}, available=True, price=46.0), '7127170374': Variant(item_id='7127170374', options={'pieces': '2000', 'theme': 'fantasy', 'difficulty level': 'beginner'}, available=False, price=52.03), '9370300555': Variant(item_id='9370300555', options={'pieces': '1000', 'theme': 'art', 'difficulty level': 'expert'}, available=False, price=45.9), '9665100170': Variant(item_id='9665100170', options={'pieces': '1500', 'theme': 'animals', 'difficulty level': 'beginner'}, available=True, price=45.39), '4572024853': Variant(item_id='4572024853', options={'pieces': '1000', 'theme': 'animals', 'difficulty level': 'expert'}, available=True, price=53.72), '5645314103': Variant(item_id='5645314103', options={'pieces': '2000', 'theme': 'animals', 'difficulty level': 'intermediate'}, available=True, price=46.19), '9779102705': Variant(item_id='9779102705', options={'pieces': '1000', 'theme': 'art', 'difficulty level': 'intermediate'}, available=False, price=54.11), '9030221155': Variant(item_id='9030221155', options={'pieces': '2000', 'theme': 'art', 'difficulty level': 'beginner'}, available=False, price=51.98), '5172162216': Variant(item_id='5172162216', options={'pieces': '2000', 'theme': 'landscape', 'difficulty level': 'intermediate'}, available=False, price=48.51)}
2026-07-22 11:37:07.102 | DEBUG    | tau2.orchestrator.orchestrator:step:833 - Step 11. Sending message from Role.ENV to Role.AGENT
2026-07-22 11:37:07.102 | DEBUG    | tau2.orchestrator.orchestrator:step:836 - Step 11.
From role: Role.ENV
To role: Role.AGENT
Message: role='tool' tool_messages=[ToolMessage(id='call_00_n3fZmEfN2EDlamnbMbvt9563', role='tool', content='{"name": "Hiking Boots", "product_id": "7363354090", "variants": {"1615379700": {"item_id": "1615379700", "options": {"size": "10", "material": "synthetic", "waterproof": "yes"}, "available": true, "price": 253.89}, "8106223139": {"item_id": "8106223139", "options": {"size": "9", "material": "leather", "waterproof": "yes"}, "available": true, "price": 249.12}, "2658930189": {"item_id": "2658930189", "options": {"size": "9", "material": "synthetic", "waterproof": "yes"}, "available": false, "price": 241.68}, "3812493782": {"item_id": "3812493782", "options": {"size": "7", "material": "leather", "waterproof": "yes"}, "available": true, "price": 244.34}, "2648909398": {"item_id": "2648909398", "options": {"size": "8", "material": "leather", "waterproof": "yes"}, "available": false, "price": 240.87}, "4582956489": {"item_id": "4582956489", "options": {"size": "12", "material": "synthetic", "waterproof": "no"}, "available": true, "price": 241.96}, "7228247242": {"item_id": "7228247242", "options": {"size": "10", "material": "leather", "waterproof": "yes"}, "available": false, "price": 251.38}, "2185126308": {"item_id": "2185126308", "options": {"size": "10", "material": "leather", "waterproof": "no"}, "available": false, "price": 241.9}, "6159919747": {"item_id": "6159919747", "options": {"size": "11", "material": "leather", "waterproof": "yes"}, "available": true, "price": 259.75}, "1437889264": {"item_id": "1437889264", "options": {"size": "7", "material": "synthetic", "waterproof": "no"}, "available": true, "price": 258.09}, "8277474082": {"item_id": "8277474082", "options": {"size": "12", "material": "leather", "waterproof": "yes"}, "available": true, "price": 236.57}, "6546364613": {"item_id": "6546364613", "options": {"size": "11", "material": "synthetic", "waterproof": "yes"}, "available": false, "price": 231.43}, "1262139877": {"item_id": "1262139877", "options": {"size": "7", "material": "synthetic", "waterproof": "yes"}, "available": false, "price": 239.99}, "6595128475": {"item_id": "6595128475", "options": {"size": "9", "material": "synthetic", "waterproof": "no"}, "available": false, "price": 237.65}, "5676696062": {"item_id": "5676696062", "options": {"size": "11", "material": "leather", "waterproof": "no"}, "available": true, "price": 245.99}, "4694984344": {"item_id": "4694984344", "options": {"size": "12", "material": "synthetic", "waterproof": "yes"}, "available": false, "price": 239.78}, "3613716226": {"item_id": "3613716226", "options": {"size": "8", "material": "synthetic", "waterproof": "no"}, "available": true, "price": 253.54}, "8118291112": {"item_id": "8118291112", "options": {"size": "12", "material": "leather", "waterproof": "no"}, "available": false, "price": 260.56}, "4127323219": {"item_id": "4127323219", "options": {"size": "10", "material": "synthetic", "waterproof": "no"}, "available": false, "price": 251.82}}}', requestor='assistant', error=False, turn_idx=None, timestamp='2026-07-22T11:37:07.101238'), ToolMessage(id='call_01_BvVDqt7aDZTJnNzIVFIx5760', role='tool', content='{"name": "Jigsaw Puzzle", "product_id": "1808611083", "variants": {"3614853563": {"item_id": "3614853563", "options": {"pieces": "2000", "theme": "art", "difficulty level": "intermediate"}, "available": false, "price": 46.99}, "4772738468": {"item_id": "4772738468", "options": {"pieces": "1000", "theme": "animals", "difficulty level": "beginner"}, "available": false, "price": 53.91}, "4068787148": {"item_id": "4068787148", "options": {"pieces": "500", "theme": "art", "difficulty level": "intermediate"}, "available": true, "price": 52.01}, "3112842858": {"item_id": "3112842858", "options": {"pieces": "1000", "theme": "fantasy", "difficulty level": "intermediate"}, "available": true, "price": 49.1}, "7869640094": {"item_id": "7869640094", "options": {"pieces": "2000", "theme": "animals", "difficulty level": "expert"}, "available": false, "price": 47.59}, "1096508426": {"item_id": "1096508426", "options": {"pieces": "500", "theme": "art", "difficulty level": "beginner"}, "available": true, "price": 46.13}, "9237024510": {"item_id": "9237024510", "options": {"pieces": "500", "theme": "animals", "difficulty level": "expert"}, "available": true, "price": 53.53}, "5546244844": {"item_id": "5546244844", "options": {"pieces": "1500", "theme": "art", "difficulty level": "intermediate"}, "available": true, "price": 51.59}, "1008948180": {"item_id": "1008948180", "options": {"pieces": "1000", "theme": "art", "difficulty level": "beginner"}, "available": false, "price": 54.34}, "6245746168": {"item_id": "6245746168", "options": {"pieces": "1500", "theme": "animals", "difficulty level": "intermediate"}, "available": true, "price": 46.0}, "7127170374": {"item_id": "7127170374", "options": {"pieces": "2000", "theme": "fantasy", "difficulty level": "beginner"}, "available": false, "price": 52.03}, "9370300555": {"item_id": "9370300555", "options": {"pieces": "1000", "theme": "art", "difficulty level": "expert"}, "available": false, "price": 45.9}, "9665100170": {"item_id": "9665100170", "options": {"pieces": "1500", "theme": "animals", "difficulty level": "beginner"}, "available": true, "price": 45.39}, "4572024853": {"item_id": "4572024853", "options": {"pieces": "1000", "theme": "animals", "difficulty level": "expert"}, "available": true, "price": 53.72}, "5645314103": {"item_id": "5645314103", "options": {"pieces": "2000", "theme": "animals", "difficulty level": "intermediate"}, "available": true, "price": 46.19}, "9779102705": {"item_id": "9779102705", "options": {"pieces": "1000", "theme": "art", "difficulty level": "intermediate"}, "available": false, "price": 54.11}, "9030221155": {"item_id": "9030221155", "options": {"pieces": "2000", "theme": "art", "difficulty level": "beginner"}, "available": false, "price": 51.98}, "5172162216": {"item_id": "5172162216", "options": {"pieces": "2000", "theme": "landscape", "difficulty level": "intermediate"}, "available": false, "price": 48.51}}}', requestor='assistant', error=False, turn_idx=None, timestamp='2026-07-22T11:37:07.102240')]
2026-07-22 11:37:10.693 | DEBUG    | tau2.orchestrator.orchestrator:step:833 - Step 12. Sending message from Role.AGENT to Role.USER
2026-07-22 11:37:10.693 | DEBUG    | tau2.orchestrator.orchestrator:step:836 - Step 12.
From role: Role.AGENT
To role: Role.USER
Message: AssistantMessage
content: Great, I've got the details! Let me summarize what I've found:

---

### For the **Hiking Boots** (Order #W1304208)
Your current boots: Size 10, synthetic, waterproof (item ID: 1615379700) - $253.89
You want a fresh pair with the **same specs**. The same item (1615379700) is still available! So we can exchange it for the same item.

### For the **Jigsaw Puzzle** (Order #W8353027)
Your current puzzle: 1500 pieces, animals theme, intermediate difficulty (item ID: 6245746168) - $46.00
You want one with **500 fewer pieces** (1000 pieces), same difficulty level (intermediate). Looking at available options:
- **Item 3112842858**: 1000 pieces, fantasy theme, intermediate difficulty - $49.10 ✅
- There's no 1000-piece animals/intermediate available, but there is a 1000-piece fantasy/intermediate.

However, I need to clarify something — you mentioned "same difficulty level" but also "a little fancier." The available 1000-piece intermediate puzzle is a **fantasy theme** (not animals). Would that work for you?

Also, since these are **exchanges** on delivered orders, I need to know:
1. For the **hiking boots** - you want the exact same item (same specs), is that correct?
2. For the **puzzle** - would the 1000-piece fantasy/intermediate puzzle work?
3. What **payment method** would you like to use for any price difference? I see you have a PayPal account (paypal_1679017) on file. Do you also have a gift card you'd like to use?
is_final_chunk: True
2026-07-22 11:37:10.693 | DEBUG    | tau2.user.user_simulator:_generate_next_message:222 - User responds to message: AssistantMessage
content: Great, I've got the details! Let me summarize what I've found:

---

### For the **Hiking Boots** (Order #W1304208)
Your current boots: Size 10, synthetic, waterproof (item ID: 1615379700) - $253.89
You want a fresh pair with the **same specs**. The same item (1615379700) is still available! So we can exchange it for the same item.

### For the **Jigsaw Puzzle** (Order #W8353027)
Your current puzzle: 1500 pieces, animals theme, intermediate difficulty (item ID: 6245746168) - $46.00
You want one with **500 fewer pieces** (1000 pieces), same difficulty level (intermediate). Looking at available options:
- **Item 3112842858**: 1000 pieces, fantasy theme, intermediate difficulty - $49.10 ✅
- There's no 1000-piece animals/intermediate available, but there is a 1000-piece fantasy/intermediate.

However, I need to clarify something — you mentioned "same difficulty level" but also "a little fancier." The available 1000-piece intermediate puzzle is a **fantasy theme** (not animals). Would that work for you?

Also, since these are **exchanges** on delivered orders, I need to know:
1. For the **hiking boots** - you want the exact same item (same specs), is that correct?
2. For the **puzzle** - would the 1000-piece fantasy/intermediate puzzle work?
3. What **payment method** would you like to use for any price difference? I see you have a PayPal account (paypal_1679017) on file. Do you also have a gift card you'd like to use?
is_final_chunk: True
2026-07-22 11:37:12.444 | DEBUG    | tau2.user.user_simulator:_generate_next_message:244 - Response: Oh, yes! For the boots, I’d love the exact same pair, just brand new and not pre-worn, please!

And for the puzzle, the fantasy theme sounds perfect—fancy is exactly what I meant! So yes, the 1000-piece fantasy/intermediate one works for me.

As for payment, I don’t have a gift card, so PayPal is totally fine for any difference. Let’s do that!
2026-07-22 11:37:12.445 | DEBUG    | tau2.orchestrator.orchestrator:step:833 - Step 13. Sending message from Role.USER to Role.AGENT
2026-07-22 11:37:12.445 | DEBUG    | tau2.orchestrator.orchestrator:step:836 - Step 13.
From role: Role.USER
To role: Role.AGENT
Message: UserMessage
content: Oh, yes! For the boots, I’d love the exact same pair, just brand new and not pre-worn, please!

And for the puzzle, the fantasy theme sounds perfect—fancy is exactly what I meant! So yes, the 1000-piece fantasy/intermediate one works for me.

As for payment, I don’t have a gift card, so PayPal is totally fine for any difference. Let’s do that!
is_final_chunk: True
2026-07-22 11:37:15.986 | DEBUG    | tau2.orchestrator.orchestrator:step:833 - Step 14. Sending message from Role.AGENT to Role.USER
2026-07-22 11:37:15.986 | DEBUG    | tau2.orchestrator.orchestrator:step:836 - Step 14.
From role: Role.AGENT
To role: Role.USER
Message: AssistantMessage
content: Great choices! Let me check the price differences.

**Hiking Boots**: Same item (1615379700) - $253.89 → $253.89. No price difference.

**Jigsaw Puzzle**: Current item (6245746168) - $46.00 → New item (3112842858) - $49.10. Difference = $3.10 extra.

So you'd need to pay **$3.10** via PayPal (paypal_1679017).

Let me also confirm — since these are two separate orders, I'll need to process them as two separate exchanges. Let me start with the details.

Before I proceed, let me confirm everything with you:

---

**Exchange 1 - Hiking Boots (Order #W1304208)**
- Exchange item: **1615379700** (Size 10, synthetic, waterproof)
- For new item: **1615379700** (same specs, fresh pair)
- Price difference: $0.00

**Exchange 2 - Jigsaw Puzzle (Order #W8353027)**
- Exchange item: **6245746168** (1500 pieces, animals, intermediate)
- For new item: **3112842858** (1000 pieces, fantasy, intermediate)
- Price difference: $3.10 (to be paid via PayPal - paypal_1679017)

Could you please confirm that you've provided **all the items** you want to exchange? And do you confirm you'd like to proceed with both exchanges?
is_final_chunk: True
2026-07-22 11:37:15.986 | DEBUG    | tau2.user.user_simulator:_generate_next_message:222 - User responds to message: AssistantMessage
content: Great choices! Let me check the price differences.

**Hiking Boots**: Same item (1615379700) - $253.89 → $253.89. No price difference.

**Jigsaw Puzzle**: Current item (6245746168) - $46.00 → New item (3112842858) - $49.10. Difference = $3.10 extra.

So you'd need to pay **$3.10** via PayPal (paypal_1679017).

Let me also confirm — since these are two separate orders, I'll need to process them as two separate exchanges. Let me start with the details.

Before I proceed, let me confirm everything with you:

---

**Exchange 1 - Hiking Boots (Order #W1304208)**
- Exchange item: **1615379700** (Size 10, synthetic, waterproof)
- For new item: **1615379700** (same specs, fresh pair)
- Price difference: $0.00

**Exchange 2 - Jigsaw Puzzle (Order #W8353027)**
- Exchange item: **6245746168** (1500 pieces, animals, intermediate)
- For new item: **3112842858** (1000 pieces, fantasy, intermediate)
- Price difference: $3.10 (to be paid via PayPal - paypal_1679017)

Could you please confirm that you've provided **all the items** you want to exchange? And do you confirm you'd like to proceed with both exchanges?
is_final_chunk: True
2026-07-22 11:37:16.971 | DEBUG    | tau2.user.user_simulator:_generate_next_message:244 - Response: Yes, that’s everything I want to exchange! Please go ahead with both—the boots and the puzzle swap. I’m totally fine with the $3.10 difference on PayPal. Thanks for double-checking!
2026-07-22 11:37:16.971 | DEBUG    | tau2.orchestrator.orchestrator:step:833 - Step 15. Sending message from Role.USER to Role.AGENT
2026-07-22 11:37:16.971 | DEBUG    | tau2.orchestrator.orchestrator:step:836 - Step 15.
From role: Role.USER
To role: Role.AGENT
Message: UserMessage
content: Yes, that’s everything I want to exchange! Please go ahead with both—the boots and the puzzle swap. I’m totally fine with the $3.10 difference on PayPal. Thanks for double-checking!
is_final_chunk: True
2026-07-22 11:37:18.776 | DEBUG    | tau2.orchestrator.orchestrator:step:833 - Step 16. Sending message from Role.AGENT to Role.ENV
2026-07-22 11:37:18.776 | DEBUG    | tau2.orchestrator.orchestrator:step:836 - Step 16.
From role: Role.AGENT
To role: Role.ENV
Message: AssistantMessage
content: Let me process both exchanges now!
ToolCalls:
ToolCall (from assistant)
id: call_00_Sba2LLImQJCp2OibB3Nu6289
name: exchange_delivered_order_items
arguments:
{
  "order_id": "#W1304208",
  "item_ids": [
    "1615379700"
  ],
  "new_item_ids": [
    "1615379700"
  ],
  "payment_method_id": "paypal_1679017"
}
ToolCall (from assistant)
id: call_01_f7RWzPwENpcPYesToL7U3348
name: exchange_delivered_order_items
arguments:
{
  "order_id": "#W8353027",
  "item_ids": [
    "6245746168"
  ],
  "new_item_ids": [
    "3112842858"
  ],
  "payment_method_id": "paypal_1679017"
}
is_final_chunk: True
2026-07-22 11:37:18.777 | DEBUG    | tau2.environment.environment:get_response:454 - Response: order_id='#W1304208' user_id='yara_ito_8499' address=UserAddress(address1='179 Broadway', address2='Suite 256', city='Dallas', country='USA', state='TX', zip='75284') items=[OrderItem(name='Hiking Boots', product_id='7363354090', item_id='1615379700', price=253.89, options={'size': '10', 'material': 'synthetic', 'waterproof': 'yes'})] status='exchange requested' fulfillments=[OrderFullfilment(tracking_id=['989750881076'], item_ids=['1615379700'])] payment_history=[OrderPayment(transaction_type='payment', amount=253.89, payment_method_id='paypal_1679017')] cancel_reason=None exchange_items=['1615379700'] exchange_new_items=['1615379700'] exchange_payment_method_id='paypal_1679017' exchange_price_difference=0.0 return_items=None return_payment_method_id=None
2026-07-22 11:37:18.777 | DEBUG    | tau2.environment.environment:get_response:454 - Response: order_id='#W8353027' user_id='yara_ito_8499' address=UserAddress(address1='179 Broadway', address2='Suite 256', city='Dallas', country='USA', state='TX', zip='75284') items=[OrderItem(name='Electric Kettle', product_id='1075968781', item_id='9335834276', price=137.92, options={'capacity': '2L', 'material': 'glass', 'color': 'black'}), OrderItem(name='Grill', product_id='6819683148', item_id='7717598293', price=985.66, options={'type': 'electric', 'size': 'medium', 'features': 'rotisserie'}), OrderItem(name='Jigsaw Puzzle', product_id='1808611083', item_id='6245746168', price=46.0, options={'pieces': '1500', 'theme': 'animals', 'difficulty level': 'intermediate'}), OrderItem(name='Dumbbell Set', product_id='7233192239', item_id='6130713659', price=483.66, options={'weight range': '55-75 lbs', 'material': 'urethane', 'set type': 'adjustable'}), OrderItem(name='Skateboard', product_id='1968349452', item_id='8176740019', price=208.6, options={'deck material': 'bamboo', 'length': '28 inch', 'design': 'plain'})] status='exchange requested' fulfillments=[OrderFullfilment(tracking_id=['778196182846'], item_ids=['9335834276', '7717598293', '6245746168', '6130713659', '8176740019'])] payment_history=[OrderPayment(transaction_type='payment', amount=1861.84, payment_method_id='paypal_1679017')] cancel_reason=None exchange_items=['6245746168'] exchange_new_items=['3112842858'] exchange_payment_method_id='paypal_1679017' exchange_price_difference=3.1 return_items=None return_payment_method_id=None
2026-07-22 11:37:18.777 | DEBUG    | tau2.orchestrator.orchestrator:step:833 - Step 17. Sending message from Role.ENV to Role.AGENT
2026-07-22 11:37:18.778 | DEBUG    | tau2.orchestrator.orchestrator:step:836 - Step 17.
From role: Role.ENV
To role: Role.AGENT
Message: role='tool' tool_messages=[ToolMessage(id='call_00_Sba2LLImQJCp2OibB3Nu6289', role='tool', content='{"order_id": "#W1304208", "user_id": "yara_ito_8499", "address": {"address1": "179 Broadway", "address2": "Suite 256", "city": "Dallas", "country": "USA", "state": "TX", "zip": "75284"}, "items": [{"name": "Hiking Boots", "product_id": "7363354090", "item_id": "1615379700", "price": 253.89, "options": {"size": "10", "material": "synthetic", "waterproof": "yes"}}], "status": "exchange requested", "fulfillments": [{"tracking_id": ["989750881076"], "item_ids": ["1615379700"]}], "payment_history": [{"transaction_type": "payment", "amount": 253.89, "payment_method_id": "paypal_1679017"}], "cancel_reason": null, "exchange_items": ["1615379700"], "exchange_new_items": ["1615379700"], "exchange_payment_method_id": "paypal_1679017", "exchange_price_difference": 0.0, "return_items": null, "return_payment_method_id": null}', requestor='assistant', error=False, turn_idx=None, timestamp='2026-07-22T11:37:18.777267'), ToolMessage(id='call_01_f7RWzPwENpcPYesToL7U3348', role='tool', content='{"order_id": "#W8353027", "user_id": "yara_ito_8499", "address": {"address1": "179 Broadway", "address2": "Suite 256", "city": "Dallas", "country": "USA", "state": "TX", "zip": "75284"}, "items": [{"name": "Electric Kettle", "product_id": "1075968781", "item_id": "9335834276", "price": 137.92, "options": {"capacity": "2L", "material": "glass", "color": "black"}}, {"name": "Grill", "product_id": "6819683148", "item_id": "7717598293", "price": 985.66, "options": {"type": "electric", "size": "medium", "features": "rotisserie"}}, {"name": "Jigsaw Puzzle", "product_id": "1808611083", "item_id": "6245746168", "price": 46.0, "options": {"pieces": "1500", "theme": "animals", "difficulty level": "intermediate"}}, {"name": "Dumbbell Set", "product_id": "7233192239", "item_id": "6130713659", "price": 483.66, "options": {"weight range": "55-75 lbs", "material": "urethane", "set type": "adjustable"}}, {"name": "Skateboard", "product_id": "1968349452", "item_id": "8176740019", "price": 208.6, "options": {"deck material": "bamboo", "length": "28 inch", "design": "plain"}}], "status": "exchange requested", "fulfillments": [{"tracking_id": ["778196182846"], "item_ids": ["9335834276", "7717598293", "6245746168", "6130713659", "8176740019"]}], "payment_history": [{"transaction_type": "payment", "amount": 1861.84, "payment_method_id": "paypal_1679017"}], "cancel_reason": null, "exchange_items": ["6245746168"], "exchange_new_items": ["3112842858"], "exchange_payment_method_id": "paypal_1679017", "exchange_price_difference": 3.1, "return_items": null, "return_payment_method_id": null}', requestor='assistant', error=False, turn_idx=None, timestamp='2026-07-22T11:37:18.777267')]
2026-07-22 11:37:20.606 | DEBUG    | tau2.orchestrator.orchestrator:step:833 - Step 18. Sending message from Role.AGENT to Role.USER
2026-07-22 11:37:20.606 | DEBUG    | tau2.orchestrator.orchestrator:step:836 - Step 18.
From role: Role.AGENT
To role: Role.USER
Message: AssistantMessage
content: Both exchanges have been processed successfully! Here's a quick recap:

### ✅ Exchange 1 - Hiking Boots (Order #W1304208)
- **Status**: Exchange requested
- **Exchange**: Same pair of hiking boots (size 10, synthetic, waterproof)
- **Price difference**: $0.00

### ✅ Exchange 2 - Jigsaw Puzzle (Order #W8353027)
- **Status**: Exchange requested
- **Exchange**: 1500-piece animals puzzle → 1000-piece fantasy puzzle (intermediate)
- **Price difference**: $3.10 charged to your PayPal

You'll receive an email shortly with instructions on how to return the items. Once the returns are processed, your new items will be on their way! Is there anything else I can help you with?
is_final_chunk: True
2026-07-22 11:37:20.606 | DEBUG    | tau2.user.user_simulator:_generate_next_message:222 - User responds to message: AssistantMessage
content: Both exchanges have been processed successfully! Here's a quick recap:

### ✅ Exchange 1 - Hiking Boots (Order #W1304208)
- **Status**: Exchange requested
- **Exchange**: Same pair of hiking boots (size 10, synthetic, waterproof)
- **Price difference**: $0.00

### ✅ Exchange 2 - Jigsaw Puzzle (Order #W8353027)
- **Status**: Exchange requested
- **Exchange**: 1500-piece animals puzzle → 1000-piece fantasy puzzle (intermediate)
- **Price difference**: $3.10 charged to your PayPal

You'll receive an email shortly with instructions on how to return the items. Once the returns are processed, your new items will be on their way! Is there anything else I can help you with?
is_final_chunk: True
2026-07-22 11:37:21.498 | DEBUG    | tau2.user.user_simulator:_generate_next_message:244 - Response: Nope, that’s all I needed! Thanks a bunch for sorting it all out—you’re a lifesaver! Have a great day! 

###STOP###
2026-07-22 11:37:21.598 | DEBUG    | tau2.environment.environment:get_response:454 - Response: order_id='#W1304208' user_id='yara_ito_8499' address=UserAddress(address1='179 Broadway', address2='Suite 256', city='Dallas', country='USA', state='TX', zip='75284') items=[OrderItem(name='Hiking Boots', product_id='7363354090', item_id='1615379700', price=253.89, options={'size': '10', 'material': 'synthetic', 'waterproof': 'yes'})] status='exchange requested' fulfillments=[OrderFullfilment(tracking_id=['989750881076'], item_ids=['1615379700'])] payment_history=[OrderPayment(transaction_type='payment', amount=253.89, payment_method_id='paypal_1679017')] cancel_reason=None exchange_items=['1615379700'] exchange_new_items=['1615379700'] exchange_payment_method_id='paypal_1679017' exchange_price_difference=0.0 return_items=None return_payment_method_id=None
2026-07-22 11:37:21.598 | DEBUG    | tau2.environment.environment:get_response:454 - Response: order_id='#W8353027' user_id='yara_ito_8499' address=UserAddress(address1='179 Broadway', address2='Suite 256', city='Dallas', country='USA', state='TX', zip='75284') items=[OrderItem(name='Electric Kettle', product_id='1075968781', item_id='9335834276', price=137.92, options={'capacity': '2L', 'material': 'glass', 'color': 'black'}), OrderItem(name='Grill', product_id='6819683148', item_id='7717598293', price=985.66, options={'type': 'electric', 'size': 'medium', 'features': 'rotisserie'}), OrderItem(name='Jigsaw Puzzle', product_id='1808611083', item_id='6245746168', price=46.0, options={'pieces': '1500', 'theme': 'animals', 'difficulty level': 'intermediate'}), OrderItem(name='Dumbbell Set', product_id='7233192239', item_id='6130713659', price=483.66, options={'weight range': '55-75 lbs', 'material': 'urethane', 'set type': 'adjustable'}), OrderItem(name='Skateboard', product_id='1968349452', item_id='8176740019', price=208.6, options={'deck material': 'bamboo', 'length': '28 inch', 'design': 'plain'})] status='exchange requested' fulfillments=[OrderFullfilment(tracking_id=['778196182846'], item_ids=['9335834276', '7717598293', '6245746168', '6130713659', '8176740019'])] payment_history=[OrderPayment(transaction_type='payment', amount=1861.84, payment_method_id='paypal_1679017')] cancel_reason=None exchange_items=['6245746168'] exchange_new_items=['3112842858'] exchange_payment_method_id='paypal_1679017' exchange_price_difference=3.1 return_items=None return_payment_method_id=None
2026-07-22 11:37:23.452 | INFO     | tau2.runner.simulation:run_simulation:87 - Simulation complete: domain=retail, task=107, reward=0.0
2026-07-22 11:37:23.453 | INFO     | tau2.runner.batch:run_single_task:442 - FINISHED SIMULATION: Domain: retail, Task: 107, Reward: 0.0
