2026-07-22 11:41:51.796 | DEBUG    | tau2.runner.batch:__enter__:301 - Task log file: D:\PolicyAgent-PostTrain\experiments\20260722_110504_retail_baseline20_trial1_deepseek\task_89\tau2_artifacts\artifacts\task_89\sim_b7017fd6-0d19-4763-8871-a1b385908b16\task.log
2026-07-22 11:41:51.966 | INFO     | tau2.orchestrator.orchestrator:_validate_mode_compatibility:477 - Orchestrator initialized in HALF_DUPLEX mode (turn-based) with agent=LLMAgent, user=UserSimulator
2026-07-22 11:41:51.967 | DEBUG    | tau2.runner.build:build_text_orchestrator:400 - Built text orchestrator: domain=retail, agent=llm_agent, user=user_simulator, task=89
2026-07-22 11:41:51.968 | DEBUG    | tau2.orchestrator.orchestrator:step:833 - Step 0. Sending message from Role.AGENT to Role.USER
2026-07-22 11:41:51.968 | DEBUG    | tau2.orchestrator.orchestrator:step:836 - Step 0.
From role: Role.AGENT
To role: Role.USER
Message: AssistantMessage
content: Hi! How can I help you today?
is_final_chunk: True
2026-07-22 11:41:51.968 | DEBUG    | tau2.user.user_simulator:_generate_next_message:222 - User responds to message: AssistantMessage
content: Hi! How can I help you today?
is_final_chunk: True
2026-07-22 11:41:52.928 | DEBUG    | tau2.user.user_simulator:_generate_next_message:244 - Response: Hi there! I’m looking for the cheapest mechanical keyboard you have available right now, and I’d like to know what options it comes with (like switch type, layout, wired/wireless, backlighting, etc.). Could you check that for me?
2026-07-22 11:41:52.928 | DEBUG    | tau2.orchestrator.orchestrator:step:833 - Step 1. Sending message from Role.USER to Role.AGENT
2026-07-22 11:41:52.929 | DEBUG    | tau2.orchestrator.orchestrator:step:836 - Step 1.
From role: Role.USER
To role: Role.AGENT
Message: UserMessage
content: Hi there! I’m looking for the cheapest mechanical keyboard you have available right now, and I’d like to know what options it comes with (like switch type, layout, wired/wireless, backlighting, etc.). Could you check that for me?
is_final_chunk: True
2026-07-22 11:41:53.863 | DEBUG    | tau2.orchestrator.orchestrator:step:833 - Step 2. Sending message from Role.AGENT to Role.ENV
2026-07-22 11:41:53.864 | DEBUG    | tau2.orchestrator.orchestrator:step:836 - Step 2.
From role: Role.AGENT
To role: Role.ENV
Message: AssistantMessage
content: Let me start by looking up all the product types we have to find the mechanical keyboards.
ToolCalls:
ToolCall (from assistant)
id: call_00_W8z9HBR4kJaVvsHoyrMo4264
name: list_all_product_types
arguments:
{}
is_final_chunk: True
2026-07-22 11:41:53.864 | DEBUG    | tau2.environment.environment:get_response:454 - Response: {"Action Camera": "3377618313", "Air Purifier": "3821016478", "Backpack": "2524789262", "Bicycle": "9783735446", "Bluetooth Speaker": "4768869376", "Bookshelf": "8600330539", "Coffee Maker": "7996920482", "Cycling Helmet": "7765186836", "Desk Lamp": "6817146515", "Digital Camera": "8940227892", "Dumbbell Set": "7233192239", "E-Reader": "3801771308", "Electric Kettle": "1075968781", "Electric Toothbrush": "7352963235", "Espresso Machine": "4354588079", "Fleece Jacket": "8560156827", "Gaming Mouse": "5713490933", "Garden Hose": "6679515468", "Grill": "6819683148", "Headphones": "6992792935", "Hiking Boots": "7363354090", "Indoor Security Camera": "2985987096", "Jigsaw Puzzle": "1808611083", "LED Light Bulb": "2696197613", "Laptop": "4760268021", "Luggage Set": "5426915165", "Makeup Kit": "5149340237", "Mechanical Keyboard": "1656367028", "Notebook": "2892623495", "Office Chair": "4794339885", "Patio Umbrella": "9743693396", "Perfume": "6858788497", "Pet Bed": "2747247837", "Portable Charger": "6942297802", "Running Shoes": "6938111410", "Skateboard": "1968349452", "Smart Thermostat": "4896585277", "Smart Watch": "6945232052", "Smartphone": "1801728040", "Sneakers": "7471004230", "Sunglasses": "7314138884", "T-Shirt": "9523456873", "Tablet": "8024098596", "Tea Kettle": "9832717871", "Vacuum Cleaner": "1762337868", "Wall Clock": "2344688344", "Water Bottle": "8310926033", "Wireless Earbuds": "9924732112", "Wristwatch": "6066914160", "Yoga Mat": "4635925001"}
2026-07-22 11:41:53.864 | DEBUG    | tau2.orchestrator.orchestrator:step:833 - Step 3. Sending message from Role.ENV to Role.AGENT
2026-07-22 11:41:53.864 | DEBUG    | tau2.orchestrator.orchestrator:step:836 - Step 3.
From role: Role.ENV
To role: Role.AGENT
Message: ToolMessage (responding to assistant)
timestamp: 2026-07-22T11:41:53.864945
content: {"Action Camera": "3377618313", "Air Purifier": "3821016478", "Backpack": "2524789262", "Bicycle": "9783735446", "Bluetooth Speaker": "4768869376", "Bookshelf": "8600330539", "Coffee Maker": "7996920482", "Cycling Helmet": "7765186836", "Desk Lamp": "6817146515", "Digital Camera": "8940227892", "Dumbbell Set": "7233192239", "E-Reader": "3801771308", "Electric Kettle": "1075968781", "Electric Toothbrush": "7352963235", "Espresso Machine": "4354588079", "Fleece Jacket": "8560156827", "Gaming Mouse": "5713490933", "Garden Hose": "6679515468", "Grill": "6819683148", "Headphones": "6992792935", "Hiking Boots": "7363354090", "Indoor Security Camera": "2985987096", "Jigsaw Puzzle": "1808611083", "LED Light Bulb": "2696197613", "Laptop": "4760268021", "Luggage Set": "5426915165", "Makeup Kit": "5149340237", "Mechanical Keyboard": "1656367028", "Notebook": "2892623495", "Office Chair": "4794339885", "Patio Umbrella": "9743693396", "Perfume": "6858788497", "Pet Bed": "2747247837", "Portable Charger": "6942297802", "Running Shoes": "6938111410", "Skateboard": "1968349452", "Smart Thermostat": "4896585277", "Smart Watch": "6945232052", "Smartphone": "1801728040", "Sneakers": "7471004230", "Sunglasses": "7314138884", "T-Shirt": "9523456873", "Tablet": "8024098596", "Tea Kettle": "9832717871", "Vacuum Cleaner": "1762337868", "Wall Clock": "2344688344", "Water Bottle": "8310926033", "Wireless Earbuds": "9924732112", "Wristwatch": "6066914160", "Yoga Mat": "4635925001"}
2026-07-22 11:41:54.836 | DEBUG    | tau2.orchestrator.orchestrator:step:833 - Step 4. Sending message from Role.AGENT to Role.ENV
2026-07-22 11:41:54.836 | DEBUG    | tau2.orchestrator.orchestrator:step:836 - Step 4.
From role: Role.AGENT
To role: Role.ENV
Message: AssistantMessage
content: Great! The Mechanical Keyboard product ID is **1656367028**. Let me get the details on that product and its available items.
ToolCalls:
ToolCall (from assistant)
id: call_00_SXsA3gTcMHlXSgNLBqrs8775
name: get_product_details
arguments:
{
  "product_id": "1656367028"
}
is_final_chunk: True
2026-07-22 11:41:54.836 | DEBUG    | tau2.environment.environment:get_response:454 - Response: name='Mechanical Keyboard' product_id='1656367028' variants={'9690244451': Variant(item_id='9690244451', options={'switch type': 'clicky', 'backlight': 'RGB', 'size': '60%'}, available=False, price=236.51), '7706410293': Variant(item_id='7706410293', options={'switch type': 'clicky', 'backlight': 'none', 'size': 'full size'}, available=True, price=269.16), '3616838507': Variant(item_id='3616838507', options={'switch type': 'tactile', 'backlight': 'white', 'size': 'full size'}, available=True, price=226.11), '8484921793': Variant(item_id='8484921793', options={'switch type': 'linear', 'backlight': 'RGB', 'size': '80%'}, available=True, price=230.15), '1340995114': Variant(item_id='1340995114', options={'switch type': 'tactile', 'backlight': 'none', 'size': 'full size'}, available=False, price=235.13), '6342039236': Variant(item_id='6342039236', options={'switch type': 'clicky', 'backlight': 'white', 'size': 'full size'}, available=True, price=244.91), '1421289881': Variant(item_id='1421289881', options={'switch type': 'linear', 'backlight': 'none', 'size': '80%'}, available=True, price=268.77), '7867398203': Variant(item_id='7867398203', options={'switch type': 'linear', 'backlight': 'RGB', 'size': '60%'}, available=True, price=232.7), '4648814700': Variant(item_id='4648814700', options={'switch type': 'linear', 'backlight': 'white', 'size': '60%'}, available=False, price=228.84), '5222576926': Variant(item_id='5222576926', options={'switch type': 'linear', 'backlight': 'white', 'size': 'full size'}, available=False, price=249.95), '4402162122': Variant(item_id='4402162122', options={'switch type': 'tactile', 'backlight': 'RGB', 'size': '60%'}, available=True, price=233.9), '1151293680': Variant(item_id='1151293680', options={'switch type': 'linear', 'backlight': 'RGB', 'size': 'full size'}, available=True, price=272.33), '2299424241': Variant(item_id='2299424241', options={'switch type': 'clicky', 'backlight': 'RGB', 'size': '80%'}, available=True, price=237.48), '4843487907': Variant(item_id='4843487907', options={'switch type': 'clicky', 'backlight': 'white', 'size': '80%'}, available=False, price=254.84), '9025753381': Variant(item_id='9025753381', options={'switch type': 'clicky', 'backlight': 'RGB', 'size': 'full size'}, available=False, price=231.58), '6439196450': Variant(item_id='6439196450', options={'switch type': 'tactile', 'backlight': 'none', 'size': '60%'}, available=False, price=254.56), '9991484137': Variant(item_id='9991484137', options={'switch type': 'tactile', 'backlight': 'white', 'size': '80%'}, available=True, price=240.97), '9665000388': Variant(item_id='9665000388', options={'switch type': 'clicky', 'backlight': 'none', 'size': '80%'}, available=True, price=269.46), '9570044148': Variant(item_id='9570044148', options={'switch type': 'linear', 'backlight': 'none', 'size': 'full size'}, available=True, price=231.37), '7658724607': Variant(item_id='7658724607', options={'switch type': 'tactile', 'backlight': 'none', 'size': '80%'}, available=True, price=256.73)}
2026-07-22 11:41:54.837 | DEBUG    | tau2.orchestrator.orchestrator:step:833 - Step 5. Sending message from Role.ENV to Role.AGENT
2026-07-22 11:41:54.838 | DEBUG    | tau2.orchestrator.orchestrator:step:836 - Step 5.
From role: Role.ENV
To role: Role.AGENT
Message: ToolMessage (responding to assistant)
timestamp: 2026-07-22T11:41:54.837083
content: {"name": "Mechanical Keyboard", "product_id": "1656367028", "variants": {"9690244451": {"item_id": "9690244451", "options": {"switch type": "clicky", "backlight": "RGB", "size": "60%"}, "available": false, "price": 236.51}, "7706410293": {"item_id": "7706410293", "options": {"switch type": "clicky", "backlight": "none", "size": "full size"}, "available": true, "price": 269.16}, "3616838507": {"item_id": "3616838507", "options": {"switch type": "tactile", "backlight": "white", "size": "full size"}, "available": true, "price": 226.11}, "8484921793": {"item_id": "8484921793", "options": {"switch type": "linear", "backlight": "RGB", "size": "80%"}, "available": true, "price": 230.15}, "1340995114": {"item_id": "1340995114", "options": {"switch type": "tactile", "backlight": "none", "size": "full size"}, "available": false, "price": 235.13}, "6342039236": {"item_id": "6342039236", "options": {"switch type": "clicky", "backlight": "white", "size": "full size"}, "available": true, "price": 244.91}, "1421289881": {"item_id": "1421289881", "options": {"switch type": "linear", "backlight": "none", "size": "80%"}, "available": true, "price": 268.77}, "7867398203": {"item_id": "7867398203", "options": {"switch type": "linear", "backlight": "RGB", "size": "60%"}, "available": true, "price": 232.7}, "4648814700": {"item_id": "4648814700", "options": {"switch type": "linear", "backlight": "white", "size": "60%"}, "available": false, "price": 228.84}, "5222576926": {"item_id": "5222576926", "options": {"switch type": "linear", "backlight": "white", "size": "full size"}, "available": false, "price": 249.95}, "4402162122": {"item_id": "4402162122", "options": {"switch type": "tactile", "backlight": "RGB", "size": "60%"}, "available": true, "price": 233.9}, "1151293680": {"item_id": "1151293680", "options": {"switch type": "linear", "backlight": "RGB", "size": "full size"}, "available": true, "price": 272.33}, "2299424241": {"item_id": "2299424241", "options": {"switch type": "clicky", "backlight": "RGB", "size": "80%"}, "available": true, "price": 237.48}, "4843487907": {"item_id": "4843487907", "options": {"switch type": "clicky", "backlight": "white", "size": "80%"}, "available": false, "price": 254.84}, "9025753381": {"item_id": "9025753381", "options": {"switch type": "clicky", "backlight": "RGB", "size": "full size"}, "available": false, "price": 231.58}, "6439196450": {"item_id": "6439196450", "options": {"switch type": "tactile", "backlight": "none", "size": "60%"}, "available": false, "price": 254.56}, "9991484137": {"item_id": "9991484137", "options": {"switch type": "tactile", "backlight": "white", "size": "80%"}, "available": true, "price": 240.97}, "9665000388": {"item_id": "9665000388", "options": {"switch type": "clicky", "backlight": "none", "size": "80%"}, "available": true, "price": 269.46}, "9570044148": {"item_id": "9570044148", "options": {"switch type": "linear", "backlight": "none", "size": "full size"}, "available": true, "price": 231.37}, "7658724607": {"item_id": "7658724607", "options": {"switch type": "tactile", "backlight": "none", "size": "80%"}, "available": true, "price": 256.73}}}
2026-07-22 11:41:58.190 | DEBUG    | tau2.orchestrator.orchestrator:step:833 - Step 6. Sending message from Role.AGENT to Role.USER
2026-07-22 11:41:58.190 | DEBUG    | tau2.orchestrator.orchestrator:step:836 - Step 6.
From role: Role.AGENT
To role: Role.USER
Message: AssistantMessage
content: Here's a summary of all the **available** Mechanical Keyboard options, sorted by price from cheapest to most expensive:

### 🏆 Cheapest Available: **$226.11**
| Item ID | Switch Type | Backlight | Size | Price |
|---------|------------|-----------|------|-------|
| **3616838507** | Tactile | White | Full size | **$226.11** ✅ Cheapest |
| 9570044148 | Linear | None | Full size | $231.37 |
| 7867398203 | Linear | RGB | 60% | $232.70 |
| 4402162122 | Tactile | RGB | 60% | $233.90 |
| 2299424241 | Clicky | RGB | 80% | $237.48 |
| 9991484137 | Tactile | White | 80% | $240.97 |
| 6342039236 | Clicky | White | Full size | $244.91 |
| 7658724607 | Tactile | None | 80% | $256.73 |
| 7706410293 | Clicky | None | Full size | $269.16 |
| 9665000388 | Clicky | None | 80% | $269.46 |
| 1421289881 | Linear | None | 80% | $268.77 |
| 8484921793 | Linear | RGB | 80% | $230.15 |
| 1151293680 | Linear | RGB | Full size | $272.33 |

The **cheapest available** mechanical keyboard is **item #3616838507** at **$226.11** — it has **tactile switches**, **white backlighting**, and is a **full-size** keyboard.

Would you like more details on any of these, or are you interested in purchasing one? If so, I'll need to start by authenticating your identity first!
is_final_chunk: True
2026-07-22 11:41:58.190 | DEBUG    | tau2.user.user_simulator:_generate_next_message:222 - User responds to message: AssistantMessage
content: Here's a summary of all the **available** Mechanical Keyboard options, sorted by price from cheapest to most expensive:

### 🏆 Cheapest Available: **$226.11**
| Item ID | Switch Type | Backlight | Size | Price |
|---------|------------|-----------|------|-------|
| **3616838507** | Tactile | White | Full size | **$226.11** ✅ Cheapest |
| 9570044148 | Linear | None | Full size | $231.37 |
| 7867398203 | Linear | RGB | 60% | $232.70 |
| 4402162122 | Tactile | RGB | 60% | $233.90 |
| 2299424241 | Clicky | RGB | 80% | $237.48 |
| 9991484137 | Tactile | White | 80% | $240.97 |
| 6342039236 | Clicky | White | Full size | $244.91 |
| 7658724607 | Tactile | None | 80% | $256.73 |
| 7706410293 | Clicky | None | Full size | $269.16 |
| 9665000388 | Clicky | None | 80% | $269.46 |
| 1421289881 | Linear | None | 80% | $268.77 |
| 8484921793 | Linear | RGB | 80% | $230.15 |
| 1151293680 | Linear | RGB | Full size | $272.33 |

The **cheapest available** mechanical keyboard is **item #3616838507** at **$226.11** — it has **tactile switches**, **white backlighting**, and is a **full-size** keyboard.

Would you like more details on any of these, or are you interested in purchasing one? If so, I'll need to start by authenticating your identity first!
is_final_chunk: True
2026-07-22 11:41:59.414 | DEBUG    | tau2.user.user_simulator:_generate_next_message:244 - Response: Thanks for the details. Since the cheapest is $226.11, that’s over $200, so I’d like to return my current keyboard instead.

Can you help me start a return? I don’t remember the email I used, but my name is Raj Santos and my ZIP code is 98157. What do you need from me to get the return going?
2026-07-22 11:41:59.414 | DEBUG    | tau2.orchestrator.orchestrator:step:833 - Step 7. Sending message from Role.USER to Role.AGENT
2026-07-22 11:41:59.414 | DEBUG    | tau2.orchestrator.orchestrator:step:836 - Step 7.
From role: Role.USER
To role: Role.AGENT
Message: UserMessage
content: Thanks for the details. Since the cheapest is $226.11, that’s over $200, so I’d like to return my current keyboard instead.

Can you help me start a return? I don’t remember the email I used, but my name is Raj Santos and my ZIP code is 98157. What do you need from me to get the return going?
is_final_chunk: True
2026-07-22 11:42:00.447 | DEBUG    | tau2.orchestrator.orchestrator:step:833 - Step 8. Sending message from Role.AGENT to Role.ENV
2026-07-22 11:42:00.448 | DEBUG    | tau2.orchestrator.orchestrator:step:836 - Step 8.
From role: Role.AGENT
To role: Role.ENV
Message: AssistantMessage
content: Sure, let me look up your account using your name and zip code!
ToolCalls:
ToolCall (from assistant)
id: call_00_tklpKEzO58oadolqQ9kY5473
name: find_user_id_by_name_zip
arguments:
{
  "first_name": "Raj",
  "last_name": "Santos",
  "zip": "98157"
}
is_final_chunk: True
2026-07-22 11:42:00.449 | DEBUG    | tau2.environment.environment:get_response:454 - Response: raj_santos_9079
2026-07-22 11:42:00.449 | DEBUG    | tau2.orchestrator.orchestrator:step:833 - Step 9. Sending message from Role.ENV to Role.AGENT
2026-07-22 11:42:00.449 | DEBUG    | tau2.orchestrator.orchestrator:step:836 - Step 9.
From role: Role.ENV
To role: Role.AGENT
Message: ToolMessage (responding to assistant)
timestamp: 2026-07-22T11:42:00.449974
content: raj_santos_9079
2026-07-22 11:42:01.497 | DEBUG    | tau2.orchestrator.orchestrator:step:833 - Step 10. Sending message from Role.AGENT to Role.ENV
2026-07-22 11:42:01.498 | DEBUG    | tau2.orchestrator.orchestrator:step:836 - Step 10.
From role: Role.AGENT
To role: Role.ENV
Message: AssistantMessage
content: Great, I found your account! Let me get your details and see your orders.
ToolCalls:
ToolCall (from assistant)
id: call_00_j1nSplw7oVlFc8jVQdBQ9967
name: get_user_details
arguments:
{
  "user_id": "raj_santos_9079"
}
is_final_chunk: True
2026-07-22 11:42:01.498 | DEBUG    | tau2.environment.environment:get_response:454 - Response: user_id='raj_santos_9079' name=UserName(first_name='Raj', last_name='Santos') address=UserAddress(address1='863 Lakeview Drive', address2='Suite 424', city='Seattle', country='USA', state='WA', zip='98157') email='raj.santos4322@example.com' payment_methods={'paypal_2417743': Paypal(source='paypal', id='paypal_2417743')} orders=['#W4680753', '#W1630030']
2026-07-22 11:42:01.499 | DEBUG    | tau2.orchestrator.orchestrator:step:833 - Step 11. Sending message from Role.ENV to Role.AGENT
2026-07-22 11:42:01.499 | DEBUG    | tau2.orchestrator.orchestrator:step:836 - Step 11.
From role: Role.ENV
To role: Role.AGENT
Message: ToolMessage (responding to assistant)
timestamp: 2026-07-22T11:42:01.499357
content: {"user_id": "raj_santos_9079", "name": {"first_name": "Raj", "last_name": "Santos"}, "address": {"address1": "863 Lakeview Drive", "address2": "Suite 424", "city": "Seattle", "country": "USA", "state": "WA", "zip": "98157"}, "email": "raj.santos4322@example.com", "payment_methods": {"paypal_2417743": {"source": "paypal", "id": "paypal_2417743"}}, "orders": ["#W4680753", "#W1630030"]}
2026-07-22 11:42:02.857 | DEBUG    | tau2.orchestrator.orchestrator:step:833 - Step 12. Sending message from Role.AGENT to Role.ENV
2026-07-22 11:42:02.858 | DEBUG    | tau2.orchestrator.orchestrator:step:836 - Step 12.
From role: Role.AGENT
To role: Role.ENV
Message: AssistantMessage
content: I've found you, Raj! Let me check the details of your orders to see which one contains a keyboard and can be returned.
ToolCalls:
ToolCall (from assistant)
id: call_00_uTcsFiDzWML1H2i485Ex7174
name: get_order_details
arguments:
{
  "order_id": "#W4680753"
}
ToolCall (from assistant)
id: call_01_br0MxXxlvRQN7S6PTrxa3967
name: get_order_details
arguments:
{
  "order_id": "#W1630030"
}
is_final_chunk: True
2026-07-22 11:42:02.858 | DEBUG    | tau2.environment.environment:get_response:454 - Response: order_id='#W4680753' user_id='raj_santos_9079' address=UserAddress(address1='863 Lakeview Drive', address2='Suite 424', city='Seattle', country='USA', state='WA', zip='98157') items=[OrderItem(name='Fleece Jacket', product_id='8560156827', item_id='8590708195', price=157.61, options={'size': 'XL', 'color': 'navy', 'zipper': 'half'}), OrderItem(name='Mechanical Keyboard', product_id='1656367028', item_id='9690244451', price=236.51, options={'switch type': 'clicky', 'backlight': 'RGB', 'size': '60%'}), OrderItem(name='Action Camera', product_id='3377618313', item_id='4859937227', price=503.58, options={'resolution': '5K', 'waterproof': 'no', 'color': 'silver'})] status='delivered' fulfillments=[OrderFullfilment(tracking_id=['958035507715'], item_ids=['8590708195', '9690244451', '4859937227'])] payment_history=[OrderPayment(transaction_type='payment', amount=897.7, payment_method_id='paypal_2417743')] cancel_reason=None exchange_items=None exchange_new_items=None exchange_payment_method_id=None exchange_price_difference=None return_items=None return_payment_method_id=None
2026-07-22 11:42:02.859 | DEBUG    | tau2.environment.environment:get_response:454 - Response: order_id='#W1630030' user_id='raj_santos_9079' address=UserAddress(address1='863 Lakeview Drive', address2='Suite 424', city='Seattle', country='USA', state='WA', zip='98157') items=[OrderItem(name='Electric Kettle', product_id='1075968781', item_id='4458619711', price=153.81, options={'capacity': '2L', 'material': 'stainless steel', 'color': 'white'})] status='delivered' fulfillments=[OrderFullfilment(tracking_id=['133362356112'], item_ids=['4458619711'])] payment_history=[OrderPayment(transaction_type='payment', amount=153.81, payment_method_id='paypal_2417743')] cancel_reason=None exchange_items=None exchange_new_items=None exchange_payment_method_id=None exchange_price_difference=None return_items=None return_payment_method_id=None
2026-07-22 11:42:02.859 | DEBUG    | tau2.orchestrator.orchestrator:step:833 - Step 13. Sending message from Role.ENV to Role.AGENT
2026-07-22 11:42:02.860 | DEBUG    | tau2.orchestrator.orchestrator:step:836 - Step 13.
From role: Role.ENV
To role: Role.AGENT
Message: role='tool' tool_messages=[ToolMessage(id='call_00_uTcsFiDzWML1H2i485Ex7174', role='tool', content='{"order_id": "#W4680753", "user_id": "raj_santos_9079", "address": {"address1": "863 Lakeview Drive", "address2": "Suite 424", "city": "Seattle", "country": "USA", "state": "WA", "zip": "98157"}, "items": [{"name": "Fleece Jacket", "product_id": "8560156827", "item_id": "8590708195", "price": 157.61, "options": {"size": "XL", "color": "navy", "zipper": "half"}}, {"name": "Mechanical Keyboard", "product_id": "1656367028", "item_id": "9690244451", "price": 236.51, "options": {"switch type": "clicky", "backlight": "RGB", "size": "60%"}}, {"name": "Action Camera", "product_id": "3377618313", "item_id": "4859937227", "price": 503.58, "options": {"resolution": "5K", "waterproof": "no", "color": "silver"}}], "status": "delivered", "fulfillments": [{"tracking_id": ["958035507715"], "item_ids": ["8590708195", "9690244451", "4859937227"]}], "payment_history": [{"transaction_type": "payment", "amount": 897.7, "payment_method_id": "paypal_2417743"}], "cancel_reason": null, "exchange_items": null, "exchange_new_items": null, "exchange_payment_method_id": null, "exchange_price_difference": null, "return_items": null, "return_payment_method_id": null}', requestor='assistant', error=False, turn_idx=None, timestamp='2026-07-22T11:42:02.859041'), ToolMessage(id='call_01_br0MxXxlvRQN7S6PTrxa3967', role='tool', content='{"order_id": "#W1630030", "user_id": "raj_santos_9079", "address": {"address1": "863 Lakeview Drive", "address2": "Suite 424", "city": "Seattle", "country": "USA", "state": "WA", "zip": "98157"}, "items": [{"name": "Electric Kettle", "product_id": "1075968781", "item_id": "4458619711", "price": 153.81, "options": {"capacity": "2L", "material": "stainless steel", "color": "white"}}], "status": "delivered", "fulfillments": [{"tracking_id": ["133362356112"], "item_ids": ["4458619711"]}], "payment_history": [{"transaction_type": "payment", "amount": 153.81, "payment_method_id": "paypal_2417743"}], "cancel_reason": null, "exchange_items": null, "exchange_new_items": null, "exchange_payment_method_id": null, "exchange_price_difference": null, "return_items": null, "return_payment_method_id": null}', requestor='assistant', error=False, turn_idx=None, timestamp='2026-07-22T11:42:02.859555')]
2026-07-22 11:42:05.004 | DEBUG    | tau2.orchestrator.orchestrator:step:833 - Step 14. Sending message from Role.AGENT to Role.USER
2026-07-22 11:42:05.004 | DEBUG    | tau2.orchestrator.orchestrator:step:836 - Step 14.
From role: Role.AGENT
To role: Role.USER
Message: AssistantMessage
content: I can see you have a **Mechanical Keyboard** (item ID: **9690244451**) in order **#W4680753**, which is a **delivered** order — so it's eligible for a return!

Here's what I need from you to proceed:

1. **Order ID** — It looks like it's **#W4680753**, can you confirm that's the right order?
2. **Which items** — Do you want to return just the Mechanical Keyboard (item #9690244451), or other items from that order too?
3. **Payment method for the refund** — Since your original payment was via **PayPal (paypal_2417743)**, the refund can go back to that original method, or to an existing **gift card** if you have one. Which would you prefer?

Let me know!
is_final_chunk: True
2026-07-22 11:42:05.004 | DEBUG    | tau2.user.user_simulator:_generate_next_message:222 - User responds to message: AssistantMessage
content: I can see you have a **Mechanical Keyboard** (item ID: **9690244451**) in order **#W4680753**, which is a **delivered** order — so it's eligible for a return!

Here's what I need from you to proceed:

1. **Order ID** — It looks like it's **#W4680753**, can you confirm that's the right order?
2. **Which items** — Do you want to return just the Mechanical Keyboard (item #9690244451), or other items from that order too?
3. **Payment method for the refund** — Since your original payment was via **PayPal (paypal_2417743)**, the refund can go back to that original method, or to an existing **gift card** if you have one. Which would you prefer?

Let me know!
is_final_chunk: True
2026-07-22 11:42:06.387 | DEBUG    | tau2.user.user_simulator:_generate_next_message:244 - Response: Yes, that’s the right order — #W4680753.

I just want to return the Mechanical Keyboard (item #9690244451), nothing else from that order.

Please send the refund back to the original PayPal method (paypal_2417743). I don’t have a gift card.

Since I don’t remember the email I used, can you provide a return label another way (like a downloadable link or a QR code for drop-off)? Also, are there any restocking fees or return shipping charges I should know about?
2026-07-22 11:42:06.387 | DEBUG    | tau2.orchestrator.orchestrator:step:833 - Step 15. Sending message from Role.USER to Role.AGENT
2026-07-22 11:42:06.388 | DEBUG    | tau2.orchestrator.orchestrator:step:836 - Step 15.
From role: Role.USER
To role: Role.AGENT
Message: UserMessage
content: Yes, that’s the right order — #W4680753.

I just want to return the Mechanical Keyboard (item #9690244451), nothing else from that order.

Please send the refund back to the original PayPal method (paypal_2417743). I don’t have a gift card.

Since I don’t remember the email I used, can you provide a return label another way (like a downloadable link or a QR code for drop-off)? Also, are there any restocking fees or return shipping charges I should know about?
is_final_chunk: True
2026-07-22 11:42:08.719 | DEBUG    | tau2.orchestrator.orchestrator:step:833 - Step 16. Sending message from Role.AGENT to Role.USER
2026-07-22 11:42:08.719 | DEBUG    | tau2.orchestrator.orchestrator:step:836 - Step 16.
From role: Role.AGENT
To role: Role.USER
Message: AssistantMessage
content: Thanks for confirming all the details, Raj! Let me summarize the return request before proceeding:

**Return Summary:**
- **Order:** #W4680753
- **Item to return:** Mechanical Keyboard (item #9690244451)
- **Refund method:** Original PayPal (paypal_2417743)
- **Refund amount:** $236.51

Regarding your questions:
- I don't have information about downloadable links, QR codes, restocking fees, or return shipping charges — those details will be provided in the follow-up email you'll receive about how and where to return the item.
- Your email on file is **raj.santos4322@example.com** — does that ring a bell? That's where the return instructions will be sent.

Before I proceed, could you please confirm **yes** that you'd like to go ahead with this return?
is_final_chunk: True
2026-07-22 11:42:08.719 | DEBUG    | tau2.user.user_simulator:_generate_next_message:222 - User responds to message: AssistantMessage
content: Thanks for confirming all the details, Raj! Let me summarize the return request before proceeding:

**Return Summary:**
- **Order:** #W4680753
- **Item to return:** Mechanical Keyboard (item #9690244451)
- **Refund method:** Original PayPal (paypal_2417743)
- **Refund amount:** $236.51

Regarding your questions:
- I don't have information about downloadable links, QR codes, restocking fees, or return shipping charges — those details will be provided in the follow-up email you'll receive about how and where to return the item.
- Your email on file is **raj.santos4322@example.com** — does that ring a bell? That's where the return instructions will be sent.

Before I proceed, could you please confirm **yes** that you'd like to go ahead with this return?
is_final_chunk: True
2026-07-22 11:42:09.869 | DEBUG    | tau2.user.user_simulator:_generate_next_message:244 - Response: Yes, please go ahead with the return.

I don’t recall that email, but if that’s what’s on file, please send the return instructions there. If there’s any way to also provide a downloadable link or QR code here, that would be helpful. Otherwise, I’ll watch for the email.
2026-07-22 11:42:09.869 | DEBUG    | tau2.orchestrator.orchestrator:step:833 - Step 17. Sending message from Role.USER to Role.AGENT
2026-07-22 11:42:09.871 | DEBUG    | tau2.orchestrator.orchestrator:step:836 - Step 17.
From role: Role.USER
To role: Role.AGENT
Message: UserMessage
content: Yes, please go ahead with the return.

I don’t recall that email, but if that’s what’s on file, please send the return instructions there. If there’s any way to also provide a downloadable link or QR code here, that would be helpful. Otherwise, I’ll watch for the email.
is_final_chunk: True
2026-07-22 11:42:11.256 | DEBUG    | tau2.orchestrator.orchestrator:step:833 - Step 18. Sending message from Role.AGENT to Role.ENV
2026-07-22 11:42:11.257 | DEBUG    | tau2.orchestrator.orchestrator:step:836 - Step 18.
From role: Role.AGENT
To role: Role.ENV
Message: AssistantMessage
content: Let me process the return now.
ToolCalls:
ToolCall (from assistant)
id: call_00_GtvgvncysbqqU9qhQxo61652
name: return_delivered_order_items
arguments:
{
  "order_id": "#W4680753",
  "item_ids": [
    "9690244451"
  ],
  "payment_method_id": "paypal_2417743"
}
is_final_chunk: True
2026-07-22 11:42:11.257 | DEBUG    | tau2.environment.environment:get_response:454 - Response: order_id='#W4680753' user_id='raj_santos_9079' address=UserAddress(address1='863 Lakeview Drive', address2='Suite 424', city='Seattle', country='USA', state='WA', zip='98157') items=[OrderItem(name='Fleece Jacket', product_id='8560156827', item_id='8590708195', price=157.61, options={'size': 'XL', 'color': 'navy', 'zipper': 'half'}), OrderItem(name='Mechanical Keyboard', product_id='1656367028', item_id='9690244451', price=236.51, options={'switch type': 'clicky', 'backlight': 'RGB', 'size': '60%'}), OrderItem(name='Action Camera', product_id='3377618313', item_id='4859937227', price=503.58, options={'resolution': '5K', 'waterproof': 'no', 'color': 'silver'})] status='return requested' fulfillments=[OrderFullfilment(tracking_id=['958035507715'], item_ids=['8590708195', '9690244451', '4859937227'])] payment_history=[OrderPayment(transaction_type='payment', amount=897.7, payment_method_id='paypal_2417743')] cancel_reason=None exchange_items=None exchange_new_items=None exchange_payment_method_id=None exchange_price_difference=None return_items=['9690244451'] return_payment_method_id='paypal_2417743'
2026-07-22 11:42:11.258 | DEBUG    | tau2.orchestrator.orchestrator:step:833 - Step 19. Sending message from Role.ENV to Role.AGENT
2026-07-22 11:42:11.258 | DEBUG    | tau2.orchestrator.orchestrator:step:836 - Step 19.
From role: Role.ENV
To role: Role.AGENT
Message: ToolMessage (responding to assistant)
timestamp: 2026-07-22T11:42:11.258285
content: {"order_id": "#W4680753", "user_id": "raj_santos_9079", "address": {"address1": "863 Lakeview Drive", "address2": "Suite 424", "city": "Seattle", "country": "USA", "state": "WA", "zip": "98157"}, "items": [{"name": "Fleece Jacket", "product_id": "8560156827", "item_id": "8590708195", "price": 157.61, "options": {"size": "XL", "color": "navy", "zipper": "half"}}, {"name": "Mechanical Keyboard", "product_id": "1656367028", "item_id": "9690244451", "price": 236.51, "options": {"switch type": "clicky", "backlight": "RGB", "size": "60%"}}, {"name": "Action Camera", "product_id": "3377618313", "item_id": "4859937227", "price": 503.58, "options": {"resolution": "5K", "waterproof": "no", "color": "silver"}}], "status": "return requested", "fulfillments": [{"tracking_id": ["958035507715"], "item_ids": ["8590708195", "9690244451", "4859937227"]}], "payment_history": [{"transaction_type": "payment", "amount": 897.7, "payment_method_id": "paypal_2417743"}], "cancel_reason": null, "exchange_items": null, "exchange_new_items": null, "exchange_payment_method_id": null, "exchange_price_difference": null, "return_items": ["9690244451"], "return_payment_method_id": "paypal_2417743"}
2026-07-22 11:42:13.265 | DEBUG    | tau2.orchestrator.orchestrator:step:833 - Step 20. Sending message from Role.AGENT to Role.USER
2026-07-22 11:42:13.265 | DEBUG    | tau2.orchestrator.orchestrator:step:836 - Step 20.
From role: Role.AGENT
To role: Role.USER
Message: AssistantMessage
content: The return has been successfully processed! Here's a quick recap:

✅ **Return Requested** for order **#W4680753**
- **Item:** Mechanical Keyboard (item #9690244451)
- **Refund:** $236.51 back to your **PayPal (paypal_2417743)** — since it's PayPal, the refund will process within **5 to 7 business days**
- **Order status:** Changed to **"return requested"**

📧 **Return instructions** will be sent to **raj.santos4322@example.com** — please keep an eye on that inbox (and check spam/junk folders too). Unfortunately, I'm not able to provide a downloadable link or QR code here directly, but the email should contain all the details you need for returning the item.

Is there anything else I can help you with?
is_final_chunk: True
2026-07-22 11:42:13.265 | DEBUG    | tau2.user.user_simulator:_generate_next_message:222 - User responds to message: AssistantMessage
content: The return has been successfully processed! Here's a quick recap:

✅ **Return Requested** for order **#W4680753**
- **Item:** Mechanical Keyboard (item #9690244451)
- **Refund:** $236.51 back to your **PayPal (paypal_2417743)** — since it's PayPal, the refund will process within **5 to 7 business days**
- **Order status:** Changed to **"return requested"**

📧 **Return instructions** will be sent to **raj.santos4322@example.com** — please keep an eye on that inbox (and check spam/junk folders too). Unfortunately, I'm not able to provide a downloadable link or QR code here directly, but the email should contain all the details you need for returning the item.

Is there anything else I can help you with?
is_final_chunk: True
2026-07-22 11:42:14.030 | DEBUG    | tau2.user.user_simulator:_generate_next_message:244 - Response: Thanks for taking care of that. I’ll watch for the email and follow the instructions. That’s all I needed today.

###STOP###
2026-07-22 11:42:14.192 | DEBUG    | tau2.environment.environment:get_response:454 - Response: order_id='#W4680753' user_id='raj_santos_9079' address=UserAddress(address1='863 Lakeview Drive', address2='Suite 424', city='Seattle', country='USA', state='WA', zip='98157') items=[OrderItem(name='Fleece Jacket', product_id='8560156827', item_id='8590708195', price=157.61, options={'size': 'XL', 'color': 'navy', 'zipper': 'half'}), OrderItem(name='Mechanical Keyboard', product_id='1656367028', item_id='9690244451', price=236.51, options={'switch type': 'clicky', 'backlight': 'RGB', 'size': '60%'}), OrderItem(name='Action Camera', product_id='3377618313', item_id='4859937227', price=503.58, options={'resolution': '5K', 'waterproof': 'no', 'color': 'silver'})] status='return requested' fulfillments=[OrderFullfilment(tracking_id=['958035507715'], item_ids=['8590708195', '9690244451', '4859937227'])] payment_history=[OrderPayment(transaction_type='payment', amount=897.7, payment_method_id='paypal_2417743')] cancel_reason=None exchange_items=None exchange_new_items=None exchange_payment_method_id=None exchange_price_difference=None return_items=['9690244451'] return_payment_method_id='paypal_2417743'
2026-07-22 11:42:16.228 | INFO     | tau2.runner.simulation:run_simulation:87 - Simulation complete: domain=retail, task=89, reward=1.0
2026-07-22 11:42:16.231 | INFO     | tau2.runner.batch:run_single_task:442 - FINISHED SIMULATION: Domain: retail, Task: 89, Reward: 1.0
