2026-07-21 15:20:32.785 | DEBUG    | tau2.runner.batch:__enter__:301 - Task log file: D:\PolicyAgent-PostTrain\experiments\20260721_151851_retail_smoke5_deepseek\task_28\tau2_artifacts\artifacts\task_28\sim_50c90cfe-1a2a-4f1e-ba95-de9dfa76af85\task.log
2026-07-21 15:20:32.825 | INFO     | tau2.orchestrator.orchestrator:_validate_mode_compatibility:477 - Orchestrator initialized in HALF_DUPLEX mode (turn-based) with agent=LLMAgent, user=UserSimulator
2026-07-21 15:20:32.826 | DEBUG    | tau2.runner.build:build_text_orchestrator:400 - Built text orchestrator: domain=retail, agent=llm_agent, user=user_simulator, task=28
2026-07-21 15:20:32.827 | DEBUG    | tau2.orchestrator.orchestrator:step:833 - Step 0. Sending message from Role.AGENT to Role.USER
2026-07-21 15:20:32.827 | DEBUG    | tau2.orchestrator.orchestrator:step:836 - Step 0.
From role: Role.AGENT
To role: Role.USER
Message: AssistantMessage
content: Hi! How can I help you today?
is_final_chunk: True
2026-07-21 15:20:32.827 | DEBUG    | tau2.user.user_simulator:_generate_next_message:222 - User responds to message: AssistantMessage
content: Hi! How can I help you today?
is_final_chunk: True
2026-07-21 15:20:33.748 | DEBUG    | tau2.user.user_simulator:_generate_next_message:244 - Response: Hi. I need to return a skateboard, a garden hose, a backpack, a keyboard, and a bed. Also, I want to cancel the garden hose from my latest order—but only that item, not the whole order. Can you help with that?
2026-07-21 15:20:33.748 | DEBUG    | tau2.orchestrator.orchestrator:step:833 - Step 1. Sending message from Role.USER to Role.AGENT
2026-07-21 15:20:33.749 | DEBUG    | tau2.orchestrator.orchestrator:step:836 - Step 1.
From role: Role.USER
To role: Role.AGENT
Message: UserMessage
content: Hi. I need to return a skateboard, a garden hose, a backpack, a keyboard, and a bed. Also, I want to cancel the garden hose from my latest order—but only that item, not the whole order. Can you help with that?
is_final_chunk: True
2026-07-21 15:20:34.620 | DEBUG    | tau2.orchestrator.orchestrator:step:833 - Step 2. Sending message from Role.AGENT to Role.USER
2026-07-21 15:20:34.620 | DEBUG    | tau2.orchestrator.orchestrator:step:836 - Step 2.
From role: Role.AGENT
To role: Role.USER
Message: AssistantMessage
content: I'd be happy to help! First, I need to authenticate your identity. Could you please provide me with your email address, or your first name, last name, and zip code so I can look you up?
is_final_chunk: True
2026-07-21 15:20:34.620 | DEBUG    | tau2.user.user_simulator:_generate_next_message:222 - User responds to message: AssistantMessage
content: I'd be happy to help! First, I need to authenticate your identity. Could you please provide me with your email address, or your first name, last name, and zip code so I can look you up?
is_final_chunk: True
2026-07-21 15:20:35.325 | DEBUG    | tau2.user.user_simulator:_generate_next_message:244 - Response: Isabella Johansson, zip 32286. I don’t have my email handy.
2026-07-21 15:20:35.325 | DEBUG    | tau2.orchestrator.orchestrator:step:833 - Step 3. Sending message from Role.USER to Role.AGENT
2026-07-21 15:20:35.326 | DEBUG    | tau2.orchestrator.orchestrator:step:836 - Step 3.
From role: Role.USER
To role: Role.AGENT
Message: UserMessage
content: Isabella Johansson, zip 32286. I don’t have my email handy.
is_final_chunk: True
2026-07-21 15:20:36.373 | DEBUG    | tau2.orchestrator.orchestrator:step:833 - Step 4. Sending message from Role.AGENT to Role.ENV
2026-07-21 15:20:36.373 | DEBUG    | tau2.orchestrator.orchestrator:step:836 - Step 4.
From role: Role.AGENT
To role: Role.ENV
Message: AssistantMessage
content: Let me look you up using your name and zip code.
ToolCalls:
ToolCall (from assistant)
id: call_00_eiPewD16jiwJPqefh4Jj4893
name: find_user_id_by_name_zip
arguments:
{
  "first_name": "Isabella",
  "last_name": "Johansson",
  "zip": "32286"
}
is_final_chunk: True
2026-07-21 15:20:36.374 | DEBUG    | tau2.environment.environment:get_response:454 - Response: isabella_johansson_2152
2026-07-21 15:20:36.374 | DEBUG    | tau2.orchestrator.orchestrator:step:833 - Step 5. Sending message from Role.ENV to Role.AGENT
2026-07-21 15:20:36.375 | DEBUG    | tau2.orchestrator.orchestrator:step:836 - Step 5.
From role: Role.ENV
To role: Role.AGENT
Message: ToolMessage (responding to assistant)
timestamp: 2026-07-21T15:20:36.374932
content: isabella_johansson_2152
2026-07-21 15:20:37.289 | DEBUG    | tau2.orchestrator.orchestrator:step:833 - Step 6. Sending message from Role.AGENT to Role.ENV
2026-07-21 15:20:37.289 | DEBUG    | tau2.orchestrator.orchestrator:step:836 - Step 6.
From role: Role.AGENT
To role: Role.ENV
Message: AssistantMessage
content: Great! I found you. Let me get your details and see your orders.
ToolCalls:
ToolCall (from assistant)
id: call_00_F14IZTxiCDRKIEAX1npz2699
name: get_user_details
arguments:
{
  "user_id": "isabella_johansson_2152"
}
is_final_chunk: True
2026-07-21 15:20:37.290 | DEBUG    | tau2.environment.environment:get_response:454 - Response: user_id='isabella_johansson_2152' name=UserName(first_name='Isabella', last_name='Johansson') address=UserAddress(address1='313 Chestnut Street', address2='Suite 537', city='Jacksonville', country='USA', state='FL', zip='32286') email='isabella.johansson9391@example.com' payment_methods={'paypal_3024827': Paypal(source='paypal', id='paypal_3024827')} orders=['#W3792453', '#W7181492', '#W5565470', '#W2575533']
2026-07-21 15:20:37.290 | DEBUG    | tau2.orchestrator.orchestrator:step:833 - Step 7. Sending message from Role.ENV to Role.AGENT
2026-07-21 15:20:37.290 | DEBUG    | tau2.orchestrator.orchestrator:step:836 - Step 7.
From role: Role.ENV
To role: Role.AGENT
Message: ToolMessage (responding to assistant)
timestamp: 2026-07-21T15:20:37.290499
content: {"user_id": "isabella_johansson_2152", "name": {"first_name": "Isabella", "last_name": "Johansson"}, "address": {"address1": "313 Chestnut Street", "address2": "Suite 537", "city": "Jacksonville", "country": "USA", "state": "FL", "zip": "32286"}, "email": "isabella.johansson9391@example.com", "payment_methods": {"paypal_3024827": {"source": "paypal", "id": "paypal_3024827"}}, "orders": ["#W3792453", "#W7181492", "#W5565470", "#W2575533"]}
2026-07-21 15:20:38.926 | DEBUG    | tau2.orchestrator.orchestrator:step:833 - Step 8. Sending message from Role.AGENT to Role.ENV
2026-07-21 15:20:38.927 | DEBUG    | tau2.orchestrator.orchestrator:step:836 - Step 8.
From role: Role.AGENT
To role: Role.ENV
Message: AssistantMessage
content: Let me look up your orders to find the latest one and check their statuses.
ToolCalls:
ToolCall (from assistant)
id: call_00_DSzNJWLWaaf68gTJ4W7v9523
name: get_order_details
arguments:
{
  "order_id": "#W3792453"
}
ToolCall (from assistant)
id: call_01_sA74xdgeHLpIF6zw8mKQ1431
name: get_order_details
arguments:
{
  "order_id": "#W7181492"
}
ToolCall (from assistant)
id: call_02_N9AHOAvmFvMGVOTPvmlt7052
name: get_order_details
arguments:
{
  "order_id": "#W5565470"
}
ToolCall (from assistant)
id: call_03_kkVmRWmBl3maWUtxNAF26471
name: get_order_details
arguments:
{
  "order_id": "#W2575533"
}
is_final_chunk: True
2026-07-21 15:20:38.927 | DEBUG    | tau2.environment.environment:get_response:454 - Response: order_id='#W3792453' user_id='isabella_johansson_2152' address=UserAddress(address1='313 Chestnut Street', address2='Suite 537', city='Jacksonville', country='USA', state='FL', zip='32286') items=[OrderItem(name='Skateboard', product_id='1968349452', item_id='4293355847', price=200.8, options={'deck material': 'bamboo', 'length': '31 inch', 'design': 'plain'})] status='delivered' fulfillments=[OrderFullfilment(tracking_id=['908856694334'], item_ids=['4293355847'])] payment_history=[OrderPayment(transaction_type='payment', amount=200.8, payment_method_id='paypal_3024827')] cancel_reason=None exchange_items=None exchange_new_items=None exchange_payment_method_id=None exchange_price_difference=None return_items=None return_payment_method_id=None
2026-07-21 15:20:38.928 | DEBUG    | tau2.environment.environment:get_response:454 - Response: order_id='#W7181492' user_id='isabella_johansson_2152' address=UserAddress(address1='313 Chestnut Street', address2='Suite 537', city='Jacksonville', country='USA', state='FL', zip='32286') items=[OrderItem(name='Garden Hose', product_id='6679515468', item_id='5753502325', price=96.35, options={'length': '25ft', 'material': 'rubber', 'color': 'green'}), OrderItem(name='Backpack', product_id='2524789262', item_id='9851293632', price=193.38, options={'color': 'green', 'size': 'small', 'material': 'polyester', 'compartment': 'camera'}), OrderItem(name='Bookshelf', product_id='8600330539', item_id='3778705663', price=473.48, options={'material': 'metal', 'color': 'black', 'height': '6 ft'}), OrderItem(name='Hiking Boots', product_id='7363354090', item_id='8118291112', price=260.56, options={'size': '12', 'material': 'leather', 'waterproof': 'no'}), OrderItem(name='Coffee Maker', product_id='7996920482', item_id='3020722515', price=238.64, options={'color': 'black', 'capacity': '1 cup', 'type': 'french press', 'features': 'auto shutoff'})] status='delivered' fulfillments=[OrderFullfilment(tracking_id=['418708581751'], item_ids=['5753502325', '9851293632', '3778705663', '8118291112', '3020722515'])] payment_history=[OrderPayment(transaction_type='payment', amount=1262.41, payment_method_id='paypal_3024827')] cancel_reason=None exchange_items=None exchange_new_items=None exchange_payment_method_id=None exchange_price_difference=None return_items=None return_payment_method_id=None
2026-07-21 15:20:38.929 | DEBUG    | tau2.environment.environment:get_response:454 - Response: order_id='#W5565470' user_id='isabella_johansson_2152' address=UserAddress(address1='812 Cedar Avenue', address2='Suite 500', city='Houston', country='USA', state='TX', zip='77129') items=[OrderItem(name='Electric Kettle', product_id='1075968781', item_id='7602931732', price=153.25, options={'capacity': '1L', 'material': 'stainless steel', 'color': 'black'}), OrderItem(name='Mechanical Keyboard', product_id='1656367028', item_id='9570044148', price=231.37, options={'switch type': 'linear', 'backlight': 'none', 'size': 'full size'}), OrderItem(name='Pet Bed', product_id='2747247837', item_id='6857426243', price=196.53, options={'size': 'medium', 'material': 'fleece', 'color': 'grey'})] status='delivered' fulfillments=[OrderFullfilment(tracking_id=['907614527588'], item_ids=['7602931732', '9570044148', '6857426243'])] payment_history=[OrderPayment(transaction_type='payment', amount=581.15, payment_method_id='paypal_3024827')] cancel_reason=None exchange_items=None exchange_new_items=None exchange_payment_method_id=None exchange_price_difference=None return_items=None return_payment_method_id=None
2026-07-21 15:20:38.930 | DEBUG    | tau2.environment.environment:get_response:454 - Response: order_id='#W2575533' user_id='isabella_johansson_2152' address=UserAddress(address1='313 Chestnut Street', address2='Suite 537', city='Jacksonville', country='USA', state='FL', zip='32286') items=[OrderItem(name='Vacuum Cleaner', product_id='1762337868', item_id='4806644905', price=658.89, options={'type': 'robotic', 'bagged/bagless': 'bagless', 'features': 'cordless'}), OrderItem(name='Portable Charger', product_id='6942297802', item_id='8349903180', price=102.07, options={'capacity': '20000mAh', 'output': 'Wireless', 'color': 'black'}), OrderItem(name='E-Reader', product_id='3801771308', item_id='9494281769', price=252.06, options={'screen size': '8-inch', 'connectivity': 'Wi-Fi', 'storage': '8GB'}), OrderItem(name='Garden Hose', product_id='6679515468', item_id='5206946487', price=95.08, options={'length': '50ft', 'material': 'vinyl', 'color': 'black'}), OrderItem(name='Office Chair', product_id='4794339885', item_id='8323284863', price=511.24, options={'material': 'fabric', 'color': 'blue', 'armrest': 'adjustable', 'backrest height': 'standard'})] status='pending' fulfillments=[] payment_history=[OrderPayment(transaction_type='payment', amount=1619.34, payment_method_id='paypal_3024827')] cancel_reason=None exchange_items=None exchange_new_items=None exchange_payment_method_id=None exchange_price_difference=None return_items=None return_payment_method_id=None
2026-07-21 15:20:38.930 | DEBUG    | tau2.orchestrator.orchestrator:step:833 - Step 9. Sending message from Role.ENV to Role.AGENT
2026-07-21 15:20:38.931 | DEBUG    | tau2.orchestrator.orchestrator:step:836 - Step 9.
From role: Role.ENV
To role: Role.AGENT
Message: role='tool' tool_messages=[ToolMessage(id='call_00_DSzNJWLWaaf68gTJ4W7v9523', role='tool', content='{"order_id": "#W3792453", "user_id": "isabella_johansson_2152", "address": {"address1": "313 Chestnut Street", "address2": "Suite 537", "city": "Jacksonville", "country": "USA", "state": "FL", "zip": "32286"}, "items": [{"name": "Skateboard", "product_id": "1968349452", "item_id": "4293355847", "price": 200.8, "options": {"deck material": "bamboo", "length": "31 inch", "design": "plain"}}], "status": "delivered", "fulfillments": [{"tracking_id": ["908856694334"], "item_ids": ["4293355847"]}], "payment_history": [{"transaction_type": "payment", "amount": 200.8, "payment_method_id": "paypal_3024827"}], "cancel_reason": null, "exchange_items": null, "exchange_new_items": null, "exchange_payment_method_id": null, "exchange_price_difference": null, "return_items": null, "return_payment_method_id": null}', requestor='assistant', error=False, turn_idx=None, timestamp='2026-07-21T15:20:38.928683'), ToolMessage(id='call_01_sA74xdgeHLpIF6zw8mKQ1431', role='tool', content='{"order_id": "#W7181492", "user_id": "isabella_johansson_2152", "address": {"address1": "313 Chestnut Street", "address2": "Suite 537", "city": "Jacksonville", "country": "USA", "state": "FL", "zip": "32286"}, "items": [{"name": "Garden Hose", "product_id": "6679515468", "item_id": "5753502325", "price": 96.35, "options": {"length": "25ft", "material": "rubber", "color": "green"}}, {"name": "Backpack", "product_id": "2524789262", "item_id": "9851293632", "price": 193.38, "options": {"color": "green", "size": "small", "material": "polyester", "compartment": "camera"}}, {"name": "Bookshelf", "product_id": "8600330539", "item_id": "3778705663", "price": 473.48, "options": {"material": "metal", "color": "black", "height": "6 ft"}}, {"name": "Hiking Boots", "product_id": "7363354090", "item_id": "8118291112", "price": 260.56, "options": {"size": "12", "material": "leather", "waterproof": "no"}}, {"name": "Coffee Maker", "product_id": "7996920482", "item_id": "3020722515", "price": 238.64, "options": {"color": "black", "capacity": "1 cup", "type": "french press", "features": "auto shutoff"}}], "status": "delivered", "fulfillments": [{"tracking_id": ["418708581751"], "item_ids": ["5753502325", "9851293632", "3778705663", "8118291112", "3020722515"]}], "payment_history": [{"transaction_type": "payment", "amount": 1262.41, "payment_method_id": "paypal_3024827"}], "cancel_reason": null, "exchange_items": null, "exchange_new_items": null, "exchange_payment_method_id": null, "exchange_price_difference": null, "return_items": null, "return_payment_method_id": null}', requestor='assistant', error=False, turn_idx=None, timestamp='2026-07-21T15:20:38.929680'), ToolMessage(id='call_02_N9AHOAvmFvMGVOTPvmlt7052', role='tool', content='{"order_id": "#W5565470", "user_id": "isabella_johansson_2152", "address": {"address1": "812 Cedar Avenue", "address2": "Suite 500", "city": "Houston", "country": "USA", "state": "TX", "zip": "77129"}, "items": [{"name": "Electric Kettle", "product_id": "1075968781", "item_id": "7602931732", "price": 153.25, "options": {"capacity": "1L", "material": "stainless steel", "color": "black"}}, {"name": "Mechanical Keyboard", "product_id": "1656367028", "item_id": "9570044148", "price": 231.37, "options": {"switch type": "linear", "backlight": "none", "size": "full size"}}, {"name": "Pet Bed", "product_id": "2747247837", "item_id": "6857426243", "price": 196.53, "options": {"size": "medium", "material": "fleece", "color": "grey"}}], "status": "delivered", "fulfillments": [{"tracking_id": ["907614527588"], "item_ids": ["7602931732", "9570044148", "6857426243"]}], "payment_history": [{"transaction_type": "payment", "amount": 581.15, "payment_method_id": "paypal_3024827"}], "cancel_reason": null, "exchange_items": null, "exchange_new_items": null, "exchange_payment_method_id": null, "exchange_price_difference": null, "return_items": null, "return_payment_method_id": null}', requestor='assistant', error=False, turn_idx=None, timestamp='2026-07-21T15:20:38.929680'), ToolMessage(id='call_03_kkVmRWmBl3maWUtxNAF26471', role='tool', content='{"order_id": "#W2575533", "user_id": "isabella_johansson_2152", "address": {"address1": "313 Chestnut Street", "address2": "Suite 537", "city": "Jacksonville", "country": "USA", "state": "FL", "zip": "32286"}, "items": [{"name": "Vacuum Cleaner", "product_id": "1762337868", "item_id": "4806644905", "price": 658.89, "options": {"type": "robotic", "bagged/bagless": "bagless", "features": "cordless"}}, {"name": "Portable Charger", "product_id": "6942297802", "item_id": "8349903180", "price": 102.07, "options": {"capacity": "20000mAh", "output": "Wireless", "color": "black"}}, {"name": "E-Reader", "product_id": "3801771308", "item_id": "9494281769", "price": 252.06, "options": {"screen size": "8-inch", "connectivity": "Wi-Fi", "storage": "8GB"}}, {"name": "Garden Hose", "product_id": "6679515468", "item_id": "5206946487", "price": 95.08, "options": {"length": "50ft", "material": "vinyl", "color": "black"}}, {"name": "Office Chair", "product_id": "4794339885", "item_id": "8323284863", "price": 511.24, "options": {"material": "fabric", "color": "blue", "armrest": "adjustable", "backrest height": "standard"}}], "status": "pending", "fulfillments": [], "payment_history": [{"transaction_type": "payment", "amount": 1619.34, "payment_method_id": "paypal_3024827"}], "cancel_reason": null, "exchange_items": null, "exchange_new_items": null, "exchange_payment_method_id": null, "exchange_price_difference": null, "return_items": null, "return_payment_method_id": null}', requestor='assistant', error=False, turn_idx=None, timestamp='2026-07-21T15:20:38.930684')]
2026-07-21 15:20:42.950 | DEBUG    | tau2.orchestrator.orchestrator:step:833 - Step 10. Sending message from Role.AGENT to Role.USER
2026-07-21 15:20:42.951 | DEBUG    | tau2.orchestrator.orchestrator:step:836 - Step 10.
From role: Role.AGENT
To role: Role.USER
Message: AssistantMessage
content: Let me break down what I've found. Here's a summary of your orders:

**1. Order #W3792453** (Delivered) - Contains a **Skateboard** (item #4293355847)
**2. Order #W7181492** (Delivered) - Contains a **Garden Hose** (item #5753502325), **Backpack** (item #9851293632), and other items
**3. Order #W5565470** (Delivered) - Contains a **Keyboard** (Mechanical Keyboard, item #9570044148) and other items
**4. Order #W2575533** (Pending) - Contains a **Garden Hose** (item #5206946487) and other items

Now, let me clarify what you're looking for:

1. **Return items** - You mentioned returning a skateboard, garden hose, backpack, keyboard, and a bed. Let me check:
   - **Skateboard** - In order #W3792453 (delivered) ✓
   - **Garden hose** - There are two garden hoses: one in #W7181492 (delivered) and one in #W2575533 (pending)
   - **Backpack** - In order #W7181492 (delivered) ✓
   - **Keyboard** - I see a "Mechanical Keyboard" in #W5565470 (delivered) - is that what you mean?
   - **Bed** - I don't see a bed in any of your orders. Could you clarify?

2. **Cancel the garden hose from your latest order** - Your latest order is #W2575533 (pending). However, you can't cancel just one item from a pending order — you can only cancel the whole order. But you could potentially **modify** the items in that order. Let me know what you'd like to do.

Could you clarify a few things:
- Which specific orders/items are you referring to for the returns?
- For the "bed" — I don't see a bed in any of your orders. Could it be something else?
- For the garden hose in the pending order (#W2575533) — since you can't cancel just one item, would you like to modify it to something else instead?
is_final_chunk: True
2026-07-21 15:20:42.951 | DEBUG    | tau2.user.user_simulator:_generate_next_message:222 - User responds to message: AssistantMessage
content: Let me break down what I've found. Here's a summary of your orders:

**1. Order #W3792453** (Delivered) - Contains a **Skateboard** (item #4293355847)
**2. Order #W7181492** (Delivered) - Contains a **Garden Hose** (item #5753502325), **Backpack** (item #9851293632), and other items
**3. Order #W5565470** (Delivered) - Contains a **Keyboard** (Mechanical Keyboard, item #9570044148) and other items
**4. Order #W2575533** (Pending) - Contains a **Garden Hose** (item #5206946487) and other items

Now, let me clarify what you're looking for:

1. **Return items** - You mentioned returning a skateboard, garden hose, backpack, keyboard, and a bed. Let me check:
   - **Skateboard** - In order #W3792453 (delivered) ✓
   - **Garden hose** - There are two garden hoses: one in #W7181492 (delivered) and one in #W2575533 (pending)
   - **Backpack** - In order #W7181492 (delivered) ✓
   - **Keyboard** - I see a "Mechanical Keyboard" in #W5565470 (delivered) - is that what you mean?
   - **Bed** - I don't see a bed in any of your orders. Could you clarify?

2. **Cancel the garden hose from your latest order** - Your latest order is #W2575533 (pending). However, you can't cancel just one item from a pending order — you can only cancel the whole order. But you could potentially **modify** the items in that order. Let me know what you'd like to do.

Could you clarify a few things:
- Which specific orders/items are you referring to for the returns?
- For the "bed" — I don't see a bed in any of your orders. Could it be something else?
- For the garden hose in the pending order (#W2575533) — since you can't cancel just one item, would you like to modify it to something else instead?
is_final_chunk: True
2026-07-21 15:20:45.242 | DEBUG    | tau2.user.user_simulator:_generate_next_message:244 - Response: Thanks.

- Yes, the Mechanical Keyboard in #W5565470 is the one.
- The bed is a separate item I want to return. Can you check if there’s a bed on my account? If not, I’ll need help starting a return for it.
- For the pending order #W2575533: if you can’t cancel just the garden hose, please don’t cancel the whole order. Can you remove that hose from the order instead? If that’s not possible, leave it as is.

For returns, please process them in this order:
1) Skateboard from #W3792453
2) Garden hose (delivered) from #W7181492 and Backpack from #W7181492
3) Keyboard from #W5565470 and the bed

Let me know what you need from me to proceed.
2026-07-21 15:20:45.243 | DEBUG    | tau2.orchestrator.orchestrator:step:833 - Step 11. Sending message from Role.USER to Role.AGENT
2026-07-21 15:20:45.243 | DEBUG    | tau2.orchestrator.orchestrator:step:836 - Step 11.
From role: Role.USER
To role: Role.AGENT
Message: UserMessage
content: Thanks.

- Yes, the Mechanical Keyboard in #W5565470 is the one.
- The bed is a separate item I want to return. Can you check if there’s a bed on my account? If not, I’ll need help starting a return for it.
- For the pending order #W2575533: if you can’t cancel just the garden hose, please don’t cancel the whole order. Can you remove that hose from the order instead? If that’s not possible, leave it as is.

For returns, please process them in this order:
1) Skateboard from #W3792453
2) Garden hose (delivered) from #W7181492 and Backpack from #W7181492
3) Keyboard from #W5565470 and the bed

Let me know what you need from me to proceed.
is_final_chunk: True
2026-07-21 15:20:47.494 | DEBUG    | tau2.orchestrator.orchestrator:step:833 - Step 12. Sending message from Role.AGENT to Role.ENV
2026-07-21 15:20:47.495 | DEBUG    | tau2.orchestrator.orchestrator:step:836 - Step 12.
From role: Role.AGENT
To role: Role.ENV
Message: AssistantMessage
content: Let me check your orders more carefully for a bed. Looking at all your orders, I don't see any "bed" or "pet bed" or similar item in any of them. Let me also check the product types to see what's available.

Actually, I already have all your order details. None of your orders contain a "bed" item. The closest thing is a "Pet Bed" in order #W5565470, but that's a pet bed, not a regular bed.

Let me also look up the items to get more details on pricing for the returns.

Let me check the items involved in the returns.
ToolCalls:
ToolCall (from assistant)
id: call_00_ShjPGMxg4ed88g5vxPQG3280
name: get_item_details
arguments:
{
  "item_id": "4293355847"
}
ToolCall (from assistant)
id: call_01_tHFYB96aePZjyjlBQatw6822
name: get_item_details
arguments:
{
  "item_id": "5753502325"
}
ToolCall (from assistant)
id: call_02_H8b05OMYxlLYQfGE2P2u9173
name: get_item_details
arguments:
{
  "item_id": "9851293632"
}
ToolCall (from assistant)
id: call_03_UlPSg8JU0QuR91W8fZxH3090
name: get_item_details
arguments:
{
  "item_id": "9570044148"
}
is_final_chunk: True
2026-07-21 15:20:47.495 | DEBUG    | tau2.environment.environment:get_response:454 - Response: item_id='4293355847' options={'deck material': 'bamboo', 'length': '31 inch', 'design': 'plain'} available=True price=200.8
2026-07-21 15:20:47.495 | DEBUG    | tau2.environment.environment:get_response:454 - Response: item_id='5753502325' options={'length': '25ft', 'material': 'rubber', 'color': 'green'} available=False price=96.35
2026-07-21 15:20:47.495 | DEBUG    | tau2.environment.environment:get_response:454 - Response: item_id='9851293632' options={'color': 'green', 'size': 'small', 'material': 'polyester', 'compartment': 'camera'} available=True price=193.38
2026-07-21 15:20:47.496 | DEBUG    | tau2.environment.environment:get_response:454 - Response: item_id='9570044148' options={'switch type': 'linear', 'backlight': 'none', 'size': 'full size'} available=True price=231.37
2026-07-21 15:20:47.496 | DEBUG    | tau2.orchestrator.orchestrator:step:833 - Step 13. Sending message from Role.ENV to Role.AGENT
2026-07-21 15:20:47.496 | DEBUG    | tau2.orchestrator.orchestrator:step:836 - Step 13.
From role: Role.ENV
To role: Role.AGENT
Message: role='tool' tool_messages=[ToolMessage(id='call_00_ShjPGMxg4ed88g5vxPQG3280', role='tool', content='{"item_id": "4293355847", "options": {"deck material": "bamboo", "length": "31 inch", "design": "plain"}, "available": true, "price": 200.8}', requestor='assistant', error=False, turn_idx=None, timestamp='2026-07-21T15:20:47.495802'), ToolMessage(id='call_01_tHFYB96aePZjyjlBQatw6822', role='tool', content='{"item_id": "5753502325", "options": {"length": "25ft", "material": "rubber", "color": "green"}, "available": false, "price": 96.35}', requestor='assistant', error=False, turn_idx=None, timestamp='2026-07-21T15:20:47.495802'), ToolMessage(id='call_02_H8b05OMYxlLYQfGE2P2u9173', role='tool', content='{"item_id": "9851293632", "options": {"color": "green", "size": "small", "material": "polyester", "compartment": "camera"}, "available": true, "price": 193.38}', requestor='assistant', error=False, turn_idx=None, timestamp='2026-07-21T15:20:47.495802'), ToolMessage(id='call_03_UlPSg8JU0QuR91W8fZxH3090', role='tool', content='{"item_id": "9570044148", "options": {"switch type": "linear", "backlight": "none", "size": "full size"}, "available": true, "price": 231.37}', requestor='assistant', error=False, turn_idx=None, timestamp='2026-07-21T15:20:47.496796')]
2026-07-21 15:20:51.429 | DEBUG    | tau2.orchestrator.orchestrator:step:833 - Step 14. Sending message from Role.AGENT to Role.USER
2026-07-21 15:20:51.430 | DEBUG    | tau2.orchestrator.orchestrator:step:836 - Step 14.
From role: Role.AGENT
To role: Role.USER
Message: AssistantMessage
content: Here's a summary of what I've found:

**Regarding the "bed":** I've checked all your orders and there is no bed item in any of them. The closest item is a "Pet Bed" in order #W5565470, but that's a pet bed. Since I can't find a bed on your account, I'm unable to process a return for it through our system. I'd recommend contacting us about that separately, or I can transfer you to a human agent if you need further help with that.

**Regarding the pending order #W2575533:** Unfortunately, I can't remove just one item from a pending order. The options are:
- Cancel the whole order (which you don't want)
- Modify items (change the garden hose to a different item of the same product type)
- Leave it as is

Since you said to leave it as is if removal isn't possible, I'll leave it alone.

**Now for the returns (all delivered orders):**

1. **Skateboard** from #W3792453 - item #4293355847 - $200.80
2. **Garden Hose** (delivered) from #W7181492 - item #5753502325 - $96.35
3. **Backpack** from #W7181492 - item #9851293632 - $193.38
4. **Mechanical Keyboard** from #W5565470 - item #9570044148 - $231.37

For the returns, I need you to provide a **payment method** to receive the refund. According to policy, the refund must go to either the original payment method or an existing gift card. Your original payment method was **PayPal** (paypal_3024827). Would you like the refund to go back to your PayPal, or do you have a gift card you'd like to use?

Also, since these are separate orders, I'll need to process the returns separately per order. Let me start with the first one once you confirm the payment method!
is_final_chunk: True
2026-07-21 15:20:51.430 | DEBUG    | tau2.user.user_simulator:_generate_next_message:222 - User responds to message: AssistantMessage
content: Here's a summary of what I've found:

**Regarding the "bed":** I've checked all your orders and there is no bed item in any of them. The closest item is a "Pet Bed" in order #W5565470, but that's a pet bed. Since I can't find a bed on your account, I'm unable to process a return for it through our system. I'd recommend contacting us about that separately, or I can transfer you to a human agent if you need further help with that.

**Regarding the pending order #W2575533:** Unfortunately, I can't remove just one item from a pending order. The options are:
- Cancel the whole order (which you don't want)
- Modify items (change the garden hose to a different item of the same product type)
- Leave it as is

Since you said to leave it as is if removal isn't possible, I'll leave it alone.

**Now for the returns (all delivered orders):**

1. **Skateboard** from #W3792453 - item #4293355847 - $200.80
2. **Garden Hose** (delivered) from #W7181492 - item #5753502325 - $96.35
3. **Backpack** from #W7181492 - item #9851293632 - $193.38
4. **Mechanical Keyboard** from #W5565470 - item #9570044148 - $231.37

For the returns, I need you to provide a **payment method** to receive the refund. According to policy, the refund must go to either the original payment method or an existing gift card. Your original payment method was **PayPal** (paypal_3024827). Would you like the refund to go back to your PayPal, or do you have a gift card you'd like to use?

Also, since these are separate orders, I'll need to process the returns separately per order. Let me start with the first one once you confirm the payment method!
is_final_chunk: True
2026-07-21 15:20:52.677 | DEBUG    | tau2.user.user_simulator:_generate_next_message:244 - Response: Thanks for checking.

- Leave the pending order as is.
- For the bed, please transfer me to a human agent to handle it.
- Refund to my original PayPal is fine.

Please process the returns in this order:
1) Skateboard from #W3792453
2) Garden hose (delivered) from #W7181492 and Backpack from #W7181492
3) Keyboard from #W5565470

Let me know what you need next.
2026-07-21 15:20:52.677 | DEBUG    | tau2.orchestrator.orchestrator:step:833 - Step 15. Sending message from Role.USER to Role.AGENT
2026-07-21 15:20:52.677 | DEBUG    | tau2.orchestrator.orchestrator:step:836 - Step 15.
From role: Role.USER
To role: Role.AGENT
Message: UserMessage
content: Thanks for checking.

- Leave the pending order as is.
- For the bed, please transfer me to a human agent to handle it.
- Refund to my original PayPal is fine.

Please process the returns in this order:
1) Skateboard from #W3792453
2) Garden hose (delivered) from #W7181492 and Backpack from #W7181492
3) Keyboard from #W5565470

Let me know what you need next.
is_final_chunk: True
2026-07-21 15:20:54.086 | DEBUG    | tau2.orchestrator.orchestrator:step:833 - Step 16. Sending message from Role.AGENT to Role.USER
2026-07-21 15:20:54.086 | DEBUG    | tau2.orchestrator.orchestrator:step:836 - Step 16.
From role: Role.AGENT
To role: Role.USER
Message: AssistantMessage
content: Great, let me start with the first return. Let me process the Skateboard return from order #W3792453.

First, let me explain the details:

**Return 1: Skateboard from #W3792453**
- Item: Skateboard (item #4293355847) - $200.80
- Refund to: PayPal (paypal_3024827)
- Status will change to "return requested"

Could you please confirm that you'd like to proceed with this return?
is_final_chunk: True
2026-07-21 15:20:54.086 | DEBUG    | tau2.user.user_simulator:_generate_next_message:222 - User responds to message: AssistantMessage
content: Great, let me start with the first return. Let me process the Skateboard return from order #W3792453.

First, let me explain the details:

**Return 1: Skateboard from #W3792453**
- Item: Skateboard (item #4293355847) - $200.80
- Refund to: PayPal (paypal_3024827)
- Status will change to "return requested"

Could you please confirm that you'd like to proceed with this return?
is_final_chunk: True
2026-07-21 15:20:54.610 | DEBUG    | tau2.user.user_simulator:_generate_next_message:244 - Response: Yes, please proceed with the skateboard return.
2026-07-21 15:20:54.611 | DEBUG    | tau2.orchestrator.orchestrator:step:833 - Step 17. Sending message from Role.USER to Role.AGENT
2026-07-21 15:20:54.611 | DEBUG    | tau2.orchestrator.orchestrator:step:836 - Step 17.
From role: Role.USER
To role: Role.AGENT
Message: UserMessage
content: Yes, please proceed with the skateboard return.
is_final_chunk: True
2026-07-21 15:20:55.727 | DEBUG    | tau2.orchestrator.orchestrator:step:833 - Step 18. Sending message from Role.AGENT to Role.ENV
2026-07-21 15:20:55.728 | DEBUG    | tau2.orchestrator.orchestrator:step:836 - Step 18.
From role: Role.AGENT
To role: Role.ENV
Message: AssistantMessage
ToolCalls:
ToolCall (from assistant)
id: call_00_zyEwCKMqWI3o2rqhzLFk0911
name: return_delivered_order_items
arguments:
{
  "order_id": "#W3792453",
  "item_ids": [
    "4293355847"
  ],
  "payment_method_id": "paypal_3024827"
}
is_final_chunk: True
2026-07-21 15:20:55.728 | DEBUG    | tau2.environment.environment:get_response:454 - Response: order_id='#W3792453' user_id='isabella_johansson_2152' address=UserAddress(address1='313 Chestnut Street', address2='Suite 537', city='Jacksonville', country='USA', state='FL', zip='32286') items=[OrderItem(name='Skateboard', product_id='1968349452', item_id='4293355847', price=200.8, options={'deck material': 'bamboo', 'length': '31 inch', 'design': 'plain'})] status='return requested' fulfillments=[OrderFullfilment(tracking_id=['908856694334'], item_ids=['4293355847'])] payment_history=[OrderPayment(transaction_type='payment', amount=200.8, payment_method_id='paypal_3024827')] cancel_reason=None exchange_items=None exchange_new_items=None exchange_payment_method_id=None exchange_price_difference=None return_items=['4293355847'] return_payment_method_id='paypal_3024827'
2026-07-21 15:20:55.728 | DEBUG    | tau2.orchestrator.orchestrator:step:833 - Step 19. Sending message from Role.ENV to Role.AGENT
2026-07-21 15:20:55.728 | DEBUG    | tau2.orchestrator.orchestrator:step:836 - Step 19.
From role: Role.ENV
To role: Role.AGENT
Message: ToolMessage (responding to assistant)
timestamp: 2026-07-21T15:20:55.728985
content: {"order_id": "#W3792453", "user_id": "isabella_johansson_2152", "address": {"address1": "313 Chestnut Street", "address2": "Suite 537", "city": "Jacksonville", "country": "USA", "state": "FL", "zip": "32286"}, "items": [{"name": "Skateboard", "product_id": "1968349452", "item_id": "4293355847", "price": 200.8, "options": {"deck material": "bamboo", "length": "31 inch", "design": "plain"}}], "status": "return requested", "fulfillments": [{"tracking_id": ["908856694334"], "item_ids": ["4293355847"]}], "payment_history": [{"transaction_type": "payment", "amount": 200.8, "payment_method_id": "paypal_3024827"}], "cancel_reason": null, "exchange_items": null, "exchange_new_items": null, "exchange_payment_method_id": null, "exchange_price_difference": null, "return_items": ["4293355847"], "return_payment_method_id": "paypal_3024827"}
2026-07-21 15:20:57.446 | DEBUG    | tau2.orchestrator.orchestrator:step:833 - Step 20. Sending message from Role.AGENT to Role.USER
2026-07-21 15:20:57.446 | DEBUG    | tau2.orchestrator.orchestrator:step:836 - Step 20.
From role: Role.AGENT
To role: Role.USER
Message: AssistantMessage
content: The skateboard return has been processed! The order status is now "return requested" and you'll receive an email with instructions on how to return the item. The refund of $200.80 will go to your PayPal within 5-7 business days.

Now for **Return 2: Garden hose and Backpack from #W7181492**
- Garden Hose (item #5753502325) - $96.35
- Backpack (item #9851293632) - $193.38
- Refund to: PayPal (paypal_3024827)

Could you please confirm you'd like to proceed with returning both of these items from order #W7181492?
is_final_chunk: True
2026-07-21 15:20:57.446 | DEBUG    | tau2.user.user_simulator:_generate_next_message:222 - User responds to message: AssistantMessage
content: The skateboard return has been processed! The order status is now "return requested" and you'll receive an email with instructions on how to return the item. The refund of $200.80 will go to your PayPal within 5-7 business days.

Now for **Return 2: Garden hose and Backpack from #W7181492**
- Garden Hose (item #5753502325) - $96.35
- Backpack (item #9851293632) - $193.38
- Refund to: PayPal (paypal_3024827)

Could you please confirm you'd like to proceed with returning both of these items from order #W7181492?
is_final_chunk: True
2026-07-21 15:20:58.336 | DEBUG    | tau2.user.user_simulator:_generate_next_message:244 - Response: Yes, please proceed with returning both the garden hose and the backpack from #W7181492.
2026-07-21 15:20:58.336 | DEBUG    | tau2.orchestrator.orchestrator:step:833 - Step 21. Sending message from Role.USER to Role.AGENT
2026-07-21 15:20:58.336 | DEBUG    | tau2.orchestrator.orchestrator:step:836 - Step 21.
From role: Role.USER
To role: Role.AGENT
Message: UserMessage
content: Yes, please proceed with returning both the garden hose and the backpack from #W7181492.
is_final_chunk: True
2026-07-21 15:20:59.621 | DEBUG    | tau2.orchestrator.orchestrator:step:833 - Step 22. Sending message from Role.AGENT to Role.ENV
2026-07-21 15:20:59.622 | DEBUG    | tau2.orchestrator.orchestrator:step:836 - Step 22.
From role: Role.AGENT
To role: Role.ENV
Message: AssistantMessage
ToolCalls:
ToolCall (from assistant)
id: call_00_8KjRDptQ5ezDJqTgfz0Z0236
name: return_delivered_order_items
arguments:
{
  "order_id": "#W7181492",
  "item_ids": [
    "5753502325",
    "9851293632"
  ],
  "payment_method_id": "paypal_3024827"
}
is_final_chunk: True
2026-07-21 15:20:59.622 | DEBUG    | tau2.environment.environment:get_response:454 - Response: order_id='#W7181492' user_id='isabella_johansson_2152' address=UserAddress(address1='313 Chestnut Street', address2='Suite 537', city='Jacksonville', country='USA', state='FL', zip='32286') items=[OrderItem(name='Garden Hose', product_id='6679515468', item_id='5753502325', price=96.35, options={'length': '25ft', 'material': 'rubber', 'color': 'green'}), OrderItem(name='Backpack', product_id='2524789262', item_id='9851293632', price=193.38, options={'color': 'green', 'size': 'small', 'material': 'polyester', 'compartment': 'camera'}), OrderItem(name='Bookshelf', product_id='8600330539', item_id='3778705663', price=473.48, options={'material': 'metal', 'color': 'black', 'height': '6 ft'}), OrderItem(name='Hiking Boots', product_id='7363354090', item_id='8118291112', price=260.56, options={'size': '12', 'material': 'leather', 'waterproof': 'no'}), OrderItem(name='Coffee Maker', product_id='7996920482', item_id='3020722515', price=238.64, options={'color': 'black', 'capacity': '1 cup', 'type': 'french press', 'features': 'auto shutoff'})] status='return requested' fulfillments=[OrderFullfilment(tracking_id=['418708581751'], item_ids=['5753502325', '9851293632', '3778705663', '8118291112', '3020722515'])] payment_history=[OrderPayment(transaction_type='payment', amount=1262.41, payment_method_id='paypal_3024827')] cancel_reason=None exchange_items=None exchange_new_items=None exchange_payment_method_id=None exchange_price_difference=None return_items=['5753502325', '9851293632'] return_payment_method_id='paypal_3024827'
2026-07-21 15:20:59.623 | DEBUG    | tau2.orchestrator.orchestrator:step:833 - Step 23. Sending message from Role.ENV to Role.AGENT
2026-07-21 15:20:59.623 | DEBUG    | tau2.orchestrator.orchestrator:step:836 - Step 23.
From role: Role.ENV
To role: Role.AGENT
Message: ToolMessage (responding to assistant)
timestamp: 2026-07-21T15:20:59.623793
content: {"order_id": "#W7181492", "user_id": "isabella_johansson_2152", "address": {"address1": "313 Chestnut Street", "address2": "Suite 537", "city": "Jacksonville", "country": "USA", "state": "FL", "zip": "32286"}, "items": [{"name": "Garden Hose", "product_id": "6679515468", "item_id": "5753502325", "price": 96.35, "options": {"length": "25ft", "material": "rubber", "color": "green"}}, {"name": "Backpack", "product_id": "2524789262", "item_id": "9851293632", "price": 193.38, "options": {"color": "green", "size": "small", "material": "polyester", "compartment": "camera"}}, {"name": "Bookshelf", "product_id": "8600330539", "item_id": "3778705663", "price": 473.48, "options": {"material": "metal", "color": "black", "height": "6 ft"}}, {"name": "Hiking Boots", "product_id": "7363354090", "item_id": "8118291112", "price": 260.56, "options": {"size": "12", "material": "leather", "waterproof": "no"}}, {"name": "Coffee Maker", "product_id": "7996920482", "item_id": "3020722515", "price": 238.64, "options": {"color": "black", "capacity": "1 cup", "type": "french press", "features": "auto shutoff"}}], "status": "return requested", "fulfillments": [{"tracking_id": ["418708581751"], "item_ids": ["5753502325", "9851293632", "3778705663", "8118291112", "3020722515"]}], "payment_history": [{"transaction_type": "payment", "amount": 1262.41, "payment_method_id": "paypal_3024827"}], "cancel_reason": null, "exchange_items": null, "exchange_new_items": null, "exchange_payment_method_id": null, "exchange_price_difference": null, "return_items": ["5753502325", "9851293632"], "return_payment_method_id": "paypal_3024827"}
2026-07-21 15:21:00.951 | DEBUG    | tau2.orchestrator.orchestrator:step:833 - Step 24. Sending message from Role.AGENT to Role.USER
2026-07-21 15:21:00.951 | DEBUG    | tau2.orchestrator.orchestrator:step:836 - Step 24.
From role: Role.AGENT
To role: Role.USER
Message: AssistantMessage
content: The return for the garden hose and backpack has been processed! The order status is now "return requested" and you'll receive an email with return instructions. The refund of $96.35 + $193.38 = $289.73 will go to your PayPal within 5-7 business days.

Now for **Return 3: Mechanical Keyboard from #W5565470**
- Mechanical Keyboard (item #9570044148) - $231.37
- Refund to: PayPal (paypal_3024827)

Could you please confirm you'd like to proceed with this return?
is_final_chunk: True
2026-07-21 15:21:00.951 | DEBUG    | tau2.user.user_simulator:_generate_next_message:222 - User responds to message: AssistantMessage
content: The return for the garden hose and backpack has been processed! The order status is now "return requested" and you'll receive an email with return instructions. The refund of $96.35 + $193.38 = $289.73 will go to your PayPal within 5-7 business days.

Now for **Return 3: Mechanical Keyboard from #W5565470**
- Mechanical Keyboard (item #9570044148) - $231.37
- Refund to: PayPal (paypal_3024827)

Could you please confirm you'd like to proceed with this return?
is_final_chunk: True
2026-07-21 15:21:01.638 | DEBUG    | tau2.user.user_simulator:_generate_next_message:244 - Response: Yes, please proceed with the keyboard return from #W5565470.
2026-07-21 15:21:01.639 | DEBUG    | tau2.orchestrator.orchestrator:step:833 - Step 25. Sending message from Role.USER to Role.AGENT
2026-07-21 15:21:01.639 | DEBUG    | tau2.orchestrator.orchestrator:step:836 - Step 25.
From role: Role.USER
To role: Role.AGENT
Message: UserMessage
content: Yes, please proceed with the keyboard return from #W5565470.
is_final_chunk: True
2026-07-21 15:21:02.593 | DEBUG    | tau2.orchestrator.orchestrator:step:833 - Step 26. Sending message from Role.AGENT to Role.ENV
2026-07-21 15:21:02.593 | DEBUG    | tau2.orchestrator.orchestrator:step:836 - Step 26.
From role: Role.AGENT
To role: Role.ENV
Message: AssistantMessage
ToolCalls:
ToolCall (from assistant)
id: call_00_mDeoPUGMB9JIVrhUWtgu1497
name: return_delivered_order_items
arguments:
{
  "order_id": "#W5565470",
  "item_ids": [
    "9570044148"
  ],
  "payment_method_id": "paypal_3024827"
}
is_final_chunk: True
2026-07-21 15:21:02.594 | DEBUG    | tau2.environment.environment:get_response:454 - Response: order_id='#W5565470' user_id='isabella_johansson_2152' address=UserAddress(address1='812 Cedar Avenue', address2='Suite 500', city='Houston', country='USA', state='TX', zip='77129') items=[OrderItem(name='Electric Kettle', product_id='1075968781', item_id='7602931732', price=153.25, options={'capacity': '1L', 'material': 'stainless steel', 'color': 'black'}), OrderItem(name='Mechanical Keyboard', product_id='1656367028', item_id='9570044148', price=231.37, options={'switch type': 'linear', 'backlight': 'none', 'size': 'full size'}), OrderItem(name='Pet Bed', product_id='2747247837', item_id='6857426243', price=196.53, options={'size': 'medium', 'material': 'fleece', 'color': 'grey'})] status='return requested' fulfillments=[OrderFullfilment(tracking_id=['907614527588'], item_ids=['7602931732', '9570044148', '6857426243'])] payment_history=[OrderPayment(transaction_type='payment', amount=581.15, payment_method_id='paypal_3024827')] cancel_reason=None exchange_items=None exchange_new_items=None exchange_payment_method_id=None exchange_price_difference=None return_items=['9570044148'] return_payment_method_id='paypal_3024827'
2026-07-21 15:21:02.594 | DEBUG    | tau2.orchestrator.orchestrator:step:833 - Step 27. Sending message from Role.ENV to Role.AGENT
2026-07-21 15:21:02.594 | DEBUG    | tau2.orchestrator.orchestrator:step:836 - Step 27.
From role: Role.ENV
To role: Role.AGENT
Message: ToolMessage (responding to assistant)
timestamp: 2026-07-21T15:21:02.594503
content: {"order_id": "#W5565470", "user_id": "isabella_johansson_2152", "address": {"address1": "812 Cedar Avenue", "address2": "Suite 500", "city": "Houston", "country": "USA", "state": "TX", "zip": "77129"}, "items": [{"name": "Electric Kettle", "product_id": "1075968781", "item_id": "7602931732", "price": 153.25, "options": {"capacity": "1L", "material": "stainless steel", "color": "black"}}, {"name": "Mechanical Keyboard", "product_id": "1656367028", "item_id": "9570044148", "price": 231.37, "options": {"switch type": "linear", "backlight": "none", "size": "full size"}}, {"name": "Pet Bed", "product_id": "2747247837", "item_id": "6857426243", "price": 196.53, "options": {"size": "medium", "material": "fleece", "color": "grey"}}], "status": "return requested", "fulfillments": [{"tracking_id": ["907614527588"], "item_ids": ["7602931732", "9570044148", "6857426243"]}], "payment_history": [{"transaction_type": "payment", "amount": 581.15, "payment_method_id": "paypal_3024827"}], "cancel_reason": null, "exchange_items": null, "exchange_new_items": null, "exchange_payment_method_id": null, "exchange_price_difference": null, "return_items": ["9570044148"], "return_payment_method_id": "paypal_3024827"}
2026-07-21 15:21:04.178 | DEBUG    | tau2.orchestrator.orchestrator:step:833 - Step 28. Sending message from Role.AGENT to Role.ENV
2026-07-21 15:21:04.178 | DEBUG    | tau2.orchestrator.orchestrator:step:836 - Step 28.
From role: Role.AGENT
To role: Role.ENV
Message: AssistantMessage
content: The keyboard return has been processed! The order status is now "return requested" and you'll receive an email with return instructions. The refund of $231.37 will go to your PayPal within 5-7 business days.

Now, let me transfer you to a human agent regarding the bed issue.
ToolCalls:
ToolCall (from assistant)
id: call_00_u0HAwBMEIof4W9fJ3MNb6051
name: transfer_to_human_agents
arguments:
{
  "summary": "Customer Isabella Johansson (user_id: isabella_johansson_2152) wants to return a bed, but no bed item was found in any of her orders. She needs a human agent to assist with starting a return for the bed."
}
is_final_chunk: True
2026-07-21 15:21:04.178 | DEBUG    | tau2.environment.environment:get_response:454 - Response: Transfer successful
2026-07-21 15:21:04.179 | DEBUG    | tau2.orchestrator.orchestrator:step:833 - Step 29. Sending message from Role.ENV to Role.AGENT
2026-07-21 15:21:04.179 | DEBUG    | tau2.orchestrator.orchestrator:step:836 - Step 29.
From role: Role.ENV
To role: Role.AGENT
Message: ToolMessage (responding to assistant)
timestamp: 2026-07-21T15:21:04.179530
content: Transfer successful
2026-07-21 15:21:05.723 | DEBUG    | tau2.orchestrator.orchestrator:step:833 - Step 30. Sending message from Role.AGENT to Role.USER
2026-07-21 15:21:05.724 | DEBUG    | tau2.orchestrator.orchestrator:step:836 - Step 30.
From role: Role.AGENT
To role: Role.USER
Message: AssistantMessage
content: Here's a full summary of everything we've done today:

**✅ Returns processed:**
1. **Skateboard** from #W3792453 → Return requested, $200.80 refund to PayPal
2. **Garden Hose & Backpack** from #W7181492 → Return requested, $289.73 refund to PayPal
3. **Mechanical Keyboard** from #W5565470 → Return requested, $231.37 refund to PayPal

**ℹ️ Pending order #W2575533** → Left as is.

**🔄 Bed issue** → Transferring to a human agent now.

YOU ARE BEING TRANSFERRED TO A HUMAN AGENT. PLEASE HOLD ON.
is_final_chunk: True
2026-07-21 15:21:05.724 | DEBUG    | tau2.user.user_simulator:_generate_next_message:222 - User responds to message: AssistantMessage
content: Here's a full summary of everything we've done today:

**✅ Returns processed:**
1. **Skateboard** from #W3792453 → Return requested, $200.80 refund to PayPal
2. **Garden Hose & Backpack** from #W7181492 → Return requested, $289.73 refund to PayPal
3. **Mechanical Keyboard** from #W5565470 → Return requested, $231.37 refund to PayPal

**ℹ️ Pending order #W2575533** → Left as is.

**🔄 Bed issue** → Transferring to a human agent now.

YOU ARE BEING TRANSFERRED TO A HUMAN AGENT. PLEASE HOLD ON.
is_final_chunk: True
2026-07-21 15:21:06.279 | DEBUG    | tau2.user.user_simulator:_generate_next_message:244 - Response: ###TRANSFER###
2026-07-21 15:21:06.378 | DEBUG    | tau2.environment.environment:get_response:454 - Response: order_id='#W3792453' user_id='isabella_johansson_2152' address=UserAddress(address1='313 Chestnut Street', address2='Suite 537', city='Jacksonville', country='USA', state='FL', zip='32286') items=[OrderItem(name='Skateboard', product_id='1968349452', item_id='4293355847', price=200.8, options={'deck material': 'bamboo', 'length': '31 inch', 'design': 'plain'})] status='return requested' fulfillments=[OrderFullfilment(tracking_id=['908856694334'], item_ids=['4293355847'])] payment_history=[OrderPayment(transaction_type='payment', amount=200.8, payment_method_id='paypal_3024827')] cancel_reason=None exchange_items=None exchange_new_items=None exchange_payment_method_id=None exchange_price_difference=None return_items=['4293355847'] return_payment_method_id='paypal_3024827'
2026-07-21 15:21:06.379 | DEBUG    | tau2.environment.environment:get_response:454 - Response: order_id='#W7181492' user_id='isabella_johansson_2152' address=UserAddress(address1='313 Chestnut Street', address2='Suite 537', city='Jacksonville', country='USA', state='FL', zip='32286') items=[OrderItem(name='Garden Hose', product_id='6679515468', item_id='5753502325', price=96.35, options={'length': '25ft', 'material': 'rubber', 'color': 'green'}), OrderItem(name='Backpack', product_id='2524789262', item_id='9851293632', price=193.38, options={'color': 'green', 'size': 'small', 'material': 'polyester', 'compartment': 'camera'}), OrderItem(name='Bookshelf', product_id='8600330539', item_id='3778705663', price=473.48, options={'material': 'metal', 'color': 'black', 'height': '6 ft'}), OrderItem(name='Hiking Boots', product_id='7363354090', item_id='8118291112', price=260.56, options={'size': '12', 'material': 'leather', 'waterproof': 'no'}), OrderItem(name='Coffee Maker', product_id='7996920482', item_id='3020722515', price=238.64, options={'color': 'black', 'capacity': '1 cup', 'type': 'french press', 'features': 'auto shutoff'})] status='return requested' fulfillments=[OrderFullfilment(tracking_id=['418708581751'], item_ids=['5753502325', '9851293632', '3778705663', '8118291112', '3020722515'])] payment_history=[OrderPayment(transaction_type='payment', amount=1262.41, payment_method_id='paypal_3024827')] cancel_reason=None exchange_items=None exchange_new_items=None exchange_payment_method_id=None exchange_price_difference=None return_items=['5753502325', '9851293632'] return_payment_method_id='paypal_3024827'
2026-07-21 15:21:06.379 | DEBUG    | tau2.environment.environment:get_response:454 - Response: order_id='#W5565470' user_id='isabella_johansson_2152' address=UserAddress(address1='812 Cedar Avenue', address2='Suite 500', city='Houston', country='USA', state='TX', zip='77129') items=[OrderItem(name='Electric Kettle', product_id='1075968781', item_id='7602931732', price=153.25, options={'capacity': '1L', 'material': 'stainless steel', 'color': 'black'}), OrderItem(name='Mechanical Keyboard', product_id='1656367028', item_id='9570044148', price=231.37, options={'switch type': 'linear', 'backlight': 'none', 'size': 'full size'}), OrderItem(name='Pet Bed', product_id='2747247837', item_id='6857426243', price=196.53, options={'size': 'medium', 'material': 'fleece', 'color': 'grey'})] status='return requested' fulfillments=[OrderFullfilment(tracking_id=['907614527588'], item_ids=['7602931732', '9570044148', '6857426243'])] payment_history=[OrderPayment(transaction_type='payment', amount=581.15, payment_method_id='paypal_3024827')] cancel_reason=None exchange_items=None exchange_new_items=None exchange_payment_method_id=None exchange_price_difference=None return_items=['9570044148'] return_payment_method_id='paypal_3024827'
2026-07-21 15:21:08.368 | INFO     | tau2.runner.simulation:run_simulation:87 - Simulation complete: domain=retail, task=28, reward=0.0
2026-07-21 15:21:08.369 | INFO     | tau2.runner.batch:run_single_task:442 - FINISHED SIMULATION: Domain: retail, Task: 28, Reward: 0.0
