2026-07-22 11:40:26.491 | DEBUG    | tau2.runner.batch:__enter__:301 - Task log file: D:\PolicyAgent-PostTrain\experiments\20260722_110504_retail_baseline20_trial1_deepseek\task_19\tau2_artifacts\artifacts\task_19\sim_42a579bb-fd49-4103-b461-daec606337dc\task.log
2026-07-22 11:40:26.535 | INFO     | tau2.orchestrator.orchestrator:_validate_mode_compatibility:477 - Orchestrator initialized in HALF_DUPLEX mode (turn-based) with agent=LLMAgent, user=UserSimulator
2026-07-22 11:40:26.536 | DEBUG    | tau2.runner.build:build_text_orchestrator:400 - Built text orchestrator: domain=retail, agent=llm_agent, user=user_simulator, task=19
2026-07-22 11:40:26.536 | DEBUG    | tau2.orchestrator.orchestrator:step:833 - Step 0. Sending message from Role.AGENT to Role.USER
2026-07-22 11:40:26.536 | DEBUG    | tau2.orchestrator.orchestrator:step:836 - Step 0.
From role: Role.AGENT
To role: Role.USER
Message: AssistantMessage
content: Hi! How can I help you today?
is_final_chunk: True
2026-07-22 11:40:26.536 | DEBUG    | tau2.user.user_simulator:_generate_next_message:222 - User responds to message: AssistantMessage
content: Hi! How can I help you today?
is_final_chunk: True
2026-07-22 11:40:27.581 | DEBUG    | tau2.user.user_simulator:_generate_next_message:244 - Response: Hi. I need to return a water bottle, and also exchange my pet bed and office chair for the cheapest versions. Can I do both? If not, I want whichever saves me more money. How much would I save with each option?
2026-07-22 11:40:27.581 | DEBUG    | tau2.orchestrator.orchestrator:step:833 - Step 1. Sending message from Role.USER to Role.AGENT
2026-07-22 11:40:27.582 | DEBUG    | tau2.orchestrator.orchestrator:step:836 - Step 1.
From role: Role.USER
To role: Role.AGENT
Message: UserMessage
content: Hi. I need to return a water bottle, and also exchange my pet bed and office chair for the cheapest versions. Can I do both? If not, I want whichever saves me more money. How much would I save with each option?
is_final_chunk: True
2026-07-22 11:40:28.509 | DEBUG    | tau2.orchestrator.orchestrator:step:833 - Step 2. Sending message from Role.AGENT to Role.USER
2026-07-22 11:40:28.509 | DEBUG    | tau2.orchestrator.orchestrator:step:836 - Step 2.
From role: Role.AGENT
To role: Role.USER
Message: AssistantMessage
content: I'd be happy to help you with returns and exchanges! First, I need to authenticate your identity. Could you please provide me with your email address, or your name and zip code so I can look you up?
is_final_chunk: True
2026-07-22 11:40:28.509 | DEBUG    | tau2.user.user_simulator:_generate_next_message:222 - User responds to message: AssistantMessage
content: I'd be happy to help you with returns and exchanges! First, I need to authenticate your identity. Could you please provide me with your email address, or your name and zip code so I can look you up?
is_final_chunk: True
2026-07-22 11:40:29.520 | DEBUG    | tau2.user.user_simulator:_generate_next_message:244 - Response: I’m Mei Davis, zip code 80217. I don’t remember my email.
2026-07-22 11:40:29.520 | DEBUG    | tau2.orchestrator.orchestrator:step:833 - Step 3. Sending message from Role.USER to Role.AGENT
2026-07-22 11:40:29.520 | DEBUG    | tau2.orchestrator.orchestrator:step:836 - Step 3.
From role: Role.USER
To role: Role.AGENT
Message: UserMessage
content: I’m Mei Davis, zip code 80217. I don’t remember my email.
is_final_chunk: True
2026-07-22 11:40:30.579 | DEBUG    | tau2.orchestrator.orchestrator:step:833 - Step 4. Sending message from Role.AGENT to Role.ENV
2026-07-22 11:40:30.579 | DEBUG    | tau2.orchestrator.orchestrator:step:836 - Step 4.
From role: Role.AGENT
To role: Role.ENV
Message: AssistantMessage
content: Let me look you up using your name and zip code.
ToolCalls:
ToolCall (from assistant)
id: call_00_y8k5NRQ2XD1H97NgUo9B2559
name: find_user_id_by_name_zip
arguments:
{
  "first_name": "Mei",
  "last_name": "Davis",
  "zip": "80217"
}
is_final_chunk: True
2026-07-22 11:40:30.580 | DEBUG    | tau2.environment.environment:get_response:454 - Response: mei_davis_8935
2026-07-22 11:40:30.580 | DEBUG    | tau2.orchestrator.orchestrator:step:833 - Step 5. Sending message from Role.ENV to Role.AGENT
2026-07-22 11:40:30.580 | DEBUG    | tau2.orchestrator.orchestrator:step:836 - Step 5.
From role: Role.ENV
To role: Role.AGENT
Message: ToolMessage (responding to assistant)
timestamp: 2026-07-22T11:40:30.580297
content: mei_davis_8935
2026-07-22 11:40:31.560 | DEBUG    | tau2.orchestrator.orchestrator:step:833 - Step 6. Sending message from Role.AGENT to Role.ENV
2026-07-22 11:40:31.561 | DEBUG    | tau2.orchestrator.orchestrator:step:836 - Step 6.
From role: Role.AGENT
To role: Role.ENV
Message: AssistantMessage
content: Great, I found you! Let me get your details and see what orders you have.
ToolCalls:
ToolCall (from assistant)
id: call_00_wOnaHu0WO9zEOygHyIxC3900
name: get_user_details
arguments:
{
  "user_id": "mei_davis_8935"
}
is_final_chunk: True
2026-07-22 11:40:31.561 | DEBUG    | tau2.environment.environment:get_response:454 - Response: user_id='mei_davis_8935' name=UserName(first_name='Mei', last_name='Davis') address=UserAddress(address1='698 Maple Drive', address2='Suite 465', city='Denver', country='USA', state='CO', zip='80217') email='mei.davis6811@example.com' payment_methods={'credit_card_1061405': CreditCard(source='credit_card', id='credit_card_1061405', brand='mastercard', last_four='1037')} orders=['#W2890441', '#W1267569']
2026-07-22 11:40:31.562 | DEBUG    | tau2.orchestrator.orchestrator:step:833 - Step 7. Sending message from Role.ENV to Role.AGENT
2026-07-22 11:40:31.562 | DEBUG    | tau2.orchestrator.orchestrator:step:836 - Step 7.
From role: Role.ENV
To role: Role.AGENT
Message: ToolMessage (responding to assistant)
timestamp: 2026-07-22T11:40:31.561039
content: {"user_id": "mei_davis_8935", "name": {"first_name": "Mei", "last_name": "Davis"}, "address": {"address1": "698 Maple Drive", "address2": "Suite 465", "city": "Denver", "country": "USA", "state": "CO", "zip": "80217"}, "email": "mei.davis6811@example.com", "payment_methods": {"credit_card_1061405": {"source": "credit_card", "id": "credit_card_1061405", "brand": "mastercard", "last_four": "1037"}}, "orders": ["#W2890441", "#W1267569"]}
2026-07-22 11:40:32.772 | DEBUG    | tau2.orchestrator.orchestrator:step:833 - Step 8. Sending message from Role.AGENT to Role.ENV
2026-07-22 11:40:32.772 | DEBUG    | tau2.orchestrator.orchestrator:step:836 - Step 8.
From role: Role.AGENT
To role: Role.ENV
Message: AssistantMessage
content: Let me look up your orders to find the water bottle, pet bed, and office chair.
ToolCalls:
ToolCall (from assistant)
id: call_00_NxaQo61MXyk8Lo1tVctF6394
name: get_order_details
arguments:
{
  "order_id": "#W2890441"
}
ToolCall (from assistant)
id: call_01_vdlkv83FlUQSULdznvqE5366
name: get_order_details
arguments:
{
  "order_id": "#W1267569"
}
is_final_chunk: True
2026-07-22 11:40:32.772 | DEBUG    | tau2.environment.environment:get_response:454 - Response: order_id='#W2890441' user_id='mei_davis_8935' address=UserAddress(address1='698 Maple Drive', address2='Suite 465', city='Denver', country='USA', state='CO', zip='80217') items=[OrderItem(name='Water Bottle', product_id='8310926033', item_id='2366567022', price=54.04, options={'capacity': '1000ml', 'material': 'stainless steel', 'color': 'blue'}), OrderItem(name='Pet Bed', product_id='2747247837', item_id='2751999929', price=195.11, options={'size': 'large', 'material': 'memory foam', 'color': 'grey'}), OrderItem(name='Office Chair', product_id='4794339885', item_id='8069050545', price=499.28, options={'material': 'leather', 'color': 'blue', 'armrest': 'none', 'backrest height': 'high-back'}), OrderItem(name='Skateboard', product_id='1968349452', item_id='3877188862', price=182.03, options={'deck material': 'plastic', 'length': '31 inch', 'design': 'plain'})] status='delivered' fulfillments=[OrderFullfilment(tracking_id=['642796688644'], item_ids=['2366567022', '2751999929', '8069050545', '3877188862'])] payment_history=[OrderPayment(transaction_type='payment', amount=930.46, payment_method_id='credit_card_1061405')] cancel_reason=None exchange_items=None exchange_new_items=None exchange_payment_method_id=None exchange_price_difference=None return_items=None return_payment_method_id=None
2026-07-22 11:40:32.772 | DEBUG    | tau2.environment.environment:get_response:454 - Response: order_id='#W1267569' user_id='mei_davis_8935' address=UserAddress(address1='698 Maple Drive', address2='Suite 465', city='Denver', country='USA', state='CO', zip='80217') items=[OrderItem(name='Gaming Mouse', product_id='5713490933', item_id='7420906769', price=138.47, options={'color': 'white', 'sensor type': 'laser', 'connectivity': 'wireless'}), OrderItem(name='Headphones', product_id='6992792935', item_id='7493556126', price=346.97, options={'type': 'over-ear', 'connectivity': 'wireless', 'color': 'black'}), OrderItem(name='Air Purifier', product_id='3821016478', item_id='1327854740', price=492.65, options={'room size': 'medium', 'filter type': 'HEPA', 'features': 'night mode'}), OrderItem(name='Smart Thermostat', product_id='4896585277', item_id='6243148452', price=247.0, options={'compatibility': 'Amazon Alexa', 'color': 'stainless steel'}), OrderItem(name='Wireless Earbuds', product_id='9924732112', item_id='5565631513', price=267.9, options={'color': 'black', 'battery life': '6 hours', 'water resistance': 'IPX7'})] status='pending' fulfillments=[] payment_history=[OrderPayment(transaction_type='payment', amount=1492.99, payment_method_id='credit_card_1061405')] cancel_reason=None exchange_items=None exchange_new_items=None exchange_payment_method_id=None exchange_price_difference=None return_items=None return_payment_method_id=None
2026-07-22 11:40:32.773 | DEBUG    | tau2.orchestrator.orchestrator:step:833 - Step 9. Sending message from Role.ENV to Role.AGENT
2026-07-22 11:40:32.774 | DEBUG    | tau2.orchestrator.orchestrator:step:836 - Step 9.
From role: Role.ENV
To role: Role.AGENT
Message: role='tool' tool_messages=[ToolMessage(id='call_00_NxaQo61MXyk8Lo1tVctF6394', role='tool', content='{"order_id": "#W2890441", "user_id": "mei_davis_8935", "address": {"address1": "698 Maple Drive", "address2": "Suite 465", "city": "Denver", "country": "USA", "state": "CO", "zip": "80217"}, "items": [{"name": "Water Bottle", "product_id": "8310926033", "item_id": "2366567022", "price": 54.04, "options": {"capacity": "1000ml", "material": "stainless steel", "color": "blue"}}, {"name": "Pet Bed", "product_id": "2747247837", "item_id": "2751999929", "price": 195.11, "options": {"size": "large", "material": "memory foam", "color": "grey"}}, {"name": "Office Chair", "product_id": "4794339885", "item_id": "8069050545", "price": 499.28, "options": {"material": "leather", "color": "blue", "armrest": "none", "backrest height": "high-back"}}, {"name": "Skateboard", "product_id": "1968349452", "item_id": "3877188862", "price": 182.03, "options": {"deck material": "plastic", "length": "31 inch", "design": "plain"}}], "status": "delivered", "fulfillments": [{"tracking_id": ["642796688644"], "item_ids": ["2366567022", "2751999929", "8069050545", "3877188862"]}], "payment_history": [{"transaction_type": "payment", "amount": 930.46, "payment_method_id": "credit_card_1061405"}], "cancel_reason": null, "exchange_items": null, "exchange_new_items": null, "exchange_payment_method_id": null, "exchange_price_difference": null, "return_items": null, "return_payment_method_id": null}', requestor='assistant', error=False, turn_idx=None, timestamp='2026-07-22T11:40:32.772622'), ToolMessage(id='call_01_vdlkv83FlUQSULdznvqE5366', role='tool', content='{"order_id": "#W1267569", "user_id": "mei_davis_8935", "address": {"address1": "698 Maple Drive", "address2": "Suite 465", "city": "Denver", "country": "USA", "state": "CO", "zip": "80217"}, "items": [{"name": "Gaming Mouse", "product_id": "5713490933", "item_id": "7420906769", "price": 138.47, "options": {"color": "white", "sensor type": "laser", "connectivity": "wireless"}}, {"name": "Headphones", "product_id": "6992792935", "item_id": "7493556126", "price": 346.97, "options": {"type": "over-ear", "connectivity": "wireless", "color": "black"}}, {"name": "Air Purifier", "product_id": "3821016478", "item_id": "1327854740", "price": 492.65, "options": {"room size": "medium", "filter type": "HEPA", "features": "night mode"}}, {"name": "Smart Thermostat", "product_id": "4896585277", "item_id": "6243148452", "price": 247.0, "options": {"compatibility": "Amazon Alexa", "color": "stainless steel"}}, {"name": "Wireless Earbuds", "product_id": "9924732112", "item_id": "5565631513", "price": 267.9, "options": {"color": "black", "battery life": "6 hours", "water resistance": "IPX7"}}], "status": "pending", "fulfillments": [], "payment_history": [{"transaction_type": "payment", "amount": 1492.99, "payment_method_id": "credit_card_1061405"}], "cancel_reason": null, "exchange_items": null, "exchange_new_items": null, "exchange_payment_method_id": null, "exchange_price_difference": null, "return_items": null, "return_payment_method_id": null}', requestor='assistant', error=False, turn_idx=None, timestamp='2026-07-22T11:40:32.773625')]
2026-07-22 11:40:34.826 | DEBUG    | tau2.orchestrator.orchestrator:step:833 - Step 10. Sending message from Role.AGENT to Role.ENV
2026-07-22 11:40:34.827 | DEBUG    | tau2.orchestrator.orchestrator:step:836 - Step 10.
From role: Role.AGENT
To role: Role.ENV
Message: AssistantMessage
content: Great, I can see your orders! Let me clarify the situation:

**Order #W2890441** (status: **delivered**) contains:
- Water Bottle ($54.04)
- Pet Bed ($195.11)
- Office Chair ($499.28)
- Skateboard ($182.03)

Since this order is **delivered**, we can handle returns and exchanges on it.

Now, let me look up the product details to find the cheapest versions of the pet bed and office chair.
ToolCalls:
ToolCall (from assistant)
id: call_00_jfjSR5efU06mltOQtapR9544
name: get_product_details
arguments:
{
  "product_id": "2747247837"
}
ToolCall (from assistant)
id: call_01_ZNz0LSIZK6JCHHVvET4W6133
name: get_product_details
arguments:
{
  "product_id": "4794339885"
}
is_final_chunk: True
2026-07-22 11:40:34.827 | DEBUG    | tau2.environment.environment:get_response:454 - Response: name='Pet Bed' product_id='2747247837' variants={'3360679910': Variant(item_id='3360679910', options={'size': 'medium', 'material': 'memory foam', 'color': 'beige'}, available=True, price=195.26), '4537595158': Variant(item_id='4537595158', options={'size': 'small', 'material': 'fleece', 'color': 'brown'}, available=False, price=193.79), '6499892866': Variant(item_id='6499892866', options={'size': 'medium', 'material': 'polyester', 'color': 'beige'}, available=True, price=191.21), '4982943126': Variant(item_id='4982943126', options={'size': 'small', 'material': 'fleece', 'color': 'beige'}, available=False, price=214.33), '2751999929': Variant(item_id='2751999929', options={'size': 'large', 'material': 'memory foam', 'color': 'grey'}, available=True, price=195.11), '7729002517': Variant(item_id='7729002517', options={'size': 'large', 'material': 'polyester', 'color': 'brown'}, available=True, price=193.0), '8056198669': Variant(item_id='8056198669', options={'size': 'small', 'material': 'polyester', 'color': 'brown'}, available=True, price=208.32), '5067898160': Variant(item_id='5067898160', options={'size': 'medium', 'material': 'memory foam', 'color': 'brown'}, available=False, price=209.95), '6857426243': Variant(item_id='6857426243', options={'size': 'medium', 'material': 'fleece', 'color': 'grey'}, available=True, price=196.53), '2405281423': Variant(item_id='2405281423', options={'size': 'medium', 'material': 'polyester', 'color': 'grey'}, available=True, price=204.09), '7917269097': Variant(item_id='7917269097', options={'size': 'large', 'material': 'polyester', 'color': 'grey'}, available=True, price=184.25), '6942241102': Variant(item_id='6942241102', options={'size': 'large', 'material': 'memory foam', 'color': 'beige'}, available=True, price=180.93), '8941974610': Variant(item_id='8941974610', options={'size': 'large', 'material': 'fleece', 'color': 'beige'}, available=False, price=200.66), '7381052709': Variant(item_id='7381052709', options={'size': 'large', 'material': 'memory foam', 'color': 'brown'}, available=True, price=193.22), '5109407456': Variant(item_id='5109407456', options={'size': 'small', 'material': 'fleece', 'color': 'grey'}, available=True, price=182.48)}
2026-07-22 11:40:34.827 | DEBUG    | tau2.environment.environment:get_response:454 - Response: name='Office Chair' product_id='4794339885' variants={'1793929609': Variant(item_id='1793929609', options={'material': 'fabric', 'color': 'black', 'armrest': 'none', 'backrest height': 'high-back'}, available=True, price=514.34), '4274709903': Variant(item_id='4274709903', options={'material': 'mesh', 'color': 'red', 'armrest': 'none', 'backrest height': 'standard'}, available=True, price=544.29), '8426249116': Variant(item_id='8426249116', options={'material': 'fabric', 'color': 'black', 'armrest': 'fixed', 'backrest height': 'standard'}, available=True, price=488.81), '1071497737': Variant(item_id='1071497737', options={'material': 'leather', 'color': 'gray', 'armrest': 'fixed', 'backrest height': 'high-back'}, available=True, price=483.95), '4168944673': Variant(item_id='4168944673', options={'material': 'leather', 'color': 'blue', 'armrest': 'none', 'backrest height': 'standard'}, available=True, price=471.82), '3704016729': Variant(item_id='3704016729', options={'material': 'mesh', 'color': 'blue', 'armrest': 'fixed', 'backrest height': 'standard'}, available=True, price=487.67), '8069050545': Variant(item_id='8069050545', options={'material': 'leather', 'color': 'blue', 'armrest': 'none', 'backrest height': 'high-back'}, available=True, price=499.28), '8323284863': Variant(item_id='8323284863', options={'material': 'fabric', 'color': 'blue', 'armrest': 'adjustable', 'backrest height': 'standard'}, available=True, price=511.24), '3609437808': Variant(item_id='3609437808', options={'material': 'leather', 'color': 'red', 'armrest': 'none', 'backrest height': 'high-back'}, available=False, price=466.44), '4648362606': Variant(item_id='4648362606', options={'material': 'leather', 'color': 'black', 'armrest': 'adjustable', 'backrest height': 'high-back'}, available=True, price=503.76), '2386562819': Variant(item_id='2386562819', options={'material': 'mesh', 'color': 'gray', 'armrest': 'fixed', 'backrest height': 'high-back'}, available=True, price=508.21), '3915604618': Variant(item_id='3915604618', options={'material': 'leather', 'color': 'blue', 'armrest': 'fixed', 'backrest height': 'standard'}, available=True, price=487.6), '9459890810': Variant(item_id='9459890810', options={'material': 'fabric', 'color': 'gray', 'armrest': 'none', 'backrest height': 'high-back'}, available=True, price=510.1)}
2026-07-22 11:40:34.828 | DEBUG    | tau2.orchestrator.orchestrator:step:833 - Step 11. Sending message from Role.ENV to Role.AGENT
2026-07-22 11:40:34.828 | DEBUG    | tau2.orchestrator.orchestrator:step:836 - Step 11.
From role: Role.ENV
To role: Role.AGENT
Message: role='tool' tool_messages=[ToolMessage(id='call_00_jfjSR5efU06mltOQtapR9544', role='tool', content='{"name": "Pet Bed", "product_id": "2747247837", "variants": {"3360679910": {"item_id": "3360679910", "options": {"size": "medium", "material": "memory foam", "color": "beige"}, "available": true, "price": 195.26}, "4537595158": {"item_id": "4537595158", "options": {"size": "small", "material": "fleece", "color": "brown"}, "available": false, "price": 193.79}, "6499892866": {"item_id": "6499892866", "options": {"size": "medium", "material": "polyester", "color": "beige"}, "available": true, "price": 191.21}, "4982943126": {"item_id": "4982943126", "options": {"size": "small", "material": "fleece", "color": "beige"}, "available": false, "price": 214.33}, "2751999929": {"item_id": "2751999929", "options": {"size": "large", "material": "memory foam", "color": "grey"}, "available": true, "price": 195.11}, "7729002517": {"item_id": "7729002517", "options": {"size": "large", "material": "polyester", "color": "brown"}, "available": true, "price": 193.0}, "8056198669": {"item_id": "8056198669", "options": {"size": "small", "material": "polyester", "color": "brown"}, "available": true, "price": 208.32}, "5067898160": {"item_id": "5067898160", "options": {"size": "medium", "material": "memory foam", "color": "brown"}, "available": false, "price": 209.95}, "6857426243": {"item_id": "6857426243", "options": {"size": "medium", "material": "fleece", "color": "grey"}, "available": true, "price": 196.53}, "2405281423": {"item_id": "2405281423", "options": {"size": "medium", "material": "polyester", "color": "grey"}, "available": true, "price": 204.09}, "7917269097": {"item_id": "7917269097", "options": {"size": "large", "material": "polyester", "color": "grey"}, "available": true, "price": 184.25}, "6942241102": {"item_id": "6942241102", "options": {"size": "large", "material": "memory foam", "color": "beige"}, "available": true, "price": 180.93}, "8941974610": {"item_id": "8941974610", "options": {"size": "large", "material": "fleece", "color": "beige"}, "available": false, "price": 200.66}, "7381052709": {"item_id": "7381052709", "options": {"size": "large", "material": "memory foam", "color": "brown"}, "available": true, "price": 193.22}, "5109407456": {"item_id": "5109407456", "options": {"size": "small", "material": "fleece", "color": "grey"}, "available": true, "price": 182.48}}}', requestor='assistant', error=False, turn_idx=None, timestamp='2026-07-22T11:40:34.827435'), ToolMessage(id='call_01_ZNz0LSIZK6JCHHVvET4W6133', role='tool', content='{"name": "Office Chair", "product_id": "4794339885", "variants": {"1793929609": {"item_id": "1793929609", "options": {"material": "fabric", "color": "black", "armrest": "none", "backrest height": "high-back"}, "available": true, "price": 514.34}, "4274709903": {"item_id": "4274709903", "options": {"material": "mesh", "color": "red", "armrest": "none", "backrest height": "standard"}, "available": true, "price": 544.29}, "8426249116": {"item_id": "8426249116", "options": {"material": "fabric", "color": "black", "armrest": "fixed", "backrest height": "standard"}, "available": true, "price": 488.81}, "1071497737": {"item_id": "1071497737", "options": {"material": "leather", "color": "gray", "armrest": "fixed", "backrest height": "high-back"}, "available": true, "price": 483.95}, "4168944673": {"item_id": "4168944673", "options": {"material": "leather", "color": "blue", "armrest": "none", "backrest height": "standard"}, "available": true, "price": 471.82}, "3704016729": {"item_id": "3704016729", "options": {"material": "mesh", "color": "blue", "armrest": "fixed", "backrest height": "standard"}, "available": true, "price": 487.67}, "8069050545": {"item_id": "8069050545", "options": {"material": "leather", "color": "blue", "armrest": "none", "backrest height": "high-back"}, "available": true, "price": 499.28}, "8323284863": {"item_id": "8323284863", "options": {"material": "fabric", "color": "blue", "armrest": "adjustable", "backrest height": "standard"}, "available": true, "price": 511.24}, "3609437808": {"item_id": "3609437808", "options": {"material": "leather", "color": "red", "armrest": "none", "backrest height": "high-back"}, "available": false, "price": 466.44}, "4648362606": {"item_id": "4648362606", "options": {"material": "leather", "color": "black", "armrest": "adjustable", "backrest height": "high-back"}, "available": true, "price": 503.76}, "2386562819": {"item_id": "2386562819", "options": {"material": "mesh", "color": "gray", "armrest": "fixed", "backrest height": "high-back"}, "available": true, "price": 508.21}, "3915604618": {"item_id": "3915604618", "options": {"material": "leather", "color": "blue", "armrest": "fixed", "backrest height": "standard"}, "available": true, "price": 487.6}, "9459890810": {"item_id": "9459890810", "options": {"material": "fabric", "color": "gray", "armrest": "none", "backrest height": "high-back"}, "available": true, "price": 510.1}}}', requestor='assistant', error=False, turn_idx=None, timestamp='2026-07-22T11:40:34.828432')]
2026-07-22 11:40:36.005 | DEBUG    | tau2.orchestrator.orchestrator:step:833 - Step 12. Sending message from Role.AGENT to Role.ENV
2026-07-22 11:40:36.005 | DEBUG    | tau2.orchestrator.orchestrator:step:836 - Step 12.
From role: Role.AGENT
To role: Role.ENV
Message: AssistantMessage
content: Let me also check the water bottle product to see its variants.
ToolCalls:
ToolCall (from assistant)
id: call_00_StGiuqRHGLrpR61PVAC54087
name: get_product_details
arguments:
{
  "product_id": "8310926033"
}
is_final_chunk: True
2026-07-22 11:40:36.005 | DEBUG    | tau2.environment.environment:get_response:454 - Response: name='Water Bottle' product_id='8310926033' variants={'1434748144': Variant(item_id='1434748144', options={'capacity': '1000ml', 'material': 'glass', 'color': 'red'}, available=False, price=49.72), '4579334072': Variant(item_id='4579334072', options={'capacity': '750ml', 'material': 'glass', 'color': 'black'}, available=True, price=54.85), '6469567736': Variant(item_id='6469567736', options={'capacity': '1000ml', 'material': 'glass', 'color': 'blue'}, available=False, price=47.84), '3453331371': Variant(item_id='3453331371', options={'capacity': '500ml', 'material': 'stainless steel', 'color': 'black'}, available=True, price=52.79), '2439754078': Variant(item_id='2439754078', options={'capacity': '1000ml', 'material': 'stainless steel', 'color': 'red'}, available=True, price=49.51), '7843064651': Variant(item_id='7843064651', options={'capacity': '750ml', 'material': 'stainless steel', 'color': 'blue'}, available=True, price=50.14), '7918497119': Variant(item_id='7918497119', options={'capacity': '500ml', 'material': 'glass', 'color': 'blue'}, available=False, price=54.51), '5758737025': Variant(item_id='5758737025', options={'capacity': '500ml', 'material': 'glass', 'color': 'green'}, available=True, price=45.09), '7533802601': Variant(item_id='7533802601', options={'capacity': '500ml', 'material': 'stainless steel', 'color': 'green'}, available=True, price=48.59), '3229676465': Variant(item_id='3229676465', options={'capacity': '500ml', 'material': 'plastic', 'color': 'black'}, available=True, price=51.94), '2366567022': Variant(item_id='2366567022', options={'capacity': '1000ml', 'material': 'stainless steel', 'color': 'blue'}, available=False, price=54.04), '6974536207': Variant(item_id='6974536207', options={'capacity': '750ml', 'material': 'plastic', 'color': 'blue'}, available=True, price=49.3), '6777246137': Variant(item_id='6777246137', options={'capacity': '750ml', 'material': 'stainless steel', 'color': 'red'}, available=True, price=47.76), '8538875209': Variant(item_id='8538875209', options={'capacity': '500ml', 'material': 'glass', 'color': 'black'}, available=True, price=45.13), '9127591879': Variant(item_id='9127591879', options={'capacity': '750ml', 'material': 'stainless steel', 'color': 'black'}, available=False, price=48.47), '7661609223': Variant(item_id='7661609223', options={'capacity': '1000ml', 'material': 'stainless steel', 'color': 'black'}, available=True, price=46.51), '4947921075': Variant(item_id='4947921075', options={'capacity': '750ml', 'material': 'stainless steel', 'color': 'green'}, available=False, price=49.57), '7199146548': Variant(item_id='7199146548', options={'capacity': '750ml', 'material': 'plastic', 'color': 'black'}, available=True, price=48.02)}
2026-07-22 11:40:36.006 | DEBUG    | tau2.orchestrator.orchestrator:step:833 - Step 13. Sending message from Role.ENV to Role.AGENT
2026-07-22 11:40:36.006 | DEBUG    | tau2.orchestrator.orchestrator:step:836 - Step 13.
From role: Role.ENV
To role: Role.AGENT
Message: ToolMessage (responding to assistant)
timestamp: 2026-07-22T11:40:36.006669
content: {"name": "Water Bottle", "product_id": "8310926033", "variants": {"1434748144": {"item_id": "1434748144", "options": {"capacity": "1000ml", "material": "glass", "color": "red"}, "available": false, "price": 49.72}, "4579334072": {"item_id": "4579334072", "options": {"capacity": "750ml", "material": "glass", "color": "black"}, "available": true, "price": 54.85}, "6469567736": {"item_id": "6469567736", "options": {"capacity": "1000ml", "material": "glass", "color": "blue"}, "available": false, "price": 47.84}, "3453331371": {"item_id": "3453331371", "options": {"capacity": "500ml", "material": "stainless steel", "color": "black"}, "available": true, "price": 52.79}, "2439754078": {"item_id": "2439754078", "options": {"capacity": "1000ml", "material": "stainless steel", "color": "red"}, "available": true, "price": 49.51}, "7843064651": {"item_id": "7843064651", "options": {"capacity": "750ml", "material": "stainless steel", "color": "blue"}, "available": true, "price": 50.14}, "7918497119": {"item_id": "7918497119", "options": {"capacity": "500ml", "material": "glass", "color": "blue"}, "available": false, "price": 54.51}, "5758737025": {"item_id": "5758737025", "options": {"capacity": "500ml", "material": "glass", "color": "green"}, "available": true, "price": 45.09}, "7533802601": {"item_id": "7533802601", "options": {"capacity": "500ml", "material": "stainless steel", "color": "green"}, "available": true, "price": 48.59}, "3229676465": {"item_id": "3229676465", "options": {"capacity": "500ml", "material": "plastic", "color": "black"}, "available": true, "price": 51.94}, "2366567022": {"item_id": "2366567022", "options": {"capacity": "1000ml", "material": "stainless steel", "color": "blue"}, "available": false, "price": 54.04}, "6974536207": {"item_id": "6974536207", "options": {"capacity": "750ml", "material": "plastic", "color": "blue"}, "available": true, "price": 49.3}, "6777246137": {"item_id": "6777246137", "options": {"capacity": "750ml", "material": "stainless steel", "color": "red"}, "available": true, "price": 47.76}, "8538875209": {"item_id": "8538875209", "options": {"capacity": "500ml", "material": "glass", "color": "black"}, "available": true, "price": 45.13}, "9127591879": {"item_id": "9127591879", "options": {"capacity": "750ml", "material": "stainless steel", "color": "black"}, "available": false, "price": 48.47}, "7661609223": {"item_id": "7661609223", "options": {"capacity": "1000ml", "material": "stainless steel", "color": "black"}, "available": true, "price": 46.51}, "4947921075": {"item_id": "4947921075", "options": {"capacity": "750ml", "material": "stainless steel", "color": "green"}, "available": false, "price": 49.57}, "7199146548": {"item_id": "7199146548", "options": {"capacity": "750ml", "material": "plastic", "color": "black"}, "available": true, "price": 48.02}}}
2026-07-22 11:40:42.171 | DEBUG    | tau2.orchestrator.orchestrator:step:833 - Step 14. Sending message from Role.AGENT to Role.USER
2026-07-22 11:40:42.172 | DEBUG    | tau2.orchestrator.orchestrator:step:836 - Step 14.
From role: Role.AGENT
To role: Role.USER
Message: AssistantMessage
content: Alright, let me summarize what I've found. All items are in **Order #W2890441** which is **delivered**.

Here's the situation:

**1. Return the Water Bottle** - You want to return the water bottle (item #2366567022, $54.04). Since it's delivered, you can return it.

**2. Exchange Pet Bed** - Your current pet bed (item #2751999929, $195.11) - the cheapest available variant is item #6942241102 (large, memory foam, beige) at **$180.93** — saving **$14.18**.

**3. Exchange Office Chair** - Your current office chair (item #8069050545, $499.28) - the cheapest available variant is item #4168944673 (leather, blue, no armrest, standard back) at **$471.82** — saving **$27.46**.

Now, regarding your question: **Can you do both a return and an exchange?**

According to policy, for a **delivered** order, you can either **return** items or **exchange** items. These are separate actions. Let me think about this...

Actually, looking at the policy more carefully:
- **Return delivered order**: You can return items from a delivered order.
- **Exchange delivered order**: You can exchange items in a delivered order.

These are separate tools and can be used on the same order. However, the policy says "return or exchange can be only done once by the agent" for a delivered order. So you could potentially do a return for the water bottle and an exchange for the pet bed and office chair... but let me re-read.

Actually, the exchange tool says "For a delivered order, return or exchange can be only done once by the agent." This means you can only do one action (either a return OR an exchange) per order, not both.

So let me calculate the savings for each option:

**Option A: Return water bottle + Exchange pet bed & office chair**
- Return water bottle: refund $54.04
- Exchange pet bed: save $14.18 (from $195.11 to $180.93)
- Exchange office chair: save $27.46 (from $499.28 to $471.82)
- Total savings: $54.04 + $14.18 + $27.46 = **$95.68**

But wait - the policy says "return or exchange can be only done once by the agent" for a delivered order. So you can't do both a return AND an exchange on the same order.

**Option B: Just return the water bottle** → refund of **$54.04**

**Option C: Just exchange pet bed & office chair** → savings of **$14.18 + $27.46 = $41.64**

So if you can only do one action, **returning the water bottle** saves you more ($54.04) than exchanging both items ($41.64).

However, I want to clarify - since the water bottle, pet bed, and office chair are all in the same order (#W2890441), and the policy says "return or exchange can be only done once by the agent" for a delivered order, you can only do one of these actions on this order.

Would you like to go with **Option B - Return the water bottle** (saving $54.04)? Or would you prefer to **exchange the pet bed and office chair** (saving $41.64)?
is_final_chunk: True
2026-07-22 11:40:42.172 | DEBUG    | tau2.user.user_simulator:_generate_next_message:222 - User responds to message: AssistantMessage
content: Alright, let me summarize what I've found. All items are in **Order #W2890441** which is **delivered**.

Here's the situation:

**1. Return the Water Bottle** - You want to return the water bottle (item #2366567022, $54.04). Since it's delivered, you can return it.

**2. Exchange Pet Bed** - Your current pet bed (item #2751999929, $195.11) - the cheapest available variant is item #6942241102 (large, memory foam, beige) at **$180.93** — saving **$14.18**.

**3. Exchange Office Chair** - Your current office chair (item #8069050545, $499.28) - the cheapest available variant is item #4168944673 (leather, blue, no armrest, standard back) at **$471.82** — saving **$27.46**.

Now, regarding your question: **Can you do both a return and an exchange?**

According to policy, for a **delivered** order, you can either **return** items or **exchange** items. These are separate actions. Let me think about this...

Actually, looking at the policy more carefully:
- **Return delivered order**: You can return items from a delivered order.
- **Exchange delivered order**: You can exchange items in a delivered order.

These are separate tools and can be used on the same order. However, the policy says "return or exchange can be only done once by the agent" for a delivered order. So you could potentially do a return for the water bottle and an exchange for the pet bed and office chair... but let me re-read.

Actually, the exchange tool says "For a delivered order, return or exchange can be only done once by the agent." This means you can only do one action (either a return OR an exchange) per order, not both.

So let me calculate the savings for each option:

**Option A: Return water bottle + Exchange pet bed & office chair**
- Return water bottle: refund $54.04
- Exchange pet bed: save $14.18 (from $195.11 to $180.93)
- Exchange office chair: save $27.46 (from $499.28 to $471.82)
- Total savings: $54.04 + $14.18 + $27.46 = **$95.68**

But wait - the policy says "return or exchange can be only done once by the agent" for a delivered order. So you can't do both a return AND an exchange on the same order.

**Option B: Just return the water bottle** → refund of **$54.04**

**Option C: Just exchange pet bed & office chair** → savings of **$14.18 + $27.46 = $41.64**

So if you can only do one action, **returning the water bottle** saves you more ($54.04) than exchanging both items ($41.64).

However, I want to clarify - since the water bottle, pet bed, and office chair are all in the same order (#W2890441), and the policy says "return or exchange can be only done once by the agent" for a delivered order, you can only do one of these actions on this order.

Would you like to go with **Option B - Return the water bottle** (saving $54.04)? Or would you prefer to **exchange the pet bed and office chair** (saving $41.64)?
is_final_chunk: True
2026-07-22 11:40:43.503 | DEBUG    | tau2.user.user_simulator:_generate_next_message:244 - Response: Thanks for checking. Since I can only do one, please go with the return of the water bottle to save the $54.04. I’m a bit down today, so let’s keep it simple. What do you need from me to start the return?
2026-07-22 11:40:43.504 | DEBUG    | tau2.orchestrator.orchestrator:step:833 - Step 15. Sending message from Role.USER to Role.AGENT
2026-07-22 11:40:43.504 | DEBUG    | tau2.orchestrator.orchestrator:step:836 - Step 15.
From role: Role.USER
To role: Role.AGENT
Message: UserMessage
content: Thanks for checking. Since I can only do one, please go with the return of the water bottle to save the $54.04. I’m a bit down today, so let’s keep it simple. What do you need from me to start the return?
is_final_chunk: True
2026-07-22 11:40:45.318 | DEBUG    | tau2.orchestrator.orchestrator:step:833 - Step 16. Sending message from Role.AGENT to Role.USER
2026-07-22 11:40:45.318 | DEBUG    | tau2.orchestrator.orchestrator:step:836 - Step 16.
From role: Role.AGENT
To role: Role.USER
Message: AssistantMessage
content: I'm sorry to hear you're having a down day! Let's keep things simple and get this sorted for you.

For the return, I need:

1. **Order ID**: #W2890441 ✅
2. **Items to return**: Water Bottle (item #2366567022) ✅
3. **A payment method** to receive the refund. Since the original payment was via credit card (credit_card_1061405), the refund can go back to that original payment method, or to an existing gift card if you have one.

Would you like the refund to go back to your original credit card (ending in 1037), or do you have a gift card you'd like to use?
is_final_chunk: True
2026-07-22 11:40:45.318 | DEBUG    | tau2.user.user_simulator:_generate_next_message:222 - User responds to message: AssistantMessage
content: I'm sorry to hear you're having a down day! Let's keep things simple and get this sorted for you.

For the return, I need:

1. **Order ID**: #W2890441 ✅
2. **Items to return**: Water Bottle (item #2366567022) ✅
3. **A payment method** to receive the refund. Since the original payment was via credit card (credit_card_1061405), the refund can go back to that original payment method, or to an existing gift card if you have one.

Would you like the refund to go back to your original credit card (ending in 1037), or do you have a gift card you'd like to use?
is_final_chunk: True
2026-07-22 11:40:46.173 | DEBUG    | tau2.user.user_simulator:_generate_next_message:244 - Response: Original card is fine. Please refund to the card ending in 1037. What’s next?
2026-07-22 11:40:46.173 | DEBUG    | tau2.orchestrator.orchestrator:step:833 - Step 17. Sending message from Role.USER to Role.AGENT
2026-07-22 11:40:46.173 | DEBUG    | tau2.orchestrator.orchestrator:step:836 - Step 17.
From role: Role.USER
To role: Role.AGENT
Message: UserMessage
content: Original card is fine. Please refund to the card ending in 1037. What’s next?
is_final_chunk: True
2026-07-22 11:40:47.643 | DEBUG    | tau2.orchestrator.orchestrator:step:833 - Step 18. Sending message from Role.AGENT to Role.USER
2026-07-22 11:40:47.643 | DEBUG    | tau2.orchestrator.orchestrator:step:836 - Step 18.
From role: Role.AGENT
To role: Role.USER
Message: AssistantMessage
content: Great! Let me confirm the details before proceeding:

**Return Summary:**
- **Order**: #W2890441
- **Item to return**: Water Bottle (item #2366567022) - $54.04
- **Refund method**: Original credit card (ending in 1037)
- **Refund amount**: $54.04 (refund will process in 5-7 business days since it's a credit card)

Could you please confirm **yes** to proceed with this return?
is_final_chunk: True
2026-07-22 11:40:47.643 | DEBUG    | tau2.user.user_simulator:_generate_next_message:222 - User responds to message: AssistantMessage
content: Great! Let me confirm the details before proceeding:

**Return Summary:**
- **Order**: #W2890441
- **Item to return**: Water Bottle (item #2366567022) - $54.04
- **Refund method**: Original credit card (ending in 1037)
- **Refund amount**: $54.04 (refund will process in 5-7 business days since it's a credit card)

Could you please confirm **yes** to proceed with this return?
is_final_chunk: True
2026-07-22 11:40:48.560 | DEBUG    | tau2.user.user_simulator:_generate_next_message:244 - Response: Yes, please proceed.
2026-07-22 11:40:48.560 | DEBUG    | tau2.orchestrator.orchestrator:step:833 - Step 19. Sending message from Role.USER to Role.AGENT
2026-07-22 11:40:48.560 | DEBUG    | tau2.orchestrator.orchestrator:step:836 - Step 19.
From role: Role.USER
To role: Role.AGENT
Message: UserMessage
content: Yes, please proceed.
is_final_chunk: True
2026-07-22 11:40:49.628 | DEBUG    | tau2.orchestrator.orchestrator:step:833 - Step 20. Sending message from Role.AGENT to Role.ENV
2026-07-22 11:40:49.629 | DEBUG    | tau2.orchestrator.orchestrator:step:836 - Step 20.
From role: Role.AGENT
To role: Role.ENV
Message: AssistantMessage
ToolCalls:
ToolCall (from assistant)
id: call_00_UZb9kbysmQp52dQt1ygh9389
name: return_delivered_order_items
arguments:
{
  "order_id": "#W2890441",
  "item_ids": [
    "2366567022"
  ],
  "payment_method_id": "credit_card_1061405"
}
is_final_chunk: True
2026-07-22 11:40:49.629 | DEBUG    | tau2.environment.environment:get_response:454 - Response: order_id='#W2890441' user_id='mei_davis_8935' address=UserAddress(address1='698 Maple Drive', address2='Suite 465', city='Denver', country='USA', state='CO', zip='80217') items=[OrderItem(name='Water Bottle', product_id='8310926033', item_id='2366567022', price=54.04, options={'capacity': '1000ml', 'material': 'stainless steel', 'color': 'blue'}), OrderItem(name='Pet Bed', product_id='2747247837', item_id='2751999929', price=195.11, options={'size': 'large', 'material': 'memory foam', 'color': 'grey'}), OrderItem(name='Office Chair', product_id='4794339885', item_id='8069050545', price=499.28, options={'material': 'leather', 'color': 'blue', 'armrest': 'none', 'backrest height': 'high-back'}), OrderItem(name='Skateboard', product_id='1968349452', item_id='3877188862', price=182.03, options={'deck material': 'plastic', 'length': '31 inch', 'design': 'plain'})] status='return requested' fulfillments=[OrderFullfilment(tracking_id=['642796688644'], item_ids=['2366567022', '2751999929', '8069050545', '3877188862'])] payment_history=[OrderPayment(transaction_type='payment', amount=930.46, payment_method_id='credit_card_1061405')] cancel_reason=None exchange_items=None exchange_new_items=None exchange_payment_method_id=None exchange_price_difference=None return_items=['2366567022'] return_payment_method_id='credit_card_1061405'
2026-07-22 11:40:49.629 | DEBUG    | tau2.orchestrator.orchestrator:step:833 - Step 21. Sending message from Role.ENV to Role.AGENT
2026-07-22 11:40:49.630 | DEBUG    | tau2.orchestrator.orchestrator:step:836 - Step 21.
From role: Role.ENV
To role: Role.AGENT
Message: ToolMessage (responding to assistant)
timestamp: 2026-07-22T11:40:49.629799
content: {"order_id": "#W2890441", "user_id": "mei_davis_8935", "address": {"address1": "698 Maple Drive", "address2": "Suite 465", "city": "Denver", "country": "USA", "state": "CO", "zip": "80217"}, "items": [{"name": "Water Bottle", "product_id": "8310926033", "item_id": "2366567022", "price": 54.04, "options": {"capacity": "1000ml", "material": "stainless steel", "color": "blue"}}, {"name": "Pet Bed", "product_id": "2747247837", "item_id": "2751999929", "price": 195.11, "options": {"size": "large", "material": "memory foam", "color": "grey"}}, {"name": "Office Chair", "product_id": "4794339885", "item_id": "8069050545", "price": 499.28, "options": {"material": "leather", "color": "blue", "armrest": "none", "backrest height": "high-back"}}, {"name": "Skateboard", "product_id": "1968349452", "item_id": "3877188862", "price": 182.03, "options": {"deck material": "plastic", "length": "31 inch", "design": "plain"}}], "status": "return requested", "fulfillments": [{"tracking_id": ["642796688644"], "item_ids": ["2366567022", "2751999929", "8069050545", "3877188862"]}], "payment_history": [{"transaction_type": "payment", "amount": 930.46, "payment_method_id": "credit_card_1061405"}], "cancel_reason": null, "exchange_items": null, "exchange_new_items": null, "exchange_payment_method_id": null, "exchange_price_difference": null, "return_items": ["2366567022"], "return_payment_method_id": "credit_card_1061405"}
2026-07-22 11:40:51.354 | DEBUG    | tau2.orchestrator.orchestrator:step:833 - Step 22. Sending message from Role.AGENT to Role.USER
2026-07-22 11:40:51.354 | DEBUG    | tau2.orchestrator.orchestrator:step:836 - Step 22.
From role: Role.AGENT
To role: Role.USER
Message: AssistantMessage
content: The return has been processed successfully! Here's a quick recap:

✅ **Order #W2890441** - Status changed to **"return requested"**
✅ **Water Bottle** (item #2366567022) - Return initiated
✅ **Refund of $54.04** - Will go back to your credit card ending in 1037 within **5-7 business days**

You'll also receive an email shortly with instructions on how and where to return the water bottle.

I hope your day gets better, Mei! Is there anything else I can help you with?
is_final_chunk: True
2026-07-22 11:40:51.356 | DEBUG    | tau2.user.user_simulator:_generate_next_message:222 - User responds to message: AssistantMessage
content: The return has been processed successfully! Here's a quick recap:

✅ **Order #W2890441** - Status changed to **"return requested"**
✅ **Water Bottle** (item #2366567022) - Return initiated
✅ **Refund of $54.04** - Will go back to your credit card ending in 1037 within **5-7 business days**

You'll also receive an email shortly with instructions on how and where to return the water bottle.

I hope your day gets better, Mei! Is there anything else I can help you with?
is_final_chunk: True
2026-07-22 11:40:52.188 | DEBUG    | tau2.user.user_simulator:_generate_next_message:244 - Response: Thanks. That’s all I needed. ###STOP###
2026-07-22 11:40:52.286 | DEBUG    | tau2.environment.environment:get_response:454 - Response: order_id='#W2890441' user_id='mei_davis_8935' address=UserAddress(address1='698 Maple Drive', address2='Suite 465', city='Denver', country='USA', state='CO', zip='80217') items=[OrderItem(name='Water Bottle', product_id='8310926033', item_id='2366567022', price=54.04, options={'capacity': '1000ml', 'material': 'stainless steel', 'color': 'blue'}), OrderItem(name='Pet Bed', product_id='2747247837', item_id='2751999929', price=195.11, options={'size': 'large', 'material': 'memory foam', 'color': 'grey'}), OrderItem(name='Office Chair', product_id='4794339885', item_id='8069050545', price=499.28, options={'material': 'leather', 'color': 'blue', 'armrest': 'none', 'backrest height': 'high-back'}), OrderItem(name='Skateboard', product_id='1968349452', item_id='3877188862', price=182.03, options={'deck material': 'plastic', 'length': '31 inch', 'design': 'plain'})] status='return requested' fulfillments=[OrderFullfilment(tracking_id=['642796688644'], item_ids=['2366567022', '2751999929', '8069050545', '3877188862'])] payment_history=[OrderPayment(transaction_type='payment', amount=930.46, payment_method_id='credit_card_1061405')] cancel_reason=None exchange_items=None exchange_new_items=None exchange_payment_method_id=None exchange_price_difference=None return_items=['2366567022'] return_payment_method_id='credit_card_1061405'
2026-07-22 11:40:54.724 | INFO     | tau2.runner.simulation:run_simulation:87 - Simulation complete: domain=retail, task=19, reward=1.0
2026-07-22 11:40:54.724 | INFO     | tau2.runner.batch:run_single_task:442 - FINISHED SIMULATION: Domain: retail, Task: 19, Reward: 1.0
