2026-07-22 11:37:23.578 | DEBUG    | tau2.runner.batch:__enter__:301 - Task log file: D:\PolicyAgent-PostTrain\experiments\20260722_110504_retail_baseline20_trial1_deepseek\task_21\tau2_artifacts\artifacts\task_21\sim_6201823c-3bc0-4ded-a061-292b4f999144\task.log
2026-07-22 11:37:23.624 | INFO     | tau2.orchestrator.orchestrator:_validate_mode_compatibility:477 - Orchestrator initialized in HALF_DUPLEX mode (turn-based) with agent=LLMAgent, user=UserSimulator
2026-07-22 11:37:23.625 | DEBUG    | tau2.runner.build:build_text_orchestrator:400 - Built text orchestrator: domain=retail, agent=llm_agent, user=user_simulator, task=21
2026-07-22 11:37:23.626 | DEBUG    | tau2.orchestrator.orchestrator:step:833 - Step 0. Sending message from Role.AGENT to Role.USER
2026-07-22 11:37:23.626 | DEBUG    | tau2.orchestrator.orchestrator:step:836 - Step 0.
From role: Role.AGENT
To role: Role.USER
Message: AssistantMessage
content: Hi! How can I help you today?
is_final_chunk: True
2026-07-22 11:37:23.626 | DEBUG    | tau2.user.user_simulator:_generate_next_message:222 - User responds to message: AssistantMessage
content: Hi! How can I help you today?
is_final_chunk: True
2026-07-22 11:37:24.368 | DEBUG    | tau2.user.user_simulator:_generate_next_message:244 - Response: Hi, I need to exchange a pair of shoes I bought for a different item. Can you help me with that?
2026-07-22 11:37:24.369 | DEBUG    | tau2.orchestrator.orchestrator:step:833 - Step 1. Sending message from Role.USER to Role.AGENT
2026-07-22 11:37:24.369 | DEBUG    | tau2.orchestrator.orchestrator:step:836 - Step 1.
From role: Role.USER
To role: Role.AGENT
Message: UserMessage
content: Hi, I need to exchange a pair of shoes I bought for a different item. Can you help me with that?
is_final_chunk: True
2026-07-22 11:37:25.442 | DEBUG    | tau2.orchestrator.orchestrator:step:833 - Step 2. Sending message from Role.AGENT to Role.USER
2026-07-22 11:37:25.443 | DEBUG    | tau2.orchestrator.orchestrator:step:836 - Step 2.
From role: Role.AGENT
To role: Role.USER
Message: AssistantMessage
content: I'd be happy to help you with an exchange! First, I need to authenticate your identity. Could you please provide me with your email address, or your first name, last name, and zip code so I can look you up?
is_final_chunk: True
2026-07-22 11:37:25.443 | DEBUG    | tau2.user.user_simulator:_generate_next_message:222 - User responds to message: AssistantMessage
content: I'd be happy to help you with an exchange! First, I need to authenticate your identity. Could you please provide me with your email address, or your first name, last name, and zip code so I can look you up?
is_final_chunk: True
2026-07-22 11:37:26.189 | DEBUG    | tau2.user.user_simulator:_generate_next_message:244 - Response: I don’t remember my email, but my name is Ethan Garcia and I live in Denver, zip code 80280.
2026-07-22 11:37:26.189 | DEBUG    | tau2.orchestrator.orchestrator:step:833 - Step 3. Sending message from Role.USER to Role.AGENT
2026-07-22 11:37:26.190 | DEBUG    | tau2.orchestrator.orchestrator:step:836 - Step 3.
From role: Role.USER
To role: Role.AGENT
Message: UserMessage
content: I don’t remember my email, but my name is Ethan Garcia and I live in Denver, zip code 80280.
is_final_chunk: True
2026-07-22 11:37:27.213 | DEBUG    | tau2.orchestrator.orchestrator:step:833 - Step 4. Sending message from Role.AGENT to Role.ENV
2026-07-22 11:37:27.213 | DEBUG    | tau2.orchestrator.orchestrator:step:836 - Step 4.
From role: Role.AGENT
To role: Role.ENV
Message: AssistantMessage
content: Let me look you up with that information.
ToolCalls:
ToolCall (from assistant)
id: call_00_XZRvwkRgWEE0YtMpCoRZ1864
name: find_user_id_by_name_zip
arguments:
{
  "first_name": "Ethan",
  "last_name": "Garcia",
  "zip": "80280"
}
is_final_chunk: True
2026-07-22 11:37:27.214 | DEBUG    | tau2.environment.environment:get_response:454 - Response: ethan_garcia_1261
2026-07-22 11:37:27.214 | DEBUG    | tau2.orchestrator.orchestrator:step:833 - Step 5. Sending message from Role.ENV to Role.AGENT
2026-07-22 11:37:27.214 | DEBUG    | tau2.orchestrator.orchestrator:step:836 - Step 5.
From role: Role.ENV
To role: Role.AGENT
Message: ToolMessage (responding to assistant)
timestamp: 2026-07-22T11:37:27.214626
content: ethan_garcia_1261
2026-07-22 11:37:28.264 | DEBUG    | tau2.orchestrator.orchestrator:step:833 - Step 6. Sending message from Role.AGENT to Role.ENV
2026-07-22 11:37:28.265 | DEBUG    | tau2.orchestrator.orchestrator:step:836 - Step 6.
From role: Role.AGENT
To role: Role.ENV
Message: AssistantMessage
content: Great! I found you, Ethan. Let me get your details.
ToolCalls:
ToolCall (from assistant)
id: call_00_adbE1a24d2UeWevMkeJW7503
name: get_user_details
arguments:
{
  "user_id": "ethan_garcia_1261"
}
is_final_chunk: True
2026-07-22 11:37:28.265 | DEBUG    | tau2.environment.environment:get_response:454 - Response: user_id='ethan_garcia_1261' name=UserName(first_name='Ethan', last_name='Garcia') address=UserAddress(address1='667 Highland Drive', address2='Suite 865', city='Denver', country='USA', state='CO', zip='80280') email='ethan.garcia8085@example.com' payment_methods={'paypal_3798357': Paypal(source='paypal', id='paypal_3798357'), 'gift_card_4332117': GiftCard(source='gift_card', id='gift_card_4332117', balance=86.0)} orders=['#W4967593', '#W9911714', '#W5733668']
2026-07-22 11:37:28.265 | DEBUG    | tau2.orchestrator.orchestrator:step:833 - Step 7. Sending message from Role.ENV to Role.AGENT
2026-07-22 11:37:28.265 | DEBUG    | tau2.orchestrator.orchestrator:step:836 - Step 7.
From role: Role.ENV
To role: Role.AGENT
Message: ToolMessage (responding to assistant)
timestamp: 2026-07-22T11:37:28.265167
content: {"user_id": "ethan_garcia_1261", "name": {"first_name": "Ethan", "last_name": "Garcia"}, "address": {"address1": "667 Highland Drive", "address2": "Suite 865", "city": "Denver", "country": "USA", "state": "CO", "zip": "80280"}, "email": "ethan.garcia8085@example.com", "payment_methods": {"paypal_3798357": {"source": "paypal", "id": "paypal_3798357"}, "gift_card_4332117": {"source": "gift_card", "id": "gift_card_4332117", "balance": 86.0}}, "orders": ["#W4967593", "#W9911714", "#W5733668"]}
2026-07-22 11:37:29.225 | DEBUG    | tau2.orchestrator.orchestrator:step:833 - Step 8. Sending message from Role.AGENT to Role.USER
2026-07-22 11:37:29.225 | DEBUG    | tau2.orchestrator.orchestrator:step:836 - Step 8.
From role: Role.AGENT
To role: Role.USER
Message: AssistantMessage
content: Great, I've confirmed your identity, Ethan! Now, could you please tell me the order ID for the order containing the shoes you'd like to exchange? Also, could you let me know what you'd like to exchange them for?
is_final_chunk: True
2026-07-22 11:37:29.225 | DEBUG    | tau2.user.user_simulator:_generate_next_message:222 - User responds to message: AssistantMessage
content: Great, I've confirmed your identity, Ethan! Now, could you please tell me the order ID for the order containing the shoes you'd like to exchange? Also, could you let me know what you'd like to exchange them for?
is_final_chunk: True
2026-07-22 11:37:30.019 | DEBUG    | tau2.user.user_simulator:_generate_next_message:244 - Response: I don’t have the order ID handy, but I want to exchange the shoes for item ID 4107812777. If there’s any extra charge, I’d like to use my gift card to cover it. Can you figure out the rest from my info?
2026-07-22 11:37:30.019 | DEBUG    | tau2.orchestrator.orchestrator:step:833 - Step 9. Sending message from Role.USER to Role.AGENT
2026-07-22 11:37:30.020 | DEBUG    | tau2.orchestrator.orchestrator:step:836 - Step 9.
From role: Role.USER
To role: Role.AGENT
Message: UserMessage
content: I don’t have the order ID handy, but I want to exchange the shoes for item ID 4107812777. If there’s any extra charge, I’d like to use my gift card to cover it. Can you figure out the rest from my info?
is_final_chunk: True
2026-07-22 11:37:31.162 | DEBUG    | tau2.orchestrator.orchestrator:step:833 - Step 10. Sending message from Role.AGENT to Role.ENV
2026-07-22 11:37:31.162 | DEBUG    | tau2.orchestrator.orchestrator:step:836 - Step 10.
From role: Role.AGENT
To role: Role.ENV
Message: AssistantMessage
content: Let me look up your orders to find the one with the shoes.
ToolCalls:
ToolCall (from assistant)
id: call_00_ZQNsdi2z6riXPHIb4Dfx0635
name: get_order_details
arguments:
{
  "order_id": "#W4967593"
}
ToolCall (from assistant)
id: call_01_b9FP1T1dVNCCOqDBtWQq5630
name: get_order_details
arguments:
{
  "order_id": "#W9911714"
}
ToolCall (from assistant)
id: call_02_Sa8inZMESg51yaL5ufkK4313
name: get_order_details
arguments:
{
  "order_id": "#W5733668"
}
is_final_chunk: True
2026-07-22 11:37:31.162 | DEBUG    | tau2.environment.environment:get_response:454 - Response: order_id='#W4967593' user_id='ethan_garcia_1261' address=UserAddress(address1='667 Highland Drive', address2='Suite 865', city='Denver', country='USA', state='CO', zip='80280') items=[OrderItem(name='Office Chair', product_id='4794339885', item_id='4168944673', price=471.82, options={'material': 'leather', 'color': 'blue', 'armrest': 'none', 'backrest height': 'standard'}), OrderItem(name='Electric Toothbrush', product_id='7352963235', item_id='3320557165', price=188.67, options={'color': 'blue', 'speed settings': 'high', 'battery type': 'AA batteries'}), OrderItem(name='Backpack', product_id='2524789262', item_id='8054888773', price=206.03, options={'color': 'grey', 'size': 'small', 'material': 'nylon', 'compartment': 'laptop'}), OrderItem(name='Wristwatch', product_id='6066914160', item_id='1355937109', price=1985.3, options={'strap material': 'leather', 'dial color': 'white'})] status='processed' fulfillments=[OrderFullfilment(tracking_id=['663395959263'], item_ids=['4168944673', '3320557165', '8054888773', '1355937109'])] payment_history=[OrderPayment(transaction_type='payment', amount=2851.82, payment_method_id='gift_card_4332117')] cancel_reason=None exchange_items=None exchange_new_items=None exchange_payment_method_id=None exchange_price_difference=None return_items=None return_payment_method_id=None
2026-07-22 11:37:31.163 | DEBUG    | tau2.environment.environment:get_response:454 - Response: order_id='#W9911714' user_id='ethan_garcia_1261' address=UserAddress(address1='667 Highland Drive', address2='Suite 865', city='Denver', country='USA', state='CO', zip='80280') items=[OrderItem(name='Water Bottle', product_id='8310926033', item_id='2366567022', price=54.04, options={'capacity': '1000ml', 'material': 'stainless steel', 'color': 'blue'}), OrderItem(name='Mechanical Keyboard', product_id='1656367028', item_id='1340995114', price=235.13, options={'switch type': 'tactile', 'backlight': 'none', 'size': 'full size'}), OrderItem(name='Running Shoes', product_id='6938111410', item_id='9791469541', price=147.05, options={'size': '9', 'color': 'yellow', 'material': 'synthetic', 'sole': 'rubber'}), OrderItem(name='Makeup Kit', product_id='5149340237', item_id='1763705424', price=235.44, options={'skin tone': 'dark', 'kit size': 'professional', 'brand': 'Brand C'})] status='pending' fulfillments=[] payment_history=[OrderPayment(transaction_type='payment', amount=671.66, payment_method_id='paypal_3798357')] cancel_reason=None exchange_items=None exchange_new_items=None exchange_payment_method_id=None exchange_price_difference=None return_items=None return_payment_method_id=None
2026-07-22 11:37:31.164 | DEBUG    | tau2.environment.environment:get_response:454 - Response: order_id='#W5733668' user_id='ethan_garcia_1261' address=UserAddress(address1='667 Highland Drive', address2='Suite 865', city='Denver', country='USA', state='CO', zip='80280') items=[OrderItem(name='Office Chair', product_id='4794339885', item_id='8323284863', price=511.24, options={'material': 'fabric', 'color': 'blue', 'armrest': 'adjustable', 'backrest height': 'standard'}), OrderItem(name='Portable Charger', product_id='6942297802', item_id='7866854614', price=105.49, options={'capacity': '5000mAh', 'output': 'USB-C', 'color': 'white'}), OrderItem(name='Electric Kettle', product_id='1075968781', item_id='4064702754', price=159.78, options={'capacity': '2L', 'material': 'glass', 'color': 'white'})] status='processed' fulfillments=[OrderFullfilment(tracking_id=['365054630723'], item_ids=['8323284863', '7866854614', '4064702754'])] payment_history=[OrderPayment(transaction_type='payment', amount=776.51, payment_method_id='paypal_3798357')] cancel_reason=None exchange_items=None exchange_new_items=None exchange_payment_method_id=None exchange_price_difference=None return_items=None return_payment_method_id=None
2026-07-22 11:37:31.164 | DEBUG    | tau2.orchestrator.orchestrator:step:833 - Step 11. Sending message from Role.ENV to Role.AGENT
2026-07-22 11:37:31.165 | DEBUG    | tau2.orchestrator.orchestrator:step:836 - Step 11.
From role: Role.ENV
To role: Role.AGENT
Message: role='tool' tool_messages=[ToolMessage(id='call_00_ZQNsdi2z6riXPHIb4Dfx0635', role='tool', content='{"order_id": "#W4967593", "user_id": "ethan_garcia_1261", "address": {"address1": "667 Highland Drive", "address2": "Suite 865", "city": "Denver", "country": "USA", "state": "CO", "zip": "80280"}, "items": [{"name": "Office Chair", "product_id": "4794339885", "item_id": "4168944673", "price": 471.82, "options": {"material": "leather", "color": "blue", "armrest": "none", "backrest height": "standard"}}, {"name": "Electric Toothbrush", "product_id": "7352963235", "item_id": "3320557165", "price": 188.67, "options": {"color": "blue", "speed settings": "high", "battery type": "AA batteries"}}, {"name": "Backpack", "product_id": "2524789262", "item_id": "8054888773", "price": 206.03, "options": {"color": "grey", "size": "small", "material": "nylon", "compartment": "laptop"}}, {"name": "Wristwatch", "product_id": "6066914160", "item_id": "1355937109", "price": 1985.3, "options": {"strap material": "leather", "dial color": "white"}}], "status": "processed", "fulfillments": [{"tracking_id": ["663395959263"], "item_ids": ["4168944673", "3320557165", "8054888773", "1355937109"]}], "payment_history": [{"transaction_type": "payment", "amount": 2851.82, "payment_method_id": "gift_card_4332117"}], "cancel_reason": null, "exchange_items": null, "exchange_new_items": null, "exchange_payment_method_id": null, "exchange_price_difference": null, "return_items": null, "return_payment_method_id": null}', requestor='assistant', error=False, turn_idx=None, timestamp='2026-07-22T11:37:31.163237'), ToolMessage(id='call_01_b9FP1T1dVNCCOqDBtWQq5630', role='tool', content='{"order_id": "#W9911714", "user_id": "ethan_garcia_1261", "address": {"address1": "667 Highland Drive", "address2": "Suite 865", "city": "Denver", "country": "USA", "state": "CO", "zip": "80280"}, "items": [{"name": "Water Bottle", "product_id": "8310926033", "item_id": "2366567022", "price": 54.04, "options": {"capacity": "1000ml", "material": "stainless steel", "color": "blue"}}, {"name": "Mechanical Keyboard", "product_id": "1656367028", "item_id": "1340995114", "price": 235.13, "options": {"switch type": "tactile", "backlight": "none", "size": "full size"}}, {"name": "Running Shoes", "product_id": "6938111410", "item_id": "9791469541", "price": 147.05, "options": {"size": "9", "color": "yellow", "material": "synthetic", "sole": "rubber"}}, {"name": "Makeup Kit", "product_id": "5149340237", "item_id": "1763705424", "price": 235.44, "options": {"skin tone": "dark", "kit size": "professional", "brand": "Brand C"}}], "status": "pending", "fulfillments": [], "payment_history": [{"transaction_type": "payment", "amount": 671.66, "payment_method_id": "paypal_3798357"}], "cancel_reason": null, "exchange_items": null, "exchange_new_items": null, "exchange_payment_method_id": null, "exchange_price_difference": null, "return_items": null, "return_payment_method_id": null}', requestor='assistant', error=False, turn_idx=None, timestamp='2026-07-22T11:37:31.164239'), ToolMessage(id='call_02_Sa8inZMESg51yaL5ufkK4313', role='tool', content='{"order_id": "#W5733668", "user_id": "ethan_garcia_1261", "address": {"address1": "667 Highland Drive", "address2": "Suite 865", "city": "Denver", "country": "USA", "state": "CO", "zip": "80280"}, "items": [{"name": "Office Chair", "product_id": "4794339885", "item_id": "8323284863", "price": 511.24, "options": {"material": "fabric", "color": "blue", "armrest": "adjustable", "backrest height": "standard"}}, {"name": "Portable Charger", "product_id": "6942297802", "item_id": "7866854614", "price": 105.49, "options": {"capacity": "5000mAh", "output": "USB-C", "color": "white"}}, {"name": "Electric Kettle", "product_id": "1075968781", "item_id": "4064702754", "price": 159.78, "options": {"capacity": "2L", "material": "glass", "color": "white"}}], "status": "processed", "fulfillments": [{"tracking_id": ["365054630723"], "item_ids": ["8323284863", "7866854614", "4064702754"]}], "payment_history": [{"transaction_type": "payment", "amount": 776.51, "payment_method_id": "paypal_3798357"}], "cancel_reason": null, "exchange_items": null, "exchange_new_items": null, "exchange_payment_method_id": null, "exchange_price_difference": null, "return_items": null, "return_payment_method_id": null}', requestor='assistant', error=False, turn_idx=None, timestamp='2026-07-22T11:37:31.164239')]
2026-07-22 11:37:33.695 | DEBUG    | tau2.orchestrator.orchestrator:step:833 - Step 12. Sending message from Role.AGENT to Role.ENV
2026-07-22 11:37:33.695 | DEBUG    | tau2.orchestrator.orchestrator:step:836 - Step 12.
From role: Role.AGENT
To role: Role.ENV
Message: AssistantMessage
content: I can see you have three orders. Let me check which one has shoes. Order #W9911714 has "Running Shoes" (item ID 9791469541) and its status is **pending**. However, for an exchange, the order needs to be **delivered**. Let me check the other orders too.

Order #W4967593 and #W5733668 are both **processed** (not delivered yet).

So the running shoes are in order #W9911714 which is **pending**. Since it's pending, we can't do an exchange (exchanges are for delivered orders). However, we could **modify** the pending order to change the item options instead!

Let me check what product the item you want (item ID 4107812777) belongs to, and what the running shoes product is.
ToolCalls:
ToolCall (from assistant)
id: call_00_a6fo3xm8VQY2u0RFygYR3194
name: get_item_details
arguments:
{
  "item_id": "9791469541"
}
ToolCall (from assistant)
id: call_01_yX0xewCMkynZwVaIgbEQ0317
name: get_item_details
arguments:
{
  "item_id": "4107812777"
}
is_final_chunk: True
2026-07-22 11:37:33.695 | DEBUG    | tau2.environment.environment:get_response:454 - Response: item_id='9791469541' options={'size': '9', 'color': 'yellow', 'material': 'synthetic', 'sole': 'rubber'} available=True price=147.05
2026-07-22 11:37:33.696 | DEBUG    | tau2.environment.environment:get_response:454 - Response: item_id='4107812777' options={'size': '9', 'color': 'black', 'material': 'synthetic', 'sole': 'rubber'} available=True price=155.33
2026-07-22 11:37:33.696 | DEBUG    | tau2.orchestrator.orchestrator:step:833 - Step 13. Sending message from Role.ENV to Role.AGENT
2026-07-22 11:37:33.696 | DEBUG    | tau2.orchestrator.orchestrator:step:836 - Step 13.
From role: Role.ENV
To role: Role.AGENT
Message: role='tool' tool_messages=[ToolMessage(id='call_00_a6fo3xm8VQY2u0RFygYR3194', role='tool', content='{"item_id": "9791469541", "options": {"size": "9", "color": "yellow", "material": "synthetic", "sole": "rubber"}, "available": true, "price": 147.05}', requestor='assistant', error=False, turn_idx=None, timestamp='2026-07-22T11:37:33.696318'), ToolMessage(id='call_01_yX0xewCMkynZwVaIgbEQ0317', role='tool', content='{"item_id": "4107812777", "options": {"size": "9", "color": "black", "material": "synthetic", "sole": "rubber"}, "available": true, "price": 155.33}', requestor='assistant', error=False, turn_idx=None, timestamp='2026-07-22T11:37:33.696318')]
2026-07-22 11:37:34.689 | DEBUG    | tau2.orchestrator.orchestrator:step:833 - Step 14. Sending message from Role.AGENT to Role.ENV
2026-07-22 11:37:34.690 | DEBUG    | tau2.orchestrator.orchestrator:step:836 - Step 14.
From role: Role.AGENT
To role: Role.ENV
Message: AssistantMessage
content: Let me also check the product details to confirm they're the same product type.
ToolCalls:
ToolCall (from assistant)
id: call_00_7TBaiUkGgDOVCBEhgKjI4247
name: get_product_details
arguments:
{
  "product_id": "6938111410"
}
is_final_chunk: True
2026-07-22 11:37:34.690 | DEBUG    | tau2.environment.environment:get_response:454 - Response: name='Running Shoes' product_id='6938111410' variants={'4153505238': Variant(item_id='4153505238', options={'size': '8', 'color': 'red', 'material': 'leather', 'sole': 'EVA'}, available=True, price=158.67), '1775591963': Variant(item_id='1775591963', options={'size': '10', 'color': 'white', 'material': 'leather', 'sole': 'EVA'}, available=True, price=154.75), '9635758562': Variant(item_id='9635758562', options={'size': '9', 'color': 'white', 'material': 'mesh', 'sole': 'rubber'}, available=True, price=148.95), '9791469541': Variant(item_id='9791469541', options={'size': '9', 'color': 'yellow', 'material': 'synthetic', 'sole': 'rubber'}, available=True, price=147.05), '4107812777': Variant(item_id='4107812777', options={'size': '9', 'color': 'black', 'material': 'synthetic', 'sole': 'rubber'}, available=True, price=155.33)}
2026-07-22 11:37:34.690 | DEBUG    | tau2.orchestrator.orchestrator:step:833 - Step 15. Sending message from Role.ENV to Role.AGENT
2026-07-22 11:37:34.690 | DEBUG    | tau2.orchestrator.orchestrator:step:836 - Step 15.
From role: Role.ENV
To role: Role.AGENT
Message: ToolMessage (responding to assistant)
timestamp: 2026-07-22T11:37:34.690581
content: {"name": "Running Shoes", "product_id": "6938111410", "variants": {"4153505238": {"item_id": "4153505238", "options": {"size": "8", "color": "red", "material": "leather", "sole": "EVA"}, "available": true, "price": 158.67}, "1775591963": {"item_id": "1775591963", "options": {"size": "10", "color": "white", "material": "leather", "sole": "EVA"}, "available": true, "price": 154.75}, "9635758562": {"item_id": "9635758562", "options": {"size": "9", "color": "white", "material": "mesh", "sole": "rubber"}, "available": true, "price": 148.95}, "9791469541": {"item_id": "9791469541", "options": {"size": "9", "color": "yellow", "material": "synthetic", "sole": "rubber"}, "available": true, "price": 147.05}, "4107812777": {"item_id": "4107812777", "options": {"size": "9", "color": "black", "material": "synthetic", "sole": "rubber"}, "available": true, "price": 155.33}}}
2026-07-22 11:37:37.846 | DEBUG    | tau2.orchestrator.orchestrator:step:833 - Step 16. Sending message from Role.AGENT to Role.USER
2026-07-22 11:37:37.846 | DEBUG    | tau2.orchestrator.orchestrator:step:836 - Step 16.
From role: Role.AGENT
To role: Role.USER
Message: AssistantMessage
content: Great! So here's the situation, Ethan:

The running shoes (item ID **9791469541** - yellow, size 9) are in order **#W9911714**, which has a status of **pending** (not delivered yet). Since the order hasn't been delivered, we can't do an exchange. However, we can **modify the pending order** to change the item to a different option of the same product!

The item you want (item ID **4107812777** - black, size 9) is also a Running Shoes variant, so that works perfectly.

Here's the summary:
- **Order**: #W9911714
- **Current item**: Running Shoes (yellow, size 9) - $147.05
- **New item**: Running Shoes (black, size 9) - $155.33
- **Price difference**: $8.28 more
- **Payment method for difference**: Your gift card (gift_card_4332117, balance $86.00)

Since this is a modification of a pending order, I need to let you know that this action can only be done **once** per order, and after this, the order cannot be modified or cancelled anymore. So please confirm — do you have **all** the items you'd like to modify? Are you only looking to change the running shoes, or are there other items in that order you'd like to change as well?
is_final_chunk: True
2026-07-22 11:37:37.846 | DEBUG    | tau2.user.user_simulator:_generate_next_message:222 - User responds to message: AssistantMessage
content: Great! So here's the situation, Ethan:

The running shoes (item ID **9791469541** - yellow, size 9) are in order **#W9911714**, which has a status of **pending** (not delivered yet). Since the order hasn't been delivered, we can't do an exchange. However, we can **modify the pending order** to change the item to a different option of the same product!

The item you want (item ID **4107812777** - black, size 9) is also a Running Shoes variant, so that works perfectly.

Here's the summary:
- **Order**: #W9911714
- **Current item**: Running Shoes (yellow, size 9) - $147.05
- **New item**: Running Shoes (black, size 9) - $155.33
- **Price difference**: $8.28 more
- **Payment method for difference**: Your gift card (gift_card_4332117, balance $86.00)

Since this is a modification of a pending order, I need to let you know that this action can only be done **once** per order, and after this, the order cannot be modified or cancelled anymore. So please confirm — do you have **all** the items you'd like to modify? Are you only looking to change the running shoes, or are there other items in that order you'd like to change as well?
is_final_chunk: True
2026-07-22 11:37:39.139 | DEBUG    | tau2.user.user_simulator:_generate_next_message:244 - Response: Actually, I also want to change another item in the order. Can you switch item ID 1656367028 to item ID 1421289881? I’m not sure if that’s a product ID or an item ID, so could you check and sort out the details?
2026-07-22 11:37:39.140 | DEBUG    | tau2.orchestrator.orchestrator:step:833 - Step 17. Sending message from Role.USER to Role.AGENT
2026-07-22 11:37:39.140 | DEBUG    | tau2.orchestrator.orchestrator:step:836 - Step 17.
From role: Role.USER
To role: Role.AGENT
Message: UserMessage
content: Actually, I also want to change another item in the order. Can you switch item ID 1656367028 to item ID 1421289881? I’m not sure if that’s a product ID or an item ID, so could you check and sort out the details?
is_final_chunk: True
2026-07-22 11:37:40.879 | DEBUG    | tau2.orchestrator.orchestrator:step:833 - Step 18. Sending message from Role.AGENT to Role.ENV
2026-07-22 11:37:40.879 | DEBUG    | tau2.orchestrator.orchestrator:step:836 - Step 18.
From role: Role.AGENT
To role: Role.ENV
Message: AssistantMessage
content: Let me check what item 1656367028 is and what item 1421289881 is.

Looking at the order #W9911714, item ID **1656367028** doesn't appear in the items list. Let me check what it is.

Actually, looking at the order items again:
- Item **2366567022** - Water Bottle
- Item **1340995114** - Mechanical Keyboard
- Item **9791469541** - Running Shoes
- Item **1763705424** - Makeup Kit

Let me check what item ID 1656367028 and 1421289881 are.
ToolCalls:
ToolCall (from assistant)
id: call_00_lsjd3MbfRyJPvau6kcbJ2966
name: get_item_details
arguments:
{
  "item_id": "1656367028"
}
ToolCall (from assistant)
id: call_01_a5Fh2conQDlQsCmNC3IY2701
name: get_item_details
arguments:
{
  "item_id": "1421289881"
}
is_final_chunk: True
2026-07-22 11:37:40.880 | DEBUG    | tau2.environment.environment:get_response:454 - Response: Error: Item not found
2026-07-22 11:37:40.880 | DEBUG    | tau2.environment.environment:get_response:454 - Response: item_id='1421289881' options={'switch type': 'linear', 'backlight': 'none', 'size': '80%'} available=True price=268.77
2026-07-22 11:37:40.880 | DEBUG    | tau2.orchestrator.orchestrator:step:833 - Step 19. Sending message from Role.ENV to Role.AGENT
2026-07-22 11:37:40.880 | DEBUG    | tau2.orchestrator.orchestrator:step:836 - Step 19.
From role: Role.ENV
To role: Role.AGENT
Message: role='tool' tool_messages=[ToolMessage(id='call_00_lsjd3MbfRyJPvau6kcbJ2966', role='tool', content='Error: Item not found', requestor='assistant', error=True, turn_idx=None, timestamp='2026-07-22T11:37:40.880132'), ToolMessage(id='call_01_a5Fh2conQDlQsCmNC3IY2701', role='tool', content='{"item_id": "1421289881", "options": {"switch type": "linear", "backlight": "none", "size": "80%"}, "available": true, "price": 268.77}', requestor='assistant', error=False, turn_idx=None, timestamp='2026-07-22T11:37:40.880132')]
2026-07-22 11:37:42.291 | DEBUG    | tau2.orchestrator.orchestrator:step:833 - Step 20. Sending message from Role.AGENT to Role.ENV
2026-07-22 11:37:42.292 | DEBUG    | tau2.orchestrator.orchestrator:step:836 - Step 20.
From role: Role.AGENT
To role: Role.ENV
Message: AssistantMessage
content: Item ID **1656367028** doesn't seem to exist in our system. However, I notice that the product ID for the Mechanical Keyboard in your order is **1656367028**! So it seems you may have given me the **product ID** instead of the **item ID**.

Let me check the Mechanical Keyboard product to see its variants.
ToolCalls:
ToolCall (from assistant)
id: call_00_BXPPprGKcJgik2sFelPi0698
name: get_product_details
arguments:
{
  "product_id": "1656367028"
}
is_final_chunk: True
2026-07-22 11:37:42.292 | DEBUG    | tau2.environment.environment:get_response:454 - Response: name='Mechanical Keyboard' product_id='1656367028' variants={'9690244451': Variant(item_id='9690244451', options={'switch type': 'clicky', 'backlight': 'RGB', 'size': '60%'}, available=False, price=236.51), '7706410293': Variant(item_id='7706410293', options={'switch type': 'clicky', 'backlight': 'none', 'size': 'full size'}, available=True, price=269.16), '3616838507': Variant(item_id='3616838507', options={'switch type': 'tactile', 'backlight': 'white', 'size': 'full size'}, available=True, price=226.11), '8484921793': Variant(item_id='8484921793', options={'switch type': 'linear', 'backlight': 'RGB', 'size': '80%'}, available=True, price=230.15), '1340995114': Variant(item_id='1340995114', options={'switch type': 'tactile', 'backlight': 'none', 'size': 'full size'}, available=False, price=235.13), '6342039236': Variant(item_id='6342039236', options={'switch type': 'clicky', 'backlight': 'white', 'size': 'full size'}, available=True, price=244.91), '1421289881': Variant(item_id='1421289881', options={'switch type': 'linear', 'backlight': 'none', 'size': '80%'}, available=True, price=268.77), '7867398203': Variant(item_id='7867398203', options={'switch type': 'linear', 'backlight': 'RGB', 'size': '60%'}, available=True, price=232.7), '4648814700': Variant(item_id='4648814700', options={'switch type': 'linear', 'backlight': 'white', 'size': '60%'}, available=False, price=228.84), '5222576926': Variant(item_id='5222576926', options={'switch type': 'linear', 'backlight': 'white', 'size': 'full size'}, available=False, price=249.95), '4402162122': Variant(item_id='4402162122', options={'switch type': 'tactile', 'backlight': 'RGB', 'size': '60%'}, available=True, price=233.9), '1151293680': Variant(item_id='1151293680', options={'switch type': 'linear', 'backlight': 'RGB', 'size': 'full size'}, available=True, price=272.33), '2299424241': Variant(item_id='2299424241', options={'switch type': 'clicky', 'backlight': 'RGB', 'size': '80%'}, available=True, price=237.48), '4843487907': Variant(item_id='4843487907', options={'switch type': 'clicky', 'backlight': 'white', 'size': '80%'}, available=False, price=254.84), '9025753381': Variant(item_id='9025753381', options={'switch type': 'clicky', 'backlight': 'RGB', 'size': 'full size'}, available=False, price=231.58), '6439196450': Variant(item_id='6439196450', options={'switch type': 'tactile', 'backlight': 'none', 'size': '60%'}, available=False, price=254.56), '9991484137': Variant(item_id='9991484137', options={'switch type': 'tactile', 'backlight': 'white', 'size': '80%'}, available=True, price=240.97), '9665000388': Variant(item_id='9665000388', options={'switch type': 'clicky', 'backlight': 'none', 'size': '80%'}, available=True, price=269.46), '9570044148': Variant(item_id='9570044148', options={'switch type': 'linear', 'backlight': 'none', 'size': 'full size'}, available=True, price=231.37), '7658724607': Variant(item_id='7658724607', options={'switch type': 'tactile', 'backlight': 'none', 'size': '80%'}, available=True, price=256.73)}
2026-07-22 11:37:42.293 | DEBUG    | tau2.orchestrator.orchestrator:step:833 - Step 21. Sending message from Role.ENV to Role.AGENT
2026-07-22 11:37:42.293 | DEBUG    | tau2.orchestrator.orchestrator:step:836 - Step 21.
From role: Role.ENV
To role: Role.AGENT
Message: ToolMessage (responding to assistant)
timestamp: 2026-07-22T11:37:42.293364
content: {"name": "Mechanical Keyboard", "product_id": "1656367028", "variants": {"9690244451": {"item_id": "9690244451", "options": {"switch type": "clicky", "backlight": "RGB", "size": "60%"}, "available": false, "price": 236.51}, "7706410293": {"item_id": "7706410293", "options": {"switch type": "clicky", "backlight": "none", "size": "full size"}, "available": true, "price": 269.16}, "3616838507": {"item_id": "3616838507", "options": {"switch type": "tactile", "backlight": "white", "size": "full size"}, "available": true, "price": 226.11}, "8484921793": {"item_id": "8484921793", "options": {"switch type": "linear", "backlight": "RGB", "size": "80%"}, "available": true, "price": 230.15}, "1340995114": {"item_id": "1340995114", "options": {"switch type": "tactile", "backlight": "none", "size": "full size"}, "available": false, "price": 235.13}, "6342039236": {"item_id": "6342039236", "options": {"switch type": "clicky", "backlight": "white", "size": "full size"}, "available": true, "price": 244.91}, "1421289881": {"item_id": "1421289881", "options": {"switch type": "linear", "backlight": "none", "size": "80%"}, "available": true, "price": 268.77}, "7867398203": {"item_id": "7867398203", "options": {"switch type": "linear", "backlight": "RGB", "size": "60%"}, "available": true, "price": 232.7}, "4648814700": {"item_id": "4648814700", "options": {"switch type": "linear", "backlight": "white", "size": "60%"}, "available": false, "price": 228.84}, "5222576926": {"item_id": "5222576926", "options": {"switch type": "linear", "backlight": "white", "size": "full size"}, "available": false, "price": 249.95}, "4402162122": {"item_id": "4402162122", "options": {"switch type": "tactile", "backlight": "RGB", "size": "60%"}, "available": true, "price": 233.9}, "1151293680": {"item_id": "1151293680", "options": {"switch type": "linear", "backlight": "RGB", "size": "full size"}, "available": true, "price": 272.33}, "2299424241": {"item_id": "2299424241", "options": {"switch type": "clicky", "backlight": "RGB", "size": "80%"}, "available": true, "price": 237.48}, "4843487907": {"item_id": "4843487907", "options": {"switch type": "clicky", "backlight": "white", "size": "80%"}, "available": false, "price": 254.84}, "9025753381": {"item_id": "9025753381", "options": {"switch type": "clicky", "backlight": "RGB", "size": "full size"}, "available": false, "price": 231.58}, "6439196450": {"item_id": "6439196450", "options": {"switch type": "tactile", "backlight": "none", "size": "60%"}, "available": false, "price": 254.56}, "9991484137": {"item_id": "9991484137", "options": {"switch type": "tactile", "backlight": "white", "size": "80%"}, "available": true, "price": 240.97}, "9665000388": {"item_id": "9665000388", "options": {"switch type": "clicky", "backlight": "none", "size": "80%"}, "available": true, "price": 269.46}, "9570044148": {"item_id": "9570044148", "options": {"switch type": "linear", "backlight": "none", "size": "full size"}, "available": true, "price": 231.37}, "7658724607": {"item_id": "7658724607", "options": {"switch type": "tactile", "backlight": "none", "size": "80%"}, "available": true, "price": 256.73}}}
2026-07-22 11:37:45.420 | DEBUG    | tau2.orchestrator.orchestrator:step:833 - Step 22. Sending message from Role.AGENT to Role.USER
2026-07-22 11:37:45.420 | DEBUG    | tau2.orchestrator.orchestrator:step:836 - Step 22.
From role: Role.AGENT
To role: Role.USER
Message: AssistantMessage
content: Great, I've sorted it out! So:

- **1656367028** is actually the **product ID** for Mechanical Keyboard, not an item ID. The item in your order is **1340995114** (Mechanical Keyboard, tactile switch, no backlight, full size - $235.13).
- **1421289881** is an **item ID** for a Mechanical Keyboard variant (linear switch, no backlight, 80% size - $268.77) — same product type, so that works!

So here's a full summary of what you'd like to modify in order **#W9911714**:

1. **Running Shoes** (item ID 9791469541 - yellow, size 9, $147.05) → **Running Shoes** (item ID 4107812777 - black, size 9, $155.33) — difference: **+$8.28**
2. **Mechanical Keyboard** (item ID 1340995114 - tactile, no backlight, full size, $235.13) → **Mechanical Keyboard** (item ID 1421289881 - linear, no backlight, 80%, $268.77) — difference: **+$33.64**

**Total price difference**: $8.28 + $33.64 = **$41.92** extra to pay.

You'd like to use your **gift card** (gift_card_4332117, balance $86.00) to cover the difference, which has enough balance.

Please note that this modification can only be done **once** per order, and after this, the order cannot be modified or cancelled anymore. 

Could you please confirm:
1. Are these **all** the items you want to modify?
2. Do you confirm you'd like to proceed with these changes?
is_final_chunk: True
2026-07-22 11:37:45.421 | DEBUG    | tau2.user.user_simulator:_generate_next_message:222 - User responds to message: AssistantMessage
content: Great, I've sorted it out! So:

- **1656367028** is actually the **product ID** for Mechanical Keyboard, not an item ID. The item in your order is **1340995114** (Mechanical Keyboard, tactile switch, no backlight, full size - $235.13).
- **1421289881** is an **item ID** for a Mechanical Keyboard variant (linear switch, no backlight, 80% size - $268.77) — same product type, so that works!

So here's a full summary of what you'd like to modify in order **#W9911714**:

1. **Running Shoes** (item ID 9791469541 - yellow, size 9, $147.05) → **Running Shoes** (item ID 4107812777 - black, size 9, $155.33) — difference: **+$8.28**
2. **Mechanical Keyboard** (item ID 1340995114 - tactile, no backlight, full size, $235.13) → **Mechanical Keyboard** (item ID 1421289881 - linear, no backlight, 80%, $268.77) — difference: **+$33.64**

**Total price difference**: $8.28 + $33.64 = **$41.92** extra to pay.

You'd like to use your **gift card** (gift_card_4332117, balance $86.00) to cover the difference, which has enough balance.

Please note that this modification can only be done **once** per order, and after this, the order cannot be modified or cancelled anymore. 

Could you please confirm:
1. Are these **all** the items you want to modify?
2. Do you confirm you'd like to proceed with these changes?
is_final_chunk: True
2026-07-22 11:37:46.427 | DEBUG    | tau2.user.user_simulator:_generate_next_message:244 - Response: Yes, that’s everything I want to change. Go ahead and proceed with the modifications and use my gift card for the extra charges. Also, after you’re done, can you let me know what my gift card balance will be?
2026-07-22 11:37:46.427 | DEBUG    | tau2.orchestrator.orchestrator:step:833 - Step 23. Sending message from Role.USER to Role.AGENT
2026-07-22 11:37:46.427 | DEBUG    | tau2.orchestrator.orchestrator:step:836 - Step 23.
From role: Role.USER
To role: Role.AGENT
Message: UserMessage
content: Yes, that’s everything I want to change. Go ahead and proceed with the modifications and use my gift card for the extra charges. Also, after you’re done, can you let me know what my gift card balance will be?
is_final_chunk: True
2026-07-22 11:37:48.154 | DEBUG    | tau2.orchestrator.orchestrator:step:833 - Step 24. Sending message from Role.AGENT to Role.ENV
2026-07-22 11:37:48.154 | DEBUG    | tau2.orchestrator.orchestrator:step:836 - Step 24.
From role: Role.AGENT
To role: Role.ENV
Message: AssistantMessage
content: Let me first check the current gift card balance to make sure it covers the difference.

The gift card balance is **$86.00** and the total difference is **$41.92**, so that's enough. Let me proceed with the modification.
ToolCalls:
ToolCall (from assistant)
id: call_00_DjoyqvZhldSQCoVnhowb3997
name: modify_pending_order_items
arguments:
{
  "order_id": "#W9911714",
  "item_ids": [
    "9791469541",
    "1340995114"
  ],
  "new_item_ids": [
    "4107812777",
    "1421289881"
  ],
  "payment_method_id": "gift_card_4332117"
}
is_final_chunk: True
2026-07-22 11:37:48.155 | DEBUG    | tau2.environment.environment:get_response:454 - Response: order_id='#W9911714' user_id='ethan_garcia_1261' address=UserAddress(address1='667 Highland Drive', address2='Suite 865', city='Denver', country='USA', state='CO', zip='80280') items=[OrderItem(name='Water Bottle', product_id='8310926033', item_id='2366567022', price=54.04, options={'capacity': '1000ml', 'material': 'stainless steel', 'color': 'blue'}), OrderItem(name='Mechanical Keyboard', product_id='1656367028', item_id='1421289881', price=268.77, options={'switch type': 'linear', 'backlight': 'none', 'size': '80%'}), OrderItem(name='Running Shoes', product_id='6938111410', item_id='4107812777', price=268.77, options={'switch type': 'linear', 'backlight': 'none', 'size': '80%'}), OrderItem(name='Makeup Kit', product_id='5149340237', item_id='1763705424', price=235.44, options={'skin tone': 'dark', 'kit size': 'professional', 'brand': 'Brand C'})] status='pending (item modified)' fulfillments=[] payment_history=[OrderPayment(transaction_type='payment', amount=671.66, payment_method_id='paypal_3798357'), OrderPayment(transaction_type='payment', amount=41.91999999999999, payment_method_id='gift_card_4332117')] cancel_reason=None exchange_items=None exchange_new_items=None exchange_payment_method_id=None exchange_price_difference=None return_items=None return_payment_method_id=None
2026-07-22 11:37:48.155 | DEBUG    | tau2.orchestrator.orchestrator:step:833 - Step 25. Sending message from Role.ENV to Role.AGENT
2026-07-22 11:37:48.155 | DEBUG    | tau2.orchestrator.orchestrator:step:836 - Step 25.
From role: Role.ENV
To role: Role.AGENT
Message: ToolMessage (responding to assistant)
timestamp: 2026-07-22T11:37:48.155402
content: {"order_id": "#W9911714", "user_id": "ethan_garcia_1261", "address": {"address1": "667 Highland Drive", "address2": "Suite 865", "city": "Denver", "country": "USA", "state": "CO", "zip": "80280"}, "items": [{"name": "Water Bottle", "product_id": "8310926033", "item_id": "2366567022", "price": 54.04, "options": {"capacity": "1000ml", "material": "stainless steel", "color": "blue"}}, {"name": "Mechanical Keyboard", "product_id": "1656367028", "item_id": "1421289881", "price": 268.77, "options": {"switch type": "linear", "backlight": "none", "size": "80%"}}, {"name": "Running Shoes", "product_id": "6938111410", "item_id": "4107812777", "price": 268.77, "options": {"switch type": "linear", "backlight": "none", "size": "80%"}}, {"name": "Makeup Kit", "product_id": "5149340237", "item_id": "1763705424", "price": 235.44, "options": {"skin tone": "dark", "kit size": "professional", "brand": "Brand C"}}], "status": "pending (item modified)", "fulfillments": [], "payment_history": [{"transaction_type": "payment", "amount": 671.66, "payment_method_id": "paypal_3798357"}, {"transaction_type": "payment", "amount": 41.91999999999999, "payment_method_id": "gift_card_4332117"}], "cancel_reason": null, "exchange_items": null, "exchange_new_items": null, "exchange_payment_method_id": null, "exchange_price_difference": null, "return_items": null, "return_payment_method_id": null}
2026-07-22 11:37:49.220 | DEBUG    | tau2.orchestrator.orchestrator:step:833 - Step 26. Sending message from Role.AGENT to Role.ENV
2026-07-22 11:37:49.222 | DEBUG    | tau2.orchestrator.orchestrator:step:836 - Step 26.
From role: Role.AGENT
To role: Role.ENV
Message: AssistantMessage
content: The modifications have been made successfully! Let me check your updated gift card balance.
ToolCalls:
ToolCall (from assistant)
id: call_00_fMsdaGEbEYRkw0v7yCQ91430
name: get_user_details
arguments:
{
  "user_id": "ethan_garcia_1261"
}
is_final_chunk: True
2026-07-22 11:37:49.222 | DEBUG    | tau2.environment.environment:get_response:454 - Response: user_id='ethan_garcia_1261' name=UserName(first_name='Ethan', last_name='Garcia') address=UserAddress(address1='667 Highland Drive', address2='Suite 865', city='Denver', country='USA', state='CO', zip='80280') email='ethan.garcia8085@example.com' payment_methods={'paypal_3798357': Paypal(source='paypal', id='paypal_3798357'), 'gift_card_4332117': GiftCard(source='gift_card', id='gift_card_4332117', balance=44.08)} orders=['#W4967593', '#W9911714', '#W5733668']
2026-07-22 11:37:49.222 | DEBUG    | tau2.orchestrator.orchestrator:step:833 - Step 27. Sending message from Role.ENV to Role.AGENT
2026-07-22 11:37:49.223 | DEBUG    | tau2.orchestrator.orchestrator:step:836 - Step 27.
From role: Role.ENV
To role: Role.AGENT
Message: ToolMessage (responding to assistant)
timestamp: 2026-07-22T11:37:49.222100
content: {"user_id": "ethan_garcia_1261", "name": {"first_name": "Ethan", "last_name": "Garcia"}, "address": {"address1": "667 Highland Drive", "address2": "Suite 865", "city": "Denver", "country": "USA", "state": "CO", "zip": "80280"}, "email": "ethan.garcia8085@example.com", "payment_methods": {"paypal_3798357": {"source": "paypal", "id": "paypal_3798357"}, "gift_card_4332117": {"source": "gift_card", "id": "gift_card_4332117", "balance": 44.08}}, "orders": ["#W4967593", "#W9911714", "#W5733668"]}
2026-07-22 11:37:50.666 | DEBUG    | tau2.orchestrator.orchestrator:step:833 - Step 28. Sending message from Role.AGENT to Role.USER
2026-07-22 11:37:50.666 | DEBUG    | tau2.orchestrator.orchestrator:step:836 - Step 28.
From role: Role.AGENT
To role: Role.USER
Message: AssistantMessage
content: Here's a summary of everything:

✅ **Modifications completed successfully!**

1. **Running Shoes**: Yellow, size 9 → **Black, size 9** ✅
2. **Mechanical Keyboard**: Tactile, full size → **Linear, 80% size** ✅
3. **Payment**: $41.92 charged to your gift card ✅

**Your updated gift card balance**: $86.00 - $41.92 = **$44.08**

Is there anything else I can help you with?
is_final_chunk: True
2026-07-22 11:37:50.666 | DEBUG    | tau2.user.user_simulator:_generate_next_message:222 - User responds to message: AssistantMessage
content: Here's a summary of everything:

✅ **Modifications completed successfully!**

1. **Running Shoes**: Yellow, size 9 → **Black, size 9** ✅
2. **Mechanical Keyboard**: Tactile, full size → **Linear, 80% size** ✅
3. **Payment**: $41.92 charged to your gift card ✅

**Your updated gift card balance**: $86.00 - $41.92 = **$44.08**

Is there anything else I can help you with?
is_final_chunk: True
2026-07-22 11:37:51.652 | DEBUG    | tau2.user.user_simulator:_generate_next_message:244 - Response: No, that’s all I needed. Thanks for handling it. ###STOP###
2026-07-22 11:37:51.732 | DEBUG    | tau2.environment.environment:get_response:454 - Response: order_id='#W9911714' user_id='ethan_garcia_1261' address=UserAddress(address1='667 Highland Drive', address2='Suite 865', city='Denver', country='USA', state='CO', zip='80280') items=[OrderItem(name='Water Bottle', product_id='8310926033', item_id='2366567022', price=54.04, options={'capacity': '1000ml', 'material': 'stainless steel', 'color': 'blue'}), OrderItem(name='Mechanical Keyboard', product_id='1656367028', item_id='1421289881', price=268.77, options={'switch type': 'linear', 'backlight': 'none', 'size': '80%'}), OrderItem(name='Running Shoes', product_id='6938111410', item_id='4107812777', price=268.77, options={'switch type': 'linear', 'backlight': 'none', 'size': '80%'}), OrderItem(name='Makeup Kit', product_id='5149340237', item_id='1763705424', price=235.44, options={'skin tone': 'dark', 'kit size': 'professional', 'brand': 'Brand C'})] status='pending (item modified)' fulfillments=[] payment_history=[OrderPayment(transaction_type='payment', amount=671.66, payment_method_id='paypal_3798357'), OrderPayment(transaction_type='payment', amount=41.91999999999999, payment_method_id='gift_card_4332117')] cancel_reason=None exchange_items=None exchange_new_items=None exchange_payment_method_id=None exchange_price_difference=None return_items=None return_payment_method_id=None
2026-07-22 11:37:52.829 | INFO     | tau2.runner.simulation:run_simulation:87 - Simulation complete: domain=retail, task=21, reward=1.0
2026-07-22 11:37:52.830 | INFO     | tau2.runner.batch:run_single_task:442 - FINISHED SIMULATION: Domain: retail, Task: 21, Reward: 1.0
