2026-07-21 15:19:47.815 | DEBUG    | tau2.runner.batch:__enter__:301 - Task log file: D:\PolicyAgent-PostTrain\experiments\20260721_151851_retail_smoke5_deepseek\task_72\tau2_artifacts\artifacts\task_72\sim_291e523e-42a5-4e27-b639-3ab09841cf3d\task.log
2026-07-21 15:19:47.999 | INFO     | tau2.orchestrator.orchestrator:_validate_mode_compatibility:477 - Orchestrator initialized in HALF_DUPLEX mode (turn-based) with agent=LLMAgent, user=UserSimulator
2026-07-21 15:19:48.000 | DEBUG    | tau2.runner.build:build_text_orchestrator:400 - Built text orchestrator: domain=retail, agent=llm_agent, user=user_simulator, task=72
2026-07-21 15:19:48.001 | DEBUG    | tau2.orchestrator.orchestrator:step:833 - Step 0. Sending message from Role.AGENT to Role.USER
2026-07-21 15:19:48.001 | DEBUG    | tau2.orchestrator.orchestrator:step:836 - Step 0.
From role: Role.AGENT
To role: Role.USER
Message: AssistantMessage
content: Hi! How can I help you today?
is_final_chunk: True
2026-07-21 15:19:48.001 | DEBUG    | tau2.user.user_simulator:_generate_next_message:222 - User responds to message: AssistantMessage
content: Hi! How can I help you today?
is_final_chunk: True
2026-07-21 15:19:49.105 | DEBUG    | tau2.user.user_simulator:_generate_next_message:244 - Response: Hi there! I need a little help with an order I just placed. I realized I need to change the backpack to a medium size and polyester material, and also I accidentally sent the whole order to my son’s address in Washington DC instead of my usual one. Could you help me update both?
2026-07-21 15:19:49.105 | DEBUG    | tau2.orchestrator.orchestrator:step:833 - Step 1. Sending message from Role.USER to Role.AGENT
2026-07-21 15:19:49.105 | DEBUG    | tau2.orchestrator.orchestrator:step:836 - Step 1.
From role: Role.USER
To role: Role.AGENT
Message: UserMessage
content: Hi there! I need a little help with an order I just placed. I realized I need to change the backpack to a medium size and polyester material, and also I accidentally sent the whole order to my son’s address in Washington DC instead of my usual one. Could you help me update both?
is_final_chunk: True
2026-07-21 15:19:49.931 | DEBUG    | tau2.orchestrator.orchestrator:step:833 - Step 2. Sending message from Role.AGENT to Role.USER
2026-07-21 15:19:49.931 | DEBUG    | tau2.orchestrator.orchestrator:step:836 - Step 2.
From role: Role.AGENT
To role: Role.USER
Message: AssistantMessage
content: I'd be happy to help you with that! First, I need to authenticate your identity. Could you please provide me with your email address, or your name and zip code so I can look you up?
is_final_chunk: True
2026-07-21 15:19:49.931 | DEBUG    | tau2.user.user_simulator:_generate_next_message:222 - User responds to message: AssistantMessage
content: I'd be happy to help you with that! First, I need to authenticate your identity. Could you please provide me with your email address, or your name and zip code so I can look you up?
is_final_chunk: True
2026-07-21 15:19:50.793 | DEBUG    | tau2.user.user_simulator:_generate_next_message:244 - Response: Sure! My name is Ivan Khan and my zip code is 28243.
2026-07-21 15:19:50.794 | DEBUG    | tau2.orchestrator.orchestrator:step:833 - Step 3. Sending message from Role.USER to Role.AGENT
2026-07-21 15:19:50.794 | DEBUG    | tau2.orchestrator.orchestrator:step:836 - Step 3.
From role: Role.USER
To role: Role.AGENT
Message: UserMessage
content: Sure! My name is Ivan Khan and my zip code is 28243.
is_final_chunk: True
2026-07-21 15:19:51.782 | DEBUG    | tau2.orchestrator.orchestrator:step:833 - Step 4. Sending message from Role.AGENT to Role.ENV
2026-07-21 15:19:51.782 | DEBUG    | tau2.orchestrator.orchestrator:step:836 - Step 4.
From role: Role.AGENT
To role: Role.ENV
Message: AssistantMessage
content: Let me look you up!
ToolCalls:
ToolCall (from assistant)
id: call_00_2zVVkniNULR0KvLg6AqN2474
name: find_user_id_by_name_zip
arguments:
{
  "first_name": "Ivan",
  "last_name": "Khan",
  "zip": "28243"
}
is_final_chunk: True
2026-07-21 15:19:51.782 | DEBUG    | tau2.environment.environment:get_response:454 - Response: ivan_khan_7475
2026-07-21 15:19:51.783 | DEBUG    | tau2.orchestrator.orchestrator:step:833 - Step 5. Sending message from Role.ENV to Role.AGENT
2026-07-21 15:19:51.783 | DEBUG    | tau2.orchestrator.orchestrator:step:836 - Step 5.
From role: Role.ENV
To role: Role.AGENT
Message: ToolMessage (responding to assistant)
timestamp: 2026-07-21T15:19:51.783860
content: ivan_khan_7475
2026-07-21 15:19:52.859 | DEBUG    | tau2.orchestrator.orchestrator:step:833 - Step 6. Sending message from Role.AGENT to Role.ENV
2026-07-21 15:19:52.860 | DEBUG    | tau2.orchestrator.orchestrator:step:836 - Step 6.
From role: Role.AGENT
To role: Role.ENV
Message: AssistantMessage
content: Great, I found you! Let me get your details and see what orders you have.
ToolCalls:
ToolCall (from assistant)
id: call_00_bgNAoyoFZPXAunigEn712941
name: get_user_details
arguments:
{
  "user_id": "ivan_khan_7475"
}
is_final_chunk: True
2026-07-21 15:19:52.860 | DEBUG    | tau2.environment.environment:get_response:454 - Response: user_id='ivan_khan_7475' name=UserName(first_name='Ivan', last_name='Khan') address=UserAddress(address1='159 Hickory Lane', address2='Suite 995', city='Charlotte', country='USA', state='NC', zip='28243') email='ivan.khan6479@example.com' payment_methods={'gift_card_1711656': GiftCard(source='gift_card', id='gift_card_1711656', balance=62.0), 'paypal_7729105': Paypal(source='paypal', id='paypal_7729105')} orders=['#W5270061', '#W7032009', '#W1519594', '#W5782623']
2026-07-21 15:19:52.861 | DEBUG    | tau2.orchestrator.orchestrator:step:833 - Step 7. Sending message from Role.ENV to Role.AGENT
2026-07-21 15:19:52.861 | DEBUG    | tau2.orchestrator.orchestrator:step:836 - Step 7.
From role: Role.ENV
To role: Role.AGENT
Message: ToolMessage (responding to assistant)
timestamp: 2026-07-21T15:19:52.860975
content: {"user_id": "ivan_khan_7475", "name": {"first_name": "Ivan", "last_name": "Khan"}, "address": {"address1": "159 Hickory Lane", "address2": "Suite 995", "city": "Charlotte", "country": "USA", "state": "NC", "zip": "28243"}, "email": "ivan.khan6479@example.com", "payment_methods": {"gift_card_1711656": {"source": "gift_card", "id": "gift_card_1711656", "balance": 62.0}, "paypal_7729105": {"source": "paypal", "id": "paypal_7729105"}}, "orders": ["#W5270061", "#W7032009", "#W1519594", "#W5782623"]}
2026-07-21 15:19:54.475 | DEBUG    | tau2.orchestrator.orchestrator:step:833 - Step 8. Sending message from Role.AGENT to Role.ENV
2026-07-21 15:19:54.476 | DEBUG    | tau2.orchestrator.orchestrator:step:836 - Step 8.
From role: Role.AGENT
To role: Role.ENV
Message: AssistantMessage
content: Let me check the details of your orders to find the one you're referring to.
ToolCalls:
ToolCall (from assistant)
id: call_00_j1f7uRI3EfpZeIp4M07o2408
name: get_order_details
arguments:
{
  "order_id": "#W5270061"
}
ToolCall (from assistant)
id: call_01_WAI4LKQBjpl1qsFqABj05452
name: get_order_details
arguments:
{
  "order_id": "#W7032009"
}
ToolCall (from assistant)
id: call_02_vEGIgGRkePxVv2VuQm8z9347
name: get_order_details
arguments:
{
  "order_id": "#W1519594"
}
ToolCall (from assistant)
id: call_03_Fl12EdKkm1JSavcMIDEs8761
name: get_order_details
arguments:
{
  "order_id": "#W5782623"
}
is_final_chunk: True
2026-07-21 15:19:54.476 | DEBUG    | tau2.environment.environment:get_response:454 - Response: order_id='#W5270061' user_id='ivan_khan_7475' address=UserAddress(address1='584 Sunset Drive', address2='Suite 270', city='Washington', country='USA', state='DC', zip='20353') items=[OrderItem(name='Backpack', product_id='2524789262', item_id='2492465580', price=201.95, options={'color': 'navy', 'size': 'small', 'material': 'nylon', 'compartment': 'laptop'}), OrderItem(name='Indoor Security Camera', product_id='2985987096', item_id='5810561222', price=274.98, options={'resolution': '4K', 'field of view': '130 degrees', 'connectivity': 'Wi-Fi'}), OrderItem(name='Desk Lamp', product_id='6817146515', item_id='7453605304', price=150.01, options={'color': 'silver', 'brightness': 'low', 'power source': 'battery'})] status='pending' fulfillments=[] payment_history=[OrderPayment(transaction_type='payment', amount=626.94, payment_method_id='gift_card_1711656')] cancel_reason=None exchange_items=None exchange_new_items=None exchange_payment_method_id=None exchange_price_difference=None return_items=None return_payment_method_id=None
2026-07-21 15:19:54.476 | DEBUG    | tau2.environment.environment:get_response:454 - Response: order_id='#W7032009' user_id='ivan_khan_7475' address=UserAddress(address1='159 Hickory Lane', address2='Suite 995', city='Charlotte', country='USA', state='NC', zip='28243') items=[OrderItem(name='Air Purifier', product_id='3821016478', item_id='7166996157', price=518.31, options={'room size': 'small', 'filter type': 'HEPA', 'features': 'night mode'}), OrderItem(name='Backpack', product_id='2524789262', item_id='8054888773', price=206.03, options={'color': 'grey', 'size': 'small', 'material': 'nylon', 'compartment': 'laptop'})] status='pending' fulfillments=[] payment_history=[OrderPayment(transaction_type='payment', amount=724.34, payment_method_id='paypal_7729105')] cancel_reason=None exchange_items=None exchange_new_items=None exchange_payment_method_id=None exchange_price_difference=None return_items=None return_payment_method_id=None
2026-07-21 15:19:54.477 | DEBUG    | tau2.environment.environment:get_response:454 - Response: order_id='#W1519594' user_id='ivan_khan_7475' address=UserAddress(address1='159 Hickory Lane', address2='Suite 995', city='Charlotte', country='USA', state='NC', zip='28243') items=[OrderItem(name='Electric Kettle', product_id='1075968781', item_id='9472539378', price=143.72, options={'capacity': '1.5L', 'material': 'glass', 'color': 'white'}), OrderItem(name='Wireless Earbuds', product_id='9924732112', item_id='1646531091', price=232.49, options={'color': 'blue', 'battery life': '6 hours', 'water resistance': 'IPX4'})] status='delivered' fulfillments=[OrderFullfilment(tracking_id=['772875761698'], item_ids=['9472539378', '1646531091'])] payment_history=[OrderPayment(transaction_type='payment', amount=376.21, payment_method_id='gift_card_1711656')] cancel_reason=None exchange_items=None exchange_new_items=None exchange_payment_method_id=None exchange_price_difference=None return_items=None return_payment_method_id=None
2026-07-21 15:19:54.479 | DEBUG    | tau2.environment.environment:get_response:454 - Response: order_id='#W5782623' user_id='ivan_khan_7475' address=UserAddress(address1='159 Hickory Lane', address2='Suite 995', city='Charlotte', country='USA', state='NC', zip='28243') items=[OrderItem(name='Backpack', product_id='2524789262', item_id='2492465580', price=201.95, options={'color': 'navy', 'size': 'small', 'material': 'nylon', 'compartment': 'laptop'}), OrderItem(name='Perfume', product_id='6858788497', item_id='1002370030', price=290.25, options={'scent family': 'woody', 'size': '50ml', 'gender': 'women'})] status='pending' fulfillments=[] payment_history=[OrderPayment(transaction_type='payment', amount=492.2, payment_method_id='gift_card_1711656')] cancel_reason=None exchange_items=None exchange_new_items=None exchange_payment_method_id=None exchange_price_difference=None return_items=None return_payment_method_id=None
2026-07-21 15:19:54.479 | DEBUG    | tau2.orchestrator.orchestrator:step:833 - Step 9. Sending message from Role.ENV to Role.AGENT
2026-07-21 15:19:54.480 | DEBUG    | tau2.orchestrator.orchestrator:step:836 - Step 9.
From role: Role.ENV
To role: Role.AGENT
Message: role='tool' tool_messages=[ToolMessage(id='call_00_j1f7uRI3EfpZeIp4M07o2408', role='tool', content='{"order_id": "#W5270061", "user_id": "ivan_khan_7475", "address": {"address1": "584 Sunset Drive", "address2": "Suite 270", "city": "Washington", "country": "USA", "state": "DC", "zip": "20353"}, "items": [{"name": "Backpack", "product_id": "2524789262", "item_id": "2492465580", "price": 201.95, "options": {"color": "navy", "size": "small", "material": "nylon", "compartment": "laptop"}}, {"name": "Indoor Security Camera", "product_id": "2985987096", "item_id": "5810561222", "price": 274.98, "options": {"resolution": "4K", "field of view": "130 degrees", "connectivity": "Wi-Fi"}}, {"name": "Desk Lamp", "product_id": "6817146515", "item_id": "7453605304", "price": 150.01, "options": {"color": "silver", "brightness": "low", "power source": "battery"}}], "status": "pending", "fulfillments": [], "payment_history": [{"transaction_type": "payment", "amount": 626.94, "payment_method_id": "gift_card_1711656"}], "cancel_reason": null, "exchange_items": null, "exchange_new_items": null, "exchange_payment_method_id": null, "exchange_price_difference": null, "return_items": null, "return_payment_method_id": null}', requestor='assistant', error=False, turn_idx=None, timestamp='2026-07-21T15:19:54.476876'), ToolMessage(id='call_01_WAI4LKQBjpl1qsFqABj05452', role='tool', content='{"order_id": "#W7032009", "user_id": "ivan_khan_7475", "address": {"address1": "159 Hickory Lane", "address2": "Suite 995", "city": "Charlotte", "country": "USA", "state": "NC", "zip": "28243"}, "items": [{"name": "Air Purifier", "product_id": "3821016478", "item_id": "7166996157", "price": 518.31, "options": {"room size": "small", "filter type": "HEPA", "features": "night mode"}}, {"name": "Backpack", "product_id": "2524789262", "item_id": "8054888773", "price": 206.03, "options": {"color": "grey", "size": "small", "material": "nylon", "compartment": "laptop"}}], "status": "pending", "fulfillments": [], "payment_history": [{"transaction_type": "payment", "amount": 724.34, "payment_method_id": "paypal_7729105"}], "cancel_reason": null, "exchange_items": null, "exchange_new_items": null, "exchange_payment_method_id": null, "exchange_price_difference": null, "return_items": null, "return_payment_method_id": null}', requestor='assistant', error=False, turn_idx=None, timestamp='2026-07-21T15:19:54.477878'), ToolMessage(id='call_02_vEGIgGRkePxVv2VuQm8z9347', role='tool', content='{"order_id": "#W1519594", "user_id": "ivan_khan_7475", "address": {"address1": "159 Hickory Lane", "address2": "Suite 995", "city": "Charlotte", "country": "USA", "state": "NC", "zip": "28243"}, "items": [{"name": "Electric Kettle", "product_id": "1075968781", "item_id": "9472539378", "price": 143.72, "options": {"capacity": "1.5L", "material": "glass", "color": "white"}}, {"name": "Wireless Earbuds", "product_id": "9924732112", "item_id": "1646531091", "price": 232.49, "options": {"color": "blue", "battery life": "6 hours", "water resistance": "IPX4"}}], "status": "delivered", "fulfillments": [{"tracking_id": ["772875761698"], "item_ids": ["9472539378", "1646531091"]}], "payment_history": [{"transaction_type": "payment", "amount": 376.21, "payment_method_id": "gift_card_1711656"}], "cancel_reason": null, "exchange_items": null, "exchange_new_items": null, "exchange_payment_method_id": null, "exchange_price_difference": null, "return_items": null, "return_payment_method_id": null}', requestor='assistant', error=False, turn_idx=None, timestamp='2026-07-21T15:19:54.479150'), ToolMessage(id='call_03_Fl12EdKkm1JSavcMIDEs8761', role='tool', content='{"order_id": "#W5782623", "user_id": "ivan_khan_7475", "address": {"address1": "159 Hickory Lane", "address2": "Suite 995", "city": "Charlotte", "country": "USA", "state": "NC", "zip": "28243"}, "items": [{"name": "Backpack", "product_id": "2524789262", "item_id": "2492465580", "price": 201.95, "options": {"color": "navy", "size": "small", "material": "nylon", "compartment": "laptop"}}, {"name": "Perfume", "product_id": "6858788497", "item_id": "1002370030", "price": 290.25, "options": {"scent family": "woody", "size": "50ml", "gender": "women"}}], "status": "pending", "fulfillments": [], "payment_history": [{"transaction_type": "payment", "amount": 492.2, "payment_method_id": "gift_card_1711656"}], "cancel_reason": null, "exchange_items": null, "exchange_new_items": null, "exchange_payment_method_id": null, "exchange_price_difference": null, "return_items": null, "return_payment_method_id": null}', requestor='assistant', error=False, turn_idx=None, timestamp='2026-07-21T15:19:54.479150')]
2026-07-21 15:19:56.658 | DEBUG    | tau2.orchestrator.orchestrator:step:833 - Step 10. Sending message from Role.AGENT to Role.USER
2026-07-21 15:19:56.658 | DEBUG    | tau2.orchestrator.orchestrator:step:836 - Step 10.
From role: Role.AGENT
To role: Role.USER
Message: AssistantMessage
content: I can see you have a few orders. Let me look at the one that seems to match your description — order **#W5270061** is a pending order with a backpack (navy, small, nylon) and it's being shipped to a Washington DC address. Is that the order you're referring to?

Also, I noticed you have another pending order **#W5782623** which also has a backpack (same item id). Could you clarify which order you'd like to modify?
is_final_chunk: True
2026-07-21 15:19:56.658 | DEBUG    | tau2.user.user_simulator:_generate_next_message:222 - User responds to message: AssistantMessage
content: I can see you have a few orders. Let me look at the one that seems to match your description — order **#W5270061** is a pending order with a backpack (navy, small, nylon) and it's being shipped to a Washington DC address. Is that the order you're referring to?

Also, I noticed you have another pending order **#W5782623** which also has a backpack (same item id). Could you clarify which order you'd like to modify?
is_final_chunk: True
2026-07-21 15:19:57.694 | DEBUG    | tau2.user.user_simulator:_generate_next_message:244 - Response: Yes, that’s the one—order #W5270061. I’d like to update the backpack to medium size and polyester material, and also change the shipping address to my default one in Charlotte. And while you’re at it, could you also switch the desk lamp to black?
2026-07-21 15:19:57.695 | DEBUG    | tau2.orchestrator.orchestrator:step:833 - Step 11. Sending message from Role.USER to Role.AGENT
2026-07-21 15:19:57.695 | DEBUG    | tau2.orchestrator.orchestrator:step:836 - Step 11.
From role: Role.USER
To role: Role.AGENT
Message: UserMessage
content: Yes, that’s the one—order #W5270061. I’d like to update the backpack to medium size and polyester material, and also change the shipping address to my default one in Charlotte. And while you’re at it, could you also switch the desk lamp to black?
is_final_chunk: True
2026-07-21 15:19:58.920 | DEBUG    | tau2.orchestrator.orchestrator:step:833 - Step 12. Sending message from Role.AGENT to Role.ENV
2026-07-21 15:19:58.920 | DEBUG    | tau2.orchestrator.orchestrator:step:836 - Step 12.
From role: Role.AGENT
To role: Role.ENV
Message: AssistantMessage
content: Great, let me look into the available options for the backpack and desk lamp products to find suitable items.
ToolCalls:
ToolCall (from assistant)
id: call_00_ASqSqndbyR21MwjB8EeO7572
name: get_product_details
arguments:
{
  "product_id": "2524789262"
}
ToolCall (from assistant)
id: call_01_jDmJrCruWVYOSCFhIEQV7762
name: get_product_details
arguments:
{
  "product_id": "6817146515"
}
is_final_chunk: True
2026-07-21 15:19:58.921 | DEBUG    | tau2.environment.environment:get_response:454 - Response: name='Backpack' product_id='2524789262' variants={'3928046918': Variant(item_id='3928046918', options={'color': 'black', 'size': 'large', 'material': 'nylon', 'compartment': 'camera'}, available=True, price=198.0), '7251508981': Variant(item_id='7251508981', options={'color': 'green', 'size': 'small', 'material': 'leather', 'compartment': 'camera'}, available=True, price=212.04), '5726859009': Variant(item_id='5726859009', options={'color': 'grey', 'size': 'large', 'material': 'nylon', 'compartment': 'hydration'}, available=True, price=200.48), '3557711149': Variant(item_id='3557711149', options={'color': 'green', 'size': 'small', 'material': 'polyester', 'compartment': 'laptop'}, available=True, price=205.35), '6309044598': Variant(item_id='6309044598', options={'color': 'grey', 'size': 'large', 'material': 'polyester', 'compartment': 'hydration'}, available=True, price=218.59), '8030558068': Variant(item_id='8030558068', options={'color': 'black', 'size': 'medium', 'material': 'nylon', 'compartment': 'hydration'}, available=False, price=186.78), '8054888773': Variant(item_id='8054888773', options={'color': 'grey', 'size': 'small', 'material': 'nylon', 'compartment': 'laptop'}, available=True, price=206.03), '7824298782': Variant(item_id='7824298782', options={'color': 'black', 'size': 'small', 'material': 'nylon', 'compartment': 'laptop'}, available=False, price=200.38), '2492465580': Variant(item_id='2492465580', options={'color': 'navy', 'size': 'small', 'material': 'nylon', 'compartment': 'laptop'}, available=False, price=201.95), '9851293632': Variant(item_id='9851293632', options={'color': 'green', 'size': 'small', 'material': 'polyester', 'compartment': 'camera'}, available=True, price=193.38), '4947717507': Variant(item_id='4947717507', options={'color': 'green', 'size': 'medium', 'material': 'leather', 'compartment': 'camera'}, available=False, price=218.04), '6906307980': Variant(item_id='6906307980', options={'color': 'black', 'size': 'large', 'material': 'polyester', 'compartment': 'laptop'}, available=True, price=202.39), '5917587651': Variant(item_id='5917587651', options={'color': 'grey', 'size': 'medium', 'material': 'polyester', 'compartment': 'laptop'}, available=True, price=212.79), '8084436579': Variant(item_id='8084436579', options={'color': 'navy', 'size': 'large', 'material': 'polyester', 'compartment': 'laptop'}, available=True, price=219.43)}
2026-07-21 15:19:58.921 | DEBUG    | tau2.environment.environment:get_response:454 - Response: name='Desk Lamp' product_id='6817146515' variants={'9083642334': Variant(item_id='9083642334', options={'color': 'white', 'brightness': 'high', 'power source': 'USB'}, available=True, price=164.28), '4385534692': Variant(item_id='4385534692', options={'color': 'white', 'brightness': 'high', 'power source': 'AC adapter'}, available=False, price=138.07), '7624783998': Variant(item_id='7624783998', options={'color': 'black', 'brightness': 'high', 'power source': 'AC adapter'}, available=True, price=154.17), '1270145486': Variant(item_id='1270145486', options={'color': 'white', 'brightness': 'high', 'power source': 'battery'}, available=False, price=144.07), '5320792178': Variant(item_id='5320792178', options={'color': 'black', 'brightness': 'medium', 'power source': 'AC adapter'}, available=True, price=135.24), '5370728469': Variant(item_id='5370728469', options={'color': 'silver', 'brightness': 'medium', 'power source': 'USB'}, available=True, price=164.97), '6805564527': Variant(item_id='6805564527', options={'color': 'black', 'brightness': 'medium', 'power source': 'USB'}, available=True, price=158.41), '1569765161': Variant(item_id='1569765161', options={'color': 'silver', 'brightness': 'low', 'power source': 'AC adapter'}, available=True, price=143.02), '7453605304': Variant(item_id='7453605304', options={'color': 'silver', 'brightness': 'low', 'power source': 'battery'}, available=True, price=150.01), '9190635437': Variant(item_id='9190635437', options={'color': 'black', 'brightness': 'low', 'power source': 'USB'}, available=True, price=153.23), '4447749792': Variant(item_id='4447749792', options={'color': 'white', 'brightness': 'medium', 'power source': 'AC adapter'}, available=False, price=139.8), '8384507844': Variant(item_id='8384507844', options={'color': 'white', 'brightness': 'medium', 'power source': 'USB'}, available=False, price=137.94)}
2026-07-21 15:19:58.922 | DEBUG    | tau2.orchestrator.orchestrator:step:833 - Step 13. Sending message from Role.ENV to Role.AGENT
2026-07-21 15:19:58.923 | DEBUG    | tau2.orchestrator.orchestrator:step:836 - Step 13.
From role: Role.ENV
To role: Role.AGENT
Message: role='tool' tool_messages=[ToolMessage(id='call_00_ASqSqndbyR21MwjB8EeO7572', role='tool', content='{"name": "Backpack", "product_id": "2524789262", "variants": {"3928046918": {"item_id": "3928046918", "options": {"color": "black", "size": "large", "material": "nylon", "compartment": "camera"}, "available": true, "price": 198.0}, "7251508981": {"item_id": "7251508981", "options": {"color": "green", "size": "small", "material": "leather", "compartment": "camera"}, "available": true, "price": 212.04}, "5726859009": {"item_id": "5726859009", "options": {"color": "grey", "size": "large", "material": "nylon", "compartment": "hydration"}, "available": true, "price": 200.48}, "3557711149": {"item_id": "3557711149", "options": {"color": "green", "size": "small", "material": "polyester", "compartment": "laptop"}, "available": true, "price": 205.35}, "6309044598": {"item_id": "6309044598", "options": {"color": "grey", "size": "large", "material": "polyester", "compartment": "hydration"}, "available": true, "price": 218.59}, "8030558068": {"item_id": "8030558068", "options": {"color": "black", "size": "medium", "material": "nylon", "compartment": "hydration"}, "available": false, "price": 186.78}, "8054888773": {"item_id": "8054888773", "options": {"color": "grey", "size": "small", "material": "nylon", "compartment": "laptop"}, "available": true, "price": 206.03}, "7824298782": {"item_id": "7824298782", "options": {"color": "black", "size": "small", "material": "nylon", "compartment": "laptop"}, "available": false, "price": 200.38}, "2492465580": {"item_id": "2492465580", "options": {"color": "navy", "size": "small", "material": "nylon", "compartment": "laptop"}, "available": false, "price": 201.95}, "9851293632": {"item_id": "9851293632", "options": {"color": "green", "size": "small", "material": "polyester", "compartment": "camera"}, "available": true, "price": 193.38}, "4947717507": {"item_id": "4947717507", "options": {"color": "green", "size": "medium", "material": "leather", "compartment": "camera"}, "available": false, "price": 218.04}, "6906307980": {"item_id": "6906307980", "options": {"color": "black", "size": "large", "material": "polyester", "compartment": "laptop"}, "available": true, "price": 202.39}, "5917587651": {"item_id": "5917587651", "options": {"color": "grey", "size": "medium", "material": "polyester", "compartment": "laptop"}, "available": true, "price": 212.79}, "8084436579": {"item_id": "8084436579", "options": {"color": "navy", "size": "large", "material": "polyester", "compartment": "laptop"}, "available": true, "price": 219.43}}}', requestor='assistant', error=False, turn_idx=None, timestamp='2026-07-21T15:19:58.921141'), ToolMessage(id='call_01_jDmJrCruWVYOSCFhIEQV7762', role='tool', content='{"name": "Desk Lamp", "product_id": "6817146515", "variants": {"9083642334": {"item_id": "9083642334", "options": {"color": "white", "brightness": "high", "power source": "USB"}, "available": true, "price": 164.28}, "4385534692": {"item_id": "4385534692", "options": {"color": "white", "brightness": "high", "power source": "AC adapter"}, "available": false, "price": 138.07}, "7624783998": {"item_id": "7624783998", "options": {"color": "black", "brightness": "high", "power source": "AC adapter"}, "available": true, "price": 154.17}, "1270145486": {"item_id": "1270145486", "options": {"color": "white", "brightness": "high", "power source": "battery"}, "available": false, "price": 144.07}, "5320792178": {"item_id": "5320792178", "options": {"color": "black", "brightness": "medium", "power source": "AC adapter"}, "available": true, "price": 135.24}, "5370728469": {"item_id": "5370728469", "options": {"color": "silver", "brightness": "medium", "power source": "USB"}, "available": true, "price": 164.97}, "6805564527": {"item_id": "6805564527", "options": {"color": "black", "brightness": "medium", "power source": "USB"}, "available": true, "price": 158.41}, "1569765161": {"item_id": "1569765161", "options": {"color": "silver", "brightness": "low", "power source": "AC adapter"}, "available": true, "price": 143.02}, "7453605304": {"item_id": "7453605304", "options": {"color": "silver", "brightness": "low", "power source": "battery"}, "available": true, "price": 150.01}, "9190635437": {"item_id": "9190635437", "options": {"color": "black", "brightness": "low", "power source": "USB"}, "available": true, "price": 153.23}, "4447749792": {"item_id": "4447749792", "options": {"color": "white", "brightness": "medium", "power source": "AC adapter"}, "available": false, "price": 139.8}, "8384507844": {"item_id": "8384507844", "options": {"color": "white", "brightness": "medium", "power source": "USB"}, "available": false, "price": 137.94}}}', requestor='assistant', error=False, turn_idx=None, timestamp='2026-07-21T15:19:58.922142')]
2026-07-21 15:20:02.534 | DEBUG    | tau2.orchestrator.orchestrator:step:833 - Step 14. Sending message from Role.AGENT to Role.USER
2026-07-21 15:20:02.534 | DEBUG    | tau2.orchestrator.orchestrator:step:836 - Step 14.
From role: Role.AGENT
To role: Role.USER
Message: AssistantMessage
content: Let me check what options are available. For the backpack, you want **medium size** and **polyester material**. Looking at the available options:

- **Item 5917587651**: Backpack - grey, medium, polyester, laptop compartment - $212.79 (available)
- **Item 8084436579**: Backpack - navy, large, polyester, laptop compartment - $219.43 (available)

Unfortunately, there's no navy medium polyester backpack available. The closest match is **item 5917587651** (grey, medium, polyester, laptop compartment) at $212.79. However, your current backpack is navy. Would you like to go with the grey one?

For the **desk lamp**, you want black. Available black options are:
- **Item 7624783998**: Black, high brightness, AC adapter - $154.17
- **Item 5320792178**: Black, medium brightness, AC adapter - $135.24
- **Item 6805564527**: Black, medium brightness, USB - $158.41
- **Item 9190635437**: Black, low brightness, USB - $153.23

Which brightness and power source would you prefer for the desk lamp?

Also, regarding the **shipping address** — you mentioned you'd like it changed to your default address in Charlotte. That would be:
- 159 Hickory Lane, Suite 995, Charlotte, NC 28243, USA

Is that correct?

And lastly, since modifying items can only be done **once** per order, I need to make sure we have everything right before proceeding. Let me also ask about the **payment method** for the price difference. Your current order was paid with **gift card (gift_card_1711656)** which has a balance of $62.00. Would you like to use that same gift card for any price difference, or another method?
is_final_chunk: True
2026-07-21 15:20:02.535 | DEBUG    | tau2.user.user_simulator:_generate_next_message:222 - User responds to message: AssistantMessage
content: Let me check what options are available. For the backpack, you want **medium size** and **polyester material**. Looking at the available options:

- **Item 5917587651**: Backpack - grey, medium, polyester, laptop compartment - $212.79 (available)
- **Item 8084436579**: Backpack - navy, large, polyester, laptop compartment - $219.43 (available)

Unfortunately, there's no navy medium polyester backpack available. The closest match is **item 5917587651** (grey, medium, polyester, laptop compartment) at $212.79. However, your current backpack is navy. Would you like to go with the grey one?

For the **desk lamp**, you want black. Available black options are:
- **Item 7624783998**: Black, high brightness, AC adapter - $154.17
- **Item 5320792178**: Black, medium brightness, AC adapter - $135.24
- **Item 6805564527**: Black, medium brightness, USB - $158.41
- **Item 9190635437**: Black, low brightness, USB - $153.23

Which brightness and power source would you prefer for the desk lamp?

Also, regarding the **shipping address** — you mentioned you'd like it changed to your default address in Charlotte. That would be:
- 159 Hickory Lane, Suite 995, Charlotte, NC 28243, USA

Is that correct?

And lastly, since modifying items can only be done **once** per order, I need to make sure we have everything right before proceeding. Let me also ask about the **payment method** for the price difference. Your current order was paid with **gift card (gift_card_1711656)** which has a balance of $62.00. Would you like to use that same gift card for any price difference, or another method?
is_final_chunk: True
2026-07-21 15:20:03.730 | DEBUG    | tau2.user.user_simulator:_generate_next_message:244 - Response: Thanks for checking all that! Yes, please go with the grey, medium, polyester backpack—that sounds perfect.

For the desk lamp, let’s go with the black, medium brightness, USB option.

And yes, the Charlotte address you mentioned is correct.

For the payment difference, I’d like to use my gift card, please.
2026-07-21 15:20:03.731 | DEBUG    | tau2.orchestrator.orchestrator:step:833 - Step 15. Sending message from Role.USER to Role.AGENT
2026-07-21 15:20:03.731 | DEBUG    | tau2.orchestrator.orchestrator:step:836 - Step 15.
From role: Role.USER
To role: Role.AGENT
Message: UserMessage
content: Thanks for checking all that! Yes, please go with the grey, medium, polyester backpack—that sounds perfect.

For the desk lamp, let’s go with the black, medium brightness, USB option.

And yes, the Charlotte address you mentioned is correct.

For the payment difference, I’d like to use my gift card, please.
is_final_chunk: True
2026-07-21 15:20:05.432 | DEBUG    | tau2.orchestrator.orchestrator:step:833 - Step 16. Sending message from Role.AGENT to Role.ENV
2026-07-21 15:20:05.433 | DEBUG    | tau2.orchestrator.orchestrator:step:836 - Step 16.
From role: Role.AGENT
To role: Role.ENV
Message: AssistantMessage
content: Let me calculate the price differences to see how things work out.

**Current items in order #W5270061:**
1. Backpack (navy, small, nylon) - Item 2492465580 - $201.95
2. Desk Lamp (silver, low, battery) - Item 7453605304 - $150.01
3. Indoor Security Camera - Item 5810561222 - $274.98

**New items:**
1. Backpack (grey, medium, polyester, laptop) - Item 5917587651 - $212.79
2. Desk Lamp (black, medium, USB) - Item 6805564527 - $158.41
3. Indoor Security Camera - unchanged

Let me calculate the price difference.
ToolCalls:
ToolCall (from assistant)
id: call_00_dl97PtVpUWTiG88lCOZ71914
name: calculate
arguments:
{
  "expression": "(212.79 - 201.95) + (158.41 - 150.01)"
}
is_final_chunk: True
2026-07-21 15:20:05.433 | DEBUG    | tau2.environment.environment:get_response:454 - Response: 19.24
2026-07-21 15:20:05.433 | DEBUG    | tau2.orchestrator.orchestrator:step:833 - Step 17. Sending message from Role.ENV to Role.AGENT
2026-07-21 15:20:05.433 | DEBUG    | tau2.orchestrator.orchestrator:step:836 - Step 17.
From role: Role.ENV
To role: Role.AGENT
Message: ToolMessage (responding to assistant)
timestamp: 2026-07-21T15:20:05.433357
content: 19.24
2026-07-21 15:20:06.689 | DEBUG    | tau2.orchestrator.orchestrator:step:833 - Step 18. Sending message from Role.AGENT to Role.ENV
2026-07-21 15:20:06.690 | DEBUG    | tau2.orchestrator.orchestrator:step:836 - Step 18.
From role: Role.AGENT
To role: Role.ENV
Message: AssistantMessage
content: The price difference is **$19.24** extra. Your gift card has a balance of **$62.00**, so that's enough to cover it.

Let me also check the backpack item details to confirm availability.
ToolCalls:
ToolCall (from assistant)
id: call_00_UiVHv1ztXAIbPSBakHa75501
name: get_item_details
arguments:
{
  "item_id": "5917587651"
}
ToolCall (from assistant)
id: call_01_WfyKyuVOlYxqU7Bu2lYG2774
name: get_item_details
arguments:
{
  "item_id": "6805564527"
}
is_final_chunk: True
2026-07-21 15:20:06.690 | DEBUG    | tau2.environment.environment:get_response:454 - Response: item_id='5917587651' options={'color': 'grey', 'size': 'medium', 'material': 'polyester', 'compartment': 'laptop'} available=True price=212.79
2026-07-21 15:20:06.690 | DEBUG    | tau2.environment.environment:get_response:454 - Response: item_id='6805564527' options={'color': 'black', 'brightness': 'medium', 'power source': 'USB'} available=True price=158.41
2026-07-21 15:20:06.690 | DEBUG    | tau2.orchestrator.orchestrator:step:833 - Step 19. Sending message from Role.ENV to Role.AGENT
2026-07-21 15:20:06.691 | DEBUG    | tau2.orchestrator.orchestrator:step:836 - Step 19.
From role: Role.ENV
To role: Role.AGENT
Message: role='tool' tool_messages=[ToolMessage(id='call_00_UiVHv1ztXAIbPSBakHa75501', role='tool', content='{"item_id": "5917587651", "options": {"color": "grey", "size": "medium", "material": "polyester", "compartment": "laptop"}, "available": true, "price": 212.79}', requestor='assistant', error=False, turn_idx=None, timestamp='2026-07-21T15:20:06.690947'), ToolMessage(id='call_01_WfyKyuVOlYxqU7Bu2lYG2774', role='tool', content='{"item_id": "6805564527", "options": {"color": "black", "brightness": "medium", "power source": "USB"}, "available": true, "price": 158.41}', requestor='assistant', error=False, turn_idx=None, timestamp='2026-07-21T15:20:06.690947')]
2026-07-21 15:20:09.217 | DEBUG    | tau2.orchestrator.orchestrator:step:833 - Step 20. Sending message from Role.AGENT to Role.USER
2026-07-21 15:20:09.217 | DEBUG    | tau2.orchestrator.orchestrator:step:836 - Step 20.
From role: Role.AGENT
To role: Role.USER
Message: AssistantMessage
content: Both items are available. Now, let me summarize everything before we proceed.

Here's a full summary of the changes for **order #W5270061**:

**1. Modify Shipping Address** → Change to your default address:
- 159 Hickory Lane, Suite 995, Charlotte, NC 28243, USA

**2. Modify Items:**
- **Backpack**: Item 2492465580 (navy, small, nylon) → Item 5917587651 (grey, medium, polyester, laptop) — **+$10.84**
- **Desk Lamp**: Item 7453605304 (silver, low, battery) → Item 6805564527 (black, medium, USB) — **+$8.40**
- **Total price difference**: **+$19.24** (paid via gift card **gift_card_1711656**)

**Important note:** Since modifying items can only be done **once** per order, after this change the order status will become "pending (items modified)" and I won't be able to modify or cancel it anymore. So please confirm you've provided all the items you want to change.

Could you please confirm that everything looks good and you'd like to proceed? (Yes/No)
is_final_chunk: True
2026-07-21 15:20:09.217 | DEBUG    | tau2.user.user_simulator:_generate_next_message:222 - User responds to message: AssistantMessage
content: Both items are available. Now, let me summarize everything before we proceed.

Here's a full summary of the changes for **order #W5270061**:

**1. Modify Shipping Address** → Change to your default address:
- 159 Hickory Lane, Suite 995, Charlotte, NC 28243, USA

**2. Modify Items:**
- **Backpack**: Item 2492465580 (navy, small, nylon) → Item 5917587651 (grey, medium, polyester, laptop) — **+$10.84**
- **Desk Lamp**: Item 7453605304 (silver, low, battery) → Item 6805564527 (black, medium, USB) — **+$8.40**
- **Total price difference**: **+$19.24** (paid via gift card **gift_card_1711656**)

**Important note:** Since modifying items can only be done **once** per order, after this change the order status will become "pending (items modified)" and I won't be able to modify or cancel it anymore. So please confirm you've provided all the items you want to change.

Could you please confirm that everything looks good and you'd like to proceed? (Yes/No)
is_final_chunk: True
2026-07-21 15:20:10.350 | DEBUG    | tau2.user.user_simulator:_generate_next_message:244 - Response: Actually, before you proceed, I’d like to change my mind about the payment method. Could you use PayPal instead of the gift card for the price difference? Also, I think I’ll just modify the backpack for now and leave the desk lamp as it is. Sorry for the back and forth!
2026-07-21 15:20:10.350 | DEBUG    | tau2.orchestrator.orchestrator:step:833 - Step 21. Sending message from Role.USER to Role.AGENT
2026-07-21 15:20:10.350 | DEBUG    | tau2.orchestrator.orchestrator:step:836 - Step 21.
From role: Role.USER
To role: Role.AGENT
Message: UserMessage
content: Actually, before you proceed, I’d like to change my mind about the payment method. Could you use PayPal instead of the gift card for the price difference? Also, I think I’ll just modify the backpack for now and leave the desk lamp as it is. Sorry for the back and forth!
is_final_chunk: True
2026-07-21 15:20:11.821 | DEBUG    | tau2.orchestrator.orchestrator:step:833 - Step 22. Sending message from Role.AGENT to Role.ENV
2026-07-21 15:20:11.822 | DEBUG    | tau2.orchestrator.orchestrator:step:836 - Step 22.
From role: Role.AGENT
To role: Role.ENV
Message: AssistantMessage
content: No problem at all! So just to clarify, you'd like to:

1. **Modify shipping address** to your Charlotte address
2. **Modify only the backpack** (navy, small, nylon → grey, medium, polyester, laptop) — leaving the desk lamp as is
3. **Use PayPal** (paypal_7729105) for the price difference

Let me calculate the price difference for just the backpack:
ToolCalls:
ToolCall (from assistant)
id: call_00_bJVCoXsosbjfCJwgPLXa9906
name: calculate
arguments:
{
  "expression": "212.79 - 201.95"
}
is_final_chunk: True
2026-07-21 15:20:11.822 | DEBUG    | tau2.environment.environment:get_response:454 - Response: 10.84
2026-07-21 15:20:11.822 | DEBUG    | tau2.orchestrator.orchestrator:step:833 - Step 23. Sending message from Role.ENV to Role.AGENT
2026-07-21 15:20:11.822 | DEBUG    | tau2.orchestrator.orchestrator:step:836 - Step 23.
From role: Role.ENV
To role: Role.AGENT
Message: ToolMessage (responding to assistant)
timestamp: 2026-07-21T15:20:11.822405
content: 10.84
2026-07-21 15:20:14.128 | DEBUG    | tau2.orchestrator.orchestrator:step:833 - Step 24. Sending message from Role.AGENT to Role.USER
2026-07-21 15:20:14.129 | DEBUG    | tau2.orchestrator.orchestrator:step:836 - Step 24.
From role: Role.AGENT
To role: Role.USER
Message: AssistantMessage
content: So the price difference would be **+$10.84** (you pay $10.84 more), which would be charged to your **PayPal account**.

Here's the full summary:

**1. Modify Shipping Address:**
- From: 584 Sunset Drive, Suite 270, Washington, DC 20353
- To: 159 Hickory Lane, Suite 995, Charlotte, NC 28243, USA

**2. Modify Items (backpack only):**
- Item 2492465580 (Backpack - navy, small, nylon) → Item 5917587651 (Backpack - grey, medium, polyester, laptop)
- Price difference: **+$10.84** via **PayPal (paypal_7729105)**

**Important:** Since modifying items can only be done **once** per order, after this change the order status will become "pending (items modified)" and I won't be able to modify or cancel it anymore. So please confirm you've provided all the items you want to change.

Would you like to proceed? (Yes/No)
is_final_chunk: True
2026-07-21 15:20:14.129 | DEBUG    | tau2.user.user_simulator:_generate_next_message:222 - User responds to message: AssistantMessage
content: So the price difference would be **+$10.84** (you pay $10.84 more), which would be charged to your **PayPal account**.

Here's the full summary:

**1. Modify Shipping Address:**
- From: 584 Sunset Drive, Suite 270, Washington, DC 20353
- To: 159 Hickory Lane, Suite 995, Charlotte, NC 28243, USA

**2. Modify Items (backpack only):**
- Item 2492465580 (Backpack - navy, small, nylon) → Item 5917587651 (Backpack - grey, medium, polyester, laptop)
- Price difference: **+$10.84** via **PayPal (paypal_7729105)**

**Important:** Since modifying items can only be done **once** per order, after this change the order status will become "pending (items modified)" and I won't be able to modify or cancel it anymore. So please confirm you've provided all the items you want to change.

Would you like to proceed? (Yes/No)
is_final_chunk: True
2026-07-21 15:20:14.799 | DEBUG    | tau2.user.user_simulator:_generate_next_message:244 - Response: Yes, that all looks good. Please go ahead and proceed with the changes. Thank you so much for your help!
2026-07-21 15:20:14.800 | DEBUG    | tau2.orchestrator.orchestrator:step:833 - Step 25. Sending message from Role.USER to Role.AGENT
2026-07-21 15:20:14.800 | DEBUG    | tau2.orchestrator.orchestrator:step:836 - Step 25.
From role: Role.USER
To role: Role.AGENT
Message: UserMessage
content: Yes, that all looks good. Please go ahead and proceed with the changes. Thank you so much for your help!
is_final_chunk: True
2026-07-21 15:20:17.043 | DEBUG    | tau2.orchestrator.orchestrator:step:833 - Step 26. Sending message from Role.AGENT to Role.ENV
2026-07-21 15:20:17.043 | DEBUG    | tau2.orchestrator.orchestrator:step:836 - Step 26.
From role: Role.AGENT
To role: Role.ENV
Message: AssistantMessage
content: Let me start with the address modification and the item modification. Since these are independent, I can do them together.

Actually, wait — the modify items action can only be called once, and the address modification is separate. Let me proceed with both.
ToolCalls:
ToolCall (from assistant)
id: call_00_6qlrtKR2Qjnr7QBCWVTG6985
name: modify_pending_order_address
arguments:
{
  "order_id": "#W5270061",
  "address1": "159 Hickory Lane",
  "address2": "Suite 995",
  "city": "Charlotte",
  "state": "NC",
  "country": "USA",
  "zip": "28243"
}
ToolCall (from assistant)
id: call_01_WHllx7s1LOAGAiCvwbxr8477
name: modify_pending_order_items
arguments:
{
  "order_id": "#W5270061",
  "item_ids": [
    "2492465580"
  ],
  "new_item_ids": [
    "5917587651"
  ],
  "payment_method_id": "paypal_7729105"
}
is_final_chunk: True
2026-07-21 15:20:17.043 | DEBUG    | tau2.environment.environment:get_response:454 - Response: order_id='#W5270061' user_id='ivan_khan_7475' address=UserAddress(address1='159 Hickory Lane', address2='Suite 995', city='Charlotte', country='USA', state='NC', zip='28243') items=[OrderItem(name='Backpack', product_id='2524789262', item_id='2492465580', price=201.95, options={'color': 'navy', 'size': 'small', 'material': 'nylon', 'compartment': 'laptop'}), OrderItem(name='Indoor Security Camera', product_id='2985987096', item_id='5810561222', price=274.98, options={'resolution': '4K', 'field of view': '130 degrees', 'connectivity': 'Wi-Fi'}), OrderItem(name='Desk Lamp', product_id='6817146515', item_id='7453605304', price=150.01, options={'color': 'silver', 'brightness': 'low', 'power source': 'battery'})] status='pending' fulfillments=[] payment_history=[OrderPayment(transaction_type='payment', amount=626.94, payment_method_id='gift_card_1711656')] cancel_reason=None exchange_items=None exchange_new_items=None exchange_payment_method_id=None exchange_price_difference=None return_items=None return_payment_method_id=None
2026-07-21 15:20:17.044 | DEBUG    | tau2.environment.environment:get_response:454 - Response: order_id='#W5270061' user_id='ivan_khan_7475' address=UserAddress(address1='159 Hickory Lane', address2='Suite 995', city='Charlotte', country='USA', state='NC', zip='28243') items=[OrderItem(name='Backpack', product_id='2524789262', item_id='5917587651', price=212.79, options={'color': 'grey', 'size': 'medium', 'material': 'polyester', 'compartment': 'laptop'}), OrderItem(name='Indoor Security Camera', product_id='2985987096', item_id='5810561222', price=274.98, options={'resolution': '4K', 'field of view': '130 degrees', 'connectivity': 'Wi-Fi'}), OrderItem(name='Desk Lamp', product_id='6817146515', item_id='7453605304', price=150.01, options={'color': 'silver', 'brightness': 'low', 'power source': 'battery'})] status='pending (item modified)' fulfillments=[] payment_history=[OrderPayment(transaction_type='payment', amount=626.94, payment_method_id='gift_card_1711656'), OrderPayment(transaction_type='payment', amount=10.840000000000003, payment_method_id='paypal_7729105')] cancel_reason=None exchange_items=None exchange_new_items=None exchange_payment_method_id=None exchange_price_difference=None return_items=None return_payment_method_id=None
2026-07-21 15:20:17.045 | DEBUG    | tau2.orchestrator.orchestrator:step:833 - Step 27. Sending message from Role.ENV to Role.AGENT
2026-07-21 15:20:17.045 | DEBUG    | tau2.orchestrator.orchestrator:step:836 - Step 27.
From role: Role.ENV
To role: Role.AGENT
Message: role='tool' tool_messages=[ToolMessage(id='call_00_6qlrtKR2Qjnr7QBCWVTG6985', role='tool', content='{"order_id": "#W5270061", "user_id": "ivan_khan_7475", "address": {"address1": "159 Hickory Lane", "address2": "Suite 995", "city": "Charlotte", "country": "USA", "state": "NC", "zip": "28243"}, "items": [{"name": "Backpack", "product_id": "2524789262", "item_id": "2492465580", "price": 201.95, "options": {"color": "navy", "size": "small", "material": "nylon", "compartment": "laptop"}}, {"name": "Indoor Security Camera", "product_id": "2985987096", "item_id": "5810561222", "price": 274.98, "options": {"resolution": "4K", "field of view": "130 degrees", "connectivity": "Wi-Fi"}}, {"name": "Desk Lamp", "product_id": "6817146515", "item_id": "7453605304", "price": 150.01, "options": {"color": "silver", "brightness": "low", "power source": "battery"}}], "status": "pending", "fulfillments": [], "payment_history": [{"transaction_type": "payment", "amount": 626.94, "payment_method_id": "gift_card_1711656"}], "cancel_reason": null, "exchange_items": null, "exchange_new_items": null, "exchange_payment_method_id": null, "exchange_price_difference": null, "return_items": null, "return_payment_method_id": null}', requestor='assistant', error=False, turn_idx=None, timestamp='2026-07-21T15:20:17.044949'), ToolMessage(id='call_01_WHllx7s1LOAGAiCvwbxr8477', role='tool', content='{"order_id": "#W5270061", "user_id": "ivan_khan_7475", "address": {"address1": "159 Hickory Lane", "address2": "Suite 995", "city": "Charlotte", "country": "USA", "state": "NC", "zip": "28243"}, "items": [{"name": "Backpack", "product_id": "2524789262", "item_id": "5917587651", "price": 212.79, "options": {"color": "grey", "size": "medium", "material": "polyester", "compartment": "laptop"}}, {"name": "Indoor Security Camera", "product_id": "2985987096", "item_id": "5810561222", "price": 274.98, "options": {"resolution": "4K", "field of view": "130 degrees", "connectivity": "Wi-Fi"}}, {"name": "Desk Lamp", "product_id": "6817146515", "item_id": "7453605304", "price": 150.01, "options": {"color": "silver", "brightness": "low", "power source": "battery"}}], "status": "pending (item modified)", "fulfillments": [], "payment_history": [{"transaction_type": "payment", "amount": 626.94, "payment_method_id": "gift_card_1711656"}, {"transaction_type": "payment", "amount": 10.840000000000003, "payment_method_id": "paypal_7729105"}], "cancel_reason": null, "exchange_items": null, "exchange_new_items": null, "exchange_payment_method_id": null, "exchange_price_difference": null, "return_items": null, "return_payment_method_id": null}', requestor='assistant', error=False, turn_idx=None, timestamp='2026-07-21T15:20:17.045950')]
2026-07-21 15:20:18.855 | DEBUG    | tau2.orchestrator.orchestrator:step:833 - Step 28. Sending message from Role.AGENT to Role.USER
2026-07-21 15:20:18.855 | DEBUG    | tau2.orchestrator.orchestrator:step:836 - Step 28.
From role: Role.AGENT
To role: Role.USER
Message: AssistantMessage
content: Everything has been updated successfully! Here's a recap of what was done:

✅ **Shipping address** changed to: 159 Hickory Lane, Suite 995, Charlotte, NC 28243, USA
✅ **Backpack** changed from navy/small/nylon to **grey/medium/polyester** (Item 5917587651)
✅ **Price difference of $10.84** charged to your **PayPal account**
✅ The desk lamp and security camera remain unchanged

The order status is now **"pending (item modified)"**, so no further modifications or cancellations can be made to this order.

Is there anything else I can help you with?
is_final_chunk: True
2026-07-21 15:20:18.856 | DEBUG    | tau2.user.user_simulator:_generate_next_message:222 - User responds to message: AssistantMessage
content: Everything has been updated successfully! Here's a recap of what was done:

✅ **Shipping address** changed to: 159 Hickory Lane, Suite 995, Charlotte, NC 28243, USA
✅ **Backpack** changed from navy/small/nylon to **grey/medium/polyester** (Item 5917587651)
✅ **Price difference of $10.84** charged to your **PayPal account**
✅ The desk lamp and security camera remain unchanged

The order status is now **"pending (item modified)"**, so no further modifications or cancellations can be made to this order.

Is there anything else I can help you with?
is_final_chunk: True
2026-07-21 15:20:19.636 | DEBUG    | tau2.user.user_simulator:_generate_next_message:244 - Response: Nope, that’s everything I needed. Thanks again for your patience and help—have a great day! 

###STOP###
2026-07-21 15:20:19.745 | DEBUG    | tau2.environment.environment:get_response:454 - Response: order_id='#W5270061' user_id='ivan_khan_7475' address=UserAddress(address1='159 Hickory Lane', address2='Suite 995', city='Charlotte', country='USA', state='NC', zip='28243') items=[OrderItem(name='Backpack', product_id='2524789262', item_id='2492465580', price=201.95, options={'color': 'navy', 'size': 'small', 'material': 'nylon', 'compartment': 'laptop'}), OrderItem(name='Indoor Security Camera', product_id='2985987096', item_id='5810561222', price=274.98, options={'resolution': '4K', 'field of view': '130 degrees', 'connectivity': 'Wi-Fi'}), OrderItem(name='Desk Lamp', product_id='6817146515', item_id='7453605304', price=150.01, options={'color': 'silver', 'brightness': 'low', 'power source': 'battery'})] status='pending' fulfillments=[] payment_history=[OrderPayment(transaction_type='payment', amount=626.94, payment_method_id='gift_card_1711656')] cancel_reason=None exchange_items=None exchange_new_items=None exchange_payment_method_id=None exchange_price_difference=None return_items=None return_payment_method_id=None
2026-07-21 15:20:19.746 | DEBUG    | tau2.environment.environment:get_response:454 - Response: order_id='#W5270061' user_id='ivan_khan_7475' address=UserAddress(address1='159 Hickory Lane', address2='Suite 995', city='Charlotte', country='USA', state='NC', zip='28243') items=[OrderItem(name='Backpack', product_id='2524789262', item_id='5917587651', price=212.79, options={'color': 'grey', 'size': 'medium', 'material': 'polyester', 'compartment': 'laptop'}), OrderItem(name='Indoor Security Camera', product_id='2985987096', item_id='5810561222', price=274.98, options={'resolution': '4K', 'field of view': '130 degrees', 'connectivity': 'Wi-Fi'}), OrderItem(name='Desk Lamp', product_id='6817146515', item_id='7453605304', price=150.01, options={'color': 'silver', 'brightness': 'low', 'power source': 'battery'})] status='pending (item modified)' fulfillments=[] payment_history=[OrderPayment(transaction_type='payment', amount=626.94, payment_method_id='gift_card_1711656'), OrderPayment(transaction_type='payment', amount=10.840000000000003, payment_method_id='paypal_7729105')] cancel_reason=None exchange_items=None exchange_new_items=None exchange_payment_method_id=None exchange_price_difference=None return_items=None return_payment_method_id=None
2026-07-21 15:20:19.867 | INFO     | tau2.runner.simulation:run_simulation:87 - Simulation complete: domain=retail, task=72, reward=1.0
2026-07-21 15:20:19.868 | INFO     | tau2.runner.batch:run_single_task:442 - FINISHED SIMULATION: Domain: retail, Task: 72, Reward: 1.0
