2026-07-22 11:05:04.803 | DEBUG    | tau2.runner.batch:__enter__:301 - Task log file: D:\PolicyAgent-PostTrain\experiments\20260722_110504_retail_baseline20_trial1_deepseek\task_16\tau2_artifacts\artifacts\task_16\sim_495cae90-36c2-4622-a53c-f1d32a35635c\task.log
2026-07-22 11:05:04.847 | INFO     | tau2.orchestrator.orchestrator:_validate_mode_compatibility:477 - Orchestrator initialized in HALF_DUPLEX mode (turn-based) with agent=LLMAgent, user=UserSimulator
2026-07-22 11:05:04.848 | DEBUG    | tau2.runner.build:build_text_orchestrator:400 - Built text orchestrator: domain=retail, agent=llm_agent, user=user_simulator, task=16
2026-07-22 11:05:04.848 | DEBUG    | tau2.orchestrator.orchestrator:step:833 - Step 0. Sending message from Role.AGENT to Role.USER
2026-07-22 11:05:04.848 | DEBUG    | tau2.orchestrator.orchestrator:step:836 - Step 0.
From role: Role.AGENT
To role: Role.USER
Message: AssistantMessage
content: Hi! How can I help you today?
is_final_chunk: True
2026-07-22 11:05:04.848 | DEBUG    | tau2.user.user_simulator:_generate_next_message:222 - User responds to message: AssistantMessage
content: Hi! How can I help you today?
is_final_chunk: True
2026-07-22 11:05:06.002 | DEBUG    | tau2.user.user_simulator:_generate_next_message:244 - Response: Hi, I need help with a couple of things. First, I want to cancel any orders I have that haven’t shipped yet. Also, I’d like to return a watch I received, but nothing else. And I’d like to know how much I’ll get back in total.
2026-07-22 11:05:06.002 | DEBUG    | tau2.orchestrator.orchestrator:step:833 - Step 1. Sending message from Role.USER to Role.AGENT
2026-07-22 11:05:06.002 | DEBUG    | tau2.orchestrator.orchestrator:step:836 - Step 1.
From role: Role.USER
To role: Role.AGENT
Message: UserMessage
content: Hi, I need help with a couple of things. First, I want to cancel any orders I have that haven’t shipped yet. Also, I’d like to return a watch I received, but nothing else. And I’d like to know how much I’ll get back in total.
is_final_chunk: True
2026-07-22 11:05:07.024 | DEBUG    | tau2.orchestrator.orchestrator:step:833 - Step 2. Sending message from Role.AGENT to Role.USER
2026-07-22 11:05:07.025 | DEBUG    | tau2.orchestrator.orchestrator:step:836 - Step 2.
From role: Role.AGENT
To role: Role.USER
Message: AssistantMessage
content: I'd be happy to help you with all of that! First, I need to authenticate your identity. Could you please provide me with your email address, or your name and zip code so I can look you up?
is_final_chunk: True
2026-07-22 11:05:07.025 | DEBUG    | tau2.user.user_simulator:_generate_next_message:222 - User responds to message: AssistantMessage
content: I'd be happy to help you with all of that! First, I need to authenticate your identity. Could you please provide me with your email address, or your name and zip code so I can look you up?
is_final_chunk: True
2026-07-22 11:05:08.011 | DEBUG    | tau2.user.user_simulator:_generate_next_message:244 - Response: I’d rather not share too much, but my name is Fatima Johnson and my zip code is 78712. I don’t remember my email address, sorry.
2026-07-22 11:05:08.012 | DEBUG    | tau2.orchestrator.orchestrator:step:833 - Step 3. Sending message from Role.USER to Role.AGENT
2026-07-22 11:05:08.012 | DEBUG    | tau2.orchestrator.orchestrator:step:836 - Step 3.
From role: Role.USER
To role: Role.AGENT
Message: UserMessage
content: I’d rather not share too much, but my name is Fatima Johnson and my zip code is 78712. I don’t remember my email address, sorry.
is_final_chunk: True
2026-07-22 11:05:09.291 | DEBUG    | tau2.orchestrator.orchestrator:step:833 - Step 4. Sending message from Role.AGENT to Role.ENV
2026-07-22 11:05:09.292 | DEBUG    | tau2.orchestrator.orchestrator:step:836 - Step 4.
From role: Role.AGENT
To role: Role.ENV
Message: AssistantMessage
content: No problem, let me look you up with that information!
ToolCalls:
ToolCall (from assistant)
id: call_00_5H0rzfxGZAInEc8ZJoho1160
name: find_user_id_by_name_zip
arguments:
{
  "first_name": "Fatima",
  "last_name": "Johnson",
  "zip": "78712"
}
is_final_chunk: True
2026-07-22 11:05:09.292 | DEBUG    | tau2.environment.environment:get_response:454 - Response: fatima_johnson_7581
2026-07-22 11:05:09.292 | DEBUG    | tau2.orchestrator.orchestrator:step:833 - Step 5. Sending message from Role.ENV to Role.AGENT
2026-07-22 11:05:09.293 | DEBUG    | tau2.orchestrator.orchestrator:step:836 - Step 5.
From role: Role.ENV
To role: Role.AGENT
Message: ToolMessage (responding to assistant)
timestamp: 2026-07-22T11:05:09.292703
content: fatima_johnson_7581
2026-07-22 11:05:10.272 | DEBUG    | tau2.orchestrator.orchestrator:step:833 - Step 6. Sending message from Role.AGENT to Role.ENV
2026-07-22 11:05:10.273 | DEBUG    | tau2.orchestrator.orchestrator:step:836 - Step 6.
From role: Role.AGENT
To role: Role.ENV
Message: AssistantMessage
content: Great! I found you. Let me now get your details and see your orders.
ToolCalls:
ToolCall (from assistant)
id: call_00_QM17Z1QEXKqyuitnpI2r5108
name: get_user_details
arguments:
{
  "user_id": "fatima_johnson_7581"
}
is_final_chunk: True
2026-07-22 11:05:10.273 | DEBUG    | tau2.environment.environment:get_response:454 - Response: user_id='fatima_johnson_7581' name=UserName(first_name='Fatima', last_name='Johnson') address=UserAddress(address1='123 Elm Street', address2='Suite 640', city='Austin', country='USA', state='TX', zip='78712') email='fatima.johnson2300@example.com' payment_methods={'paypal_5364164': Paypal(source='paypal', id='paypal_5364164'), 'gift_card_1675628': GiftCard(source='gift_card', id='gift_card_1675628', balance=99.0)} orders=['#W5199551', '#W8665881', '#W9389413']
2026-07-22 11:05:10.273 | DEBUG    | tau2.orchestrator.orchestrator:step:833 - Step 7. Sending message from Role.ENV to Role.AGENT
2026-07-22 11:05:10.274 | DEBUG    | tau2.orchestrator.orchestrator:step:836 - Step 7.
From role: Role.ENV
To role: Role.AGENT
Message: ToolMessage (responding to assistant)
timestamp: 2026-07-22T11:05:10.273813
content: {"user_id": "fatima_johnson_7581", "name": {"first_name": "Fatima", "last_name": "Johnson"}, "address": {"address1": "123 Elm Street", "address2": "Suite 640", "city": "Austin", "country": "USA", "state": "TX", "zip": "78712"}, "email": "fatima.johnson2300@example.com", "payment_methods": {"paypal_5364164": {"source": "paypal", "id": "paypal_5364164"}, "gift_card_1675628": {"source": "gift_card", "id": "gift_card_1675628", "balance": 99.0}}, "orders": ["#W5199551", "#W8665881", "#W9389413"]}
2026-07-22 11:05:11.787 | DEBUG    | tau2.orchestrator.orchestrator:step:833 - Step 8. Sending message from Role.AGENT to Role.ENV
2026-07-22 11:05:11.787 | DEBUG    | tau2.orchestrator.orchestrator:step:836 - Step 8.
From role: Role.AGENT
To role: Role.ENV
Message: AssistantMessage
content: Let me check the status of all your orders to see which ones are pending or delivered.
ToolCalls:
ToolCall (from assistant)
id: call_00_GWvHuM345RrkKTak7vgf1768
name: get_order_details
arguments:
{
  "order_id": "#W5199551"
}
ToolCall (from assistant)
id: call_01_p6Ptms2dHFrCwDX72urP0070
name: get_order_details
arguments:
{
  "order_id": "#W8665881"
}
ToolCall (from assistant)
id: call_02_fKmStC5BypXRpa7SJ8GZ4587
name: get_order_details
arguments:
{
  "order_id": "#W9389413"
}
is_final_chunk: True
2026-07-22 11:05:11.787 | DEBUG    | tau2.environment.environment:get_response:454 - Response: order_id='#W5199551' user_id='fatima_johnson_7581' address=UserAddress(address1='123 Elm Street', address2='Suite 640', city='Austin', country='USA', state='TX', zip='78712') items=[OrderItem(name='Hiking Boots', product_id='7363354090', item_id='1615379700', price=253.89, options={'size': '10', 'material': 'synthetic', 'waterproof': 'yes'}), OrderItem(name='Action Camera', product_id='3377618313', item_id='5925362855', price=503.51, options={'resolution': '1080p', 'waterproof': 'yes', 'color': 'black'}), OrderItem(name='Electric Kettle', product_id='1075968781', item_id='9472539378', price=143.72, options={'capacity': '1.5L', 'material': 'glass', 'color': 'white'}), OrderItem(name='Cycling Helmet', product_id='7765186836', item_id='5537798301', price=204.47, options={'size': 'S', 'color': 'black', 'ventilation': 'medium'}), OrderItem(name='Wristwatch', product_id='6066914160', item_id='1994478369', price=2025.51, options={'strap material': 'silicone', 'dial color': 'black'})] status='pending' fulfillments=[] payment_history=[OrderPayment(transaction_type='payment', amount=3131.1, payment_method_id='paypal_5364164')] cancel_reason=None exchange_items=None exchange_new_items=None exchange_payment_method_id=None exchange_price_difference=None return_items=None return_payment_method_id=None
2026-07-22 11:05:11.788 | DEBUG    | tau2.environment.environment:get_response:454 - Response: order_id='#W8665881' user_id='fatima_johnson_7581' address=UserAddress(address1='123 Elm Street', address2='Suite 640', city='Austin', country='USA', state='TX', zip='78712') items=[OrderItem(name='Bluetooth Speaker', product_id='4768869376', item_id='5855700373', price=293.46, options={'color': 'black', 'battery life': '10 hours', 'water resistance': 'yes'}), OrderItem(name='Smart Watch', product_id='6945232052', item_id='9408160950', price=381.26, options={'color': 'gold', 'band material': 'leather', 'display': 'LCD'}), OrderItem(name='Dumbbell Set', product_id='7233192239', item_id='4422467033', price=483.47, options={'weight range': '30-50 lbs', 'material': 'urethane', 'set type': 'adjustable'}), OrderItem(name='Espresso Machine', product_id='4354588079', item_id='1157853815', price=3096.7, options={'pressure': '19 bar', 'capacity': '2L', 'type': 'capsule'}), OrderItem(name='Action Camera', product_id='3377618313', item_id='8725040869', price=522.86, options={'resolution': '4K', 'waterproof': 'no', 'color': 'black'})] status='pending' fulfillments=[] payment_history=[OrderPayment(transaction_type='payment', amount=4777.75, payment_method_id='paypal_5364164')] cancel_reason=None exchange_items=None exchange_new_items=None exchange_payment_method_id=None exchange_price_difference=None return_items=None return_payment_method_id=None
2026-07-22 11:05:11.788 | DEBUG    | tau2.environment.environment:get_response:454 - Response: order_id='#W9389413' user_id='fatima_johnson_7581' address=UserAddress(address1='123 Elm Street', address2='Suite 640', city='Austin', country='USA', state='TX', zip='78712') items=[OrderItem(name='Hiking Boots', product_id='7363354090', item_id='4127323219', price=251.82, options={'size': '10', 'material': 'synthetic', 'waterproof': 'no'}), OrderItem(name='Smart Watch', product_id='6945232052', item_id='2554056026', price=367.38, options={'color': 'gold', 'band material': 'metal', 'display': 'AMOLED'}), OrderItem(name='Mechanical Keyboard', product_id='1656367028', item_id='6342039236', price=244.91, options={'switch type': 'clicky', 'backlight': 'white', 'size': 'full size'}), OrderItem(name='T-Shirt', product_id='9523456873', item_id='5047954489', price=54.84, options={'color': 'blue', 'size': 'S', 'material': 'polyester', 'style': 'v-neck'})] status='delivered' fulfillments=[OrderFullfilment(tracking_id=['967556659983'], item_ids=['4127323219', '2554056026', '6342039236', '5047954489'])] payment_history=[OrderPayment(transaction_type='payment', amount=918.95, payment_method_id='paypal_5364164')] cancel_reason=None exchange_items=None exchange_new_items=None exchange_payment_method_id=None exchange_price_difference=None return_items=None return_payment_method_id=None
2026-07-22 11:05:11.788 | DEBUG    | tau2.orchestrator.orchestrator:step:833 - Step 9. Sending message from Role.ENV to Role.AGENT
2026-07-22 11:05:11.788 | DEBUG    | tau2.orchestrator.orchestrator:step:836 - Step 9.
From role: Role.ENV
To role: Role.AGENT
Message: role='tool' tool_messages=[ToolMessage(id='call_00_GWvHuM345RrkKTak7vgf1768', role='tool', content='{"order_id": "#W5199551", "user_id": "fatima_johnson_7581", "address": {"address1": "123 Elm Street", "address2": "Suite 640", "city": "Austin", "country": "USA", "state": "TX", "zip": "78712"}, "items": [{"name": "Hiking Boots", "product_id": "7363354090", "item_id": "1615379700", "price": 253.89, "options": {"size": "10", "material": "synthetic", "waterproof": "yes"}}, {"name": "Action Camera", "product_id": "3377618313", "item_id": "5925362855", "price": 503.51, "options": {"resolution": "1080p", "waterproof": "yes", "color": "black"}}, {"name": "Electric Kettle", "product_id": "1075968781", "item_id": "9472539378", "price": 143.72, "options": {"capacity": "1.5L", "material": "glass", "color": "white"}}, {"name": "Cycling Helmet", "product_id": "7765186836", "item_id": "5537798301", "price": 204.47, "options": {"size": "S", "color": "black", "ventilation": "medium"}}, {"name": "Wristwatch", "product_id": "6066914160", "item_id": "1994478369", "price": 2025.51, "options": {"strap material": "silicone", "dial color": "black"}}], "status": "pending", "fulfillments": [], "payment_history": [{"transaction_type": "payment", "amount": 3131.1, "payment_method_id": "paypal_5364164"}], "cancel_reason": null, "exchange_items": null, "exchange_new_items": null, "exchange_payment_method_id": null, "exchange_price_difference": null, "return_items": null, "return_payment_method_id": null}', requestor='assistant', error=False, turn_idx=None, timestamp='2026-07-22T11:05:11.788664'), ToolMessage(id='call_01_p6Ptms2dHFrCwDX72urP0070', role='tool', content='{"order_id": "#W8665881", "user_id": "fatima_johnson_7581", "address": {"address1": "123 Elm Street", "address2": "Suite 640", "city": "Austin", "country": "USA", "state": "TX", "zip": "78712"}, "items": [{"name": "Bluetooth Speaker", "product_id": "4768869376", "item_id": "5855700373", "price": 293.46, "options": {"color": "black", "battery life": "10 hours", "water resistance": "yes"}}, {"name": "Smart Watch", "product_id": "6945232052", "item_id": "9408160950", "price": 381.26, "options": {"color": "gold", "band material": "leather", "display": "LCD"}}, {"name": "Dumbbell Set", "product_id": "7233192239", "item_id": "4422467033", "price": 483.47, "options": {"weight range": "30-50 lbs", "material": "urethane", "set type": "adjustable"}}, {"name": "Espresso Machine", "product_id": "4354588079", "item_id": "1157853815", "price": 3096.7, "options": {"pressure": "19 bar", "capacity": "2L", "type": "capsule"}}, {"name": "Action Camera", "product_id": "3377618313", "item_id": "8725040869", "price": 522.86, "options": {"resolution": "4K", "waterproof": "no", "color": "black"}}], "status": "pending", "fulfillments": [], "payment_history": [{"transaction_type": "payment", "amount": 4777.75, "payment_method_id": "paypal_5364164"}], "cancel_reason": null, "exchange_items": null, "exchange_new_items": null, "exchange_payment_method_id": null, "exchange_price_difference": null, "return_items": null, "return_payment_method_id": null}', requestor='assistant', error=False, turn_idx=None, timestamp='2026-07-22T11:05:11.788664'), ToolMessage(id='call_02_fKmStC5BypXRpa7SJ8GZ4587', role='tool', content='{"order_id": "#W9389413", "user_id": "fatima_johnson_7581", "address": {"address1": "123 Elm Street", "address2": "Suite 640", "city": "Austin", "country": "USA", "state": "TX", "zip": "78712"}, "items": [{"name": "Hiking Boots", "product_id": "7363354090", "item_id": "4127323219", "price": 251.82, "options": {"size": "10", "material": "synthetic", "waterproof": "no"}}, {"name": "Smart Watch", "product_id": "6945232052", "item_id": "2554056026", "price": 367.38, "options": {"color": "gold", "band material": "metal", "display": "AMOLED"}}, {"name": "Mechanical Keyboard", "product_id": "1656367028", "item_id": "6342039236", "price": 244.91, "options": {"switch type": "clicky", "backlight": "white", "size": "full size"}}, {"name": "T-Shirt", "product_id": "9523456873", "item_id": "5047954489", "price": 54.84, "options": {"color": "blue", "size": "S", "material": "polyester", "style": "v-neck"}}], "status": "delivered", "fulfillments": [{"tracking_id": ["967556659983"], "item_ids": ["4127323219", "2554056026", "6342039236", "5047954489"]}], "payment_history": [{"transaction_type": "payment", "amount": 918.95, "payment_method_id": "paypal_5364164"}], "cancel_reason": null, "exchange_items": null, "exchange_new_items": null, "exchange_payment_method_id": null, "exchange_price_difference": null, "return_items": null, "return_payment_method_id": null}', requestor='assistant', error=False, turn_idx=None, timestamp='2026-07-22T11:05:11.788664')]
2026-07-22 11:05:15.850 | DEBUG    | tau2.orchestrator.orchestrator:step:833 - Step 10. Sending message from Role.AGENT to Role.ENV
2026-07-22 11:05:15.850 | DEBUG    | tau2.orchestrator.orchestrator:step:836 - Step 10.
From role: Role.AGENT
To role: Role.ENV
Message: AssistantMessage
content: Great, I now have a clear picture of your orders. Let me summarize:

**1. Pending Orders (can be cancelled):**
- **Order #W5199551** — Contains: Hiking Boots, Action Camera, Electric Kettle, Cycling Helmet, and a **Wristwatch** ($2,025.51). Total paid: $3,131.10 via PayPal.
- **Order #W8665881** — Contains: Bluetooth Speaker, Smart Watch, Dumbbell Set, Espresso Machine, Action Camera. Total paid: $4,777.75 via PayPal.

**2. Delivered Order (for return):**
- **Order #W9389413** — Contains: Hiking Boots, Smart Watch, Mechanical Keyboard, T-Shirt. Total paid: $918.95 via PayPal.

Now, regarding your requests:

**Cancelling pending orders:** You said you want to cancel any orders that haven't shipped yet. Both #W5199551 and #W8665881 are pending. However, I noticed that **Order #W5199551** contains a **Wristwatch** (item id: 1994478369). You mentioned you want to **return a watch you received** — but the wristwatch is in the *pending* order, not the delivered one. The delivered order (#W9389413) doesn't have a watch. Could you clarify?

Also, for the **return** — you said you want to return a watch you received. Let me check the items in the delivered order #W9389413 — it has Hiking Boots, Smart Watch, Mechanical Keyboard, and T-Shirt. There's a **Smart Watch** there. Is that the "watch" you're referring to?

Let me also check what product the wristwatch in order #W5199551 is.

Let me look up the product details to clarify.
ToolCalls:
ToolCall (from assistant)
id: call_00_SvFg9AgcmJFv2Wxz25yN9504
name: get_item_details
arguments:
{
  "item_id": "1994478369"
}
ToolCall (from assistant)
id: call_01_1Yv6RReNCMEvVhJWyYTp3864
name: get_item_details
arguments:
{
  "item_id": "2554056026"
}
is_final_chunk: True
2026-07-22 11:05:15.850 | DEBUG    | tau2.environment.environment:get_response:454 - Response: item_id='1994478369' options={'strap material': 'silicone', 'dial color': 'black'} available=True price=2025.51
2026-07-22 11:05:15.850 | DEBUG    | tau2.environment.environment:get_response:454 - Response: item_id='2554056026' options={'color': 'gold', 'band material': 'metal', 'display': 'AMOLED'} available=False price=367.38
2026-07-22 11:05:15.850 | DEBUG    | tau2.orchestrator.orchestrator:step:833 - Step 11. Sending message from Role.ENV to Role.AGENT
2026-07-22 11:05:15.850 | DEBUG    | tau2.orchestrator.orchestrator:step:836 - Step 11.
From role: Role.ENV
To role: Role.AGENT
Message: role='tool' tool_messages=[ToolMessage(id='call_00_SvFg9AgcmJFv2Wxz25yN9504', role='tool', content='{"item_id": "1994478369", "options": {"strap material": "silicone", "dial color": "black"}, "available": true, "price": 2025.51}', requestor='assistant', error=False, turn_idx=None, timestamp='2026-07-22T11:05:15.850792'), ToolMessage(id='call_01_1Yv6RReNCMEvVhJWyYTp3864', role='tool', content='{"item_id": "2554056026", "options": {"color": "gold", "band material": "metal", "display": "AMOLED"}, "available": false, "price": 367.38}', requestor='assistant', error=False, turn_idx=None, timestamp='2026-07-22T11:05:15.850792')]
2026-07-22 11:05:17.901 | DEBUG    | tau2.orchestrator.orchestrator:step:833 - Step 12. Sending message from Role.AGENT to Role.USER
2026-07-22 11:05:17.902 | DEBUG    | tau2.orchestrator.orchestrator:step:836 - Step 12.
From role: Role.AGENT
To role: Role.USER
Message: AssistantMessage
content: Let me clarify the situation:

- **Order #W5199551 (pending)** has a **Wristwatch** (item 1994478369, $2,025.51) — this hasn't shipped yet.
- **Order #W9389413 (delivered)** has a **Smart Watch** (item 2554056026, $367.38) — this has been delivered.

Could you clarify which "watch" you're referring to for the return? Is it the **Smart Watch** from the delivered order #W9389413? And for the cancellation, did you want to cancel **both** pending orders (#W5199551 and #W8665881), or just specific ones?
is_final_chunk: True
2026-07-22 11:05:17.902 | DEBUG    | tau2.user.user_simulator:_generate_next_message:222 - User responds to message: AssistantMessage
content: Let me clarify the situation:

- **Order #W5199551 (pending)** has a **Wristwatch** (item 1994478369, $2,025.51) — this hasn't shipped yet.
- **Order #W9389413 (delivered)** has a **Smart Watch** (item 2554056026, $367.38) — this has been delivered.

Could you clarify which "watch" you're referring to for the return? Is it the **Smart Watch** from the delivered order #W9389413? And for the cancellation, did you want to cancel **both** pending orders (#W5199551 and #W8665881), or just specific ones?
is_final_chunk: True
2026-07-22 11:05:19.055 | DEBUG    | tau2.user.user_simulator:_generate_next_message:244 - Response: Yes, I want to return the Smart Watch from the delivered order. And for the cancellation, I want to cancel all pending orders—so both of those, if they’re still not shipped.
2026-07-22 11:05:19.055 | DEBUG    | tau2.orchestrator.orchestrator:step:833 - Step 13. Sending message from Role.USER to Role.AGENT
2026-07-22 11:05:19.055 | DEBUG    | tau2.orchestrator.orchestrator:step:836 - Step 13.
From role: Role.USER
To role: Role.AGENT
Message: UserMessage
content: Yes, I want to return the Smart Watch from the delivered order. And for the cancellation, I want to cancel all pending orders—so both of those, if they’re still not shipped.
is_final_chunk: True
2026-07-22 11:05:20.996 | DEBUG    | tau2.orchestrator.orchestrator:step:833 - Step 14. Sending message from Role.AGENT to Role.USER
2026-07-22 11:05:20.996 | DEBUG    | tau2.orchestrator.orchestrator:step:836 - Step 14.
From role: Role.AGENT
To role: Role.USER
Message: AssistantMessage
content: Great, let me check the status of both pending orders first. They are both "pending" so they can be cancelled.

Let's start with the **cancellations**. I need a reason for each cancellation. The acceptable reasons are either "no longer needed" or "ordered by mistake". Could you please tell me the reason for cancelling each order?

Also, for the **return** of the Smart Watch from order #W9389413, I need to know which payment method you'd like to receive the refund to. It can either go back to the original payment method (PayPal) or to an existing gift card. You have a gift card (gift_card_1675628) with a balance of $99.00. Which would you prefer?
is_final_chunk: True
2026-07-22 11:05:20.996 | DEBUG    | tau2.user.user_simulator:_generate_next_message:222 - User responds to message: AssistantMessage
content: Great, let me check the status of both pending orders first. They are both "pending" so they can be cancelled.

Let's start with the **cancellations**. I need a reason for each cancellation. The acceptable reasons are either "no longer needed" or "ordered by mistake". Could you please tell me the reason for cancelling each order?

Also, for the **return** of the Smart Watch from order #W9389413, I need to know which payment method you'd like to receive the refund to. It can either go back to the original payment method (PayPal) or to an existing gift card. You have a gift card (gift_card_1675628) with a balance of $99.00. Which would you prefer?
is_final_chunk: True
2026-07-22 11:05:21.892 | DEBUG    | tau2.user.user_simulator:_generate_next_message:244 - Response: For both pending orders, the reason is “no longer needed.” And for the refund on the Smart Watch, please send it back to the original payment method.
2026-07-22 11:05:21.892 | DEBUG    | tau2.orchestrator.orchestrator:step:833 - Step 15. Sending message from Role.USER to Role.AGENT
2026-07-22 11:05:21.892 | DEBUG    | tau2.orchestrator.orchestrator:step:836 - Step 15.
From role: Role.USER
To role: Role.AGENT
Message: UserMessage
content: For both pending orders, the reason is “no longer needed.” And for the refund on the Smart Watch, please send it back to the original payment method.
is_final_chunk: True
2026-07-22 11:05:23.805 | DEBUG    | tau2.orchestrator.orchestrator:step:833 - Step 16. Sending message from Role.AGENT to Role.USER
2026-07-22 11:05:23.805 | DEBUG    | tau2.orchestrator.orchestrator:step:836 - Step 16.
From role: Role.AGENT
To role: Role.USER
Message: AssistantMessage
content: Let me also check the details of the Smart Watch item to see its price for the return.

Actually, I already have the info. Let me summarize everything for your confirmation before proceeding.

**Cancellation 1 - Order #W5199551:**
- Reason: No longer needed
- Total refund: $3,131.10 (via PayPal, will take 5-7 business days since it's not a gift card)

**Cancellation 2 - Order #W8665881:**
- Reason: No longer needed
- Total refund: $4,777.75 (via PayPal, will take 5-7 business days)

**Return - Order #W9389413:**
- Item to return: Smart Watch (item id: 2554056026, $367.38)
- Refund to: Original payment method (PayPal)

Could you please confirm that you'd like to proceed with all of these? Please say "yes" to confirm.
is_final_chunk: True
2026-07-22 11:05:23.806 | DEBUG    | tau2.user.user_simulator:_generate_next_message:222 - User responds to message: AssistantMessage
content: Let me also check the details of the Smart Watch item to see its price for the return.

Actually, I already have the info. Let me summarize everything for your confirmation before proceeding.

**Cancellation 1 - Order #W5199551:**
- Reason: No longer needed
- Total refund: $3,131.10 (via PayPal, will take 5-7 business days since it's not a gift card)

**Cancellation 2 - Order #W8665881:**
- Reason: No longer needed
- Total refund: $4,777.75 (via PayPal, will take 5-7 business days)

**Return - Order #W9389413:**
- Item to return: Smart Watch (item id: 2554056026, $367.38)
- Refund to: Original payment method (PayPal)

Could you please confirm that you'd like to proceed with all of these? Please say "yes" to confirm.
is_final_chunk: True
2026-07-22 11:05:24.632 | DEBUG    | tau2.user.user_simulator:_generate_next_message:244 - Response: Yes, please go ahead with all of that.
2026-07-22 11:05:24.632 | DEBUG    | tau2.orchestrator.orchestrator:step:833 - Step 17. Sending message from Role.USER to Role.AGENT
2026-07-22 11:05:24.632 | DEBUG    | tau2.orchestrator.orchestrator:step:836 - Step 17.
From role: Role.USER
To role: Role.AGENT
Message: UserMessage
content: Yes, please go ahead with all of that.
is_final_chunk: True
2026-07-22 11:05:26.296 | DEBUG    | tau2.orchestrator.orchestrator:step:833 - Step 18. Sending message from Role.AGENT to Role.ENV
2026-07-22 11:05:26.297 | DEBUG    | tau2.orchestrator.orchestrator:step:836 - Step 18.
From role: Role.AGENT
To role: Role.ENV
Message: AssistantMessage
content: Let me start with the cancellations and the return.
ToolCalls:
ToolCall (from assistant)
id: call_00_KRlDG9dtuBLCP4qkof2R9028
name: cancel_pending_order
arguments:
{
  "order_id": "#W5199551",
  "reason": "no longer needed"
}
ToolCall (from assistant)
id: call_01_q7ZOvSXPEV0s8496Fq6X1595
name: cancel_pending_order
arguments:
{
  "order_id": "#W8665881",
  "reason": "no longer needed"
}
ToolCall (from assistant)
id: call_02_RIZUo2ribgscprkATV2S1412
name: return_delivered_order_items
arguments:
{
  "order_id": "#W9389413",
  "item_ids": [
    "2554056026"
  ],
  "payment_method_id": "paypal_5364164"
}
is_final_chunk: True
2026-07-22 11:05:26.297 | DEBUG    | tau2.environment.environment:get_response:454 - Response: order_id='#W5199551' user_id='fatima_johnson_7581' address=UserAddress(address1='123 Elm Street', address2='Suite 640', city='Austin', country='USA', state='TX', zip='78712') items=[OrderItem(name='Hiking Boots', product_id='7363354090', item_id='1615379700', price=253.89, options={'size': '10', 'material': 'synthetic', 'waterproof': 'yes'}), OrderItem(name='Action Camera', product_id='3377618313', item_id='5925362855', price=503.51, options={'resolution': '1080p', 'waterproof': 'yes', 'color': 'black'}), OrderItem(name='Electric Kettle', product_id='1075968781', item_id='9472539378', price=143.72, options={'capacity': '1.5L', 'material': 'glass', 'color': 'white'}), OrderItem(name='Cycling Helmet', product_id='7765186836', item_id='5537798301', price=204.47, options={'size': 'S', 'color': 'black', 'ventilation': 'medium'}), OrderItem(name='Wristwatch', product_id='6066914160', item_id='1994478369', price=2025.51, options={'strap material': 'silicone', 'dial color': 'black'})] status='cancelled' fulfillments=[] payment_history=[OrderPayment(transaction_type='payment', amount=3131.1, payment_method_id='paypal_5364164'), OrderPayment(transaction_type='refund', amount=3131.1, payment_method_id='paypal_5364164')] cancel_reason='no longer needed' exchange_items=None exchange_new_items=None exchange_payment_method_id=None exchange_price_difference=None return_items=None return_payment_method_id=None
2026-07-22 11:05:26.297 | DEBUG    | tau2.environment.environment:get_response:454 - Response: order_id='#W8665881' user_id='fatima_johnson_7581' address=UserAddress(address1='123 Elm Street', address2='Suite 640', city='Austin', country='USA', state='TX', zip='78712') items=[OrderItem(name='Bluetooth Speaker', product_id='4768869376', item_id='5855700373', price=293.46, options={'color': 'black', 'battery life': '10 hours', 'water resistance': 'yes'}), OrderItem(name='Smart Watch', product_id='6945232052', item_id='9408160950', price=381.26, options={'color': 'gold', 'band material': 'leather', 'display': 'LCD'}), OrderItem(name='Dumbbell Set', product_id='7233192239', item_id='4422467033', price=483.47, options={'weight range': '30-50 lbs', 'material': 'urethane', 'set type': 'adjustable'}), OrderItem(name='Espresso Machine', product_id='4354588079', item_id='1157853815', price=3096.7, options={'pressure': '19 bar', 'capacity': '2L', 'type': 'capsule'}), OrderItem(name='Action Camera', product_id='3377618313', item_id='8725040869', price=522.86, options={'resolution': '4K', 'waterproof': 'no', 'color': 'black'})] status='cancelled' fulfillments=[] payment_history=[OrderPayment(transaction_type='payment', amount=4777.75, payment_method_id='paypal_5364164'), OrderPayment(transaction_type='refund', amount=4777.75, payment_method_id='paypal_5364164')] cancel_reason='no longer needed' exchange_items=None exchange_new_items=None exchange_payment_method_id=None exchange_price_difference=None return_items=None return_payment_method_id=None
2026-07-22 11:05:26.297 | DEBUG    | tau2.environment.environment:get_response:454 - Response: order_id='#W9389413' user_id='fatima_johnson_7581' address=UserAddress(address1='123 Elm Street', address2='Suite 640', city='Austin', country='USA', state='TX', zip='78712') items=[OrderItem(name='Hiking Boots', product_id='7363354090', item_id='4127323219', price=251.82, options={'size': '10', 'material': 'synthetic', 'waterproof': 'no'}), OrderItem(name='Smart Watch', product_id='6945232052', item_id='2554056026', price=367.38, options={'color': 'gold', 'band material': 'metal', 'display': 'AMOLED'}), OrderItem(name='Mechanical Keyboard', product_id='1656367028', item_id='6342039236', price=244.91, options={'switch type': 'clicky', 'backlight': 'white', 'size': 'full size'}), OrderItem(name='T-Shirt', product_id='9523456873', item_id='5047954489', price=54.84, options={'color': 'blue', 'size': 'S', 'material': 'polyester', 'style': 'v-neck'})] status='return requested' fulfillments=[OrderFullfilment(tracking_id=['967556659983'], item_ids=['4127323219', '2554056026', '6342039236', '5047954489'])] payment_history=[OrderPayment(transaction_type='payment', amount=918.95, payment_method_id='paypal_5364164')] cancel_reason=None exchange_items=None exchange_new_items=None exchange_payment_method_id=None exchange_price_difference=None return_items=['2554056026'] return_payment_method_id='paypal_5364164'
2026-07-22 11:05:26.298 | DEBUG    | tau2.orchestrator.orchestrator:step:833 - Step 19. Sending message from Role.ENV to Role.AGENT
2026-07-22 11:05:26.298 | DEBUG    | tau2.orchestrator.orchestrator:step:836 - Step 19.
From role: Role.ENV
To role: Role.AGENT
Message: role='tool' tool_messages=[ToolMessage(id='call_00_KRlDG9dtuBLCP4qkof2R9028', role='tool', content='{"order_id": "#W5199551", "user_id": "fatima_johnson_7581", "address": {"address1": "123 Elm Street", "address2": "Suite 640", "city": "Austin", "country": "USA", "state": "TX", "zip": "78712"}, "items": [{"name": "Hiking Boots", "product_id": "7363354090", "item_id": "1615379700", "price": 253.89, "options": {"size": "10", "material": "synthetic", "waterproof": "yes"}}, {"name": "Action Camera", "product_id": "3377618313", "item_id": "5925362855", "price": 503.51, "options": {"resolution": "1080p", "waterproof": "yes", "color": "black"}}, {"name": "Electric Kettle", "product_id": "1075968781", "item_id": "9472539378", "price": 143.72, "options": {"capacity": "1.5L", "material": "glass", "color": "white"}}, {"name": "Cycling Helmet", "product_id": "7765186836", "item_id": "5537798301", "price": 204.47, "options": {"size": "S", "color": "black", "ventilation": "medium"}}, {"name": "Wristwatch", "product_id": "6066914160", "item_id": "1994478369", "price": 2025.51, "options": {"strap material": "silicone", "dial color": "black"}}], "status": "cancelled", "fulfillments": [], "payment_history": [{"transaction_type": "payment", "amount": 3131.1, "payment_method_id": "paypal_5364164"}, {"transaction_type": "refund", "amount": 3131.1, "payment_method_id": "paypal_5364164"}], "cancel_reason": "no longer needed", "exchange_items": null, "exchange_new_items": null, "exchange_payment_method_id": null, "exchange_price_difference": null, "return_items": null, "return_payment_method_id": null}', requestor='assistant', error=False, turn_idx=None, timestamp='2026-07-22T11:05:26.297905'), ToolMessage(id='call_01_q7ZOvSXPEV0s8496Fq6X1595', role='tool', content='{"order_id": "#W8665881", "user_id": "fatima_johnson_7581", "address": {"address1": "123 Elm Street", "address2": "Suite 640", "city": "Austin", "country": "USA", "state": "TX", "zip": "78712"}, "items": [{"name": "Bluetooth Speaker", "product_id": "4768869376", "item_id": "5855700373", "price": 293.46, "options": {"color": "black", "battery life": "10 hours", "water resistance": "yes"}}, {"name": "Smart Watch", "product_id": "6945232052", "item_id": "9408160950", "price": 381.26, "options": {"color": "gold", "band material": "leather", "display": "LCD"}}, {"name": "Dumbbell Set", "product_id": "7233192239", "item_id": "4422467033", "price": 483.47, "options": {"weight range": "30-50 lbs", "material": "urethane", "set type": "adjustable"}}, {"name": "Espresso Machine", "product_id": "4354588079", "item_id": "1157853815", "price": 3096.7, "options": {"pressure": "19 bar", "capacity": "2L", "type": "capsule"}}, {"name": "Action Camera", "product_id": "3377618313", "item_id": "8725040869", "price": 522.86, "options": {"resolution": "4K", "waterproof": "no", "color": "black"}}], "status": "cancelled", "fulfillments": [], "payment_history": [{"transaction_type": "payment", "amount": 4777.75, "payment_method_id": "paypal_5364164"}, {"transaction_type": "refund", "amount": 4777.75, "payment_method_id": "paypal_5364164"}], "cancel_reason": "no longer needed", "exchange_items": null, "exchange_new_items": null, "exchange_payment_method_id": null, "exchange_price_difference": null, "return_items": null, "return_payment_method_id": null}', requestor='assistant', error=False, turn_idx=None, timestamp='2026-07-22T11:05:26.297905'), ToolMessage(id='call_02_RIZUo2ribgscprkATV2S1412', role='tool', content='{"order_id": "#W9389413", "user_id": "fatima_johnson_7581", "address": {"address1": "123 Elm Street", "address2": "Suite 640", "city": "Austin", "country": "USA", "state": "TX", "zip": "78712"}, "items": [{"name": "Hiking Boots", "product_id": "7363354090", "item_id": "4127323219", "price": 251.82, "options": {"size": "10", "material": "synthetic", "waterproof": "no"}}, {"name": "Smart Watch", "product_id": "6945232052", "item_id": "2554056026", "price": 367.38, "options": {"color": "gold", "band material": "metal", "display": "AMOLED"}}, {"name": "Mechanical Keyboard", "product_id": "1656367028", "item_id": "6342039236", "price": 244.91, "options": {"switch type": "clicky", "backlight": "white", "size": "full size"}}, {"name": "T-Shirt", "product_id": "9523456873", "item_id": "5047954489", "price": 54.84, "options": {"color": "blue", "size": "S", "material": "polyester", "style": "v-neck"}}], "status": "return requested", "fulfillments": [{"tracking_id": ["967556659983"], "item_ids": ["4127323219", "2554056026", "6342039236", "5047954489"]}], "payment_history": [{"transaction_type": "payment", "amount": 918.95, "payment_method_id": "paypal_5364164"}], "cancel_reason": null, "exchange_items": null, "exchange_new_items": null, "exchange_payment_method_id": null, "exchange_price_difference": null, "return_items": ["2554056026"], "return_payment_method_id": "paypal_5364164"}', requestor='assistant', error=False, turn_idx=None, timestamp='2026-07-22T11:05:26.298905')]
2026-07-22 11:05:28.403 | DEBUG    | tau2.orchestrator.orchestrator:step:833 - Step 20. Sending message from Role.AGENT to Role.USER
2026-07-22 11:05:28.403 | DEBUG    | tau2.orchestrator.orchestrator:step:836 - Step 20.
From role: Role.AGENT
To role: Role.USER
Message: AssistantMessage
content: Everything has been processed successfully! Here's a summary:

### ✅ Cancellations
1. **Order #W5199551** — **Cancelled** ✅
   - Refund of **$3,131.10** to your PayPal (5-7 business days)
2. **Order #W8665881** — **Cancelled** ✅
   - Refund of **$4,777.75** to your PayPal (5-7 business days)

### ✅ Return
3. **Order #W9389413** — **Return requested** for the **Smart Watch** ($367.38) ✅
   - Refund of **$367.38** to your PayPal (original payment method)
   - You'll receive an email shortly with instructions on how to return the item.

### 💰 Total refunds you'll receive:
- **$3,131.10** (cancelled order #W5199551)
- **$4,777.75** (cancelled order #W8665881)
- **$367.38** (returned Smart Watch)
- **Total: $8,276.23** (all via PayPal, within 5-7 business days)

Is there anything else I can help you with?
is_final_chunk: True
2026-07-22 11:05:28.403 | DEBUG    | tau2.user.user_simulator:_generate_next_message:222 - User responds to message: AssistantMessage
content: Everything has been processed successfully! Here's a summary:

### ✅ Cancellations
1. **Order #W5199551** — **Cancelled** ✅
   - Refund of **$3,131.10** to your PayPal (5-7 business days)
2. **Order #W8665881** — **Cancelled** ✅
   - Refund of **$4,777.75** to your PayPal (5-7 business days)

### ✅ Return
3. **Order #W9389413** — **Return requested** for the **Smart Watch** ($367.38) ✅
   - Refund of **$367.38** to your PayPal (original payment method)
   - You'll receive an email shortly with instructions on how to return the item.

### 💰 Total refunds you'll receive:
- **$3,131.10** (cancelled order #W5199551)
- **$4,777.75** (cancelled order #W8665881)
- **$367.38** (returned Smart Watch)
- **Total: $8,276.23** (all via PayPal, within 5-7 business days)

Is there anything else I can help you with?
is_final_chunk: True
2026-07-22 11:05:29.102 | DEBUG    | tau2.user.user_simulator:_generate_next_message:244 - Response: No, that covers everything I needed. Thanks for your help. ###STOP###
2026-07-22 11:05:29.194 | DEBUG    | tau2.environment.environment:get_response:454 - Response: order_id='#W5199551' user_id='fatima_johnson_7581' address=UserAddress(address1='123 Elm Street', address2='Suite 640', city='Austin', country='USA', state='TX', zip='78712') items=[OrderItem(name='Hiking Boots', product_id='7363354090', item_id='1615379700', price=253.89, options={'size': '10', 'material': 'synthetic', 'waterproof': 'yes'}), OrderItem(name='Action Camera', product_id='3377618313', item_id='5925362855', price=503.51, options={'resolution': '1080p', 'waterproof': 'yes', 'color': 'black'}), OrderItem(name='Electric Kettle', product_id='1075968781', item_id='9472539378', price=143.72, options={'capacity': '1.5L', 'material': 'glass', 'color': 'white'}), OrderItem(name='Cycling Helmet', product_id='7765186836', item_id='5537798301', price=204.47, options={'size': 'S', 'color': 'black', 'ventilation': 'medium'}), OrderItem(name='Wristwatch', product_id='6066914160', item_id='1994478369', price=2025.51, options={'strap material': 'silicone', 'dial color': 'black'})] status='cancelled' fulfillments=[] payment_history=[OrderPayment(transaction_type='payment', amount=3131.1, payment_method_id='paypal_5364164'), OrderPayment(transaction_type='refund', amount=3131.1, payment_method_id='paypal_5364164')] cancel_reason='no longer needed' exchange_items=None exchange_new_items=None exchange_payment_method_id=None exchange_price_difference=None return_items=None return_payment_method_id=None
2026-07-22 11:05:29.195 | DEBUG    | tau2.environment.environment:get_response:454 - Response: order_id='#W8665881' user_id='fatima_johnson_7581' address=UserAddress(address1='123 Elm Street', address2='Suite 640', city='Austin', country='USA', state='TX', zip='78712') items=[OrderItem(name='Bluetooth Speaker', product_id='4768869376', item_id='5855700373', price=293.46, options={'color': 'black', 'battery life': '10 hours', 'water resistance': 'yes'}), OrderItem(name='Smart Watch', product_id='6945232052', item_id='9408160950', price=381.26, options={'color': 'gold', 'band material': 'leather', 'display': 'LCD'}), OrderItem(name='Dumbbell Set', product_id='7233192239', item_id='4422467033', price=483.47, options={'weight range': '30-50 lbs', 'material': 'urethane', 'set type': 'adjustable'}), OrderItem(name='Espresso Machine', product_id='4354588079', item_id='1157853815', price=3096.7, options={'pressure': '19 bar', 'capacity': '2L', 'type': 'capsule'}), OrderItem(name='Action Camera', product_id='3377618313', item_id='8725040869', price=522.86, options={'resolution': '4K', 'waterproof': 'no', 'color': 'black'})] status='cancelled' fulfillments=[] payment_history=[OrderPayment(transaction_type='payment', amount=4777.75, payment_method_id='paypal_5364164'), OrderPayment(transaction_type='refund', amount=4777.75, payment_method_id='paypal_5364164')] cancel_reason='no longer needed' exchange_items=None exchange_new_items=None exchange_payment_method_id=None exchange_price_difference=None return_items=None return_payment_method_id=None
2026-07-22 11:05:29.195 | DEBUG    | tau2.environment.environment:get_response:454 - Response: order_id='#W9389413' user_id='fatima_johnson_7581' address=UserAddress(address1='123 Elm Street', address2='Suite 640', city='Austin', country='USA', state='TX', zip='78712') items=[OrderItem(name='Hiking Boots', product_id='7363354090', item_id='4127323219', price=251.82, options={'size': '10', 'material': 'synthetic', 'waterproof': 'no'}), OrderItem(name='Smart Watch', product_id='6945232052', item_id='2554056026', price=367.38, options={'color': 'gold', 'band material': 'metal', 'display': 'AMOLED'}), OrderItem(name='Mechanical Keyboard', product_id='1656367028', item_id='6342039236', price=244.91, options={'switch type': 'clicky', 'backlight': 'white', 'size': 'full size'}), OrderItem(name='T-Shirt', product_id='9523456873', item_id='5047954489', price=54.84, options={'color': 'blue', 'size': 'S', 'material': 'polyester', 'style': 'v-neck'})] status='return requested' fulfillments=[OrderFullfilment(tracking_id=['967556659983'], item_ids=['4127323219', '2554056026', '6342039236', '5047954489'])] payment_history=[OrderPayment(transaction_type='payment', amount=918.95, payment_method_id='paypal_5364164')] cancel_reason=None exchange_items=None exchange_new_items=None exchange_payment_method_id=None exchange_price_difference=None return_items=['2554056026'] return_payment_method_id='paypal_5364164'
2026-07-22 11:05:30.415 | INFO     | tau2.runner.simulation:run_simulation:87 - Simulation complete: domain=retail, task=16, reward=1.0
2026-07-22 11:05:30.416 | INFO     | tau2.runner.batch:run_single_task:442 - FINISHED SIMULATION: Domain: retail, Task: 16, Reward: 1.0
