2026-07-22 11:40:54.880 | DEBUG    | tau2.runner.batch:__enter__:301 - Task log file: D:\PolicyAgent-PostTrain\experiments\20260722_110504_retail_baseline20_trial1_deepseek\task_28\tau2_artifacts\artifacts\task_28\sim_cd0d00e5-c567-4a13-b008-5898b6760419\task.log
2026-07-22 11:40:54.921 | INFO     | tau2.orchestrator.orchestrator:_validate_mode_compatibility:477 - Orchestrator initialized in HALF_DUPLEX mode (turn-based) with agent=LLMAgent, user=UserSimulator
2026-07-22 11:40:54.922 | DEBUG    | tau2.runner.build:build_text_orchestrator:400 - Built text orchestrator: domain=retail, agent=llm_agent, user=user_simulator, task=28
2026-07-22 11:40:54.923 | DEBUG    | tau2.orchestrator.orchestrator:step:833 - Step 0. Sending message from Role.AGENT to Role.USER
2026-07-22 11:40:54.923 | DEBUG    | tau2.orchestrator.orchestrator:step:836 - Step 0.
From role: Role.AGENT
To role: Role.USER
Message: AssistantMessage
content: Hi! How can I help you today?
is_final_chunk: True
2026-07-22 11:40:54.923 | DEBUG    | tau2.user.user_simulator:_generate_next_message:222 - User responds to message: AssistantMessage
content: Hi! How can I help you today?
is_final_chunk: True
2026-07-22 11:40:56.062 | DEBUG    | tau2.user.user_simulator:_generate_next_message:244 - Response: Hi. I need to return a skateboard, a garden hose, a backpack, a keyboard, and a bed. Also, I want to cancel just the garden hose from my latest order—but only if that doesn’t cancel the whole order. Can you help with that?
2026-07-22 11:40:56.062 | DEBUG    | tau2.orchestrator.orchestrator:step:833 - Step 1. Sending message from Role.USER to Role.AGENT
2026-07-22 11:40:56.063 | DEBUG    | tau2.orchestrator.orchestrator:step:836 - Step 1.
From role: Role.USER
To role: Role.AGENT
Message: UserMessage
content: Hi. I need to return a skateboard, a garden hose, a backpack, a keyboard, and a bed. Also, I want to cancel just the garden hose from my latest order—but only if that doesn’t cancel the whole order. Can you help with that?
is_final_chunk: True
2026-07-22 11:40:56.998 | DEBUG    | tau2.orchestrator.orchestrator:step:833 - Step 2. Sending message from Role.AGENT to Role.USER
2026-07-22 11:40:56.998 | DEBUG    | tau2.orchestrator.orchestrator:step:836 - Step 2.
From role: Role.AGENT
To role: Role.USER
Message: AssistantMessage
content: I'd be happy to help! First, I need to authenticate your identity. Could you please provide me with your email address, or your first name, last name, and zip code so I can look you up?
is_final_chunk: True
2026-07-22 11:40:56.998 | DEBUG    | tau2.user.user_simulator:_generate_next_message:222 - User responds to message: AssistantMessage
content: I'd be happy to help! First, I need to authenticate your identity. Could you please provide me with your email address, or your first name, last name, and zip code so I can look you up?
is_final_chunk: True
2026-07-22 11:40:57.712 | DEBUG    | tau2.user.user_simulator:_generate_next_message:244 - Response: Isabella Johansson, 32286. I don’t have my email handy.
2026-07-22 11:40:57.713 | DEBUG    | tau2.orchestrator.orchestrator:step:833 - Step 3. Sending message from Role.USER to Role.AGENT
2026-07-22 11:40:57.713 | DEBUG    | tau2.orchestrator.orchestrator:step:836 - Step 3.
From role: Role.USER
To role: Role.AGENT
Message: UserMessage
content: Isabella Johansson, 32286. I don’t have my email handy.
is_final_chunk: True
2026-07-22 11:40:58.904 | DEBUG    | tau2.orchestrator.orchestrator:step:833 - Step 4. Sending message from Role.AGENT to Role.ENV
2026-07-22 11:40:58.904 | DEBUG    | tau2.orchestrator.orchestrator:step:836 - Step 4.
From role: Role.AGENT
To role: Role.ENV
Message: AssistantMessage
content: Let me look you up using your name and zip code.
ToolCalls:
ToolCall (from assistant)
id: call_00_UXW5Qph2S3xnqU4JL6QJ9892
name: find_user_id_by_name_zip
arguments:
{
  "first_name": "Isabella",
  "last_name": "Johansson",
  "zip": "32286"
}
is_final_chunk: True
2026-07-22 11:40:58.905 | DEBUG    | tau2.environment.environment:get_response:454 - Response: isabella_johansson_2152
2026-07-22 11:40:58.905 | DEBUG    | tau2.orchestrator.orchestrator:step:833 - Step 5. Sending message from Role.ENV to Role.AGENT
2026-07-22 11:40:58.905 | DEBUG    | tau2.orchestrator.orchestrator:step:836 - Step 5.
From role: Role.ENV
To role: Role.AGENT
Message: ToolMessage (responding to assistant)
timestamp: 2026-07-22T11:40:58.905110
content: isabella_johansson_2152
2026-07-22 11:40:59.905 | DEBUG    | tau2.orchestrator.orchestrator:step:833 - Step 6. Sending message from Role.AGENT to Role.ENV
2026-07-22 11:40:59.905 | DEBUG    | tau2.orchestrator.orchestrator:step:836 - Step 6.
From role: Role.AGENT
To role: Role.ENV
Message: AssistantMessage
content: Great! I found you. Let me get your details and orders.
ToolCalls:
ToolCall (from assistant)
id: call_00_VrBi5GGbzaaoshtaWHht7727
name: get_user_details
arguments:
{
  "user_id": "isabella_johansson_2152"
}
is_final_chunk: True
2026-07-22 11:40:59.905 | DEBUG    | tau2.environment.environment:get_response:454 - Response: user_id='isabella_johansson_2152' name=UserName(first_name='Isabella', last_name='Johansson') address=UserAddress(address1='313 Chestnut Street', address2='Suite 537', city='Jacksonville', country='USA', state='FL', zip='32286') email='isabella.johansson9391@example.com' payment_methods={'paypal_3024827': Paypal(source='paypal', id='paypal_3024827')} orders=['#W3792453', '#W7181492', '#W5565470', '#W2575533']
2026-07-22 11:40:59.906 | DEBUG    | tau2.orchestrator.orchestrator:step:833 - Step 7. Sending message from Role.ENV to Role.AGENT
2026-07-22 11:40:59.906 | DEBUG    | tau2.orchestrator.orchestrator:step:836 - Step 7.
From role: Role.ENV
To role: Role.AGENT
Message: ToolMessage (responding to assistant)
timestamp: 2026-07-22T11:40:59.906997
content: {"user_id": "isabella_johansson_2152", "name": {"first_name": "Isabella", "last_name": "Johansson"}, "address": {"address1": "313 Chestnut Street", "address2": "Suite 537", "city": "Jacksonville", "country": "USA", "state": "FL", "zip": "32286"}, "email": "isabella.johansson9391@example.com", "payment_methods": {"paypal_3024827": {"source": "paypal", "id": "paypal_3024827"}}, "orders": ["#W3792453", "#W7181492", "#W5565470", "#W2575533"]}
2026-07-22 11:41:01.310 | DEBUG    | tau2.orchestrator.orchestrator:step:833 - Step 8. Sending message from Role.AGENT to Role.ENV
2026-07-22 11:41:01.312 | DEBUG    | tau2.orchestrator.orchestrator:step:836 - Step 8.
From role: Role.AGENT
To role: Role.ENV
Message: AssistantMessage
content: Let me look up your orders to find the latest one.
ToolCalls:
ToolCall (from assistant)
id: call_00_lMdyUDeIW4OI4msHx2Jr2003
name: get_order_details
arguments:
{
  "order_id": "#W3792453"
}
ToolCall (from assistant)
id: call_01_rAUmtq8NBbJ5HtKWDwsG5576
name: get_order_details
arguments:
{
  "order_id": "#W7181492"
}
ToolCall (from assistant)
id: call_02_7TFijlgfv4Wk2JSSMHhG1975
name: get_order_details
arguments:
{
  "order_id": "#W5565470"
}
ToolCall (from assistant)
id: call_03_GAup1DaAxgSt6oSTxsrB8544
name: get_order_details
arguments:
{
  "order_id": "#W2575533"
}
is_final_chunk: True
2026-07-22 11:41:01.312 | DEBUG    | tau2.environment.environment:get_response:454 - Response: order_id='#W3792453' user_id='isabella_johansson_2152' address=UserAddress(address1='313 Chestnut Street', address2='Suite 537', city='Jacksonville', country='USA', state='FL', zip='32286') items=[OrderItem(name='Skateboard', product_id='1968349452', item_id='4293355847', price=200.8, options={'deck material': 'bamboo', 'length': '31 inch', 'design': 'plain'})] status='delivered' fulfillments=[OrderFullfilment(tracking_id=['908856694334'], item_ids=['4293355847'])] payment_history=[OrderPayment(transaction_type='payment', amount=200.8, payment_method_id='paypal_3024827')] cancel_reason=None exchange_items=None exchange_new_items=None exchange_payment_method_id=None exchange_price_difference=None return_items=None return_payment_method_id=None
2026-07-22 11:41:01.313 | DEBUG    | tau2.environment.environment:get_response:454 - Response: order_id='#W7181492' user_id='isabella_johansson_2152' address=UserAddress(address1='313 Chestnut Street', address2='Suite 537', city='Jacksonville', country='USA', state='FL', zip='32286') items=[OrderItem(name='Garden Hose', product_id='6679515468', item_id='5753502325', price=96.35, options={'length': '25ft', 'material': 'rubber', 'color': 'green'}), OrderItem(name='Backpack', product_id='2524789262', item_id='9851293632', price=193.38, options={'color': 'green', 'size': 'small', 'material': 'polyester', 'compartment': 'camera'}), OrderItem(name='Bookshelf', product_id='8600330539', item_id='3778705663', price=473.48, options={'material': 'metal', 'color': 'black', 'height': '6 ft'}), OrderItem(name='Hiking Boots', product_id='7363354090', item_id='8118291112', price=260.56, options={'size': '12', 'material': 'leather', 'waterproof': 'no'}), OrderItem(name='Coffee Maker', product_id='7996920482', item_id='3020722515', price=238.64, options={'color': 'black', 'capacity': '1 cup', 'type': 'french press', 'features': 'auto shutoff'})] status='delivered' fulfillments=[OrderFullfilment(tracking_id=['418708581751'], item_ids=['5753502325', '9851293632', '3778705663', '8118291112', '3020722515'])] payment_history=[OrderPayment(transaction_type='payment', amount=1262.41, payment_method_id='paypal_3024827')] cancel_reason=None exchange_items=None exchange_new_items=None exchange_payment_method_id=None exchange_price_difference=None return_items=None return_payment_method_id=None
2026-07-22 11:41:01.313 | DEBUG    | tau2.environment.environment:get_response:454 - Response: order_id='#W5565470' user_id='isabella_johansson_2152' address=UserAddress(address1='812 Cedar Avenue', address2='Suite 500', city='Houston', country='USA', state='TX', zip='77129') items=[OrderItem(name='Electric Kettle', product_id='1075968781', item_id='7602931732', price=153.25, options={'capacity': '1L', 'material': 'stainless steel', 'color': 'black'}), OrderItem(name='Mechanical Keyboard', product_id='1656367028', item_id='9570044148', price=231.37, options={'switch type': 'linear', 'backlight': 'none', 'size': 'full size'}), OrderItem(name='Pet Bed', product_id='2747247837', item_id='6857426243', price=196.53, options={'size': 'medium', 'material': 'fleece', 'color': 'grey'})] status='delivered' fulfillments=[OrderFullfilment(tracking_id=['907614527588'], item_ids=['7602931732', '9570044148', '6857426243'])] payment_history=[OrderPayment(transaction_type='payment', amount=581.15, payment_method_id='paypal_3024827')] cancel_reason=None exchange_items=None exchange_new_items=None exchange_payment_method_id=None exchange_price_difference=None return_items=None return_payment_method_id=None
2026-07-22 11:41:01.313 | DEBUG    | tau2.environment.environment:get_response:454 - Response: order_id='#W2575533' user_id='isabella_johansson_2152' address=UserAddress(address1='313 Chestnut Street', address2='Suite 537', city='Jacksonville', country='USA', state='FL', zip='32286') items=[OrderItem(name='Vacuum Cleaner', product_id='1762337868', item_id='4806644905', price=658.89, options={'type': 'robotic', 'bagged/bagless': 'bagless', 'features': 'cordless'}), OrderItem(name='Portable Charger', product_id='6942297802', item_id='8349903180', price=102.07, options={'capacity': '20000mAh', 'output': 'Wireless', 'color': 'black'}), OrderItem(name='E-Reader', product_id='3801771308', item_id='9494281769', price=252.06, options={'screen size': '8-inch', 'connectivity': 'Wi-Fi', 'storage': '8GB'}), OrderItem(name='Garden Hose', product_id='6679515468', item_id='5206946487', price=95.08, options={'length': '50ft', 'material': 'vinyl', 'color': 'black'}), OrderItem(name='Office Chair', product_id='4794339885', item_id='8323284863', price=511.24, options={'material': 'fabric', 'color': 'blue', 'armrest': 'adjustable', 'backrest height': 'standard'})] status='pending' fulfillments=[] payment_history=[OrderPayment(transaction_type='payment', amount=1619.34, payment_method_id='paypal_3024827')] cancel_reason=None exchange_items=None exchange_new_items=None exchange_payment_method_id=None exchange_price_difference=None return_items=None return_payment_method_id=None
2026-07-22 11:41:01.314 | DEBUG    | tau2.orchestrator.orchestrator:step:833 - Step 9. Sending message from Role.ENV to Role.AGENT
2026-07-22 11:41:01.314 | DEBUG    | tau2.orchestrator.orchestrator:step:836 - Step 9.
From role: Role.ENV
To role: Role.AGENT
Message: role='tool' tool_messages=[ToolMessage(id='call_00_lMdyUDeIW4OI4msHx2Jr2003', role='tool', content='{"order_id": "#W3792453", "user_id": "isabella_johansson_2152", "address": {"address1": "313 Chestnut Street", "address2": "Suite 537", "city": "Jacksonville", "country": "USA", "state": "FL", "zip": "32286"}, "items": [{"name": "Skateboard", "product_id": "1968349452", "item_id": "4293355847", "price": 200.8, "options": {"deck material": "bamboo", "length": "31 inch", "design": "plain"}}], "status": "delivered", "fulfillments": [{"tracking_id": ["908856694334"], "item_ids": ["4293355847"]}], "payment_history": [{"transaction_type": "payment", "amount": 200.8, "payment_method_id": "paypal_3024827"}], "cancel_reason": null, "exchange_items": null, "exchange_new_items": null, "exchange_payment_method_id": null, "exchange_price_difference": null, "return_items": null, "return_payment_method_id": null}', requestor='assistant', error=False, turn_idx=None, timestamp='2026-07-22T11:41:01.312854'), ToolMessage(id='call_01_rAUmtq8NBbJ5HtKWDwsG5576', role='tool', content='{"order_id": "#W7181492", "user_id": "isabella_johansson_2152", "address": {"address1": "313 Chestnut Street", "address2": "Suite 537", "city": "Jacksonville", "country": "USA", "state": "FL", "zip": "32286"}, "items": [{"name": "Garden Hose", "product_id": "6679515468", "item_id": "5753502325", "price": 96.35, "options": {"length": "25ft", "material": "rubber", "color": "green"}}, {"name": "Backpack", "product_id": "2524789262", "item_id": "9851293632", "price": 193.38, "options": {"color": "green", "size": "small", "material": "polyester", "compartment": "camera"}}, {"name": "Bookshelf", "product_id": "8600330539", "item_id": "3778705663", "price": 473.48, "options": {"material": "metal", "color": "black", "height": "6 ft"}}, {"name": "Hiking Boots", "product_id": "7363354090", "item_id": "8118291112", "price": 260.56, "options": {"size": "12", "material": "leather", "waterproof": "no"}}, {"name": "Coffee Maker", "product_id": "7996920482", "item_id": "3020722515", "price": 238.64, "options": {"color": "black", "capacity": "1 cup", "type": "french press", "features": "auto shutoff"}}], "status": "delivered", "fulfillments": [{"tracking_id": ["418708581751"], "item_ids": ["5753502325", "9851293632", "3778705663", "8118291112", "3020722515"]}], "payment_history": [{"transaction_type": "payment", "amount": 1262.41, "payment_method_id": "paypal_3024827"}], "cancel_reason": null, "exchange_items": null, "exchange_new_items": null, "exchange_payment_method_id": null, "exchange_price_difference": null, "return_items": null, "return_payment_method_id": null}', requestor='assistant', error=False, turn_idx=None, timestamp='2026-07-22T11:41:01.313860'), ToolMessage(id='call_02_7TFijlgfv4Wk2JSSMHhG1975', role='tool', content='{"order_id": "#W5565470", "user_id": "isabella_johansson_2152", "address": {"address1": "812 Cedar Avenue", "address2": "Suite 500", "city": "Houston", "country": "USA", "state": "TX", "zip": "77129"}, "items": [{"name": "Electric Kettle", "product_id": "1075968781", "item_id": "7602931732", "price": 153.25, "options": {"capacity": "1L", "material": "stainless steel", "color": "black"}}, {"name": "Mechanical Keyboard", "product_id": "1656367028", "item_id": "9570044148", "price": 231.37, "options": {"switch type": "linear", "backlight": "none", "size": "full size"}}, {"name": "Pet Bed", "product_id": "2747247837", "item_id": "6857426243", "price": 196.53, "options": {"size": "medium", "material": "fleece", "color": "grey"}}], "status": "delivered", "fulfillments": [{"tracking_id": ["907614527588"], "item_ids": ["7602931732", "9570044148", "6857426243"]}], "payment_history": [{"transaction_type": "payment", "amount": 581.15, "payment_method_id": "paypal_3024827"}], "cancel_reason": null, "exchange_items": null, "exchange_new_items": null, "exchange_payment_method_id": null, "exchange_price_difference": null, "return_items": null, "return_payment_method_id": null}', requestor='assistant', error=False, turn_idx=None, timestamp='2026-07-22T11:41:01.313860'), ToolMessage(id='call_03_GAup1DaAxgSt6oSTxsrB8544', role='tool', content='{"order_id": "#W2575533", "user_id": "isabella_johansson_2152", "address": {"address1": "313 Chestnut Street", "address2": "Suite 537", "city": "Jacksonville", "country": "USA", "state": "FL", "zip": "32286"}, "items": [{"name": "Vacuum Cleaner", "product_id": "1762337868", "item_id": "4806644905", "price": 658.89, "options": {"type": "robotic", "bagged/bagless": "bagless", "features": "cordless"}}, {"name": "Portable Charger", "product_id": "6942297802", "item_id": "8349903180", "price": 102.07, "options": {"capacity": "20000mAh", "output": "Wireless", "color": "black"}}, {"name": "E-Reader", "product_id": "3801771308", "item_id": "9494281769", "price": 252.06, "options": {"screen size": "8-inch", "connectivity": "Wi-Fi", "storage": "8GB"}}, {"name": "Garden Hose", "product_id": "6679515468", "item_id": "5206946487", "price": 95.08, "options": {"length": "50ft", "material": "vinyl", "color": "black"}}, {"name": "Office Chair", "product_id": "4794339885", "item_id": "8323284863", "price": 511.24, "options": {"material": "fabric", "color": "blue", "armrest": "adjustable", "backrest height": "standard"}}], "status": "pending", "fulfillments": [], "payment_history": [{"transaction_type": "payment", "amount": 1619.34, "payment_method_id": "paypal_3024827"}], "cancel_reason": null, "exchange_items": null, "exchange_new_items": null, "exchange_payment_method_id": null, "exchange_price_difference": null, "return_items": null, "return_payment_method_id": null}', requestor='assistant', error=False, turn_idx=None, timestamp='2026-07-22T11:41:01.314860')]
2026-07-22 11:41:05.756 | DEBUG    | tau2.orchestrator.orchestrator:step:833 - Step 10. Sending message from Role.AGENT to Role.USER
2026-07-22 11:41:05.756 | DEBUG    | tau2.orchestrator.orchestrator:step:836 - Step 10.
From role: Role.AGENT
To role: Role.USER
Message: AssistantMessage
content: Let me clarify what I've found. Here's a summary of your orders:

**Order #W2575533** (status: **pending**) - This is your latest order. It contains:
- Vacuum Cleaner
- Portable Charger
- E-Reader
- **Garden Hose** (item id: 5206946487)
- Office Chair

**Order #W7181492** (status: **delivered**) - Contains:
- **Garden Hose** (item id: 5753502325)
- **Backpack** (item id: 9851293632)
- Bookshelf
- Hiking Boots
- Coffee Maker

**Order #W3792453** (status: **delivered**) - Contains:
- **Skateboard** (item id: 4293355847)

**Order #W5565470** (status: **delivered**) - Contains:
- Electric Kettle
- Mechanical Keyboard (you mentioned "keyboard" - this is a mechanical keyboard)
- Pet Bed

Now, regarding your requests:

1. **Cancelling the garden hose** - You mentioned cancelling the garden hose from your latest order (#W2575533). However, cancellation applies to the **entire order**, not individual items. You can't cancel just one item from an order. The order is pending, so I could cancel the whole order if you'd like, but not just the hose.

2. **Returns** - For the items you want to return (skateboard, garden hose, backpack, keyboard, bed), I need to check which orders they're in:
   - **Skateboard** - in delivered order #W3792453 ✓
   - **Garden hose** - you have two garden hoses. The one in delivered order #W7181492? Or the one in pending order #W2575533?
   - **Backpack** - in delivered order #W7181492 ✓
   - **Keyboard** - there's a "Mechanical Keyboard" in delivered order #W5565470 ✓
   - **Bed** - I don't see a "bed" in any of your orders. There's a "Pet Bed" in #W5565470. Is that what you meant?

Could you clarify a few things:
1. Which garden hose did you want to return (the one from the delivered order or the pending order)?
2. Did you mean "Pet Bed" when you said "bed"?
3. For the cancellation - since you can't cancel just one item from an order, would you like to cancel the entire pending order #W2575533 instead?
is_final_chunk: True
2026-07-22 11:41:05.756 | DEBUG    | tau2.user.user_simulator:_generate_next_message:222 - User responds to message: AssistantMessage
content: Let me clarify what I've found. Here's a summary of your orders:

**Order #W2575533** (status: **pending**) - This is your latest order. It contains:
- Vacuum Cleaner
- Portable Charger
- E-Reader
- **Garden Hose** (item id: 5206946487)
- Office Chair

**Order #W7181492** (status: **delivered**) - Contains:
- **Garden Hose** (item id: 5753502325)
- **Backpack** (item id: 9851293632)
- Bookshelf
- Hiking Boots
- Coffee Maker

**Order #W3792453** (status: **delivered**) - Contains:
- **Skateboard** (item id: 4293355847)

**Order #W5565470** (status: **delivered**) - Contains:
- Electric Kettle
- Mechanical Keyboard (you mentioned "keyboard" - this is a mechanical keyboard)
- Pet Bed

Now, regarding your requests:

1. **Cancelling the garden hose** - You mentioned cancelling the garden hose from your latest order (#W2575533). However, cancellation applies to the **entire order**, not individual items. You can't cancel just one item from an order. The order is pending, so I could cancel the whole order if you'd like, but not just the hose.

2. **Returns** - For the items you want to return (skateboard, garden hose, backpack, keyboard, bed), I need to check which orders they're in:
   - **Skateboard** - in delivered order #W3792453 ✓
   - **Garden hose** - you have two garden hoses. The one in delivered order #W7181492? Or the one in pending order #W2575533?
   - **Backpack** - in delivered order #W7181492 ✓
   - **Keyboard** - there's a "Mechanical Keyboard" in delivered order #W5565470 ✓
   - **Bed** - I don't see a "bed" in any of your orders. There's a "Pet Bed" in #W5565470. Is that what you meant?

Could you clarify a few things:
1. Which garden hose did you want to return (the one from the delivered order or the pending order)?
2. Did you mean "Pet Bed" when you said "bed"?
3. For the cancellation - since you can't cancel just one item from an order, would you like to cancel the entire pending order #W2575533 instead?
is_final_chunk: True
2026-07-22 11:41:07.674 | DEBUG    | tau2.user.user_simulator:_generate_next_message:244 - Response: Thanks.

- Cancel: Please do NOT cancel the entire order. I only want to cancel the garden hose from the pending order. If that’s not possible, leave the order as is.
- Return the garden hose from the delivered order #W7181492 (item id 5753502325).
- Yes, “bed” = the Pet Bed from #W5565470.
- Please process returns in this order:
  1) Skateboard from #W3792453
  2) Garden hose and backpack from #W7181492
  3) Mechanical keyboard and Pet Bed from #W5565470
- After that, tell me the total refund amount.
2026-07-22 11:41:07.674 | DEBUG    | tau2.orchestrator.orchestrator:step:833 - Step 11. Sending message from Role.USER to Role.AGENT
2026-07-22 11:41:07.674 | DEBUG    | tau2.orchestrator.orchestrator:step:836 - Step 11.
From role: Role.USER
To role: Role.AGENT
Message: UserMessage
content: Thanks.

- Cancel: Please do NOT cancel the entire order. I only want to cancel the garden hose from the pending order. If that’s not possible, leave the order as is.
- Return the garden hose from the delivered order #W7181492 (item id 5753502325).
- Yes, “bed” = the Pet Bed from #W5565470.
- Please process returns in this order:
  1) Skateboard from #W3792453
  2) Garden hose and backpack from #W7181492
  3) Mechanical keyboard and Pet Bed from #W5565470
- After that, tell me the total refund amount.
is_final_chunk: True
2026-07-22 11:41:10.348 | DEBUG    | tau2.orchestrator.orchestrator:step:833 - Step 12. Sending message from Role.AGENT to Role.ENV
2026-07-22 11:41:10.348 | DEBUG    | tau2.orchestrator.orchestrator:step:836 - Step 12.
From role: Role.AGENT
To role: Role.ENV
Message: AssistantMessage
content: Thank you for clarifying! Let me address each point:

**Regarding cancellation:** As per policy, you can only cancel an entire pending order, not individual items. So I'll leave order #W2575533 as is.

**Regarding returns:** All the items you want to return are from **delivered** orders, which is good! Let me check the item details to get the prices.

Let me look up the items to confirm details.
ToolCalls:
ToolCall (from assistant)
id: call_00_NrXnd6fndEmFHufj8hEg8227
name: get_item_details
arguments:
{
  "item_id": "4293355847"
}
ToolCall (from assistant)
id: call_01_WjC9XXHTbUO3yGzokPR97016
name: get_item_details
arguments:
{
  "item_id": "5753502325"
}
ToolCall (from assistant)
id: call_02_6E7Q6zs4Y31GJoDZP1ja7857
name: get_item_details
arguments:
{
  "item_id": "9851293632"
}
ToolCall (from assistant)
id: call_03_mMCujETV8sBp0NCXpeCl1293
name: get_item_details
arguments:
{
  "item_id": "9570044148"
}
ToolCall (from assistant)
id: call_04_FNg3x1ir5KYgilAgl3du8241
name: get_item_details
arguments:
{
  "item_id": "6857426243"
}
is_final_chunk: True
2026-07-22 11:41:10.348 | DEBUG    | tau2.environment.environment:get_response:454 - Response: item_id='4293355847' options={'deck material': 'bamboo', 'length': '31 inch', 'design': 'plain'} available=True price=200.8
2026-07-22 11:41:10.348 | DEBUG    | tau2.environment.environment:get_response:454 - Response: item_id='5753502325' options={'length': '25ft', 'material': 'rubber', 'color': 'green'} available=False price=96.35
2026-07-22 11:41:10.349 | DEBUG    | tau2.environment.environment:get_response:454 - Response: item_id='9851293632' options={'color': 'green', 'size': 'small', 'material': 'polyester', 'compartment': 'camera'} available=True price=193.38
2026-07-22 11:41:10.349 | DEBUG    | tau2.environment.environment:get_response:454 - Response: item_id='9570044148' options={'switch type': 'linear', 'backlight': 'none', 'size': 'full size'} available=True price=231.37
2026-07-22 11:41:10.349 | DEBUG    | tau2.environment.environment:get_response:454 - Response: item_id='6857426243' options={'size': 'medium', 'material': 'fleece', 'color': 'grey'} available=True price=196.53
2026-07-22 11:41:10.349 | DEBUG    | tau2.orchestrator.orchestrator:step:833 - Step 13. Sending message from Role.ENV to Role.AGENT
2026-07-22 11:41:10.349 | DEBUG    | tau2.orchestrator.orchestrator:step:836 - Step 13.
From role: Role.ENV
To role: Role.AGENT
Message: role='tool' tool_messages=[ToolMessage(id='call_00_NrXnd6fndEmFHufj8hEg8227', role='tool', content='{"item_id": "4293355847", "options": {"deck material": "bamboo", "length": "31 inch", "design": "plain"}, "available": true, "price": 200.8}', requestor='assistant', error=False, turn_idx=None, timestamp='2026-07-22T11:41:10.348700'), ToolMessage(id='call_01_WjC9XXHTbUO3yGzokPR97016', role='tool', content='{"item_id": "5753502325", "options": {"length": "25ft", "material": "rubber", "color": "green"}, "available": false, "price": 96.35}', requestor='assistant', error=False, turn_idx=None, timestamp='2026-07-22T11:41:10.349700'), ToolMessage(id='call_02_6E7Q6zs4Y31GJoDZP1ja7857', role='tool', content='{"item_id": "9851293632", "options": {"color": "green", "size": "small", "material": "polyester", "compartment": "camera"}, "available": true, "price": 193.38}', requestor='assistant', error=False, turn_idx=None, timestamp='2026-07-22T11:41:10.349700'), ToolMessage(id='call_03_mMCujETV8sBp0NCXpeCl1293', role='tool', content='{"item_id": "9570044148", "options": {"switch type": "linear", "backlight": "none", "size": "full size"}, "available": true, "price": 231.37}', requestor='assistant', error=False, turn_idx=None, timestamp='2026-07-22T11:41:10.349700'), ToolMessage(id='call_04_FNg3x1ir5KYgilAgl3du8241', role='tool', content='{"item_id": "6857426243", "options": {"size": "medium", "material": "fleece", "color": "grey"}, "available": true, "price": 196.53}', requestor='assistant', error=False, turn_idx=None, timestamp='2026-07-22T11:41:10.349700')]
2026-07-22 11:41:12.708 | DEBUG    | tau2.orchestrator.orchestrator:step:833 - Step 14. Sending message from Role.AGENT to Role.USER
2026-07-22 11:41:12.708 | DEBUG    | tau2.orchestrator.orchestrator:step:836 - Step 14.
From role: Role.AGENT
To role: Role.USER
Message: AssistantMessage
content: Great! Here's a summary of the returns I'll process. But first, I need a payment method to receive the refund. According to policy, the refund must go to either the **original payment method** or an **existing gift card**.

Your original payment method for all these orders was **PayPal** (paypal_3024827). Would you like the refund to go back to your PayPal account, or do you have a gift card you'd like to use?

Here's the breakdown of the items to return:

**1) Order #W3792453** - Skateboard ($200.80)
**2) Order #W7181492** - Garden hose ($96.35) + Backpack ($193.38)
**3) Order #W5565470** - Mechanical Keyboard ($231.37) + Pet Bed ($196.53)

**Total refund: $200.80 + $96.35 + $193.38 + $231.37 + $196.53 = $918.43**

Please confirm:
- You'd like the refund to go to your **PayPal** (original payment method), or do you have a **gift card**?
- And do you confirm you'd like to proceed with these returns?
is_final_chunk: True
2026-07-22 11:41:12.708 | DEBUG    | tau2.user.user_simulator:_generate_next_message:222 - User responds to message: AssistantMessage
content: Great! Here's a summary of the returns I'll process. But first, I need a payment method to receive the refund. According to policy, the refund must go to either the **original payment method** or an **existing gift card**.

Your original payment method for all these orders was **PayPal** (paypal_3024827). Would you like the refund to go back to your PayPal account, or do you have a gift card you'd like to use?

Here's the breakdown of the items to return:

**1) Order #W3792453** - Skateboard ($200.80)
**2) Order #W7181492** - Garden hose ($96.35) + Backpack ($193.38)
**3) Order #W5565470** - Mechanical Keyboard ($231.37) + Pet Bed ($196.53)

**Total refund: $200.80 + $96.35 + $193.38 + $231.37 + $196.53 = $918.43**

Please confirm:
- You'd like the refund to go to your **PayPal** (original payment method), or do you have a **gift card**?
- And do you confirm you'd like to proceed with these returns?
is_final_chunk: True
2026-07-22 11:41:13.684 | DEBUG    | tau2.user.user_simulator:_generate_next_message:244 - Response: PayPal is fine. Please proceed with the returns in the order I listed. Let me know the final refund total.
2026-07-22 11:41:13.684 | DEBUG    | tau2.orchestrator.orchestrator:step:833 - Step 15. Sending message from Role.USER to Role.AGENT
2026-07-22 11:41:13.684 | DEBUG    | tau2.orchestrator.orchestrator:step:836 - Step 15.
From role: Role.USER
To role: Role.AGENT
Message: UserMessage
content: PayPal is fine. Please proceed with the returns in the order I listed. Let me know the final refund total.
is_final_chunk: True
2026-07-22 11:41:15.060 | DEBUG    | tau2.orchestrator.orchestrator:step:833 - Step 16. Sending message from Role.AGENT to Role.ENV
2026-07-22 11:41:15.060 | DEBUG    | tau2.orchestrator.orchestrator:step:836 - Step 16.
From role: Role.AGENT
To role: Role.ENV
Message: AssistantMessage
content: Let me process the returns one by one in the order you specified.

**1) Return the Skateboard from #W3792453**
ToolCalls:
ToolCall (from assistant)
id: call_00_sCvsO9gXEqQFGSyScycB8980
name: return_delivered_order_items
arguments:
{
  "order_id": "#W3792453",
  "item_ids": [
    "4293355847"
  ],
  "payment_method_id": "paypal_3024827"
}
is_final_chunk: True
2026-07-22 11:41:15.061 | DEBUG    | tau2.environment.environment:get_response:454 - Response: order_id='#W3792453' user_id='isabella_johansson_2152' address=UserAddress(address1='313 Chestnut Street', address2='Suite 537', city='Jacksonville', country='USA', state='FL', zip='32286') items=[OrderItem(name='Skateboard', product_id='1968349452', item_id='4293355847', price=200.8, options={'deck material': 'bamboo', 'length': '31 inch', 'design': 'plain'})] status='return requested' fulfillments=[OrderFullfilment(tracking_id=['908856694334'], item_ids=['4293355847'])] payment_history=[OrderPayment(transaction_type='payment', amount=200.8, payment_method_id='paypal_3024827')] cancel_reason=None exchange_items=None exchange_new_items=None exchange_payment_method_id=None exchange_price_difference=None return_items=['4293355847'] return_payment_method_id='paypal_3024827'
2026-07-22 11:41:15.061 | DEBUG    | tau2.orchestrator.orchestrator:step:833 - Step 17. Sending message from Role.ENV to Role.AGENT
2026-07-22 11:41:15.061 | DEBUG    | tau2.orchestrator.orchestrator:step:836 - Step 17.
From role: Role.ENV
To role: Role.AGENT
Message: ToolMessage (responding to assistant)
timestamp: 2026-07-22T11:41:15.061659
content: {"order_id": "#W3792453", "user_id": "isabella_johansson_2152", "address": {"address1": "313 Chestnut Street", "address2": "Suite 537", "city": "Jacksonville", "country": "USA", "state": "FL", "zip": "32286"}, "items": [{"name": "Skateboard", "product_id": "1968349452", "item_id": "4293355847", "price": 200.8, "options": {"deck material": "bamboo", "length": "31 inch", "design": "plain"}}], "status": "return requested", "fulfillments": [{"tracking_id": ["908856694334"], "item_ids": ["4293355847"]}], "payment_history": [{"transaction_type": "payment", "amount": 200.8, "payment_method_id": "paypal_3024827"}], "cancel_reason": null, "exchange_items": null, "exchange_new_items": null, "exchange_payment_method_id": null, "exchange_price_difference": null, "return_items": ["4293355847"], "return_payment_method_id": "paypal_3024827"}
2026-07-22 11:41:16.369 | DEBUG    | tau2.orchestrator.orchestrator:step:833 - Step 18. Sending message from Role.AGENT to Role.ENV
2026-07-22 11:41:16.369 | DEBUG    | tau2.orchestrator.orchestrator:step:836 - Step 18.
From role: Role.AGENT
To role: Role.ENV
Message: AssistantMessage
content: **2) Return the Garden hose and Backpack from #W7181492**
ToolCalls:
ToolCall (from assistant)
id: call_00_6897CWamCMHzhlBAGp6f1293
name: return_delivered_order_items
arguments:
{
  "order_id": "#W7181492",
  "item_ids": [
    "5753502325",
    "9851293632"
  ],
  "payment_method_id": "paypal_3024827"
}
is_final_chunk: True
2026-07-22 11:41:16.370 | DEBUG    | tau2.environment.environment:get_response:454 - Response: order_id='#W7181492' user_id='isabella_johansson_2152' address=UserAddress(address1='313 Chestnut Street', address2='Suite 537', city='Jacksonville', country='USA', state='FL', zip='32286') items=[OrderItem(name='Garden Hose', product_id='6679515468', item_id='5753502325', price=96.35, options={'length': '25ft', 'material': 'rubber', 'color': 'green'}), OrderItem(name='Backpack', product_id='2524789262', item_id='9851293632', price=193.38, options={'color': 'green', 'size': 'small', 'material': 'polyester', 'compartment': 'camera'}), OrderItem(name='Bookshelf', product_id='8600330539', item_id='3778705663', price=473.48, options={'material': 'metal', 'color': 'black', 'height': '6 ft'}), OrderItem(name='Hiking Boots', product_id='7363354090', item_id='8118291112', price=260.56, options={'size': '12', 'material': 'leather', 'waterproof': 'no'}), OrderItem(name='Coffee Maker', product_id='7996920482', item_id='3020722515', price=238.64, options={'color': 'black', 'capacity': '1 cup', 'type': 'french press', 'features': 'auto shutoff'})] status='return requested' fulfillments=[OrderFullfilment(tracking_id=['418708581751'], item_ids=['5753502325', '9851293632', '3778705663', '8118291112', '3020722515'])] payment_history=[OrderPayment(transaction_type='payment', amount=1262.41, payment_method_id='paypal_3024827')] cancel_reason=None exchange_items=None exchange_new_items=None exchange_payment_method_id=None exchange_price_difference=None return_items=['5753502325', '9851293632'] return_payment_method_id='paypal_3024827'
2026-07-22 11:41:16.370 | DEBUG    | tau2.orchestrator.orchestrator:step:833 - Step 19. Sending message from Role.ENV to Role.AGENT
2026-07-22 11:41:16.370 | DEBUG    | tau2.orchestrator.orchestrator:step:836 - Step 19.
From role: Role.ENV
To role: Role.AGENT
Message: ToolMessage (responding to assistant)
timestamp: 2026-07-22T11:41:16.370723
content: {"order_id": "#W7181492", "user_id": "isabella_johansson_2152", "address": {"address1": "313 Chestnut Street", "address2": "Suite 537", "city": "Jacksonville", "country": "USA", "state": "FL", "zip": "32286"}, "items": [{"name": "Garden Hose", "product_id": "6679515468", "item_id": "5753502325", "price": 96.35, "options": {"length": "25ft", "material": "rubber", "color": "green"}}, {"name": "Backpack", "product_id": "2524789262", "item_id": "9851293632", "price": 193.38, "options": {"color": "green", "size": "small", "material": "polyester", "compartment": "camera"}}, {"name": "Bookshelf", "product_id": "8600330539", "item_id": "3778705663", "price": 473.48, "options": {"material": "metal", "color": "black", "height": "6 ft"}}, {"name": "Hiking Boots", "product_id": "7363354090", "item_id": "8118291112", "price": 260.56, "options": {"size": "12", "material": "leather", "waterproof": "no"}}, {"name": "Coffee Maker", "product_id": "7996920482", "item_id": "3020722515", "price": 238.64, "options": {"color": "black", "capacity": "1 cup", "type": "french press", "features": "auto shutoff"}}], "status": "return requested", "fulfillments": [{"tracking_id": ["418708581751"], "item_ids": ["5753502325", "9851293632", "3778705663", "8118291112", "3020722515"]}], "payment_history": [{"transaction_type": "payment", "amount": 1262.41, "payment_method_id": "paypal_3024827"}], "cancel_reason": null, "exchange_items": null, "exchange_new_items": null, "exchange_payment_method_id": null, "exchange_price_difference": null, "return_items": ["5753502325", "9851293632"], "return_payment_method_id": "paypal_3024827"}
2026-07-22 11:41:17.500 | DEBUG    | tau2.orchestrator.orchestrator:step:833 - Step 20. Sending message from Role.AGENT to Role.ENV
2026-07-22 11:41:17.501 | DEBUG    | tau2.orchestrator.orchestrator:step:836 - Step 20.
From role: Role.AGENT
To role: Role.ENV
Message: AssistantMessage
content: **3) Return the Mechanical Keyboard and Pet Bed from #W5565470**
ToolCalls:
ToolCall (from assistant)
id: call_00_M1mwa77f29Q3L0KLR3WK9538
name: return_delivered_order_items
arguments:
{
  "order_id": "#W5565470",
  "item_ids": [
    "9570044148",
    "6857426243"
  ],
  "payment_method_id": "paypal_3024827"
}
is_final_chunk: True
2026-07-22 11:41:17.501 | DEBUG    | tau2.environment.environment:get_response:454 - Response: order_id='#W5565470' user_id='isabella_johansson_2152' address=UserAddress(address1='812 Cedar Avenue', address2='Suite 500', city='Houston', country='USA', state='TX', zip='77129') items=[OrderItem(name='Electric Kettle', product_id='1075968781', item_id='7602931732', price=153.25, options={'capacity': '1L', 'material': 'stainless steel', 'color': 'black'}), OrderItem(name='Mechanical Keyboard', product_id='1656367028', item_id='9570044148', price=231.37, options={'switch type': 'linear', 'backlight': 'none', 'size': 'full size'}), OrderItem(name='Pet Bed', product_id='2747247837', item_id='6857426243', price=196.53, options={'size': 'medium', 'material': 'fleece', 'color': 'grey'})] status='return requested' fulfillments=[OrderFullfilment(tracking_id=['907614527588'], item_ids=['7602931732', '9570044148', '6857426243'])] payment_history=[OrderPayment(transaction_type='payment', amount=581.15, payment_method_id='paypal_3024827')] cancel_reason=None exchange_items=None exchange_new_items=None exchange_payment_method_id=None exchange_price_difference=None return_items=['6857426243', '9570044148'] return_payment_method_id='paypal_3024827'
2026-07-22 11:41:17.501 | DEBUG    | tau2.orchestrator.orchestrator:step:833 - Step 21. Sending message from Role.ENV to Role.AGENT
2026-07-22 11:41:17.502 | DEBUG    | tau2.orchestrator.orchestrator:step:836 - Step 21.
From role: Role.ENV
To role: Role.AGENT
Message: ToolMessage (responding to assistant)
timestamp: 2026-07-22T11:41:17.501235
content: {"order_id": "#W5565470", "user_id": "isabella_johansson_2152", "address": {"address1": "812 Cedar Avenue", "address2": "Suite 500", "city": "Houston", "country": "USA", "state": "TX", "zip": "77129"}, "items": [{"name": "Electric Kettle", "product_id": "1075968781", "item_id": "7602931732", "price": 153.25, "options": {"capacity": "1L", "material": "stainless steel", "color": "black"}}, {"name": "Mechanical Keyboard", "product_id": "1656367028", "item_id": "9570044148", "price": 231.37, "options": {"switch type": "linear", "backlight": "none", "size": "full size"}}, {"name": "Pet Bed", "product_id": "2747247837", "item_id": "6857426243", "price": 196.53, "options": {"size": "medium", "material": "fleece", "color": "grey"}}], "status": "return requested", "fulfillments": [{"tracking_id": ["907614527588"], "item_ids": ["7602931732", "9570044148", "6857426243"]}], "payment_history": [{"transaction_type": "payment", "amount": 581.15, "payment_method_id": "paypal_3024827"}], "cancel_reason": null, "exchange_items": null, "exchange_new_items": null, "exchange_payment_method_id": null, "exchange_price_difference": null, "return_items": ["6857426243", "9570044148"], "return_payment_method_id": "paypal_3024827"}
2026-07-22 11:41:19.664 | DEBUG    | tau2.orchestrator.orchestrator:step:833 - Step 22. Sending message from Role.AGENT to Role.USER
2026-07-22 11:41:19.664 | DEBUG    | tau2.orchestrator.orchestrator:step:836 - Step 22.
From role: Role.AGENT
To role: Role.USER
Message: AssistantMessage
content: All three returns have been processed successfully! Here's the final summary:

**Return 1 ✅ - Order #W3792453**
- Skateboard: **$200.80**

**Return 2 ✅ - Order #W7181492**
- Garden Hose: **$96.35**
- Backpack: **$193.38**

**Return 3 ✅ - Order #W5565470**
- Mechanical Keyboard: **$231.37**
- Pet Bed: **$196.53**

**Total refund: $918.43** (to your PayPal account)

You'll receive an email shortly with instructions on how and where to return the items. Is there anything else I can help you with?
is_final_chunk: True
2026-07-22 11:41:19.664 | DEBUG    | tau2.user.user_simulator:_generate_next_message:222 - User responds to message: AssistantMessage
content: All three returns have been processed successfully! Here's the final summary:

**Return 1 ✅ - Order #W3792453**
- Skateboard: **$200.80**

**Return 2 ✅ - Order #W7181492**
- Garden Hose: **$96.35**
- Backpack: **$193.38**

**Return 3 ✅ - Order #W5565470**
- Mechanical Keyboard: **$231.37**
- Pet Bed: **$196.53**

**Total refund: $918.43** (to your PayPal account)

You'll receive an email shortly with instructions on how and where to return the items. Is there anything else I can help you with?
is_final_chunk: True
2026-07-22 11:41:20.266 | DEBUG    | tau2.user.user_simulator:_generate_next_message:244 - Response: Thanks, that’s all I needed. ###STOP###
2026-07-22 11:41:20.354 | DEBUG    | tau2.environment.environment:get_response:454 - Response: order_id='#W3792453' user_id='isabella_johansson_2152' address=UserAddress(address1='313 Chestnut Street', address2='Suite 537', city='Jacksonville', country='USA', state='FL', zip='32286') items=[OrderItem(name='Skateboard', product_id='1968349452', item_id='4293355847', price=200.8, options={'deck material': 'bamboo', 'length': '31 inch', 'design': 'plain'})] status='return requested' fulfillments=[OrderFullfilment(tracking_id=['908856694334'], item_ids=['4293355847'])] payment_history=[OrderPayment(transaction_type='payment', amount=200.8, payment_method_id='paypal_3024827')] cancel_reason=None exchange_items=None exchange_new_items=None exchange_payment_method_id=None exchange_price_difference=None return_items=['4293355847'] return_payment_method_id='paypal_3024827'
2026-07-22 11:41:20.354 | DEBUG    | tau2.environment.environment:get_response:454 - Response: order_id='#W7181492' user_id='isabella_johansson_2152' address=UserAddress(address1='313 Chestnut Street', address2='Suite 537', city='Jacksonville', country='USA', state='FL', zip='32286') items=[OrderItem(name='Garden Hose', product_id='6679515468', item_id='5753502325', price=96.35, options={'length': '25ft', 'material': 'rubber', 'color': 'green'}), OrderItem(name='Backpack', product_id='2524789262', item_id='9851293632', price=193.38, options={'color': 'green', 'size': 'small', 'material': 'polyester', 'compartment': 'camera'}), OrderItem(name='Bookshelf', product_id='8600330539', item_id='3778705663', price=473.48, options={'material': 'metal', 'color': 'black', 'height': '6 ft'}), OrderItem(name='Hiking Boots', product_id='7363354090', item_id='8118291112', price=260.56, options={'size': '12', 'material': 'leather', 'waterproof': 'no'}), OrderItem(name='Coffee Maker', product_id='7996920482', item_id='3020722515', price=238.64, options={'color': 'black', 'capacity': '1 cup', 'type': 'french press', 'features': 'auto shutoff'})] status='return requested' fulfillments=[OrderFullfilment(tracking_id=['418708581751'], item_ids=['5753502325', '9851293632', '3778705663', '8118291112', '3020722515'])] payment_history=[OrderPayment(transaction_type='payment', amount=1262.41, payment_method_id='paypal_3024827')] cancel_reason=None exchange_items=None exchange_new_items=None exchange_payment_method_id=None exchange_price_difference=None return_items=['5753502325', '9851293632'] return_payment_method_id='paypal_3024827'
2026-07-22 11:41:20.354 | DEBUG    | tau2.environment.environment:get_response:454 - Response: order_id='#W5565470' user_id='isabella_johansson_2152' address=UserAddress(address1='812 Cedar Avenue', address2='Suite 500', city='Houston', country='USA', state='TX', zip='77129') items=[OrderItem(name='Electric Kettle', product_id='1075968781', item_id='7602931732', price=153.25, options={'capacity': '1L', 'material': 'stainless steel', 'color': 'black'}), OrderItem(name='Mechanical Keyboard', product_id='1656367028', item_id='9570044148', price=231.37, options={'switch type': 'linear', 'backlight': 'none', 'size': 'full size'}), OrderItem(name='Pet Bed', product_id='2747247837', item_id='6857426243', price=196.53, options={'size': 'medium', 'material': 'fleece', 'color': 'grey'})] status='return requested' fulfillments=[OrderFullfilment(tracking_id=['907614527588'], item_ids=['7602931732', '9570044148', '6857426243'])] payment_history=[OrderPayment(transaction_type='payment', amount=581.15, payment_method_id='paypal_3024827')] cancel_reason=None exchange_items=None exchange_new_items=None exchange_payment_method_id=None exchange_price_difference=None return_items=['6857426243', '9570044148'] return_payment_method_id='paypal_3024827'
2026-07-22 11:41:21.775 | INFO     | tau2.runner.simulation:run_simulation:87 - Simulation complete: domain=retail, task=28, reward=1.0
2026-07-22 11:41:21.776 | INFO     | tau2.runner.batch:run_single_task:442 - FINISHED SIMULATION: Domain: retail, Task: 28, Reward: 1.0
