2026-07-21 15:20:19.976 | DEBUG    | tau2.runner.batch:__enter__:301 - Task log file: D:\PolicyAgent-PostTrain\experiments\20260721_151851_retail_smoke5_deepseek\task_50\tau2_artifacts\artifacts\task_50\sim_8c8cc385-051a-4edc-8547-69fcd7537241\task.log
2026-07-21 15:20:20.017 | INFO     | tau2.orchestrator.orchestrator:_validate_mode_compatibility:477 - Orchestrator initialized in HALF_DUPLEX mode (turn-based) with agent=LLMAgent, user=UserSimulator
2026-07-21 15:20:20.018 | DEBUG    | tau2.runner.build:build_text_orchestrator:400 - Built text orchestrator: domain=retail, agent=llm_agent, user=user_simulator, task=50
2026-07-21 15:20:20.019 | DEBUG    | tau2.orchestrator.orchestrator:step:833 - Step 0. Sending message from Role.AGENT to Role.USER
2026-07-21 15:20:20.019 | DEBUG    | tau2.orchestrator.orchestrator:step:836 - Step 0.
From role: Role.AGENT
To role: Role.USER
Message: AssistantMessage
content: Hi! How can I help you today?
is_final_chunk: True
2026-07-21 15:20:20.019 | DEBUG    | tau2.user.user_simulator:_generate_next_message:222 - User responds to message: AssistantMessage
content: Hi! How can I help you today?
is_final_chunk: True
2026-07-21 15:20:21.158 | DEBUG    | tau2.user.user_simulator:_generate_next_message:244 - Response: Hi, I need help right away. I cancelled an order by mistake, and I want to undo that cancellation. I need the order delivered as soon as possible. Can you please fix this for me?
2026-07-21 15:20:21.158 | DEBUG    | tau2.orchestrator.orchestrator:step:833 - Step 1. Sending message from Role.USER to Role.AGENT
2026-07-21 15:20:21.158 | DEBUG    | tau2.orchestrator.orchestrator:step:836 - Step 1.
From role: Role.USER
To role: Role.AGENT
Message: UserMessage
content: Hi, I need help right away. I cancelled an order by mistake, and I want to undo that cancellation. I need the order delivered as soon as possible. Can you please fix this for me?
is_final_chunk: True
2026-07-21 15:20:22.463 | DEBUG    | tau2.orchestrator.orchestrator:step:833 - Step 2. Sending message from Role.AGENT to Role.USER
2026-07-21 15:20:22.464 | DEBUG    | tau2.orchestrator.orchestrator:step:836 - Step 2.
From role: Role.AGENT
To role: Role.USER
Message: AssistantMessage
content: I'm sorry to hear about the cancellation! Unfortunately, once an order has been cancelled, I don't have any tools available to undo or reverse a cancellation. This is beyond what I can handle with the tools I have.

Let me first help you get authenticated so I can look into your account and see what's going on. Could you please provide me with your email address, or your name and zip code so I can locate your account?
is_final_chunk: True
2026-07-21 15:20:22.464 | DEBUG    | tau2.user.user_simulator:_generate_next_message:222 - User responds to message: AssistantMessage
content: I'm sorry to hear about the cancellation! Unfortunately, once an order has been cancelled, I don't have any tools available to undo or reverse a cancellation. This is beyond what I can handle with the tools I have.

Let me first help you get authenticated so I can look into your account and see what's going on. Could you please provide me with your email address, or your name and zip code so I can locate your account?
is_final_chunk: True
2026-07-21 15:20:23.605 | DEBUG    | tau2.user.user_simulator:_generate_next_message:244 - Response: I don’t remember the email I used, but my name is Chen Smith and my zip code is 32278 in Jacksonville. Please check my account and do whatever you can to reverse the cancellation. I really need all the items from my original order delivered as soon as possible. Isn’t there any way to reinstate it or rush a replacement?
2026-07-21 15:20:23.606 | DEBUG    | tau2.orchestrator.orchestrator:step:833 - Step 3. Sending message from Role.USER to Role.AGENT
2026-07-21 15:20:23.606 | DEBUG    | tau2.orchestrator.orchestrator:step:836 - Step 3.
From role: Role.USER
To role: Role.AGENT
Message: UserMessage
content: I don’t remember the email I used, but my name is Chen Smith and my zip code is 32278 in Jacksonville. Please check my account and do whatever you can to reverse the cancellation. I really need all the items from my original order delivered as soon as possible. Isn’t there any way to reinstate it or rush a replacement?
is_final_chunk: True
2026-07-21 15:20:24.458 | DEBUG    | tau2.orchestrator.orchestrator:step:833 - Step 4. Sending message from Role.AGENT to Role.ENV
2026-07-21 15:20:24.459 | DEBUG    | tau2.orchestrator.orchestrator:step:836 - Step 4.
From role: Role.AGENT
To role: Role.ENV
Message: AssistantMessage
content: Let me look up your account first.
ToolCalls:
ToolCall (from assistant)
id: call_00_0kj6UjamBEAKqczjZiNJ7536
name: find_user_id_by_name_zip
arguments:
{
  "first_name": "Chen",
  "last_name": "Smith",
  "zip": "32278"
}
is_final_chunk: True
2026-07-21 15:20:24.459 | DEBUG    | tau2.environment.environment:get_response:454 - Response: chen_smith_8425
2026-07-21 15:20:24.459 | DEBUG    | tau2.orchestrator.orchestrator:step:833 - Step 5. Sending message from Role.ENV to Role.AGENT
2026-07-21 15:20:24.459 | DEBUG    | tau2.orchestrator.orchestrator:step:836 - Step 5.
From role: Role.ENV
To role: Role.AGENT
Message: ToolMessage (responding to assistant)
timestamp: 2026-07-21T15:20:24.459932
content: chen_smith_8425
2026-07-21 15:20:25.532 | DEBUG    | tau2.orchestrator.orchestrator:step:833 - Step 6. Sending message from Role.AGENT to Role.ENV
2026-07-21 15:20:25.532 | DEBUG    | tau2.orchestrator.orchestrator:step:836 - Step 6.
From role: Role.AGENT
To role: Role.ENV
Message: AssistantMessage
content: Great, I found you! Let me get your details and see what orders you have.
ToolCalls:
ToolCall (from assistant)
id: call_00_WQZJexgiLTvVz71EXpAH1951
name: get_user_details
arguments:
{
  "user_id": "chen_smith_8425"
}
is_final_chunk: True
2026-07-21 15:20:25.532 | DEBUG    | tau2.environment.environment:get_response:454 - Response: user_id='chen_smith_8425' name=UserName(first_name='Chen', last_name='Smith') address=UserAddress(address1='932 Hickory Lane', address2='Suite 309', city='Jacksonville', country='USA', state='FL', zip='32278') email='chen.smith7677@example.com' payment_methods={'gift_card_4796172': GiftCard(source='gift_card', id='gift_card_4796172', balance=47.0), 'credit_card_6177109': CreditCard(source='credit_card', id='credit_card_6177109', brand='visa', last_four='9488'), 'paypal_9175769': Paypal(source='paypal', id='paypal_9175769')} orders=['#W8859225']
2026-07-21 15:20:25.532 | DEBUG    | tau2.orchestrator.orchestrator:step:833 - Step 7. Sending message from Role.ENV to Role.AGENT
2026-07-21 15:20:25.532 | DEBUG    | tau2.orchestrator.orchestrator:step:836 - Step 7.
From role: Role.ENV
To role: Role.AGENT
Message: ToolMessage (responding to assistant)
timestamp: 2026-07-21T15:20:25.532181
content: {"user_id": "chen_smith_8425", "name": {"first_name": "Chen", "last_name": "Smith"}, "address": {"address1": "932 Hickory Lane", "address2": "Suite 309", "city": "Jacksonville", "country": "USA", "state": "FL", "zip": "32278"}, "email": "chen.smith7677@example.com", "payment_methods": {"gift_card_4796172": {"source": "gift_card", "id": "gift_card_4796172", "balance": 47.0}, "credit_card_6177109": {"source": "credit_card", "id": "credit_card_6177109", "brand": "visa", "last_four": "9488"}, "paypal_9175769": {"source": "paypal", "id": "paypal_9175769"}}, "orders": ["#W8859225"]}
2026-07-21 15:20:26.526 | DEBUG    | tau2.orchestrator.orchestrator:step:833 - Step 8. Sending message from Role.AGENT to Role.ENV
2026-07-21 15:20:26.526 | DEBUG    | tau2.orchestrator.orchestrator:step:836 - Step 8.
From role: Role.AGENT
To role: Role.ENV
Message: AssistantMessage
content: Let me check the details of your order.
ToolCalls:
ToolCall (from assistant)
id: call_00_jaWYDLu2QkzKASxgzUlQ9669
name: get_order_details
arguments:
{
  "order_id": "#W8859225"
}
is_final_chunk: True
2026-07-21 15:20:26.527 | DEBUG    | tau2.environment.environment:get_response:454 - Response: order_id='#W8859225' user_id='chen_smith_8425' address=UserAddress(address1='932 Hickory Lane', address2='Suite 309', city='Jacksonville', country='USA', state='FL', zip='32278') items=[OrderItem(name='Indoor Security Camera', product_id='2985987096', item_id='1999523885', price=294.47, options={'resolution': '4K', 'field of view': '160 degrees', 'connectivity': 'Wi-Fi'}), OrderItem(name='Mechanical Keyboard', product_id='1656367028', item_id='9665000388', price=269.46, options={'switch type': 'clicky', 'backlight': 'none', 'size': '80%'}), OrderItem(name='Indoor Security Camera', product_id='2985987096', item_id='5966895767', price=329.58, options={'resolution': '2K', 'field of view': '160 degrees', 'connectivity': 'Ethernet'}), OrderItem(name='Wireless Earbuds', product_id='9924732112', item_id='2052249669', price=237.14, options={'color': 'white', 'battery life': '4 hours', 'water resistance': 'not resistant'})] status='cancelled' fulfillments=[OrderFullfilment(tracking_id=['208425478671'], item_ids=['1999523885', '9665000388', '5966895767', '2052249669'])] payment_history=[OrderPayment(transaction_type='payment', amount=1130.65, payment_method_id='paypal_9175769'), OrderPayment(transaction_type='refund', amount=1130.65, payment_method_id='paypal_9175769')] cancel_reason=None exchange_items=None exchange_new_items=None exchange_payment_method_id=None exchange_price_difference=None return_items=None return_payment_method_id=None
2026-07-21 15:20:26.527 | DEBUG    | tau2.orchestrator.orchestrator:step:833 - Step 9. Sending message from Role.ENV to Role.AGENT
2026-07-21 15:20:26.527 | DEBUG    | tau2.orchestrator.orchestrator:step:836 - Step 9.
From role: Role.ENV
To role: Role.AGENT
Message: ToolMessage (responding to assistant)
timestamp: 2026-07-21T15:20:26.527702
content: {"order_id": "#W8859225", "user_id": "chen_smith_8425", "address": {"address1": "932 Hickory Lane", "address2": "Suite 309", "city": "Jacksonville", "country": "USA", "state": "FL", "zip": "32278"}, "items": [{"name": "Indoor Security Camera", "product_id": "2985987096", "item_id": "1999523885", "price": 294.47, "options": {"resolution": "4K", "field of view": "160 degrees", "connectivity": "Wi-Fi"}}, {"name": "Mechanical Keyboard", "product_id": "1656367028", "item_id": "9665000388", "price": 269.46, "options": {"switch type": "clicky", "backlight": "none", "size": "80%"}}, {"name": "Indoor Security Camera", "product_id": "2985987096", "item_id": "5966895767", "price": 329.58, "options": {"resolution": "2K", "field of view": "160 degrees", "connectivity": "Ethernet"}}, {"name": "Wireless Earbuds", "product_id": "9924732112", "item_id": "2052249669", "price": 237.14, "options": {"color": "white", "battery life": "4 hours", "water resistance": "not resistant"}}], "status": "cancelled", "fulfillments": [{"tracking_id": ["208425478671"], "item_ids": ["1999523885", "9665000388", "5966895767", "2052249669"]}], "payment_history": [{"transaction_type": "payment", "amount": 1130.65, "payment_method_id": "paypal_9175769"}, {"transaction_type": "refund", "amount": 1130.65, "payment_method_id": "paypal_9175769"}], "cancel_reason": null, "exchange_items": null, "exchange_new_items": null, "exchange_payment_method_id": null, "exchange_price_difference": null, "return_items": null, "return_payment_method_id": null}
2026-07-21 15:20:28.558 | DEBUG    | tau2.orchestrator.orchestrator:step:833 - Step 10. Sending message from Role.AGENT to Role.USER
2026-07-21 15:20:28.558 | DEBUG    | tau2.orchestrator.orchestrator:step:836 - Step 10.
From role: Role.AGENT
To role: Role.USER
Message: AssistantMessage
content: I can see your order **#W8859225** has already been cancelled. Unfortunately, I don't have any tools available to reverse a cancellation or reinstate a cancelled order. Once an order is cancelled, it cannot be undone through the systems I have access to.

Here's a summary of what I found:

- **Order #W8859225** - Status: **Cancelled**
- **Items**: Indoor Security Camera (x2), Mechanical Keyboard, Wireless Earbuds
- **Total**: $1,130.65
- **Payment**: PayPal (already refunded)

Since I cannot reverse the cancellation or create a new order for you, I would recommend either:

1. **Placing a new order** directly on our website for the same items.
2. If you'd like, I can **transfer you to a human agent** who may be able to assist further with this situation.

Would you like me to transfer you to a human agent, or is there anything else I can help you with?
is_final_chunk: True
2026-07-21 15:20:28.558 | DEBUG    | tau2.user.user_simulator:_generate_next_message:222 - User responds to message: AssistantMessage
content: I can see your order **#W8859225** has already been cancelled. Unfortunately, I don't have any tools available to reverse a cancellation or reinstate a cancelled order. Once an order is cancelled, it cannot be undone through the systems I have access to.

Here's a summary of what I found:

- **Order #W8859225** - Status: **Cancelled**
- **Items**: Indoor Security Camera (x2), Mechanical Keyboard, Wireless Earbuds
- **Total**: $1,130.65
- **Payment**: PayPal (already refunded)

Since I cannot reverse the cancellation or create a new order for you, I would recommend either:

1. **Placing a new order** directly on our website for the same items.
2. If you'd like, I can **transfer you to a human agent** who may be able to assist further with this situation.

Would you like me to transfer you to a human agent, or is there anything else I can help you with?
is_final_chunk: True
2026-07-21 15:20:29.516 | DEBUG    | tau2.user.user_simulator:_generate_next_message:244 - Response: Please transfer me to a human agent right now. I need someone who can actually undo the cancellation or get the same items delivered as soon as possible. I’m in a rush and really need this handled.
2026-07-21 15:20:29.517 | DEBUG    | tau2.orchestrator.orchestrator:step:833 - Step 11. Sending message from Role.USER to Role.AGENT
2026-07-21 15:20:29.517 | DEBUG    | tau2.orchestrator.orchestrator:step:836 - Step 11.
From role: Role.USER
To role: Role.AGENT
Message: UserMessage
content: Please transfer me to a human agent right now. I need someone who can actually undo the cancellation or get the same items delivered as soon as possible. I’m in a rush and really need this handled.
is_final_chunk: True
2026-07-21 15:20:31.228 | DEBUG    | tau2.orchestrator.orchestrator:step:833 - Step 12. Sending message from Role.AGENT to Role.ENV
2026-07-21 15:20:31.229 | DEBUG    | tau2.orchestrator.orchestrator:step:836 - Step 12.
From role: Role.AGENT
To role: Role.ENV
Message: AssistantMessage
ToolCalls:
ToolCall (from assistant)
id: call_00_rix1dCoErmay2RX4U9qV4121
name: transfer_to_human_agents
arguments:
{
  "summary": "Customer Chen Smith (user ID: chen_smith_8425) had order #W8859225 cancelled and is requesting to reverse the cancellation or get the same items delivered urgently. The order contained: Indoor Security Camera (4K, Wi-Fi), Indoor Security Camera (2K, Ethernet), Mechanical Keyboard (clicky, 80%), and Wireless Earbuds (white). The total of $1,130.65 was refunded via PayPal. The cancellation cannot be undone with available tools, and the customer needs human assistance to resolve this."
}
is_final_chunk: True
2026-07-21 15:20:31.229 | DEBUG    | tau2.environment.environment:get_response:454 - Response: Transfer successful
2026-07-21 15:20:31.230 | DEBUG    | tau2.orchestrator.orchestrator:step:833 - Step 13. Sending message from Role.ENV to Role.AGENT
2026-07-21 15:20:31.230 | DEBUG    | tau2.orchestrator.orchestrator:step:836 - Step 13.
From role: Role.ENV
To role: Role.AGENT
Message: ToolMessage (responding to assistant)
timestamp: 2026-07-21T15:20:31.230353
content: Transfer successful
2026-07-21 15:20:31.915 | DEBUG    | tau2.orchestrator.orchestrator:step:833 - Step 14. Sending message from Role.AGENT to Role.USER
2026-07-21 15:20:31.915 | DEBUG    | tau2.orchestrator.orchestrator:step:836 - Step 14.
From role: Role.AGENT
To role: Role.USER
Message: AssistantMessage
content: YOU ARE BEING TRANSFERRED TO A HUMAN AGENT. PLEASE HOLD ON.
is_final_chunk: True
2026-07-21 15:20:31.915 | DEBUG    | tau2.user.user_simulator:_generate_next_message:222 - User responds to message: AssistantMessage
content: YOU ARE BEING TRANSFERRED TO A HUMAN AGENT. PLEASE HOLD ON.
is_final_chunk: True
2026-07-21 15:20:32.457 | DEBUG    | tau2.user.user_simulator:_generate_next_message:244 - Response: ###TRANSFER###
2026-07-21 15:20:32.677 | INFO     | tau2.runner.simulation:run_simulation:87 - Simulation complete: domain=retail, task=50, reward=1.0
2026-07-21 15:20:32.678 | INFO     | tau2.runner.batch:run_single_task:442 - FINISHED SIMULATION: Domain: retail, Task: 50, Reward: 1.0
