2026-07-22 11:36:01.511 | DEBUG    | tau2.runner.batch:__enter__:301 - Task log file: D:\PolicyAgent-PostTrain\experiments\20260722_110504_retail_baseline20_trial1_deepseek\task_52\tau2_artifacts\artifacts\task_52\sim_a63af8a0-07dd-4c05-a2ee-89932bb68dc8\task.log
2026-07-22 11:36:01.551 | INFO     | tau2.orchestrator.orchestrator:_validate_mode_compatibility:477 - Orchestrator initialized in HALF_DUPLEX mode (turn-based) with agent=LLMAgent, user=UserSimulator
2026-07-22 11:36:01.552 | DEBUG    | tau2.runner.build:build_text_orchestrator:400 - Built text orchestrator: domain=retail, agent=llm_agent, user=user_simulator, task=52
2026-07-22 11:36:01.553 | DEBUG    | tau2.orchestrator.orchestrator:step:833 - Step 0. Sending message from Role.AGENT to Role.USER
2026-07-22 11:36:01.553 | DEBUG    | tau2.orchestrator.orchestrator:step:836 - Step 0.
From role: Role.AGENT
To role: Role.USER
Message: AssistantMessage
content: Hi! How can I help you today?
is_final_chunk: True
2026-07-22 11:36:01.553 | DEBUG    | tau2.user.user_simulator:_generate_next_message:222 - User responds to message: AssistantMessage
content: Hi! How can I help you today?
is_final_chunk: True
2026-07-22 11:36:02.939 | DEBUG    | tau2.user.user_simulator:_generate_next_message:244 - Response: Hi, I just received a digital camera from you, but the zoom isn’t as strong as I expected. I use it for bird-watching, so I’d like to exchange it for a camera with the maximum zoom possible. I want to keep all the other specs the same, just need the zoom to be as high as it can get. Can you help me with this?
2026-07-22 11:36:02.939 | DEBUG    | tau2.orchestrator.orchestrator:step:833 - Step 1. Sending message from Role.USER to Role.AGENT
2026-07-22 11:36:02.939 | DEBUG    | tau2.orchestrator.orchestrator:step:836 - Step 1.
From role: Role.USER
To role: Role.AGENT
Message: UserMessage
content: Hi, I just received a digital camera from you, but the zoom isn’t as strong as I expected. I use it for bird-watching, so I’d like to exchange it for a camera with the maximum zoom possible. I want to keep all the other specs the same, just need the zoom to be as high as it can get. Can you help me with this?
is_final_chunk: True
2026-07-22 11:36:04.076 | DEBUG    | tau2.orchestrator.orchestrator:step:833 - Step 2. Sending message from Role.AGENT to Role.USER
2026-07-22 11:36:04.077 | DEBUG    | tau2.orchestrator.orchestrator:step:836 - Step 2.
From role: Role.AGENT
To role: Role.USER
Message: AssistantMessage
content: I'd be happy to help you with an exchange! First, I need to authenticate your identity. Could you please provide me with your email address, or your name and zip code so I can look you up?
is_final_chunk: True
2026-07-22 11:36:04.078 | DEBUG    | tau2.user.user_simulator:_generate_next_message:222 - User responds to message: AssistantMessage
content: I'd be happy to help you with an exchange! First, I need to authenticate your identity. Could you please provide me with your email address, or your name and zip code so I can look you up?
is_final_chunk: True
2026-07-22 11:36:05.161 | DEBUG    | tau2.user.user_simulator:_generate_next_message:244 - Response: Sure! My name is Sofia Li, and my zip code is 78260.
2026-07-22 11:36:05.162 | DEBUG    | tau2.orchestrator.orchestrator:step:833 - Step 3. Sending message from Role.USER to Role.AGENT
2026-07-22 11:36:05.162 | DEBUG    | tau2.orchestrator.orchestrator:step:836 - Step 3.
From role: Role.USER
To role: Role.AGENT
Message: UserMessage
content: Sure! My name is Sofia Li, and my zip code is 78260.
is_final_chunk: True
2026-07-22 11:36:06.337 | DEBUG    | tau2.orchestrator.orchestrator:step:833 - Step 4. Sending message from Role.AGENT to Role.ENV
2026-07-22 11:36:06.339 | DEBUG    | tau2.orchestrator.orchestrator:step:836 - Step 4.
From role: Role.AGENT
To role: Role.ENV
Message: AssistantMessage
content: Let me look you up!
ToolCalls:
ToolCall (from assistant)
id: call_00_6uNtklzXHmZIhcQMt9Y23771
name: find_user_id_by_name_zip
arguments:
{
  "first_name": "Sofia",
  "last_name": "Li",
  "zip": "78260"
}
is_final_chunk: True
2026-07-22 11:36:06.339 | DEBUG    | tau2.environment.environment:get_response:454 - Response: sofia_li_9219
2026-07-22 11:36:06.339 | DEBUG    | tau2.orchestrator.orchestrator:step:833 - Step 5. Sending message from Role.ENV to Role.AGENT
2026-07-22 11:36:06.339 | DEBUG    | tau2.orchestrator.orchestrator:step:836 - Step 5.
From role: Role.ENV
To role: Role.AGENT
Message: ToolMessage (responding to assistant)
timestamp: 2026-07-22T11:36:06.339105
content: sofia_li_9219
2026-07-22 11:36:07.248 | DEBUG    | tau2.orchestrator.orchestrator:step:833 - Step 6. Sending message from Role.AGENT to Role.ENV
2026-07-22 11:36:07.249 | DEBUG    | tau2.orchestrator.orchestrator:step:836 - Step 6.
From role: Role.AGENT
To role: Role.ENV
Message: AssistantMessage
content: Great! I found you. Let me get your details and see your orders.
ToolCalls:
ToolCall (from assistant)
id: call_00_xVNGIO3BY0NpiWc4O91Y9310
name: get_user_details
arguments:
{
  "user_id": "sofia_li_9219"
}
is_final_chunk: True
2026-07-22 11:36:07.249 | DEBUG    | tau2.environment.environment:get_response:454 - Response: user_id='sofia_li_9219' name=UserName(first_name='Sofia', last_name='Li') address=UserAddress(address1='786 Elm Street', address2='Suite 546', city='San Antonio', country='USA', state='TX', zip='78260') email='sofia.li7352@example.com' payment_methods={'paypal_8194385': Paypal(source='paypal', id='paypal_8194385'), 'credit_card_3951670': CreditCard(source='credit_card', id='credit_card_3951670', brand='visa', last_four='6791'), 'credit_card_8105988': CreditCard(source='credit_card', id='credit_card_8105988', brand='mastercard', last_four='8484')} orders=['#W4689314', '#W8855135', '#W3916020', '#W5416052']
2026-07-22 11:36:07.249 | DEBUG    | tau2.orchestrator.orchestrator:step:833 - Step 7. Sending message from Role.ENV to Role.AGENT
2026-07-22 11:36:07.249 | DEBUG    | tau2.orchestrator.orchestrator:step:836 - Step 7.
From role: Role.ENV
To role: Role.AGENT
Message: ToolMessage (responding to assistant)
timestamp: 2026-07-22T11:36:07.249943
content: {"user_id": "sofia_li_9219", "name": {"first_name": "Sofia", "last_name": "Li"}, "address": {"address1": "786 Elm Street", "address2": "Suite 546", "city": "San Antonio", "country": "USA", "state": "TX", "zip": "78260"}, "email": "sofia.li7352@example.com", "payment_methods": {"paypal_8194385": {"source": "paypal", "id": "paypal_8194385"}, "credit_card_3951670": {"source": "credit_card", "id": "credit_card_3951670", "brand": "visa", "last_four": "6791"}, "credit_card_8105988": {"source": "credit_card", "id": "credit_card_8105988", "brand": "mastercard", "last_four": "8484"}}, "orders": ["#W4689314", "#W8855135", "#W3916020", "#W5416052"]}
2026-07-22 11:36:08.738 | DEBUG    | tau2.orchestrator.orchestrator:step:833 - Step 8. Sending message from Role.AGENT to Role.ENV
2026-07-22 11:36:08.738 | DEBUG    | tau2.orchestrator.orchestrator:step:836 - Step 8.
From role: Role.AGENT
To role: Role.ENV
Message: AssistantMessage
content: Let me check your orders to find the one with the digital camera.
ToolCalls:
ToolCall (from assistant)
id: call_00_iYjlwU6QjpzKyWAgJSW28490
name: get_order_details
arguments:
{
  "order_id": "#W4689314"
}
ToolCall (from assistant)
id: call_01_xKE3WDOoTsTYvQ6RsraJ5854
name: get_order_details
arguments:
{
  "order_id": "#W8855135"
}
ToolCall (from assistant)
id: call_02_b70v7bN6j0WxzVho75Br0416
name: get_order_details
arguments:
{
  "order_id": "#W3916020"
}
ToolCall (from assistant)
id: call_03_hOspOlDHr8ObAuVETm3U4671
name: get_order_details
arguments:
{
  "order_id": "#W5416052"
}
is_final_chunk: True
2026-07-22 11:36:08.738 | DEBUG    | tau2.environment.environment:get_response:454 - Response: order_id='#W4689314' user_id='sofia_li_9219' address=UserAddress(address1='786 Elm Street', address2='Suite 546', city='San Antonio', country='USA', state='TX', zip='78260') items=[OrderItem(name='Digital Camera', product_id='8940227892', item_id='5996159312', price=2895.55, options={'resolution': '24MP', 'zoom': '3x', 'storage': 'SD card'})] status='delivered' fulfillments=[OrderFullfilment(tracking_id=['689944590938'], item_ids=['5996159312'])] payment_history=[OrderPayment(transaction_type='payment', amount=2895.55, payment_method_id='credit_card_8105988')] cancel_reason=None exchange_items=None exchange_new_items=None exchange_payment_method_id=None exchange_price_difference=None return_items=None return_payment_method_id=None
2026-07-22 11:36:08.739 | DEBUG    | tau2.environment.environment:get_response:454 - Response: order_id='#W8855135' user_id='sofia_li_9219' address=UserAddress(address1='786 Elm Street', address2='Suite 546', city='San Antonio', country='USA', state='TX', zip='78260') items=[OrderItem(name='Air Purifier', product_id='3821016478', item_id='4035304400', price=504.19, options={'room size': 'medium', 'filter type': 'HEPA', 'features': 'smart sensors'}), OrderItem(name='Hiking Boots', product_id='7363354090', item_id='1437889264', price=258.09, options={'size': '7', 'material': 'synthetic', 'waterproof': 'no'}), OrderItem(name='Skateboard', product_id='1968349452', item_id='3098764622', price=202.13, options={'deck material': 'plastic', 'length': '34 inch', 'design': 'plain'}), OrderItem(name='Yoga Mat', product_id='4635925001', item_id='2733768059', price=94.38, options={'thickness': '6mm', 'material': 'natural rubber', 'color': 'pink'})] status='pending' fulfillments=[] payment_history=[OrderPayment(transaction_type='payment', amount=1058.79, payment_method_id='credit_card_3951670')] cancel_reason=None exchange_items=None exchange_new_items=None exchange_payment_method_id=None exchange_price_difference=None return_items=None return_payment_method_id=None
2026-07-22 11:36:08.739 | DEBUG    | tau2.environment.environment:get_response:454 - Response: order_id='#W3916020' user_id='sofia_li_9219' address=UserAddress(address1='285 Elm Street', address2='Suite 121', city='Fort Worth', country='USA', state='TX', zip='76155') items=[OrderItem(name='Jigsaw Puzzle', product_id='1808611083', item_id='4068787148', price=52.01, options={'pieces': '500', 'theme': 'art', 'difficulty level': 'intermediate'}), OrderItem(name='Bicycle', product_id='9783735446', item_id='7758198585', price=1917.21, options={'frame size': 'medium', 'color': 'green', 'type': 'road'})] status='delivered' fulfillments=[OrderFullfilment(tracking_id=['580826001577'], item_ids=['4068787148', '7758198585'])] payment_history=[OrderPayment(transaction_type='payment', amount=1969.22, payment_method_id='credit_card_8105988')] cancel_reason=None exchange_items=None exchange_new_items=None exchange_payment_method_id=None exchange_price_difference=None return_items=None return_payment_method_id=None
2026-07-22 11:36:08.740 | DEBUG    | tau2.environment.environment:get_response:454 - Response: order_id='#W5416052' user_id='sofia_li_9219' address=UserAddress(address1='245 Laurel Lane', address2='Suite 772', city='Houston', country='USA', state='TX', zip='77052') items=[OrderItem(name='Pet Bed', product_id='2747247837', item_id='6942241102', price=180.93, options={'size': 'large', 'material': 'memory foam', 'color': 'beige'}), OrderItem(name='Cycling Helmet', product_id='7765186836', item_id='6401214406', price=187.02, options={'size': 'M', 'color': 'red', 'ventilation': 'low'}), OrderItem(name='Wireless Earbuds', product_id='9924732112', item_id='2499294441', price=258.36, options={'color': 'black', 'battery life': '8 hours', 'water resistance': 'IPX7'}), OrderItem(name='Jigsaw Puzzle', product_id='1808611083', item_id='4068787148', price=52.01, options={'pieces': '500', 'theme': 'art', 'difficulty level': 'intermediate'}), OrderItem(name='Smart Watch', product_id='6945232052', item_id='1631806422', price=339.85, options={'color': 'black', 'band material': 'metal', 'display': 'AMOLED'})] status='delivered' fulfillments=[OrderFullfilment(tracking_id=['772163555469'], item_ids=['6942241102', '6401214406', '2499294441', '4068787148', '1631806422'])] payment_history=[OrderPayment(transaction_type='payment', amount=1018.17, payment_method_id='credit_card_8105988')] cancel_reason=None exchange_items=None exchange_new_items=None exchange_payment_method_id=None exchange_price_difference=None return_items=None return_payment_method_id=None
2026-07-22 11:36:08.741 | DEBUG    | tau2.orchestrator.orchestrator:step:833 - Step 9. Sending message from Role.ENV to Role.AGENT
2026-07-22 11:36:08.742 | DEBUG    | tau2.orchestrator.orchestrator:step:836 - Step 9.
From role: Role.ENV
To role: Role.AGENT
Message: role='tool' tool_messages=[ToolMessage(id='call_00_iYjlwU6QjpzKyWAgJSW28490', role='tool', content='{"order_id": "#W4689314", "user_id": "sofia_li_9219", "address": {"address1": "786 Elm Street", "address2": "Suite 546", "city": "San Antonio", "country": "USA", "state": "TX", "zip": "78260"}, "items": [{"name": "Digital Camera", "product_id": "8940227892", "item_id": "5996159312", "price": 2895.55, "options": {"resolution": "24MP", "zoom": "3x", "storage": "SD card"}}], "status": "delivered", "fulfillments": [{"tracking_id": ["689944590938"], "item_ids": ["5996159312"]}], "payment_history": [{"transaction_type": "payment", "amount": 2895.55, "payment_method_id": "credit_card_8105988"}], "cancel_reason": null, "exchange_items": null, "exchange_new_items": null, "exchange_payment_method_id": null, "exchange_price_difference": null, "return_items": null, "return_payment_method_id": null}', requestor='assistant', error=False, turn_idx=None, timestamp='2026-07-22T11:36:08.739176'), ToolMessage(id='call_01_xKE3WDOoTsTYvQ6RsraJ5854', role='tool', content='{"order_id": "#W8855135", "user_id": "sofia_li_9219", "address": {"address1": "786 Elm Street", "address2": "Suite 546", "city": "San Antonio", "country": "USA", "state": "TX", "zip": "78260"}, "items": [{"name": "Air Purifier", "product_id": "3821016478", "item_id": "4035304400", "price": 504.19, "options": {"room size": "medium", "filter type": "HEPA", "features": "smart sensors"}}, {"name": "Hiking Boots", "product_id": "7363354090", "item_id": "1437889264", "price": 258.09, "options": {"size": "7", "material": "synthetic", "waterproof": "no"}}, {"name": "Skateboard", "product_id": "1968349452", "item_id": "3098764622", "price": 202.13, "options": {"deck material": "plastic", "length": "34 inch", "design": "plain"}}, {"name": "Yoga Mat", "product_id": "4635925001", "item_id": "2733768059", "price": 94.38, "options": {"thickness": "6mm", "material": "natural rubber", "color": "pink"}}], "status": "pending", "fulfillments": [], "payment_history": [{"transaction_type": "payment", "amount": 1058.79, "payment_method_id": "credit_card_3951670"}], "cancel_reason": null, "exchange_items": null, "exchange_new_items": null, "exchange_payment_method_id": null, "exchange_price_difference": null, "return_items": null, "return_payment_method_id": null}', requestor='assistant', error=False, turn_idx=None, timestamp='2026-07-22T11:36:08.739176'), ToolMessage(id='call_02_b70v7bN6j0WxzVho75Br0416', role='tool', content='{"order_id": "#W3916020", "user_id": "sofia_li_9219", "address": {"address1": "285 Elm Street", "address2": "Suite 121", "city": "Fort Worth", "country": "USA", "state": "TX", "zip": "76155"}, "items": [{"name": "Jigsaw Puzzle", "product_id": "1808611083", "item_id": "4068787148", "price": 52.01, "options": {"pieces": "500", "theme": "art", "difficulty level": "intermediate"}}, {"name": "Bicycle", "product_id": "9783735446", "item_id": "7758198585", "price": 1917.21, "options": {"frame size": "medium", "color": "green", "type": "road"}}], "status": "delivered", "fulfillments": [{"tracking_id": ["580826001577"], "item_ids": ["4068787148", "7758198585"]}], "payment_history": [{"transaction_type": "payment", "amount": 1969.22, "payment_method_id": "credit_card_8105988"}], "cancel_reason": null, "exchange_items": null, "exchange_new_items": null, "exchange_payment_method_id": null, "exchange_price_difference": null, "return_items": null, "return_payment_method_id": null}', requestor='assistant', error=False, turn_idx=None, timestamp='2026-07-22T11:36:08.740174'), ToolMessage(id='call_03_hOspOlDHr8ObAuVETm3U4671', role='tool', content='{"order_id": "#W5416052", "user_id": "sofia_li_9219", "address": {"address1": "245 Laurel Lane", "address2": "Suite 772", "city": "Houston", "country": "USA", "state": "TX", "zip": "77052"}, "items": [{"name": "Pet Bed", "product_id": "2747247837", "item_id": "6942241102", "price": 180.93, "options": {"size": "large", "material": "memory foam", "color": "beige"}}, {"name": "Cycling Helmet", "product_id": "7765186836", "item_id": "6401214406", "price": 187.02, "options": {"size": "M", "color": "red", "ventilation": "low"}}, {"name": "Wireless Earbuds", "product_id": "9924732112", "item_id": "2499294441", "price": 258.36, "options": {"color": "black", "battery life": "8 hours", "water resistance": "IPX7"}}, {"name": "Jigsaw Puzzle", "product_id": "1808611083", "item_id": "4068787148", "price": 52.01, "options": {"pieces": "500", "theme": "art", "difficulty level": "intermediate"}}, {"name": "Smart Watch", "product_id": "6945232052", "item_id": "1631806422", "price": 339.85, "options": {"color": "black", "band material": "metal", "display": "AMOLED"}}], "status": "delivered", "fulfillments": [{"tracking_id": ["772163555469"], "item_ids": ["6942241102", "6401214406", "2499294441", "4068787148", "1631806422"]}], "payment_history": [{"transaction_type": "payment", "amount": 1018.17, "payment_method_id": "credit_card_8105988"}], "cancel_reason": null, "exchange_items": null, "exchange_new_items": null, "exchange_payment_method_id": null, "exchange_price_difference": null, "return_items": null, "return_payment_method_id": null}', requestor='assistant', error=False, turn_idx=None, timestamp='2026-07-22T11:36:08.741176')]
2026-07-22 11:36:10.061 | DEBUG    | tau2.orchestrator.orchestrator:step:833 - Step 10. Sending message from Role.AGENT to Role.ENV
2026-07-22 11:36:10.062 | DEBUG    | tau2.orchestrator.orchestrator:step:836 - Step 10.
From role: Role.AGENT
To role: Role.ENV
Message: AssistantMessage
content: I found your digital camera order! It's order **#W4689314** which was delivered. The camera you have has a **3x zoom** (24MP resolution, SD card storage).

Let me look up the product details to see what other zoom options are available for the digital camera.
ToolCalls:
ToolCall (from assistant)
id: call_00_SUbxjiFvv4rALx9foeqU4678
name: get_product_details
arguments:
{
  "product_id": "8940227892"
}
is_final_chunk: True
2026-07-22 11:36:10.062 | DEBUG    | tau2.environment.environment:get_response:454 - Response: name='Digital Camera' product_id='8940227892' variants={'6384525445': Variant(item_id='6384525445', options={'resolution': '30MP', 'zoom': '5x', 'storage': 'CF card'}, available=True, price=2929.62), '3892645120': Variant(item_id='3892645120', options={'resolution': '30MP', 'zoom': '10x', 'storage': 'CF card'}, available=False, price=3070.64), '1804581713': Variant(item_id='1804581713', options={'resolution': '30MP', 'zoom': '3x', 'storage': 'SD card'}, available=True, price=2875.61), '9644439410': Variant(item_id='9644439410', options={'resolution': '20MP', 'zoom': '5x', 'storage': 'CF card'}, available=True, price=3280.31), '5996159312': Variant(item_id='5996159312', options={'resolution': '24MP', 'zoom': '3x', 'storage': 'SD card'}, available=True, price=2895.55), '7255224608': Variant(item_id='7255224608', options={'resolution': '30MP', 'zoom': '3x', 'storage': 'CF card'}, available=True, price=2922.97), '2284404181': Variant(item_id='2284404181', options={'resolution': '20MP', 'zoom': '5x', 'storage': 'SD card'}, available=False, price=3204.43), '7583936705': Variant(item_id='7583936705', options={'resolution': '20MP', 'zoom': '10x', 'storage': 'CF card'}, available=False, price=3101.43), '9973034634': Variant(item_id='9973034634', options={'resolution': '20MP', 'zoom': '3x', 'storage': 'CF card'}, available=False, price=2850.32), '5484530610': Variant(item_id='5484530610', options={'resolution': '24MP', 'zoom': '10x', 'storage': 'CF card'}, available=False, price=3109.83), '4326528037': Variant(item_id='4326528037', options={'resolution': '24MP', 'zoom': '5x', 'storage': 'CF card'}, available=True, price=2714.51), '9228757377': Variant(item_id='9228757377', options={'resolution': '30MP', 'zoom': '10x', 'storage': 'SD card'}, available=True, price=3066.23), '7195021808': Variant(item_id='7195021808', options={'resolution': '30MP', 'zoom': '5x', 'storage': 'SD card'}, available=False, price=2909.87), '8363011723': Variant(item_id='8363011723', options={'resolution': '20MP', 'zoom': '3x', 'storage': 'SD card'}, available=True, price=2823.96)}
2026-07-22 11:36:10.063 | DEBUG    | tau2.orchestrator.orchestrator:step:833 - Step 11. Sending message from Role.ENV to Role.AGENT
2026-07-22 11:36:10.063 | DEBUG    | tau2.orchestrator.orchestrator:step:836 - Step 11.
From role: Role.ENV
To role: Role.AGENT
Message: ToolMessage (responding to assistant)
timestamp: 2026-07-22T11:36:10.063352
content: {"name": "Digital Camera", "product_id": "8940227892", "variants": {"6384525445": {"item_id": "6384525445", "options": {"resolution": "30MP", "zoom": "5x", "storage": "CF card"}, "available": true, "price": 2929.62}, "3892645120": {"item_id": "3892645120", "options": {"resolution": "30MP", "zoom": "10x", "storage": "CF card"}, "available": false, "price": 3070.64}, "1804581713": {"item_id": "1804581713", "options": {"resolution": "30MP", "zoom": "3x", "storage": "SD card"}, "available": true, "price": 2875.61}, "9644439410": {"item_id": "9644439410", "options": {"resolution": "20MP", "zoom": "5x", "storage": "CF card"}, "available": true, "price": 3280.31}, "5996159312": {"item_id": "5996159312", "options": {"resolution": "24MP", "zoom": "3x", "storage": "SD card"}, "available": true, "price": 2895.55}, "7255224608": {"item_id": "7255224608", "options": {"resolution": "30MP", "zoom": "3x", "storage": "CF card"}, "available": true, "price": 2922.97}, "2284404181": {"item_id": "2284404181", "options": {"resolution": "20MP", "zoom": "5x", "storage": "SD card"}, "available": false, "price": 3204.43}, "7583936705": {"item_id": "7583936705", "options": {"resolution": "20MP", "zoom": "10x", "storage": "CF card"}, "available": false, "price": 3101.43}, "9973034634": {"item_id": "9973034634", "options": {"resolution": "20MP", "zoom": "3x", "storage": "CF card"}, "available": false, "price": 2850.32}, "5484530610": {"item_id": "5484530610", "options": {"resolution": "24MP", "zoom": "10x", "storage": "CF card"}, "available": false, "price": 3109.83}, "4326528037": {"item_id": "4326528037", "options": {"resolution": "24MP", "zoom": "5x", "storage": "CF card"}, "available": true, "price": 2714.51}, "9228757377": {"item_id": "9228757377", "options": {"resolution": "30MP", "zoom": "10x", "storage": "SD card"}, "available": true, "price": 3066.23}, "7195021808": {"item_id": "7195021808", "options": {"resolution": "30MP", "zoom": "5x", "storage": "SD card"}, "available": false, "price": 2909.87}, "8363011723": {"item_id": "8363011723", "options": {"resolution": "20MP", "zoom": "3x", "storage": "SD card"}, "available": true, "price": 2823.96}}}
2026-07-22 11:36:13.725 | DEBUG    | tau2.orchestrator.orchestrator:step:833 - Step 12. Sending message from Role.AGENT to Role.USER
2026-07-22 11:36:13.726 | DEBUG    | tau2.orchestrator.orchestrator:step:836 - Step 12.
From role: Role.AGENT
To role: Role.USER
Message: AssistantMessage
content: Great! So you currently have the **Digital Camera** with item ID **5996159312** (24MP, 3x zoom, SD card). You mentioned you want to keep all other specs the same but get the maximum zoom possible.

Looking at the available options, the camera with the same product type (Digital Camera) but with the highest zoom that's available would be:

- **Item 9228757377** - 30MP, **10x zoom**, SD card - $3,066.23 (available)
- **Item 6384525445** - 30MP, **5x zoom**, CF card - $2,929.62 (available)

However, you mentioned you want to keep all other specs the same. Your current camera has **24MP resolution** and **SD card storage**. Let me check what's available with the same specs but higher zoom...

Unfortunately, the only 24MP cameras available are:
- Your current one: 24MP, 3x zoom, SD card (item 5996159312)
- Item 4326528037: 24MP, 5x zoom, CF card (available)
- Item 5484530610: 24MP, 10x zoom, CF card (not available)

So if you want to keep the **SD card storage**, the best option with higher zoom would be **item 9228757377** (30MP, 10x zoom, SD card) at $3,066.23, which is available.

Or if you want to keep **24MP resolution**, the only available option with higher zoom is **item 4326528037** (24MP, 5x zoom, CF card) at $2,714.51.

Could you clarify what you mean by "keep all the other specs the same"? Do you want to keep the same resolution (24MP) and storage (SD card), or are you flexible on those?
is_final_chunk: True
2026-07-22 11:36:13.726 | DEBUG    | tau2.user.user_simulator:_generate_next_message:222 - User responds to message: AssistantMessage
content: Great! So you currently have the **Digital Camera** with item ID **5996159312** (24MP, 3x zoom, SD card). You mentioned you want to keep all other specs the same but get the maximum zoom possible.

Looking at the available options, the camera with the same product type (Digital Camera) but with the highest zoom that's available would be:

- **Item 9228757377** - 30MP, **10x zoom**, SD card - $3,066.23 (available)
- **Item 6384525445** - 30MP, **5x zoom**, CF card - $2,929.62 (available)

However, you mentioned you want to keep all other specs the same. Your current camera has **24MP resolution** and **SD card storage**. Let me check what's available with the same specs but higher zoom...

Unfortunately, the only 24MP cameras available are:
- Your current one: 24MP, 3x zoom, SD card (item 5996159312)
- Item 4326528037: 24MP, 5x zoom, CF card (available)
- Item 5484530610: 24MP, 10x zoom, CF card (not available)

So if you want to keep the **SD card storage**, the best option with higher zoom would be **item 9228757377** (30MP, 10x zoom, SD card) at $3,066.23, which is available.

Or if you want to keep **24MP resolution**, the only available option with higher zoom is **item 4326528037** (24MP, 5x zoom, CF card) at $2,714.51.

Could you clarify what you mean by "keep all the other specs the same"? Do you want to keep the same resolution (24MP) and storage (SD card), or are you flexible on those?
is_final_chunk: True
2026-07-22 11:36:15.515 | DEBUG    | tau2.user.user_simulator:_generate_next_message:244 - Response: Thanks for checking! I want to keep the same resolution (24MP) and SD card storage, just with the highest zoom possible. If the only available option with those specs is the 5x zoom with a CF card, that changes the storage type, which I’d rather avoid. 

Is there any way to get a 24MP camera with SD card storage and a higher zoom, even if it’s a different model or brand? I’m willing to pay more, as long as the zoom is maximized and the other specs stay the same.
2026-07-22 11:36:15.515 | DEBUG    | tau2.orchestrator.orchestrator:step:833 - Step 13. Sending message from Role.USER to Role.AGENT
2026-07-22 11:36:15.515 | DEBUG    | tau2.orchestrator.orchestrator:step:836 - Step 13.
From role: Role.USER
To role: Role.AGENT
Message: UserMessage
content: Thanks for checking! I want to keep the same resolution (24MP) and SD card storage, just with the highest zoom possible. If the only available option with those specs is the 5x zoom with a CF card, that changes the storage type, which I’d rather avoid. 

Is there any way to get a 24MP camera with SD card storage and a higher zoom, even if it’s a different model or brand? I’m willing to pay more, as long as the zoom is maximized and the other specs stay the same.
is_final_chunk: True
2026-07-22 11:36:18.433 | DEBUG    | tau2.orchestrator.orchestrator:step:833 - Step 14. Sending message from Role.AGENT to Role.USER
2026-07-22 11:36:18.433 | DEBUG    | tau2.orchestrator.orchestrator:step:836 - Step 14.
From role: Role.AGENT
To role: Role.USER
Message: AssistantMessage
content: I understand your preference! Unfortunately, looking at the available items for the **Digital Camera** product (product ID 8940227892), the only options with 24MP resolution and SD card storage are:

- **Your current item**: 24MP, 3x zoom, SD card (item 5996159312)
- No other 24MP + SD card items are available with higher zoom.

The policy states that for an exchange, each item can only be exchanged to a new item of the **same product type** (same product). So I can't switch to a different model or brand of camera.

However, the closest option that maximizes zoom while keeping SD card storage would be **item 9228757377** (30MP, **10x zoom**, SD card) at $3,066.23, which is available. The resolution would go from 24MP to 30MP, but the storage type (SD card) stays the same, and you'd get a much better 10x zoom!

Alternatively, if you want to keep **24MP**, the only available option with higher zoom is **item 4326528037** (24MP, **5x zoom**, CF card) at $2,714.51, but that changes the storage to CF card.

Would you like to go with the **30MP, 10x zoom, SD card** option? That seems like the best fit for maximizing zoom while keeping SD card storage. Let me know what you think!
is_final_chunk: True
2026-07-22 11:36:18.433 | DEBUG    | tau2.user.user_simulator:_generate_next_message:222 - User responds to message: AssistantMessage
content: I understand your preference! Unfortunately, looking at the available items for the **Digital Camera** product (product ID 8940227892), the only options with 24MP resolution and SD card storage are:

- **Your current item**: 24MP, 3x zoom, SD card (item 5996159312)
- No other 24MP + SD card items are available with higher zoom.

The policy states that for an exchange, each item can only be exchanged to a new item of the **same product type** (same product). So I can't switch to a different model or brand of camera.

However, the closest option that maximizes zoom while keeping SD card storage would be **item 9228757377** (30MP, **10x zoom**, SD card) at $3,066.23, which is available. The resolution would go from 24MP to 30MP, but the storage type (SD card) stays the same, and you'd get a much better 10x zoom!

Alternatively, if you want to keep **24MP**, the only available option with higher zoom is **item 4326528037** (24MP, **5x zoom**, CF card) at $2,714.51, but that changes the storage to CF card.

Would you like to go with the **30MP, 10x zoom, SD card** option? That seems like the best fit for maximizing zoom while keeping SD card storage. Let me know what you think!
is_final_chunk: True
2026-07-22 11:36:19.527 | DEBUG    | tau2.user.user_simulator:_generate_next_message:244 - Response: Yes, let’s go with the 30MP, 10x zoom, SD card option. That sounds like the best choice for my bird-watching needs. Can you start the exchange process as soon as possible? Also, I’d like to use my PayPal account for any additional payment. What do you need from me to get this moving?
2026-07-22 11:36:19.528 | DEBUG    | tau2.orchestrator.orchestrator:step:833 - Step 15. Sending message from Role.USER to Role.AGENT
2026-07-22 11:36:19.528 | DEBUG    | tau2.orchestrator.orchestrator:step:836 - Step 15.
From role: Role.USER
To role: Role.AGENT
Message: UserMessage
content: Yes, let’s go with the 30MP, 10x zoom, SD card option. That sounds like the best choice for my bird-watching needs. Can you start the exchange process as soon as possible? Also, I’d like to use my PayPal account for any additional payment. What do you need from me to get this moving?
is_final_chunk: True
2026-07-22 11:36:22.521 | DEBUG    | tau2.orchestrator.orchestrator:step:833 - Step 16. Sending message from Role.AGENT to Role.USER
2026-07-22 11:36:22.521 | DEBUG    | tau2.orchestrator.orchestrator:step:836 - Step 16.
From role: Role.AGENT
To role: Role.USER
Message: AssistantMessage
content: Great choice! Let me first check the details. Your current camera (item 5996159312) costs **$2,895.55**, and the new one (item 9228757377) costs **$3,066.23**. So there's a price difference of **$170.68** that you'd need to pay.

Let me look up your PayPal payment method details.

You have a PayPal account with ID **paypal_8194385** on file. Let me confirm the exchange details before proceeding.

Here's a summary of the exchange:

**Order:** #W4689314
**Item to exchange:** Item 5996159312 (Digital Camera - 24MP, 3x zoom, SD card)
**New item:** Item 9228757377 (Digital Camera - 30MP, 10x zoom, SD card)
**Price difference:** $3,066.23 - $2,895.55 = **$170.68** (to be paid)
**Payment method for difference:** PayPal (paypal_8194385)

Before I proceed, I need to remind you that this exchange can only be done **once** for this order. So please confirm — do you have **all the items** you want to exchange? It looks like this order only has the one camera item. 

Also, could you please confirm that you'd like to proceed with these details?
is_final_chunk: True
2026-07-22 11:36:22.521 | DEBUG    | tau2.user.user_simulator:_generate_next_message:222 - User responds to message: AssistantMessage
content: Great choice! Let me first check the details. Your current camera (item 5996159312) costs **$2,895.55**, and the new one (item 9228757377) costs **$3,066.23**. So there's a price difference of **$170.68** that you'd need to pay.

Let me look up your PayPal payment method details.

You have a PayPal account with ID **paypal_8194385** on file. Let me confirm the exchange details before proceeding.

Here's a summary of the exchange:

**Order:** #W4689314
**Item to exchange:** Item 5996159312 (Digital Camera - 24MP, 3x zoom, SD card)
**New item:** Item 9228757377 (Digital Camera - 30MP, 10x zoom, SD card)
**Price difference:** $3,066.23 - $2,895.55 = **$170.68** (to be paid)
**Payment method for difference:** PayPal (paypal_8194385)

Before I proceed, I need to remind you that this exchange can only be done **once** for this order. So please confirm — do you have **all the items** you want to exchange? It looks like this order only has the one camera item. 

Also, could you please confirm that you'd like to proceed with these details?
is_final_chunk: True
2026-07-22 11:36:23.775 | DEBUG    | tau2.user.user_simulator:_generate_next_message:244 - Response: Yes, that’s correct—I only have the one camera to exchange, and I’d like to proceed with the details you listed. Please go ahead and process the exchange and use my PayPal account for the additional payment. Let me know if you need anything else from me!
2026-07-22 11:36:23.776 | DEBUG    | tau2.orchestrator.orchestrator:step:833 - Step 17. Sending message from Role.USER to Role.AGENT
2026-07-22 11:36:23.776 | DEBUG    | tau2.orchestrator.orchestrator:step:836 - Step 17.
From role: Role.USER
To role: Role.AGENT
Message: UserMessage
content: Yes, that’s correct—I only have the one camera to exchange, and I’d like to proceed with the details you listed. Please go ahead and process the exchange and use my PayPal account for the additional payment. Let me know if you need anything else from me!
is_final_chunk: True
2026-07-22 11:36:24.863 | DEBUG    | tau2.orchestrator.orchestrator:step:833 - Step 18. Sending message from Role.AGENT to Role.ENV
2026-07-22 11:36:24.863 | DEBUG    | tau2.orchestrator.orchestrator:step:836 - Step 18.
From role: Role.AGENT
To role: Role.ENV
Message: AssistantMessage
content: Let me first check the item details to make sure the new item is available.
ToolCalls:
ToolCall (from assistant)
id: call_00_iQC7JPaFCKDTnUtcwxsC3436
name: get_item_details
arguments:
{
  "item_id": "9228757377"
}
is_final_chunk: True
2026-07-22 11:36:24.863 | DEBUG    | tau2.environment.environment:get_response:454 - Response: item_id='9228757377' options={'resolution': '30MP', 'zoom': '10x', 'storage': 'SD card'} available=True price=3066.23
2026-07-22 11:36:24.863 | DEBUG    | tau2.orchestrator.orchestrator:step:833 - Step 19. Sending message from Role.ENV to Role.AGENT
2026-07-22 11:36:24.863 | DEBUG    | tau2.orchestrator.orchestrator:step:836 - Step 19.
From role: Role.ENV
To role: Role.AGENT
Message: ToolMessage (responding to assistant)
timestamp: 2026-07-22T11:36:24.863086
content: {"item_id": "9228757377", "options": {"resolution": "30MP", "zoom": "10x", "storage": "SD card"}, "available": true, "price": 3066.23}
2026-07-22 11:36:26.261 | DEBUG    | tau2.orchestrator.orchestrator:step:833 - Step 20. Sending message from Role.AGENT to Role.ENV
2026-07-22 11:36:26.261 | DEBUG    | tau2.orchestrator.orchestrator:step:836 - Step 20.
From role: Role.AGENT
To role: Role.ENV
Message: AssistantMessage
content: The item is available. Let me proceed with the exchange.
ToolCalls:
ToolCall (from assistant)
id: call_00_WqVkKiNF5vYj5yRiwEil2349
name: exchange_delivered_order_items
arguments:
{
  "order_id": "#W4689314",
  "item_ids": [
    "5996159312"
  ],
  "new_item_ids": [
    "9228757377"
  ],
  "payment_method_id": "paypal_8194385"
}
is_final_chunk: True
2026-07-22 11:36:26.261 | DEBUG    | tau2.environment.environment:get_response:454 - Response: order_id='#W4689314' user_id='sofia_li_9219' address=UserAddress(address1='786 Elm Street', address2='Suite 546', city='San Antonio', country='USA', state='TX', zip='78260') items=[OrderItem(name='Digital Camera', product_id='8940227892', item_id='5996159312', price=2895.55, options={'resolution': '24MP', 'zoom': '3x', 'storage': 'SD card'})] status='exchange requested' fulfillments=[OrderFullfilment(tracking_id=['689944590938'], item_ids=['5996159312'])] payment_history=[OrderPayment(transaction_type='payment', amount=2895.55, payment_method_id='credit_card_8105988')] cancel_reason=None exchange_items=['5996159312'] exchange_new_items=['9228757377'] exchange_payment_method_id='paypal_8194385' exchange_price_difference=170.68 return_items=None return_payment_method_id=None
2026-07-22 11:36:26.262 | DEBUG    | tau2.orchestrator.orchestrator:step:833 - Step 21. Sending message from Role.ENV to Role.AGENT
2026-07-22 11:36:26.262 | DEBUG    | tau2.orchestrator.orchestrator:step:836 - Step 21.
From role: Role.ENV
To role: Role.AGENT
Message: ToolMessage (responding to assistant)
timestamp: 2026-07-22T11:36:26.262266
content: {"order_id": "#W4689314", "user_id": "sofia_li_9219", "address": {"address1": "786 Elm Street", "address2": "Suite 546", "city": "San Antonio", "country": "USA", "state": "TX", "zip": "78260"}, "items": [{"name": "Digital Camera", "product_id": "8940227892", "item_id": "5996159312", "price": 2895.55, "options": {"resolution": "24MP", "zoom": "3x", "storage": "SD card"}}], "status": "exchange requested", "fulfillments": [{"tracking_id": ["689944590938"], "item_ids": ["5996159312"]}], "payment_history": [{"transaction_type": "payment", "amount": 2895.55, "payment_method_id": "credit_card_8105988"}], "cancel_reason": null, "exchange_items": ["5996159312"], "exchange_new_items": ["9228757377"], "exchange_payment_method_id": "paypal_8194385", "exchange_price_difference": 170.68, "return_items": null, "return_payment_method_id": null}
2026-07-22 11:36:27.682 | DEBUG    | tau2.orchestrator.orchestrator:step:833 - Step 22. Sending message from Role.AGENT to Role.USER
2026-07-22 11:36:27.682 | DEBUG    | tau2.orchestrator.orchestrator:step:836 - Step 22.
From role: Role.AGENT
To role: Role.USER
Message: AssistantMessage
content: The exchange has been processed successfully! Here's a recap:

✅ **Order #W4689314** - Status changed to **"exchange requested"**
✅ **Exchanging:** 24MP, 3x zoom, SD card → **30MP, 10x zoom, SD card**
✅ **Price difference of $170.68** will be charged to your **PayPal account**
✅ You'll receive an email shortly with instructions on how to return your current camera

Your new 10x zoom camera will be perfect for bird-watching! Is there anything else I can help you with?
is_final_chunk: True
2026-07-22 11:36:27.682 | DEBUG    | tau2.user.user_simulator:_generate_next_message:222 - User responds to message: AssistantMessage
content: The exchange has been processed successfully! Here's a recap:

✅ **Order #W4689314** - Status changed to **"exchange requested"**
✅ **Exchanging:** 24MP, 3x zoom, SD card → **30MP, 10x zoom, SD card**
✅ **Price difference of $170.68** will be charged to your **PayPal account**
✅ You'll receive an email shortly with instructions on how to return your current camera

Your new 10x zoom camera will be perfect for bird-watching! Is there anything else I can help you with?
is_final_chunk: True
2026-07-22 11:36:28.523 | DEBUG    | tau2.user.user_simulator:_generate_next_message:244 - Response: That’s perfect, thank you so much for your help! I’m all set now. Have a great day! 

###STOP###
2026-07-22 11:36:28.600 | DEBUG    | tau2.environment.environment:get_response:454 - Response: order_id='#W4689314' user_id='sofia_li_9219' address=UserAddress(address1='786 Elm Street', address2='Suite 546', city='San Antonio', country='USA', state='TX', zip='78260') items=[OrderItem(name='Digital Camera', product_id='8940227892', item_id='5996159312', price=2895.55, options={'resolution': '24MP', 'zoom': '3x', 'storage': 'SD card'})] status='exchange requested' fulfillments=[OrderFullfilment(tracking_id=['689944590938'], item_ids=['5996159312'])] payment_history=[OrderPayment(transaction_type='payment', amount=2895.55, payment_method_id='credit_card_8105988')] cancel_reason=None exchange_items=['5996159312'] exchange_new_items=['9228757377'] exchange_payment_method_id='paypal_8194385' exchange_price_difference=170.68 return_items=None return_payment_method_id=None
2026-07-22 11:36:28.720 | INFO     | tau2.runner.simulation:run_simulation:87 - Simulation complete: domain=retail, task=52, reward=1.0
2026-07-22 11:36:28.720 | INFO     | tau2.runner.batch:run_single_task:442 - FINISHED SIMULATION: Domain: retail, Task: 52, Reward: 1.0
