2026-07-21 15:18:51.933 | DEBUG    | tau2.runner.batch:__enter__:301 - Task log file: D:\PolicyAgent-PostTrain\experiments\20260721_151851_retail_smoke5_deepseek\task_59\tau2_artifacts\artifacts\task_59\sim_8ac72fc9-7dd5-4904-ba33-b0f813c1e27c\task.log
2026-07-21 15:18:51.984 | INFO     | tau2.orchestrator.orchestrator:_validate_mode_compatibility:477 - Orchestrator initialized in HALF_DUPLEX mode (turn-based) with agent=LLMAgent, user=UserSimulator
2026-07-21 15:18:51.984 | DEBUG    | tau2.runner.build:build_text_orchestrator:400 - Built text orchestrator: domain=retail, agent=llm_agent, user=user_simulator, task=59
2026-07-21 15:18:51.985 | DEBUG    | tau2.orchestrator.orchestrator:step:833 - Step 0. Sending message from Role.AGENT to Role.USER
2026-07-21 15:18:51.986 | DEBUG    | tau2.orchestrator.orchestrator:step:836 - Step 0.
From role: Role.AGENT
To role: Role.USER
Message: AssistantMessage
content: Hi! How can I help you today?
is_final_chunk: True
2026-07-21 15:18:51.986 | DEBUG    | tau2.user.user_simulator:_generate_next_message:222 - User responds to message: AssistantMessage
content: Hi! How can I help you today?
is_final_chunk: True
2026-07-21 15:18:54.618 | DEBUG    | tau2.user.user_simulator:_generate_next_message:244 - Response: Hi, I need help with two orders I placed. Both are still showing as "pending," but one of them, #W2702727, was placed much earlier this year, and I’m really not happy about the wait. The other is #W8268610. Can you explain why both are still pending, and why the older one hasn’t moved forward? 

Also, if you can’t guarantee that the older order will be processed within the next 5 days, I want to cancel it and get a full refund—please confirm the total refund amount. 

For order #W2702727, I need to change the shipping address to my new home since I’m moving before it’s delivered next month. The new address is 1234 Elm St, Springfield, IL, 62701. Please confirm the change and that it will go to the new address, and also let me know the total price after the address update.

I’d appreciate it if you could handle all of this together and give me clear answers.
2026-07-21 15:18:54.619 | DEBUG    | tau2.orchestrator.orchestrator:step:833 - Step 1. Sending message from Role.USER to Role.AGENT
2026-07-21 15:18:54.619 | DEBUG    | tau2.orchestrator.orchestrator:step:836 - Step 1.
From role: Role.USER
To role: Role.AGENT
Message: UserMessage
content: Hi, I need help with two orders I placed. Both are still showing as "pending," but one of them, #W2702727, was placed much earlier this year, and I’m really not happy about the wait. The other is #W8268610. Can you explain why both are still pending, and why the older one hasn’t moved forward? 

Also, if you can’t guarantee that the older order will be processed within the next 5 days, I want to cancel it and get a full refund—please confirm the total refund amount. 

For order #W2702727, I need to change the shipping address to my new home since I’m moving before it’s delivered next month. The new address is 1234 Elm St, Springfield, IL, 62701. Please confirm the change and that it will go to the new address, and also let me know the total price after the address update.

I’d appreciate it if you could handle all of this together and give me clear answers.
is_final_chunk: True
2026-07-21 15:18:55.540 | DEBUG    | tau2.orchestrator.orchestrator:step:833 - Step 2. Sending message from Role.AGENT to Role.USER
2026-07-21 15:18:55.540 | DEBUG    | tau2.orchestrator.orchestrator:step:836 - Step 2.
From role: Role.AGENT
To role: Role.USER
Message: AssistantMessage
content: I'd be happy to help you with all of this! First, I need to authenticate your identity. Could you please provide me with your email address, or your first name, last name, and zip code so I can look you up?
is_final_chunk: True
2026-07-21 15:18:55.540 | DEBUG    | tau2.user.user_simulator:_generate_next_message:222 - User responds to message: AssistantMessage
content: I'd be happy to help you with all of this! First, I need to authenticate your identity. Could you please provide me with your email address, or your first name, last name, and zip code so I can look you up?
is_final_chunk: True
2026-07-21 15:18:56.163 | DEBUG    | tau2.user.user_simulator:_generate_next_message:244 - Response: I don’t remember my email address right now, but my name is Yusuf Taylor and my zip code is 95154. Let me know if you need anything else to verify me.
2026-07-21 15:18:56.164 | DEBUG    | tau2.orchestrator.orchestrator:step:833 - Step 3. Sending message from Role.USER to Role.AGENT
2026-07-21 15:18:56.164 | DEBUG    | tau2.orchestrator.orchestrator:step:836 - Step 3.
From role: Role.USER
To role: Role.AGENT
Message: UserMessage
content: I don’t remember my email address right now, but my name is Yusuf Taylor and my zip code is 95154. Let me know if you need anything else to verify me.
is_final_chunk: True
2026-07-21 15:18:57.162 | DEBUG    | tau2.orchestrator.orchestrator:step:833 - Step 4. Sending message from Role.AGENT to Role.ENV
2026-07-21 15:18:57.162 | DEBUG    | tau2.orchestrator.orchestrator:step:836 - Step 4.
From role: Role.AGENT
To role: Role.ENV
Message: AssistantMessage
content: Let me look you up using your name and zip code.
ToolCalls:
ToolCall (from assistant)
id: call_00_FN3W7uKJ45ib2Hj7FUya3150
name: find_user_id_by_name_zip
arguments:
{
  "first_name": "Yusuf",
  "last_name": "Taylor",
  "zip": "95154"
}
is_final_chunk: True
2026-07-21 15:18:57.163 | DEBUG    | tau2.environment.environment:get_response:454 - Response: yusuf_taylor_7149
2026-07-21 15:18:57.163 | DEBUG    | tau2.orchestrator.orchestrator:step:833 - Step 5. Sending message from Role.ENV to Role.AGENT
2026-07-21 15:18:57.163 | DEBUG    | tau2.orchestrator.orchestrator:step:836 - Step 5.
From role: Role.ENV
To role: Role.AGENT
Message: ToolMessage (responding to assistant)
timestamp: 2026-07-21T15:18:57.163877
content: yusuf_taylor_7149
2026-07-21 15:18:58.451 | DEBUG    | tau2.orchestrator.orchestrator:step:833 - Step 6. Sending message from Role.AGENT to Role.ENV
2026-07-21 15:18:58.451 | DEBUG    | tau2.orchestrator.orchestrator:step:836 - Step 6.
From role: Role.AGENT
To role: Role.ENV
Message: AssistantMessage
content: Great! I've found you, Yusuf. Let me now look up your details and the details of both orders.
ToolCalls:
ToolCall (from assistant)
id: call_00_etze8c5x8mYMdZkjijK92578
name: get_user_details
arguments:
{
  "user_id": "yusuf_taylor_7149"
}
ToolCall (from assistant)
id: call_01_kfc7m7eYteJmpOIWjlJd2193
name: get_order_details
arguments:
{
  "order_id": "#W2702727"
}
ToolCall (from assistant)
id: call_02_4dMdgbD4WCNlHBzk6jpC9121
name: get_order_details
arguments:
{
  "order_id": "#W8268610"
}
is_final_chunk: True
2026-07-21 15:18:58.452 | DEBUG    | tau2.environment.environment:get_response:454 - Response: user_id='yusuf_taylor_7149' name=UserName(first_name='Yusuf', last_name='Taylor') address=UserAddress(address1='163 Cedar Street', address2='Suite 165', city='San Jose', country='USA', state='CA', zip='95154') email='yusuf.taylor6118@example.com' payment_methods={'credit_card_3599838': CreditCard(source='credit_card', id='credit_card_3599838', brand='visa', last_four='4012')} orders=['#W2702727', '#W5690487', '#W8268610']
2026-07-21 15:18:58.452 | DEBUG    | tau2.environment.environment:get_response:454 - Response: order_id='#W2702727' user_id='yusuf_taylor_7149' address=UserAddress(address1='163 Cedar Street', address2='Suite 165', city='San Jose', country='USA', state='CA', zip='95154') items=[OrderItem(name='Bookshelf', product_id='8600330539', item_id='7373893106', price=531.22, options={'material': 'glass', 'color': 'white', 'height': '4 ft'}), OrderItem(name='Yoga Mat', product_id='4635925001', item_id='2733768059', price=94.38, options={'thickness': '6mm', 'material': 'natural rubber', 'color': 'pink'})] status='pending' fulfillments=[] payment_history=[OrderPayment(transaction_type='payment', amount=625.6, payment_method_id='credit_card_3599838')] cancel_reason=None exchange_items=None exchange_new_items=None exchange_payment_method_id=None exchange_price_difference=None return_items=None return_payment_method_id=None
2026-07-21 15:18:58.452 | DEBUG    | tau2.environment.environment:get_response:454 - Response: order_id='#W8268610' user_id='yusuf_taylor_7149' address=UserAddress(address1='163 Cedar Street', address2='Suite 165', city='San Jose', country='USA', state='CA', zip='95154') items=[OrderItem(name='Desk Lamp', product_id='6817146515', item_id='9083642334', price=164.28, options={'color': 'white', 'brightness': 'high', 'power source': 'USB'})] status='pending' fulfillments=[] payment_history=[OrderPayment(transaction_type='payment', amount=164.28, payment_method_id='credit_card_3599838')] cancel_reason=None exchange_items=None exchange_new_items=None exchange_payment_method_id=None exchange_price_difference=None return_items=None return_payment_method_id=None
2026-07-21 15:18:58.453 | DEBUG    | tau2.orchestrator.orchestrator:step:833 - Step 7. Sending message from Role.ENV to Role.AGENT
2026-07-21 15:18:58.454 | DEBUG    | tau2.orchestrator.orchestrator:step:836 - Step 7.
From role: Role.ENV
To role: Role.AGENT
Message: role='tool' tool_messages=[ToolMessage(id='call_00_etze8c5x8mYMdZkjijK92578', role='tool', content='{"user_id": "yusuf_taylor_7149", "name": {"first_name": "Yusuf", "last_name": "Taylor"}, "address": {"address1": "163 Cedar Street", "address2": "Suite 165", "city": "San Jose", "country": "USA", "state": "CA", "zip": "95154"}, "email": "yusuf.taylor6118@example.com", "payment_methods": {"credit_card_3599838": {"source": "credit_card", "id": "credit_card_3599838", "brand": "visa", "last_four": "4012"}}, "orders": ["#W2702727", "#W5690487", "#W8268610"]}', requestor='assistant', error=False, turn_idx=None, timestamp='2026-07-21T15:18:58.452301'), ToolMessage(id='call_01_kfc7m7eYteJmpOIWjlJd2193', role='tool', content='{"order_id": "#W2702727", "user_id": "yusuf_taylor_7149", "address": {"address1": "163 Cedar Street", "address2": "Suite 165", "city": "San Jose", "country": "USA", "state": "CA", "zip": "95154"}, "items": [{"name": "Bookshelf", "product_id": "8600330539", "item_id": "7373893106", "price": 531.22, "options": {"material": "glass", "color": "white", "height": "4 ft"}}, {"name": "Yoga Mat", "product_id": "4635925001", "item_id": "2733768059", "price": 94.38, "options": {"thickness": "6mm", "material": "natural rubber", "color": "pink"}}], "status": "pending", "fulfillments": [], "payment_history": [{"transaction_type": "payment", "amount": 625.6, "payment_method_id": "credit_card_3599838"}], "cancel_reason": null, "exchange_items": null, "exchange_new_items": null, "exchange_payment_method_id": null, "exchange_price_difference": null, "return_items": null, "return_payment_method_id": null}', requestor='assistant', error=False, turn_idx=None, timestamp='2026-07-21T15:18:58.452301'), ToolMessage(id='call_02_4dMdgbD4WCNlHBzk6jpC9121', role='tool', content='{"order_id": "#W8268610", "user_id": "yusuf_taylor_7149", "address": {"address1": "163 Cedar Street", "address2": "Suite 165", "city": "San Jose", "country": "USA", "state": "CA", "zip": "95154"}, "items": [{"name": "Desk Lamp", "product_id": "6817146515", "item_id": "9083642334", "price": 164.28, "options": {"color": "white", "brightness": "high", "power source": "USB"}}], "status": "pending", "fulfillments": [], "payment_history": [{"transaction_type": "payment", "amount": 164.28, "payment_method_id": "credit_card_3599838"}], "cancel_reason": null, "exchange_items": null, "exchange_new_items": null, "exchange_payment_method_id": null, "exchange_price_difference": null, "return_items": null, "return_payment_method_id": null}', requestor='assistant', error=False, turn_idx=None, timestamp='2026-07-21T15:18:58.453302')]
2026-07-21 15:19:03.258 | DEBUG    | tau2.orchestrator.orchestrator:step:833 - Step 8. Sending message from Role.AGENT to Role.USER
2026-07-21 15:19:03.259 | DEBUG    | tau2.orchestrator.orchestrator:step:836 - Step 8.
From role: Role.AGENT
To role: Role.USER
Message: AssistantMessage
content: Great, I've got all the information. Let me summarize what I've found:

---

**Your Profile:** Yusuf Taylor (user ID: yusuf_taylor_7149)

**Order #W2702727** (placed earlier this year)
- **Status:** Pending
- **Items:** Bookshelf ($531.22) + Yoga Mat ($94.38)
- **Total:** $625.60
- **Payment:** Credit card (Visa ending in 4012)
- **Current Address:** 163 Cedar Street, Suite 165, San Jose, CA 95154

**Order #W8268610**
- **Status:** Pending
- **Items:** Desk Lamp ($164.28)
- **Payment:** Credit card (Visa ending in 4012)
- **Current Address:** Same as above

---

Now, regarding your requests:

### 1. Why are both still pending?
Both orders are in "pending" status, meaning they haven't been processed yet. Unfortunately, I don't have visibility into the internal processing timeline or reasons for delays, so I can't guarantee when they'll be processed.

### 2. Cancel Order #W2702727?
Since I can't guarantee it will be processed within 5 days, you'd like to cancel it. The total refund amount would be **$625.60**, and since it was paid via credit card, the refund would take 5-7 business days to process. To proceed, I'd need:
- A reason for cancellation (either **"no longer needed"** or **"ordered by mistake"**)
- Your explicit confirmation

### 3. Change address for Order #W2702727?
You want to change the shipping address to **1234 Elm St, Springfield, IL, 62701**. However, please note that if you cancel the order, there won't be an address to change. So we need to decide: **cancel** or **modify the address**? (We can't do both.)

Also, modifying the address doesn't change the total price — it just updates where it ships.

### 4. Order #W8268610
You mentioned this order too — what would you like to do with it?

Let me know how you'd like to proceed! Specifically:
1. For **#W2702727** — would you like to **cancel** it (with a reason), or **modify the address** instead?
2. For **#W8268610** — is there anything you need for this order?
is_final_chunk: True
2026-07-21 15:19:03.259 | DEBUG    | tau2.user.user_simulator:_generate_next_message:222 - User responds to message: AssistantMessage
content: Great, I've got all the information. Let me summarize what I've found:

---

**Your Profile:** Yusuf Taylor (user ID: yusuf_taylor_7149)

**Order #W2702727** (placed earlier this year)
- **Status:** Pending
- **Items:** Bookshelf ($531.22) + Yoga Mat ($94.38)
- **Total:** $625.60
- **Payment:** Credit card (Visa ending in 4012)
- **Current Address:** 163 Cedar Street, Suite 165, San Jose, CA 95154

**Order #W8268610**
- **Status:** Pending
- **Items:** Desk Lamp ($164.28)
- **Payment:** Credit card (Visa ending in 4012)
- **Current Address:** Same as above

---

Now, regarding your requests:

### 1. Why are both still pending?
Both orders are in "pending" status, meaning they haven't been processed yet. Unfortunately, I don't have visibility into the internal processing timeline or reasons for delays, so I can't guarantee when they'll be processed.

### 2. Cancel Order #W2702727?
Since I can't guarantee it will be processed within 5 days, you'd like to cancel it. The total refund amount would be **$625.60**, and since it was paid via credit card, the refund would take 5-7 business days to process. To proceed, I'd need:
- A reason for cancellation (either **"no longer needed"** or **"ordered by mistake"**)
- Your explicit confirmation

### 3. Change address for Order #W2702727?
You want to change the shipping address to **1234 Elm St, Springfield, IL, 62701**. However, please note that if you cancel the order, there won't be an address to change. So we need to decide: **cancel** or **modify the address**? (We can't do both.)

Also, modifying the address doesn't change the total price — it just updates where it ships.

### 4. Order #W8268610
You mentioned this order too — what would you like to do with it?

Let me know how you'd like to proceed! Specifically:
1. For **#W2702727** — would you like to **cancel** it (with a reason), or **modify the address** instead?
2. For **#W8268610** — is there anything you need for this order?
is_final_chunk: True
2026-07-21 15:19:05.595 | DEBUG    | tau2.user.user_simulator:_generate_next_message:244 - Response: Thanks for the clear breakdown. Since you can’t guarantee the older order will be processed within 5 days, I want to cancel order #W2702727. The reason is “no longer needed.” Please confirm the total refund amount is $625.60 and that it will go back to my Visa ending in 4012 within 5–7 business days.

Since I’m cancelling that order, I don’t need the address change for it. But for order #W8268610, I do want to update the shipping address to my new home: 1234 Elm St, Springfield, IL, 62701. Please confirm the change is made and that it will be delivered there. Also, let me know the total price for that order after the address update.

And just to be clear, I’d like to keep order #W8268610 as is, aside from the address change. Please handle both requests efficiently and confirm everything in one go.
2026-07-21 15:19:05.596 | DEBUG    | tau2.orchestrator.orchestrator:step:833 - Step 9. Sending message from Role.USER to Role.AGENT
2026-07-21 15:19:05.596 | DEBUG    | tau2.orchestrator.orchestrator:step:836 - Step 9.
From role: Role.USER
To role: Role.AGENT
Message: UserMessage
content: Thanks for the clear breakdown. Since you can’t guarantee the older order will be processed within 5 days, I want to cancel order #W2702727. The reason is “no longer needed.” Please confirm the total refund amount is $625.60 and that it will go back to my Visa ending in 4012 within 5–7 business days.

Since I’m cancelling that order, I don’t need the address change for it. But for order #W8268610, I do want to update the shipping address to my new home: 1234 Elm St, Springfield, IL, 62701. Please confirm the change is made and that it will be delivered there. Also, let me know the total price for that order after the address update.

And just to be clear, I’d like to keep order #W8268610 as is, aside from the address change. Please handle both requests efficiently and confirm everything in one go.
is_final_chunk: True
2026-07-21 15:19:07.391 | DEBUG    | tau2.orchestrator.orchestrator:step:833 - Step 10. Sending message from Role.AGENT to Role.USER
2026-07-21 15:19:07.391 | DEBUG    | tau2.orchestrator.orchestrator:step:836 - Step 10.
From role: Role.AGENT
To role: Role.USER
Message: AssistantMessage
content: Let me first confirm the details before proceeding.

**Regarding Order #W2702727 - Cancellation:**
- Reason: "no longer needed"
- Total refund: **$625.60**
- Refund method: Back to your Visa ending in 4012
- Timeline: 5-7 business days

**Regarding Order #W8268610 - Address Change:**
- New address: 1234 Elm St, Springfield, IL, 62701
- The total price will remain **$164.28** (address changes don't affect the price)

Let me confirm with you: **Do you confirm you'd like to proceed with both of these actions?** Please say "yes" to confirm.
is_final_chunk: True
2026-07-21 15:19:07.391 | DEBUG    | tau2.user.user_simulator:_generate_next_message:222 - User responds to message: AssistantMessage
content: Let me first confirm the details before proceeding.

**Regarding Order #W2702727 - Cancellation:**
- Reason: "no longer needed"
- Total refund: **$625.60**
- Refund method: Back to your Visa ending in 4012
- Timeline: 5-7 business days

**Regarding Order #W8268610 - Address Change:**
- New address: 1234 Elm St, Springfield, IL, 62701
- The total price will remain **$164.28** (address changes don't affect the price)

Let me confirm with you: **Do you confirm you'd like to proceed with both of these actions?** Please say "yes" to confirm.
is_final_chunk: True
2026-07-21 15:19:08.416 | DEBUG    | tau2.user.user_simulator:_generate_next_message:244 - Response: Yes, I confirm. Please proceed with cancelling order #W2702727 for the reason “no longer needed,” refund the full $625.60 to my Visa ending in 4012, and update the shipping address for order #W8268610 to 1234 Elm St, Springfield, IL, 62701. Please confirm once both actions are completed.
2026-07-21 15:19:08.416 | DEBUG    | tau2.orchestrator.orchestrator:step:833 - Step 11. Sending message from Role.USER to Role.AGENT
2026-07-21 15:19:08.416 | DEBUG    | tau2.orchestrator.orchestrator:step:836 - Step 11.
From role: Role.USER
To role: Role.AGENT
Message: UserMessage
content: Yes, I confirm. Please proceed with cancelling order #W2702727 for the reason “no longer needed,” refund the full $625.60 to my Visa ending in 4012, and update the shipping address for order #W8268610 to 1234 Elm St, Springfield, IL, 62701. Please confirm once both actions are completed.
is_final_chunk: True
2026-07-21 15:19:09.992 | DEBUG    | tau2.orchestrator.orchestrator:step:833 - Step 12. Sending message from Role.AGENT to Role.ENV
2026-07-21 15:19:09.992 | DEBUG    | tau2.orchestrator.orchestrator:step:836 - Step 12.
From role: Role.AGENT
To role: Role.ENV
Message: AssistantMessage
content: Let me proceed with both actions now.
ToolCalls:
ToolCall (from assistant)
id: call_00_kF27Qaf6N3e7lppshpGF9781
name: cancel_pending_order
arguments:
{
  "order_id": "#W2702727",
  "reason": "no longer needed"
}
ToolCall (from assistant)
id: call_01_hRoqwCJGKTdldIccGkJN8872
name: modify_pending_order_address
arguments:
{
  "order_id": "#W8268610",
  "address1": "1234 Elm St",
  "address2": "",
  "city": "Springfield",
  "state": "IL",
  "country": "USA",
  "zip": "62701"
}
is_final_chunk: True
2026-07-21 15:19:09.992 | DEBUG    | tau2.environment.environment:get_response:454 - Response: order_id='#W2702727' user_id='yusuf_taylor_7149' address=UserAddress(address1='163 Cedar Street', address2='Suite 165', city='San Jose', country='USA', state='CA', zip='95154') items=[OrderItem(name='Bookshelf', product_id='8600330539', item_id='7373893106', price=531.22, options={'material': 'glass', 'color': 'white', 'height': '4 ft'}), OrderItem(name='Yoga Mat', product_id='4635925001', item_id='2733768059', price=94.38, options={'thickness': '6mm', 'material': 'natural rubber', 'color': 'pink'})] status='cancelled' fulfillments=[] payment_history=[OrderPayment(transaction_type='payment', amount=625.6, payment_method_id='credit_card_3599838'), OrderPayment(transaction_type='refund', amount=625.6, payment_method_id='credit_card_3599838')] cancel_reason='no longer needed' exchange_items=None exchange_new_items=None exchange_payment_method_id=None exchange_price_difference=None return_items=None return_payment_method_id=None
2026-07-21 15:19:09.993 | DEBUG    | tau2.environment.environment:get_response:454 - Response: order_id='#W8268610' user_id='yusuf_taylor_7149' address=UserAddress(address1='1234 Elm St', address2='', city='Springfield', country='USA', state='IL', zip='62701') items=[OrderItem(name='Desk Lamp', product_id='6817146515', item_id='9083642334', price=164.28, options={'color': 'white', 'brightness': 'high', 'power source': 'USB'})] status='pending' fulfillments=[] payment_history=[OrderPayment(transaction_type='payment', amount=164.28, payment_method_id='credit_card_3599838')] cancel_reason=None exchange_items=None exchange_new_items=None exchange_payment_method_id=None exchange_price_difference=None return_items=None return_payment_method_id=None
2026-07-21 15:19:09.993 | DEBUG    | tau2.orchestrator.orchestrator:step:833 - Step 13. Sending message from Role.ENV to Role.AGENT
2026-07-21 15:19:09.993 | DEBUG    | tau2.orchestrator.orchestrator:step:836 - Step 13.
From role: Role.ENV
To role: Role.AGENT
Message: role='tool' tool_messages=[ToolMessage(id='call_00_kF27Qaf6N3e7lppshpGF9781', role='tool', content='{"order_id": "#W2702727", "user_id": "yusuf_taylor_7149", "address": {"address1": "163 Cedar Street", "address2": "Suite 165", "city": "San Jose", "country": "USA", "state": "CA", "zip": "95154"}, "items": [{"name": "Bookshelf", "product_id": "8600330539", "item_id": "7373893106", "price": 531.22, "options": {"material": "glass", "color": "white", "height": "4 ft"}}, {"name": "Yoga Mat", "product_id": "4635925001", "item_id": "2733768059", "price": 94.38, "options": {"thickness": "6mm", "material": "natural rubber", "color": "pink"}}], "status": "cancelled", "fulfillments": [], "payment_history": [{"transaction_type": "payment", "amount": 625.6, "payment_method_id": "credit_card_3599838"}, {"transaction_type": "refund", "amount": 625.6, "payment_method_id": "credit_card_3599838"}], "cancel_reason": "no longer needed", "exchange_items": null, "exchange_new_items": null, "exchange_payment_method_id": null, "exchange_price_difference": null, "return_items": null, "return_payment_method_id": null}', requestor='assistant', error=False, turn_idx=None, timestamp='2026-07-21T15:19:09.993336'), ToolMessage(id='call_01_hRoqwCJGKTdldIccGkJN8872', role='tool', content='{"order_id": "#W8268610", "user_id": "yusuf_taylor_7149", "address": {"address1": "1234 Elm St", "address2": "", "city": "Springfield", "country": "USA", "state": "IL", "zip": "62701"}, "items": [{"name": "Desk Lamp", "product_id": "6817146515", "item_id": "9083642334", "price": 164.28, "options": {"color": "white", "brightness": "high", "power source": "USB"}}], "status": "pending", "fulfillments": [], "payment_history": [{"transaction_type": "payment", "amount": 164.28, "payment_method_id": "credit_card_3599838"}], "cancel_reason": null, "exchange_items": null, "exchange_new_items": null, "exchange_payment_method_id": null, "exchange_price_difference": null, "return_items": null, "return_payment_method_id": null}', requestor='assistant', error=False, turn_idx=None, timestamp='2026-07-21T15:19:09.993336')]
2026-07-21 15:19:11.726 | DEBUG    | tau2.orchestrator.orchestrator:step:833 - Step 14. Sending message from Role.AGENT to Role.USER
2026-07-21 15:19:11.726 | DEBUG    | tau2.orchestrator.orchestrator:step:836 - Step 14.
From role: Role.AGENT
To role: Role.USER
Message: AssistantMessage
content: Both actions have been completed successfully! Here's the full confirmation:

---

### ✅ Order #W2702727 — Cancelled
- **Status:** Cancelled
- **Reason:** No longer needed
- **Refund Amount:** **$625.60**
- **Refund Method:** Your Visa ending in 4012
- **Refund Timeline:** 5–7 business days

### ✅ Order #W8268610 — Address Updated
- **New Address:** 1234 Elm St, Springfield, IL 62701
- **Total Price:** **$164.28** (unchanged)
- **Status:** Still pending — will be delivered to your new address

---

Is there anything else I can help you with?
is_final_chunk: True
2026-07-21 15:19:11.726 | DEBUG    | tau2.user.user_simulator:_generate_next_message:222 - User responds to message: AssistantMessage
content: Both actions have been completed successfully! Here's the full confirmation:

---

### ✅ Order #W2702727 — Cancelled
- **Status:** Cancelled
- **Reason:** No longer needed
- **Refund Amount:** **$625.60**
- **Refund Method:** Your Visa ending in 4012
- **Refund Timeline:** 5–7 business days

### ✅ Order #W8268610 — Address Updated
- **New Address:** 1234 Elm St, Springfield, IL 62701
- **Total Price:** **$164.28** (unchanged)
- **Status:** Still pending — will be delivered to your new address

---

Is there anything else I can help you with?
is_final_chunk: True
2026-07-21 15:19:12.450 | DEBUG    | tau2.user.user_simulator:_generate_next_message:244 - Response: No, that covers everything I needed. Thanks for handling it all so clearly. ###STOP###
2026-07-21 15:19:12.544 | DEBUG    | tau2.environment.environment:get_response:454 - Response: order_id='#W2702727' user_id='yusuf_taylor_7149' address=UserAddress(address1='163 Cedar Street', address2='Suite 165', city='San Jose', country='USA', state='CA', zip='95154') items=[OrderItem(name='Bookshelf', product_id='8600330539', item_id='7373893106', price=531.22, options={'material': 'glass', 'color': 'white', 'height': '4 ft'}), OrderItem(name='Yoga Mat', product_id='4635925001', item_id='2733768059', price=94.38, options={'thickness': '6mm', 'material': 'natural rubber', 'color': 'pink'})] status='cancelled' fulfillments=[] payment_history=[OrderPayment(transaction_type='payment', amount=625.6, payment_method_id='credit_card_3599838'), OrderPayment(transaction_type='refund', amount=625.6, payment_method_id='credit_card_3599838')] cancel_reason='no longer needed' exchange_items=None exchange_new_items=None exchange_payment_method_id=None exchange_price_difference=None return_items=None return_payment_method_id=None
2026-07-21 15:19:12.544 | DEBUG    | tau2.environment.environment:get_response:454 - Response: order_id='#W8268610' user_id='yusuf_taylor_7149' address=UserAddress(address1='1234 Elm St', address2='', city='Springfield', country='USA', state='IL', zip='62701') items=[OrderItem(name='Desk Lamp', product_id='6817146515', item_id='9083642334', price=164.28, options={'color': 'white', 'brightness': 'high', 'power source': 'USB'})] status='pending' fulfillments=[] payment_history=[OrderPayment(transaction_type='payment', amount=164.28, payment_method_id='credit_card_3599838')] cancel_reason=None exchange_items=None exchange_new_items=None exchange_payment_method_id=None exchange_price_difference=None return_items=None return_payment_method_id=None
2026-07-21 15:19:15.261 | INFO     | tau2.runner.simulation:run_simulation:87 - Simulation complete: domain=retail, task=59, reward=0.0
2026-07-21 15:19:15.261 | INFO     | tau2.runner.batch:run_single_task:442 - FINISHED SIMULATION: Domain: retail, Task: 59, Reward: 0.0
