2026-07-20 15:22:42.481 | DEBUG    | tau2.runner.batch:__enter__:301 - Task log file: D:\PolicyAgent-PostTrain\experiments\20260720_retail_task0_deepseek_smoke\artifacts\task_0\sim_fb89725d-87d0-4eb8-aeed-931e9c09e4bd\task.log
2026-07-20 15:22:42.529 | INFO     | tau2.orchestrator.orchestrator:_validate_mode_compatibility:477 - Orchestrator initialized in HALF_DUPLEX mode (turn-based) with agent=LLMAgent, user=UserSimulator
2026-07-20 15:22:42.529 | DEBUG    | tau2.runner.build:build_text_orchestrator:400 - Built text orchestrator: domain=retail, agent=llm_agent, user=user_simulator, task=0
2026-07-20 15:22:42.530 | DEBUG    | tau2.orchestrator.orchestrator:step:833 - Step 0. Sending message from Role.AGENT to Role.USER
2026-07-20 15:22:42.530 | DEBUG    | tau2.orchestrator.orchestrator:step:836 - Step 0.
From role: Role.AGENT
To role: Role.USER
Message: AssistantMessage
content: Hi! How can I help you today?
is_final_chunk: True
2026-07-20 15:22:42.530 | DEBUG    | tau2.user.user_simulator:_generate_next_message:222 - User responds to message: AssistantMessage
content: Hi! How can I help you today?
is_final_chunk: True
2026-07-20 15:22:43.747 | DEBUG    | tau2.user.user_simulator:_generate_next_message:244 - Response: Hi, I just received my order—number W2378156—and I’d like to set up a couple of exchanges. I want to swap the mechanical keyboard for the same model but with clicky switches, and I also need to exchange the smart thermostat for one that works with Google Home instead of Apple HomeKit. Can you help me with both in one go?
2026-07-20 15:22:43.748 | DEBUG    | tau2.orchestrator.orchestrator:step:833 - Step 1. Sending message from Role.USER to Role.AGENT
2026-07-20 15:22:43.748 | DEBUG    | tau2.orchestrator.orchestrator:step:836 - Step 1.
From role: Role.USER
To role: Role.AGENT
Message: UserMessage
content: Hi, I just received my order—number W2378156—and I’d like to set up a couple of exchanges. I want to swap the mechanical keyboard for the same model but with clicky switches, and I also need to exchange the smart thermostat for one that works with Google Home instead of Apple HomeKit. Can you help me with both in one go?
is_final_chunk: True
2026-07-20 15:22:44.650 | DEBUG    | tau2.orchestrator.orchestrator:step:833 - Step 2. Sending message from Role.AGENT to Role.USER
2026-07-20 15:22:44.651 | DEBUG    | tau2.orchestrator.orchestrator:step:836 - Step 2.
From role: Role.AGENT
To role: Role.USER
Message: AssistantMessage
content: I'd be happy to help you with the exchanges! First, I need to authenticate your identity. Could you please provide me with your email address, or your first name, last name, and zip code so I can look you up?
is_final_chunk: True
2026-07-20 15:22:44.651 | DEBUG    | tau2.user.user_simulator:_generate_next_message:222 - User responds to message: AssistantMessage
content: I'd be happy to help you with the exchanges! First, I need to authenticate your identity. Could you please provide me with your email address, or your first name, last name, and zip code so I can look you up?
is_final_chunk: True
2026-07-20 15:22:45.450 | DEBUG    | tau2.user.user_simulator:_generate_next_message:244 - Response: Sure, my name is Yusuf Rossi and my zip code is 19122. I don’t remember the email I used, but hopefully that’s enough to get started.
2026-07-20 15:22:45.450 | DEBUG    | tau2.orchestrator.orchestrator:step:833 - Step 3. Sending message from Role.USER to Role.AGENT
2026-07-20 15:22:45.450 | DEBUG    | tau2.orchestrator.orchestrator:step:836 - Step 3.
From role: Role.USER
To role: Role.AGENT
Message: UserMessage
content: Sure, my name is Yusuf Rossi and my zip code is 19122. I don’t remember the email I used, but hopefully that’s enough to get started.
is_final_chunk: True
2026-07-20 15:22:46.648 | DEBUG    | tau2.orchestrator.orchestrator:step:833 - Step 4. Sending message from Role.AGENT to Role.ENV
2026-07-20 15:22:46.649 | DEBUG    | tau2.orchestrator.orchestrator:step:836 - Step 4.
From role: Role.AGENT
To role: Role.ENV
Message: AssistantMessage
content: Let me look you up with your name and zip code.
ToolCalls:
ToolCall (from assistant)
id: call_00_5Wt2i9uBgWpErySVa8BN8366
name: find_user_id_by_name_zip
arguments:
{
  "first_name": "Yusuf",
  "last_name": "Rossi",
  "zip": "19122"
}
is_final_chunk: True
2026-07-20 15:22:46.649 | DEBUG    | tau2.environment.environment:get_response:454 - Response: yusuf_rossi_9620
2026-07-20 15:22:46.649 | DEBUG    | tau2.orchestrator.orchestrator:step:833 - Step 5. Sending message from Role.ENV to Role.AGENT
2026-07-20 15:22:46.649 | DEBUG    | tau2.orchestrator.orchestrator:step:836 - Step 5.
From role: Role.ENV
To role: Role.AGENT
Message: ToolMessage (responding to assistant)
timestamp: 2026-07-20T15:22:46.649538
content: yusuf_rossi_9620
2026-07-20 15:22:48.017 | DEBUG    | tau2.orchestrator.orchestrator:step:833 - Step 6. Sending message from Role.AGENT to Role.ENV
2026-07-20 15:22:48.018 | DEBUG    | tau2.orchestrator.orchestrator:step:836 - Step 6.
From role: Role.AGENT
To role: Role.ENV
Message: AssistantMessage
content: Great, I found you! Let me now check the details of your order and your user profile.
ToolCalls:
ToolCall (from assistant)
id: call_00_vZXsf29nJ37OkEh2r0Ds6990
name: get_order_details
arguments:
{
  "order_id": "#W2378156"
}
ToolCall (from assistant)
id: call_01_ENQGMXS9hpWvCjc6Z29e6345
name: get_user_details
arguments:
{
  "user_id": "yusuf_rossi_9620"
}
is_final_chunk: True
2026-07-20 15:22:48.018 | DEBUG    | tau2.environment.environment:get_response:454 - Response: order_id='#W2378156' user_id='yusuf_rossi_9620' address=UserAddress(address1='763 Broadway', address2='Suite 135', city='Philadelphia', country='USA', state='PA', zip='19122') items=[OrderItem(name='Headphones', product_id='6992792935', item_id='4202497723', price=342.81, options={'type': 'over-ear', 'connectivity': 'wireless', 'color': 'blue'}), OrderItem(name='Vacuum Cleaner', product_id='1762337868', item_id='4602305039', price=561.05, options={'type': 'robotic', 'bagged/bagless': 'bagged', 'features': 'cordless'}), OrderItem(name='Mechanical Keyboard', product_id='1656367028', item_id='1151293680', price=272.33, options={'switch type': 'linear', 'backlight': 'RGB', 'size': 'full size'}), OrderItem(name='Smart Thermostat', product_id='4896585277', item_id='4983901480', price=262.47, options={'compatibility': 'Apple HomeKit', 'color': 'black'}), OrderItem(name='Smart Watch', product_id='6945232052', item_id='9408160950', price=381.26, options={'color': 'gold', 'band material': 'leather', 'display': 'LCD'})] status='delivered' fulfillments=[OrderFullfilment(tracking_id=['843053632392'], item_ids=['4202497723', '4602305039', '1151293680', '4983901480', '9408160950'])] payment_history=[OrderPayment(transaction_type='payment', amount=1819.92, payment_method_id='credit_card_9513926')] cancel_reason=None exchange_items=None exchange_new_items=None exchange_payment_method_id=None exchange_price_difference=None return_items=None return_payment_method_id=None
2026-07-20 15:22:48.018 | DEBUG    | tau2.environment.environment:get_response:454 - Response: user_id='yusuf_rossi_9620' name=UserName(first_name='Yusuf', last_name='Rossi') address=UserAddress(address1='763 Broadway', address2='Suite 135', city='Philadelphia', country='USA', state='PA', zip='19122') email='yusuf.rossi7301@example.com' payment_methods={'credit_card_9513926': CreditCard(source='credit_card', id='credit_card_9513926', brand='mastercard', last_four='2478')} orders=['#W6247578', '#W9711842', '#W4776164', '#W6679257', '#W2378156']
2026-07-20 15:22:48.018 | DEBUG    | tau2.orchestrator.orchestrator:step:833 - Step 7. Sending message from Role.ENV to Role.AGENT
2026-07-20 15:22:48.018 | DEBUG    | tau2.orchestrator.orchestrator:step:836 - Step 7.
From role: Role.ENV
To role: Role.AGENT
Message: role='tool' tool_messages=[ToolMessage(id='call_00_vZXsf29nJ37OkEh2r0Ds6990', role='tool', content='{"order_id": "#W2378156", "user_id": "yusuf_rossi_9620", "address": {"address1": "763 Broadway", "address2": "Suite 135", "city": "Philadelphia", "country": "USA", "state": "PA", "zip": "19122"}, "items": [{"name": "Headphones", "product_id": "6992792935", "item_id": "4202497723", "price": 342.81, "options": {"type": "over-ear", "connectivity": "wireless", "color": "blue"}}, {"name": "Vacuum Cleaner", "product_id": "1762337868", "item_id": "4602305039", "price": 561.05, "options": {"type": "robotic", "bagged/bagless": "bagged", "features": "cordless"}}, {"name": "Mechanical Keyboard", "product_id": "1656367028", "item_id": "1151293680", "price": 272.33, "options": {"switch type": "linear", "backlight": "RGB", "size": "full size"}}, {"name": "Smart Thermostat", "product_id": "4896585277", "item_id": "4983901480", "price": 262.47, "options": {"compatibility": "Apple HomeKit", "color": "black"}}, {"name": "Smart Watch", "product_id": "6945232052", "item_id": "9408160950", "price": 381.26, "options": {"color": "gold", "band material": "leather", "display": "LCD"}}], "status": "delivered", "fulfillments": [{"tracking_id": ["843053632392"], "item_ids": ["4202497723", "4602305039", "1151293680", "4983901480", "9408160950"]}], "payment_history": [{"transaction_type": "payment", "amount": 1819.92, "payment_method_id": "credit_card_9513926"}], "cancel_reason": null, "exchange_items": null, "exchange_new_items": null, "exchange_payment_method_id": null, "exchange_price_difference": null, "return_items": null, "return_payment_method_id": null}', requestor='assistant', error=False, turn_idx=None, timestamp='2026-07-20T15:22:48.018172'), ToolMessage(id='call_01_ENQGMXS9hpWvCjc6Z29e6345', role='tool', content='{"user_id": "yusuf_rossi_9620", "name": {"first_name": "Yusuf", "last_name": "Rossi"}, "address": {"address1": "763 Broadway", "address2": "Suite 135", "city": "Philadelphia", "country": "USA", "state": "PA", "zip": "19122"}, "email": "yusuf.rossi7301@example.com", "payment_methods": {"credit_card_9513926": {"source": "credit_card", "id": "credit_card_9513926", "brand": "mastercard", "last_four": "2478"}}, "orders": ["#W6247578", "#W9711842", "#W4776164", "#W6679257", "#W2378156"]}', requestor='assistant', error=False, turn_idx=None, timestamp='2026-07-20T15:22:48.018172')]
2026-07-20 15:22:49.221 | DEBUG    | tau2.orchestrator.orchestrator:step:833 - Step 8. Sending message from Role.AGENT to Role.ENV
2026-07-20 15:22:49.222 | DEBUG    | tau2.orchestrator.orchestrator:step:836 - Step 8.
From role: Role.AGENT
To role: Role.ENV
Message: AssistantMessage
content: Great! Your order #W2378156 has been delivered, so we can proceed with exchanges. Let me look up the product details for the mechanical keyboard and smart thermostat to find the available options.
ToolCalls:
ToolCall (from assistant)
id: call_00_3ZooH5amNyC1dtdJRgVj5529
name: get_product_details
arguments:
{
  "product_id": "1656367028"
}
ToolCall (from assistant)
id: call_01_H1kHRQ74GG7Wfp1uCF5C5158
name: get_product_details
arguments:
{
  "product_id": "4896585277"
}
is_final_chunk: True
2026-07-20 15:22:49.222 | DEBUG    | tau2.environment.environment:get_response:454 - Response: name='Mechanical Keyboard' product_id='1656367028' variants={'9690244451': Variant(item_id='9690244451', options={'switch type': 'clicky', 'backlight': 'RGB', 'size': '60%'}, available=False, price=236.51), '7706410293': Variant(item_id='7706410293', options={'switch type': 'clicky', 'backlight': 'none', 'size': 'full size'}, available=True, price=269.16), '3616838507': Variant(item_id='3616838507', options={'switch type': 'tactile', 'backlight': 'white', 'size': 'full size'}, available=True, price=226.11), '8484921793': Variant(item_id='8484921793', options={'switch type': 'linear', 'backlight': 'RGB', 'size': '80%'}, available=True, price=230.15), '1340995114': Variant(item_id='1340995114', options={'switch type': 'tactile', 'backlight': 'none', 'size': 'full size'}, available=False, price=235.13), '6342039236': Variant(item_id='6342039236', options={'switch type': 'clicky', 'backlight': 'white', 'size': 'full size'}, available=True, price=244.91), '1421289881': Variant(item_id='1421289881', options={'switch type': 'linear', 'backlight': 'none', 'size': '80%'}, available=True, price=268.77), '7867398203': Variant(item_id='7867398203', options={'switch type': 'linear', 'backlight': 'RGB', 'size': '60%'}, available=True, price=232.7), '4648814700': Variant(item_id='4648814700', options={'switch type': 'linear', 'backlight': 'white', 'size': '60%'}, available=False, price=228.84), '5222576926': Variant(item_id='5222576926', options={'switch type': 'linear', 'backlight': 'white', 'size': 'full size'}, available=False, price=249.95), '4402162122': Variant(item_id='4402162122', options={'switch type': 'tactile', 'backlight': 'RGB', 'size': '60%'}, available=True, price=233.9), '1151293680': Variant(item_id='1151293680', options={'switch type': 'linear', 'backlight': 'RGB', 'size': 'full size'}, available=True, price=272.33), '2299424241': Variant(item_id='2299424241', options={'switch type': 'clicky', 'backlight': 'RGB', 'size': '80%'}, available=True, price=237.48), '4843487907': Variant(item_id='4843487907', options={'switch type': 'clicky', 'backlight': 'white', 'size': '80%'}, available=False, price=254.84), '9025753381': Variant(item_id='9025753381', options={'switch type': 'clicky', 'backlight': 'RGB', 'size': 'full size'}, available=False, price=231.58), '6439196450': Variant(item_id='6439196450', options={'switch type': 'tactile', 'backlight': 'none', 'size': '60%'}, available=False, price=254.56), '9991484137': Variant(item_id='9991484137', options={'switch type': 'tactile', 'backlight': 'white', 'size': '80%'}, available=True, price=240.97), '9665000388': Variant(item_id='9665000388', options={'switch type': 'clicky', 'backlight': 'none', 'size': '80%'}, available=True, price=269.46), '9570044148': Variant(item_id='9570044148', options={'switch type': 'linear', 'backlight': 'none', 'size': 'full size'}, available=True, price=231.37), '7658724607': Variant(item_id='7658724607', options={'switch type': 'tactile', 'backlight': 'none', 'size': '80%'}, available=True, price=256.73)}
2026-07-20 15:22:49.223 | DEBUG    | tau2.environment.environment:get_response:454 - Response: name='Smart Thermostat' product_id='4896585277' variants={'8722653925': Variant(item_id='8722653925', options={'compatibility': 'Google Assistant', 'color': 'white'}, available=False, price=227.8), '8593894906': Variant(item_id='8593894906', options={'compatibility': 'Amazon Alexa', 'color': 'white'}, available=False, price=263.11), '2791467853': Variant(item_id='2791467853', options={'compatibility': 'Google Assistant', 'color': 'stainless steel'}, available=False, price=242.53), '7747408585': Variant(item_id='7747408585', options={'compatibility': 'Google Assistant', 'color': 'black'}, available=True, price=249.01), '4953074738': Variant(item_id='4953074738', options={'compatibility': 'Amazon Alexa', 'color': 'black'}, available=True, price=226.02), '4983901480': Variant(item_id='4983901480', options={'compatibility': 'Apple HomeKit', 'color': 'black'}, available=True, price=262.47), '9480266227': Variant(item_id='9480266227', options={'compatibility': 'Apple HomeKit', 'color': 'stainless steel'}, available=True, price=255.98), '6243148452': Variant(item_id='6243148452', options={'compatibility': 'Amazon Alexa', 'color': 'stainless steel'}, available=True, price=247.0), '3377900078': Variant(item_id='3377900078', options={'compatibility': 'Apple HomeKit', 'color': 'white'}, available=True, price=260.68)}
2026-07-20 15:22:49.223 | DEBUG    | tau2.orchestrator.orchestrator:step:833 - Step 9. Sending message from Role.ENV to Role.AGENT
2026-07-20 15:22:49.223 | DEBUG    | tau2.orchestrator.orchestrator:step:836 - Step 9.
From role: Role.ENV
To role: Role.AGENT
Message: role='tool' tool_messages=[ToolMessage(id='call_00_3ZooH5amNyC1dtdJRgVj5529', role='tool', content='{"name": "Mechanical Keyboard", "product_id": "1656367028", "variants": {"9690244451": {"item_id": "9690244451", "options": {"switch type": "clicky", "backlight": "RGB", "size": "60%"}, "available": false, "price": 236.51}, "7706410293": {"item_id": "7706410293", "options": {"switch type": "clicky", "backlight": "none", "size": "full size"}, "available": true, "price": 269.16}, "3616838507": {"item_id": "3616838507", "options": {"switch type": "tactile", "backlight": "white", "size": "full size"}, "available": true, "price": 226.11}, "8484921793": {"item_id": "8484921793", "options": {"switch type": "linear", "backlight": "RGB", "size": "80%"}, "available": true, "price": 230.15}, "1340995114": {"item_id": "1340995114", "options": {"switch type": "tactile", "backlight": "none", "size": "full size"}, "available": false, "price": 235.13}, "6342039236": {"item_id": "6342039236", "options": {"switch type": "clicky", "backlight": "white", "size": "full size"}, "available": true, "price": 244.91}, "1421289881": {"item_id": "1421289881", "options": {"switch type": "linear", "backlight": "none", "size": "80%"}, "available": true, "price": 268.77}, "7867398203": {"item_id": "7867398203", "options": {"switch type": "linear", "backlight": "RGB", "size": "60%"}, "available": true, "price": 232.7}, "4648814700": {"item_id": "4648814700", "options": {"switch type": "linear", "backlight": "white", "size": "60%"}, "available": false, "price": 228.84}, "5222576926": {"item_id": "5222576926", "options": {"switch type": "linear", "backlight": "white", "size": "full size"}, "available": false, "price": 249.95}, "4402162122": {"item_id": "4402162122", "options": {"switch type": "tactile", "backlight": "RGB", "size": "60%"}, "available": true, "price": 233.9}, "1151293680": {"item_id": "1151293680", "options": {"switch type": "linear", "backlight": "RGB", "size": "full size"}, "available": true, "price": 272.33}, "2299424241": {"item_id": "2299424241", "options": {"switch type": "clicky", "backlight": "RGB", "size": "80%"}, "available": true, "price": 237.48}, "4843487907": {"item_id": "4843487907", "options": {"switch type": "clicky", "backlight": "white", "size": "80%"}, "available": false, "price": 254.84}, "9025753381": {"item_id": "9025753381", "options": {"switch type": "clicky", "backlight": "RGB", "size": "full size"}, "available": false, "price": 231.58}, "6439196450": {"item_id": "6439196450", "options": {"switch type": "tactile", "backlight": "none", "size": "60%"}, "available": false, "price": 254.56}, "9991484137": {"item_id": "9991484137", "options": {"switch type": "tactile", "backlight": "white", "size": "80%"}, "available": true, "price": 240.97}, "9665000388": {"item_id": "9665000388", "options": {"switch type": "clicky", "backlight": "none", "size": "80%"}, "available": true, "price": 269.46}, "9570044148": {"item_id": "9570044148", "options": {"switch type": "linear", "backlight": "none", "size": "full size"}, "available": true, "price": 231.37}, "7658724607": {"item_id": "7658724607", "options": {"switch type": "tactile", "backlight": "none", "size": "80%"}, "available": true, "price": 256.73}}}', requestor='assistant', error=False, turn_idx=None, timestamp='2026-07-20T15:22:49.222861'), ToolMessage(id='call_01_H1kHRQ74GG7Wfp1uCF5C5158', role='tool', content='{"name": "Smart Thermostat", "product_id": "4896585277", "variants": {"8722653925": {"item_id": "8722653925", "options": {"compatibility": "Google Assistant", "color": "white"}, "available": false, "price": 227.8}, "8593894906": {"item_id": "8593894906", "options": {"compatibility": "Amazon Alexa", "color": "white"}, "available": false, "price": 263.11}, "2791467853": {"item_id": "2791467853", "options": {"compatibility": "Google Assistant", "color": "stainless steel"}, "available": false, "price": 242.53}, "7747408585": {"item_id": "7747408585", "options": {"compatibility": "Google Assistant", "color": "black"}, "available": true, "price": 249.01}, "4953074738": {"item_id": "4953074738", "options": {"compatibility": "Amazon Alexa", "color": "black"}, "available": true, "price": 226.02}, "4983901480": {"item_id": "4983901480", "options": {"compatibility": "Apple HomeKit", "color": "black"}, "available": true, "price": 262.47}, "9480266227": {"item_id": "9480266227", "options": {"compatibility": "Apple HomeKit", "color": "stainless steel"}, "available": true, "price": 255.98}, "6243148452": {"item_id": "6243148452", "options": {"compatibility": "Amazon Alexa", "color": "stainless steel"}, "available": true, "price": 247.0}, "3377900078": {"item_id": "3377900078", "options": {"compatibility": "Apple HomeKit", "color": "white"}, "available": true, "price": 260.68}}}', requestor='assistant', error=False, turn_idx=None, timestamp='2026-07-20T15:22:49.223862')]
2026-07-20 15:22:52.021 | DEBUG    | tau2.orchestrator.orchestrator:step:833 - Step 10. Sending message from Role.AGENT to Role.USER
2026-07-20 15:22:52.022 | DEBUG    | tau2.orchestrator.orchestrator:step:836 - Step 10.
From role: Role.AGENT
To role: Role.USER
Message: AssistantMessage
content: Let me clarify the available options for you.

**For the Mechanical Keyboard** (currently: linear switches, RGB backlight, full size):
You want clicky switches. Here are the available clicky options:
1. **Item #7706410293** - Clicky, no backlight, full size - **$269.16**
2. **Item #6342039236** - Clicky, white backlight, full size - **$244.91**
3. **Item #2299424241** - Clicky, RGB backlight, 80% size - **$237.48**

You mentioned "the same model" - could you clarify which option you'd like? The current keyboard is full size with RGB backlight. Unfortunately, the clicky + RGB + full size option (item #9025753381) is not available.

**For the Smart Thermostat** (currently: Apple HomeKit, black):
You want Google Home compatibility. The available option is:
- **Item #7747408585** - Google Assistant, black - **$249.01**

Could you let me know which specific options you'd like for the keyboard? Also, I'll need a payment method to handle any price differences. Your current payment method on file is a Mastercard ending in 2478. Do you have a gift card you'd like to use, or would you like to use the credit card?
is_final_chunk: True
2026-07-20 15:22:52.022 | DEBUG    | tau2.user.user_simulator:_generate_next_message:222 - User responds to message: AssistantMessage
content: Let me clarify the available options for you.

**For the Mechanical Keyboard** (currently: linear switches, RGB backlight, full size):
You want clicky switches. Here are the available clicky options:
1. **Item #7706410293** - Clicky, no backlight, full size - **$269.16**
2. **Item #6342039236** - Clicky, white backlight, full size - **$244.91**
3. **Item #2299424241** - Clicky, RGB backlight, 80% size - **$237.48**

You mentioned "the same model" - could you clarify which option you'd like? The current keyboard is full size with RGB backlight. Unfortunately, the clicky + RGB + full size option (item #9025753381) is not available.

**For the Smart Thermostat** (currently: Apple HomeKit, black):
You want Google Home compatibility. The available option is:
- **Item #7747408585** - Google Assistant, black - **$249.01**

Could you let me know which specific options you'd like for the keyboard? Also, I'll need a payment method to handle any price differences. Your current payment method on file is a Mastercard ending in 2478. Do you have a gift card you'd like to use, or would you like to use the credit card?
is_final_chunk: True
2026-07-20 15:22:54.080 | DEBUG    | tau2.user.user_simulator:_generate_next_message:244 - Response: Thanks for laying that out so clearly.

For the keyboard, since there’s no clicky + RGB + full size available, I’ll go with option 1: the clicky, no backlight, full size (item #7706410293).

For the thermostat, yes, I’d like the Google Home compatible one (item #7747408585).

For any price differences, please use the Mastercard ending in 2478. I don’t have a gift card to use.

Can you confirm the total difference (including any taxes or fees) and let me know how the exchange process works—do you send the replacements first, or do I need to return the originals first? Also, will you provide return labels for the items I’m exchanging?
2026-07-20 15:22:54.080 | DEBUG    | tau2.orchestrator.orchestrator:step:833 - Step 11. Sending message from Role.USER to Role.AGENT
2026-07-20 15:22:54.080 | DEBUG    | tau2.orchestrator.orchestrator:step:836 - Step 11.
From role: Role.USER
To role: Role.AGENT
Message: UserMessage
content: Thanks for laying that out so clearly.

For the keyboard, since there’s no clicky + RGB + full size available, I’ll go with option 1: the clicky, no backlight, full size (item #7706410293).

For the thermostat, yes, I’d like the Google Home compatible one (item #7747408585).

For any price differences, please use the Mastercard ending in 2478. I don’t have a gift card to use.

Can you confirm the total difference (including any taxes or fees) and let me know how the exchange process works—do you send the replacements first, or do I need to return the originals first? Also, will you provide return labels for the items I’m exchanging?
is_final_chunk: True
2026-07-20 15:22:55.867 | DEBUG    | tau2.orchestrator.orchestrator:step:833 - Step 12. Sending message from Role.AGENT to Role.ENV
2026-07-20 15:22:55.868 | DEBUG    | tau2.orchestrator.orchestrator:step:836 - Step 12.
From role: Role.AGENT
To role: Role.ENV
Message: AssistantMessage
content: Let me first check the prices to calculate the difference.

**Keyboard:** Current item #1151293680 - $272.33 → New item #7706410293 - $269.16 → Difference: -$3.17 (you get refunded)
**Thermostat:** Current item #4983901480 - $262.47 → New item #7747408585 - $249.01 → Difference: -$13.46 (you get refunded)

**Total price difference:** -$16.63 (you'll receive a refund of $16.63)

Let me calculate that to be sure.
ToolCalls:
ToolCall (from assistant)
id: call_00_Un0Axo3k1MVUM2qUmIk68578
name: calculate
arguments:
{
  "expression": "272.33 - 269.16 + 262.47 - 249.01"
}
is_final_chunk: True
2026-07-20 15:22:55.868 | DEBUG    | tau2.environment.environment:get_response:454 - Response: 16.63
2026-07-20 15:22:55.869 | DEBUG    | tau2.orchestrator.orchestrator:step:833 - Step 13. Sending message from Role.ENV to Role.AGENT
2026-07-20 15:22:55.869 | DEBUG    | tau2.orchestrator.orchestrator:step:836 - Step 13.
From role: Role.ENV
To role: Role.AGENT
Message: ToolMessage (responding to assistant)
timestamp: 2026-07-20T15:22:55.869777
content: 16.63
2026-07-20 15:22:58.722 | DEBUG    | tau2.orchestrator.orchestrator:step:833 - Step 14. Sending message from Role.AGENT to Role.USER
2026-07-20 15:22:58.722 | DEBUG    | tau2.orchestrator.orchestrator:step:836 - Step 14.
From role: Role.AGENT
To role: Role.USER
Message: AssistantMessage
content: So the total price difference is **$16.63**, which will be refunded to your Mastercard ending in 2478.

Now, before I proceed, let me summarize the exchange details for your confirmation:

**Order:** #W2378156

**Exchange 1 - Mechanical Keyboard:**
- Current item: #1151293680 (Linear, RGB, Full size - $272.33)
- New item: #7706410293 (Clicky, no backlight, Full size - $269.16)

**Exchange 2 - Smart Thermostat:**
- Current item: #4983901480 (Apple HomeKit, Black - $262.47)
- New item: #7747408585 (Google Assistant, Black - $249.01)

**Payment method for price difference:** Mastercard ending in 2478 (refund of $16.63)

**Please confirm you have provided all the items you want to exchange** — is there anything else you'd like to exchange from this order?

Also, regarding your questions about the process: After you confirm, the order status will be changed to "exchange requested" and you'll receive an email with instructions on how to return the items. The replacements are handled through the exchange process — you'll return the originals and the price difference will be refunded to your card.

Could you please confirm that you'd like to proceed with these exchanges?
is_final_chunk: True
2026-07-20 15:22:58.723 | DEBUG    | tau2.user.user_simulator:_generate_next_message:222 - User responds to message: AssistantMessage
content: So the total price difference is **$16.63**, which will be refunded to your Mastercard ending in 2478.

Now, before I proceed, let me summarize the exchange details for your confirmation:

**Order:** #W2378156

**Exchange 1 - Mechanical Keyboard:**
- Current item: #1151293680 (Linear, RGB, Full size - $272.33)
- New item: #7706410293 (Clicky, no backlight, Full size - $269.16)

**Exchange 2 - Smart Thermostat:**
- Current item: #4983901480 (Apple HomeKit, Black - $262.47)
- New item: #7747408585 (Google Assistant, Black - $249.01)

**Payment method for price difference:** Mastercard ending in 2478 (refund of $16.63)

**Please confirm you have provided all the items you want to exchange** — is there anything else you'd like to exchange from this order?

Also, regarding your questions about the process: After you confirm, the order status will be changed to "exchange requested" and you'll receive an email with instructions on how to return the items. The replacements are handled through the exchange process — you'll return the originals and the price difference will be refunded to your card.

Could you please confirm that you'd like to proceed with these exchanges?
is_final_chunk: True
2026-07-20 15:23:00.178 | DEBUG    | tau2.user.user_simulator:_generate_next_message:244 - Response: Yes, that summary looks correct, and I don’t have anything else to exchange from this order.

Please proceed with the exchanges as outlined. Just to double-check: will the return labels be prepaid, and do I need to return both items in the same package or separately? Also, will the replacements ship once the returns are scanned by the carrier, or only after they’re received at your warehouse?
2026-07-20 15:23:00.178 | DEBUG    | tau2.orchestrator.orchestrator:step:833 - Step 15. Sending message from Role.USER to Role.AGENT
2026-07-20 15:23:00.178 | DEBUG    | tau2.orchestrator.orchestrator:step:836 - Step 15.
From role: Role.USER
To role: Role.AGENT
Message: UserMessage
content: Yes, that summary looks correct, and I don’t have anything else to exchange from this order.

Please proceed with the exchanges as outlined. Just to double-check: will the return labels be prepaid, and do I need to return both items in the same package or separately? Also, will the replacements ship once the returns are scanned by the carrier, or only after they’re received at your warehouse?
is_final_chunk: True
2026-07-20 15:23:02.316 | DEBUG    | tau2.orchestrator.orchestrator:step:833 - Step 16. Sending message from Role.AGENT to Role.ENV
2026-07-20 15:23:02.316 | DEBUG    | tau2.orchestrator.orchestrator:step:836 - Step 16.
From role: Role.AGENT
To role: Role.ENV
Message: AssistantMessage
content: I understand you'd like more details about the shipping process, but unfortunately I don't have information about the specific logistics of how the returns and replacements are handled beyond what's in the policy. What I can tell you is that after the exchange is processed, you'll receive an email with instructions on how to return the items.

Let me go ahead and process the exchange now.
ToolCalls:
ToolCall (from assistant)
id: call_00_XKWjqqKN2LI5jTdP86IR0457
name: exchange_delivered_order_items
arguments:
{
  "order_id": "#W2378156",
  "item_ids": [
    "1151293680",
    "4983901480"
  ],
  "new_item_ids": [
    "7706410293",
    "7747408585"
  ],
  "payment_method_id": "credit_card_9513926"
}
is_final_chunk: True
2026-07-20 15:23:02.317 | DEBUG    | tau2.environment.environment:get_response:454 - Response: order_id='#W2378156' user_id='yusuf_rossi_9620' address=UserAddress(address1='763 Broadway', address2='Suite 135', city='Philadelphia', country='USA', state='PA', zip='19122') items=[OrderItem(name='Headphones', product_id='6992792935', item_id='4202497723', price=342.81, options={'type': 'over-ear', 'connectivity': 'wireless', 'color': 'blue'}), OrderItem(name='Vacuum Cleaner', product_id='1762337868', item_id='4602305039', price=561.05, options={'type': 'robotic', 'bagged/bagless': 'bagged', 'features': 'cordless'}), OrderItem(name='Mechanical Keyboard', product_id='1656367028', item_id='1151293680', price=272.33, options={'switch type': 'linear', 'backlight': 'RGB', 'size': 'full size'}), OrderItem(name='Smart Thermostat', product_id='4896585277', item_id='4983901480', price=262.47, options={'compatibility': 'Apple HomeKit', 'color': 'black'}), OrderItem(name='Smart Watch', product_id='6945232052', item_id='9408160950', price=381.26, options={'color': 'gold', 'band material': 'leather', 'display': 'LCD'})] status='exchange requested' fulfillments=[OrderFullfilment(tracking_id=['843053632392'], item_ids=['4202497723', '4602305039', '1151293680', '4983901480', '9408160950'])] payment_history=[OrderPayment(transaction_type='payment', amount=1819.92, payment_method_id='credit_card_9513926')] cancel_reason=None exchange_items=['1151293680', '4983901480'] exchange_new_items=['7706410293', '7747408585'] exchange_payment_method_id='credit_card_9513926' exchange_price_difference=-16.63 return_items=None return_payment_method_id=None
2026-07-20 15:23:02.317 | DEBUG    | tau2.orchestrator.orchestrator:step:833 - Step 17. Sending message from Role.ENV to Role.AGENT
2026-07-20 15:23:02.317 | DEBUG    | tau2.orchestrator.orchestrator:step:836 - Step 17.
From role: Role.ENV
To role: Role.AGENT
Message: ToolMessage (responding to assistant)
timestamp: 2026-07-20T15:23:02.317576
content: {"order_id": "#W2378156", "user_id": "yusuf_rossi_9620", "address": {"address1": "763 Broadway", "address2": "Suite 135", "city": "Philadelphia", "country": "USA", "state": "PA", "zip": "19122"}, "items": [{"name": "Headphones", "product_id": "6992792935", "item_id": "4202497723", "price": 342.81, "options": {"type": "over-ear", "connectivity": "wireless", "color": "blue"}}, {"name": "Vacuum Cleaner", "product_id": "1762337868", "item_id": "4602305039", "price": 561.05, "options": {"type": "robotic", "bagged/bagless": "bagged", "features": "cordless"}}, {"name": "Mechanical Keyboard", "product_id": "1656367028", "item_id": "1151293680", "price": 272.33, "options": {"switch type": "linear", "backlight": "RGB", "size": "full size"}}, {"name": "Smart Thermostat", "product_id": "4896585277", "item_id": "4983901480", "price": 262.47, "options": {"compatibility": "Apple HomeKit", "color": "black"}}, {"name": "Smart Watch", "product_id": "6945232052", "item_id": "9408160950", "price": 381.26, "options": {"color": "gold", "band material": "leather", "display": "LCD"}}], "status": "exchange requested", "fulfillments": [{"tracking_id": ["843053632392"], "item_ids": ["4202497723", "4602305039", "1151293680", "4983901480", "9408160950"]}], "payment_history": [{"transaction_type": "payment", "amount": 1819.92, "payment_method_id": "credit_card_9513926"}], "cancel_reason": null, "exchange_items": ["1151293680", "4983901480"], "exchange_new_items": ["7706410293", "7747408585"], "exchange_payment_method_id": "credit_card_9513926", "exchange_price_difference": -16.63, "return_items": null, "return_payment_method_id": null}
2026-07-20 15:23:04.356 | DEBUG    | tau2.orchestrator.orchestrator:step:833 - Step 18. Sending message from Role.AGENT to Role.USER
2026-07-20 15:23:04.357 | DEBUG    | tau2.orchestrator.orchestrator:step:836 - Step 18.
From role: Role.AGENT
To role: Role.USER
Message: AssistantMessage
content: The exchange has been successfully processed! Here's a summary:

✅ **Order #W2378156** status is now **"exchange requested"**
✅ **Mechanical Keyboard** → Clicky, no backlight, full size (item #7706410293)
✅ **Smart Thermostat** → Google Assistant, black (item #7747408585)
✅ **$16.63 refund** will be processed to your Mastercard ending in 2478

You'll receive an email at **yusuf.rossi7301@example.com** with instructions on how to return the items, including details about return labels and shipping. For any specific questions about the logistics (prepaid labels, packaging, timing of replacements), the email should provide all the details you need.

Is there anything else I can help you with?
is_final_chunk: True
2026-07-20 15:23:04.357 | DEBUG    | tau2.user.user_simulator:_generate_next_message:222 - User responds to message: AssistantMessage
content: The exchange has been successfully processed! Here's a summary:

✅ **Order #W2378156** status is now **"exchange requested"**
✅ **Mechanical Keyboard** → Clicky, no backlight, full size (item #7706410293)
✅ **Smart Thermostat** → Google Assistant, black (item #7747408585)
✅ **$16.63 refund** will be processed to your Mastercard ending in 2478

You'll receive an email at **yusuf.rossi7301@example.com** with instructions on how to return the items, including details about return labels and shipping. For any specific questions about the logistics (prepaid labels, packaging, timing of replacements), the email should provide all the details you need.

Is there anything else I can help you with?
is_final_chunk: True
2026-07-20 15:23:05.278 | DEBUG    | tau2.user.user_simulator:_generate_next_message:244 - Response: Thanks for confirming everything and getting it processed. I’ll keep an eye out for the email and follow the instructions. That covers everything I needed—appreciate your help! 

###STOP###
2026-07-20 15:23:05.434 | DEBUG    | tau2.environment.environment:get_response:454 - Response: order_id='#W2378156' user_id='yusuf_rossi_9620' address=UserAddress(address1='763 Broadway', address2='Suite 135', city='Philadelphia', country='USA', state='PA', zip='19122') items=[OrderItem(name='Headphones', product_id='6992792935', item_id='4202497723', price=342.81, options={'type': 'over-ear', 'connectivity': 'wireless', 'color': 'blue'}), OrderItem(name='Vacuum Cleaner', product_id='1762337868', item_id='4602305039', price=561.05, options={'type': 'robotic', 'bagged/bagless': 'bagged', 'features': 'cordless'}), OrderItem(name='Mechanical Keyboard', product_id='1656367028', item_id='1151293680', price=272.33, options={'switch type': 'linear', 'backlight': 'RGB', 'size': 'full size'}), OrderItem(name='Smart Thermostat', product_id='4896585277', item_id='4983901480', price=262.47, options={'compatibility': 'Apple HomeKit', 'color': 'black'}), OrderItem(name='Smart Watch', product_id='6945232052', item_id='9408160950', price=381.26, options={'color': 'gold', 'band material': 'leather', 'display': 'LCD'})] status='exchange requested' fulfillments=[OrderFullfilment(tracking_id=['843053632392'], item_ids=['4202497723', '4602305039', '1151293680', '4983901480', '9408160950'])] payment_history=[OrderPayment(transaction_type='payment', amount=1819.92, payment_method_id='credit_card_9513926')] cancel_reason=None exchange_items=['1151293680', '4983901480'] exchange_new_items=['7706410293', '7747408585'] exchange_payment_method_id='credit_card_9513926' exchange_price_difference=-16.63 return_items=None return_payment_method_id=None
2026-07-20 15:23:05.619 | INFO     | tau2.runner.simulation:run_simulation:87 - Simulation complete: domain=retail, task=0, reward=1.0
2026-07-20 15:23:05.619 | INFO     | tau2.runner.batch:run_single_task:442 - FINISHED SIMULATION: Domain: retail, Task: 0, Reward: 1.0
