2026-07-21 15:19:15.378 | DEBUG    | tau2.runner.batch:__enter__:301 - Task log file: D:\PolicyAgent-PostTrain\experiments\20260721_151851_retail_smoke5_deepseek\task_29\tau2_artifacts\artifacts\task_29\sim_fa853444-ccdf-42ee-850d-35ad52eb67e5\task.log
2026-07-21 15:19:15.417 | INFO     | tau2.orchestrator.orchestrator:_validate_mode_compatibility:477 - Orchestrator initialized in HALF_DUPLEX mode (turn-based) with agent=LLMAgent, user=UserSimulator
2026-07-21 15:19:15.417 | DEBUG    | tau2.runner.build:build_text_orchestrator:400 - Built text orchestrator: domain=retail, agent=llm_agent, user=user_simulator, task=29
2026-07-21 15:19:15.418 | DEBUG    | tau2.orchestrator.orchestrator:step:833 - Step 0. Sending message from Role.AGENT to Role.USER
2026-07-21 15:19:15.418 | DEBUG    | tau2.orchestrator.orchestrator:step:836 - Step 0.
From role: Role.AGENT
To role: Role.USER
Message: AssistantMessage
content: Hi! How can I help you today?
is_final_chunk: True
2026-07-21 15:19:15.418 | DEBUG    | tau2.user.user_simulator:_generate_next_message:222 - User responds to message: AssistantMessage
content: Hi! How can I help you today?
is_final_chunk: True
2026-07-21 15:19:16.784 | DEBUG    | tau2.user.user_simulator:_generate_next_message:244 - Response: Hey there! I’ve got two things I’d like to sort out:

1) I want to exchange my skateboard for a shorter one made of bamboo. If you have a few options, could you list them with prices? I’ll go with the most expensive one.

2) I also need to exchange the garden hose I received for the type that’s in my pending order. I don’t want to cancel anything.

What info do you need from me to look this up?
2026-07-21 15:19:16.785 | DEBUG    | tau2.orchestrator.orchestrator:step:833 - Step 1. Sending message from Role.USER to Role.AGENT
2026-07-21 15:19:16.785 | DEBUG    | tau2.orchestrator.orchestrator:step:836 - Step 1.
From role: Role.USER
To role: Role.AGENT
Message: UserMessage
content: Hey there! I’ve got two things I’d like to sort out:

1) I want to exchange my skateboard for a shorter one made of bamboo. If you have a few options, could you list them with prices? I’ll go with the most expensive one.

2) I also need to exchange the garden hose I received for the type that’s in my pending order. I don’t want to cancel anything.

What info do you need from me to look this up?
is_final_chunk: True
2026-07-21 15:19:17.661 | DEBUG    | tau2.orchestrator.orchestrator:step:833 - Step 2. Sending message from Role.AGENT to Role.USER
2026-07-21 15:19:17.661 | DEBUG    | tau2.orchestrator.orchestrator:step:836 - Step 2.
From role: Role.AGENT
To role: Role.USER
Message: AssistantMessage
content: I'd be happy to help you with those requests! First, I need to authenticate your identity. Could you please provide me with your email address, or your first name, last name, and zip code so I can look you up?
is_final_chunk: True
2026-07-21 15:19:17.661 | DEBUG    | tau2.user.user_simulator:_generate_next_message:222 - User responds to message: AssistantMessage
content: I'd be happy to help you with those requests! First, I need to authenticate your identity. Could you please provide me with your email address, or your first name, last name, and zip code so I can look you up?
is_final_chunk: True
2026-07-21 15:19:18.438 | DEBUG    | tau2.user.user_simulator:_generate_next_message:244 - Response: I don’t remember the email I used, sorry. My name is Isabella Johansson, and my zip code is 32286. Let me know if you need anything else to find my account.
2026-07-21 15:19:18.439 | DEBUG    | tau2.orchestrator.orchestrator:step:833 - Step 3. Sending message from Role.USER to Role.AGENT
2026-07-21 15:19:18.439 | DEBUG    | tau2.orchestrator.orchestrator:step:836 - Step 3.
From role: Role.USER
To role: Role.AGENT
Message: UserMessage
content: I don’t remember the email I used, sorry. My name is Isabella Johansson, and my zip code is 32286. Let me know if you need anything else to find my account.
is_final_chunk: True
2026-07-21 15:19:19.497 | DEBUG    | tau2.orchestrator.orchestrator:step:833 - Step 4. Sending message from Role.AGENT to Role.ENV
2026-07-21 15:19:19.497 | DEBUG    | tau2.orchestrator.orchestrator:step:836 - Step 4.
From role: Role.AGENT
To role: Role.ENV
Message: AssistantMessage
content: No problem, let me look you up!
ToolCalls:
ToolCall (from assistant)
id: call_00_QUr16vNz7mfg4koiExuk0263
name: find_user_id_by_name_zip
arguments:
{
  "first_name": "Isabella",
  "last_name": "Johansson",
  "zip": "32286"
}
is_final_chunk: True
2026-07-21 15:19:19.498 | DEBUG    | tau2.environment.environment:get_response:454 - Response: isabella_johansson_2152
2026-07-21 15:19:19.498 | DEBUG    | tau2.orchestrator.orchestrator:step:833 - Step 5. Sending message from Role.ENV to Role.AGENT
2026-07-21 15:19:19.498 | DEBUG    | tau2.orchestrator.orchestrator:step:836 - Step 5.
From role: Role.ENV
To role: Role.AGENT
Message: ToolMessage (responding to assistant)
timestamp: 2026-07-21T15:19:19.498177
content: isabella_johansson_2152
2026-07-21 15:19:20.602 | DEBUG    | tau2.orchestrator.orchestrator:step:833 - Step 6. Sending message from Role.AGENT to Role.ENV
2026-07-21 15:19:20.603 | DEBUG    | tau2.orchestrator.orchestrator:step:836 - Step 6.
From role: Role.AGENT
To role: Role.ENV
Message: AssistantMessage
content: Great, I found you! Let me get your details and see what we're working with.
ToolCalls:
ToolCall (from assistant)
id: call_00_zxmdpHGsz1xvGTzOeZao7308
name: get_user_details
arguments:
{
  "user_id": "isabella_johansson_2152"
}
is_final_chunk: True
2026-07-21 15:19:20.603 | DEBUG    | tau2.environment.environment:get_response:454 - Response: user_id='isabella_johansson_2152' name=UserName(first_name='Isabella', last_name='Johansson') address=UserAddress(address1='313 Chestnut Street', address2='Suite 537', city='Jacksonville', country='USA', state='FL', zip='32286') email='isabella.johansson9391@example.com' payment_methods={'paypal_3024827': Paypal(source='paypal', id='paypal_3024827')} orders=['#W3792453', '#W7181492', '#W5565470', '#W2575533']
2026-07-21 15:19:20.603 | DEBUG    | tau2.orchestrator.orchestrator:step:833 - Step 7. Sending message from Role.ENV to Role.AGENT
2026-07-21 15:19:20.603 | DEBUG    | tau2.orchestrator.orchestrator:step:836 - Step 7.
From role: Role.ENV
To role: Role.AGENT
Message: ToolMessage (responding to assistant)
timestamp: 2026-07-21T15:19:20.603053
content: {"user_id": "isabella_johansson_2152", "name": {"first_name": "Isabella", "last_name": "Johansson"}, "address": {"address1": "313 Chestnut Street", "address2": "Suite 537", "city": "Jacksonville", "country": "USA", "state": "FL", "zip": "32286"}, "email": "isabella.johansson9391@example.com", "payment_methods": {"paypal_3024827": {"source": "paypal", "id": "paypal_3024827"}}, "orders": ["#W3792453", "#W7181492", "#W5565470", "#W2575533"]}
2026-07-21 15:19:22.249 | DEBUG    | tau2.orchestrator.orchestrator:step:833 - Step 8. Sending message from Role.AGENT to Role.ENV
2026-07-21 15:19:22.250 | DEBUG    | tau2.orchestrator.orchestrator:step:836 - Step 8.
From role: Role.AGENT
To role: Role.ENV
Message: AssistantMessage
content: Great, I've found you, Isabella! Let me look up your orders to find the skateboard and garden hose items.

Let me check the details of your orders.
ToolCalls:
ToolCall (from assistant)
id: call_00_rkteZoQFOk3yGK3JHnUT8313
name: get_order_details
arguments:
{
  "order_id": "#W3792453"
}
ToolCall (from assistant)
id: call_01_lk38aQJ4FlyFhXoBtuVh1277
name: get_order_details
arguments:
{
  "order_id": "#W7181492"
}
ToolCall (from assistant)
id: call_02_mZmPSOWecekOUOL5C6O58571
name: get_order_details
arguments:
{
  "order_id": "#W5565470"
}
ToolCall (from assistant)
id: call_03_ULXRAQs0R9VMIFehAWkT5697
name: get_order_details
arguments:
{
  "order_id": "#W2575533"
}
is_final_chunk: True
2026-07-21 15:19:22.251 | DEBUG    | tau2.environment.environment:get_response:454 - Response: order_id='#W3792453' user_id='isabella_johansson_2152' address=UserAddress(address1='313 Chestnut Street', address2='Suite 537', city='Jacksonville', country='USA', state='FL', zip='32286') items=[OrderItem(name='Skateboard', product_id='1968349452', item_id='4293355847', price=200.8, options={'deck material': 'bamboo', 'length': '31 inch', 'design': 'plain'})] status='delivered' fulfillments=[OrderFullfilment(tracking_id=['908856694334'], item_ids=['4293355847'])] payment_history=[OrderPayment(transaction_type='payment', amount=200.8, payment_method_id='paypal_3024827')] cancel_reason=None exchange_items=None exchange_new_items=None exchange_payment_method_id=None exchange_price_difference=None return_items=None return_payment_method_id=None
2026-07-21 15:19:22.251 | DEBUG    | tau2.environment.environment:get_response:454 - Response: order_id='#W7181492' user_id='isabella_johansson_2152' address=UserAddress(address1='313 Chestnut Street', address2='Suite 537', city='Jacksonville', country='USA', state='FL', zip='32286') items=[OrderItem(name='Garden Hose', product_id='6679515468', item_id='5753502325', price=96.35, options={'length': '25ft', 'material': 'rubber', 'color': 'green'}), OrderItem(name='Backpack', product_id='2524789262', item_id='9851293632', price=193.38, options={'color': 'green', 'size': 'small', 'material': 'polyester', 'compartment': 'camera'}), OrderItem(name='Bookshelf', product_id='8600330539', item_id='3778705663', price=473.48, options={'material': 'metal', 'color': 'black', 'height': '6 ft'}), OrderItem(name='Hiking Boots', product_id='7363354090', item_id='8118291112', price=260.56, options={'size': '12', 'material': 'leather', 'waterproof': 'no'}), OrderItem(name='Coffee Maker', product_id='7996920482', item_id='3020722515', price=238.64, options={'color': 'black', 'capacity': '1 cup', 'type': 'french press', 'features': 'auto shutoff'})] status='delivered' fulfillments=[OrderFullfilment(tracking_id=['418708581751'], item_ids=['5753502325', '9851293632', '3778705663', '8118291112', '3020722515'])] payment_history=[OrderPayment(transaction_type='payment', amount=1262.41, payment_method_id='paypal_3024827')] cancel_reason=None exchange_items=None exchange_new_items=None exchange_payment_method_id=None exchange_price_difference=None return_items=None return_payment_method_id=None
2026-07-21 15:19:22.252 | DEBUG    | tau2.environment.environment:get_response:454 - Response: order_id='#W5565470' user_id='isabella_johansson_2152' address=UserAddress(address1='812 Cedar Avenue', address2='Suite 500', city='Houston', country='USA', state='TX', zip='77129') items=[OrderItem(name='Electric Kettle', product_id='1075968781', item_id='7602931732', price=153.25, options={'capacity': '1L', 'material': 'stainless steel', 'color': 'black'}), OrderItem(name='Mechanical Keyboard', product_id='1656367028', item_id='9570044148', price=231.37, options={'switch type': 'linear', 'backlight': 'none', 'size': 'full size'}), OrderItem(name='Pet Bed', product_id='2747247837', item_id='6857426243', price=196.53, options={'size': 'medium', 'material': 'fleece', 'color': 'grey'})] status='delivered' fulfillments=[OrderFullfilment(tracking_id=['907614527588'], item_ids=['7602931732', '9570044148', '6857426243'])] payment_history=[OrderPayment(transaction_type='payment', amount=581.15, payment_method_id='paypal_3024827')] cancel_reason=None exchange_items=None exchange_new_items=None exchange_payment_method_id=None exchange_price_difference=None return_items=None return_payment_method_id=None
2026-07-21 15:19:22.253 | DEBUG    | tau2.environment.environment:get_response:454 - Response: order_id='#W2575533' user_id='isabella_johansson_2152' address=UserAddress(address1='313 Chestnut Street', address2='Suite 537', city='Jacksonville', country='USA', state='FL', zip='32286') items=[OrderItem(name='Vacuum Cleaner', product_id='1762337868', item_id='4806644905', price=658.89, options={'type': 'robotic', 'bagged/bagless': 'bagless', 'features': 'cordless'}), OrderItem(name='Portable Charger', product_id='6942297802', item_id='8349903180', price=102.07, options={'capacity': '20000mAh', 'output': 'Wireless', 'color': 'black'}), OrderItem(name='E-Reader', product_id='3801771308', item_id='9494281769', price=252.06, options={'screen size': '8-inch', 'connectivity': 'Wi-Fi', 'storage': '8GB'}), OrderItem(name='Garden Hose', product_id='6679515468', item_id='5206946487', price=95.08, options={'length': '50ft', 'material': 'vinyl', 'color': 'black'}), OrderItem(name='Office Chair', product_id='4794339885', item_id='8323284863', price=511.24, options={'material': 'fabric', 'color': 'blue', 'armrest': 'adjustable', 'backrest height': 'standard'})] status='pending' fulfillments=[] payment_history=[OrderPayment(transaction_type='payment', amount=1619.34, payment_method_id='paypal_3024827')] cancel_reason=None exchange_items=None exchange_new_items=None exchange_payment_method_id=None exchange_price_difference=None return_items=None return_payment_method_id=None
2026-07-21 15:19:22.253 | DEBUG    | tau2.orchestrator.orchestrator:step:833 - Step 9. Sending message from Role.ENV to Role.AGENT
2026-07-21 15:19:22.254 | DEBUG    | tau2.orchestrator.orchestrator:step:836 - Step 9.
From role: Role.ENV
To role: Role.AGENT
Message: role='tool' tool_messages=[ToolMessage(id='call_00_rkteZoQFOk3yGK3JHnUT8313', role='tool', content='{"order_id": "#W3792453", "user_id": "isabella_johansson_2152", "address": {"address1": "313 Chestnut Street", "address2": "Suite 537", "city": "Jacksonville", "country": "USA", "state": "FL", "zip": "32286"}, "items": [{"name": "Skateboard", "product_id": "1968349452", "item_id": "4293355847", "price": 200.8, "options": {"deck material": "bamboo", "length": "31 inch", "design": "plain"}}], "status": "delivered", "fulfillments": [{"tracking_id": ["908856694334"], "item_ids": ["4293355847"]}], "payment_history": [{"transaction_type": "payment", "amount": 200.8, "payment_method_id": "paypal_3024827"}], "cancel_reason": null, "exchange_items": null, "exchange_new_items": null, "exchange_payment_method_id": null, "exchange_price_difference": null, "return_items": null, "return_payment_method_id": null}', requestor='assistant', error=False, turn_idx=None, timestamp='2026-07-21T15:19:22.251271'), ToolMessage(id='call_01_lk38aQJ4FlyFhXoBtuVh1277', role='tool', content='{"order_id": "#W7181492", "user_id": "isabella_johansson_2152", "address": {"address1": "313 Chestnut Street", "address2": "Suite 537", "city": "Jacksonville", "country": "USA", "state": "FL", "zip": "32286"}, "items": [{"name": "Garden Hose", "product_id": "6679515468", "item_id": "5753502325", "price": 96.35, "options": {"length": "25ft", "material": "rubber", "color": "green"}}, {"name": "Backpack", "product_id": "2524789262", "item_id": "9851293632", "price": 193.38, "options": {"color": "green", "size": "small", "material": "polyester", "compartment": "camera"}}, {"name": "Bookshelf", "product_id": "8600330539", "item_id": "3778705663", "price": 473.48, "options": {"material": "metal", "color": "black", "height": "6 ft"}}, {"name": "Hiking Boots", "product_id": "7363354090", "item_id": "8118291112", "price": 260.56, "options": {"size": "12", "material": "leather", "waterproof": "no"}}, {"name": "Coffee Maker", "product_id": "7996920482", "item_id": "3020722515", "price": 238.64, "options": {"color": "black", "capacity": "1 cup", "type": "french press", "features": "auto shutoff"}}], "status": "delivered", "fulfillments": [{"tracking_id": ["418708581751"], "item_ids": ["5753502325", "9851293632", "3778705663", "8118291112", "3020722515"]}], "payment_history": [{"transaction_type": "payment", "amount": 1262.41, "payment_method_id": "paypal_3024827"}], "cancel_reason": null, "exchange_items": null, "exchange_new_items": null, "exchange_payment_method_id": null, "exchange_price_difference": null, "return_items": null, "return_payment_method_id": null}', requestor='assistant', error=False, turn_idx=None, timestamp='2026-07-21T15:19:22.252270'), ToolMessage(id='call_02_mZmPSOWecekOUOL5C6O58571', role='tool', content='{"order_id": "#W5565470", "user_id": "isabella_johansson_2152", "address": {"address1": "812 Cedar Avenue", "address2": "Suite 500", "city": "Houston", "country": "USA", "state": "TX", "zip": "77129"}, "items": [{"name": "Electric Kettle", "product_id": "1075968781", "item_id": "7602931732", "price": 153.25, "options": {"capacity": "1L", "material": "stainless steel", "color": "black"}}, {"name": "Mechanical Keyboard", "product_id": "1656367028", "item_id": "9570044148", "price": 231.37, "options": {"switch type": "linear", "backlight": "none", "size": "full size"}}, {"name": "Pet Bed", "product_id": "2747247837", "item_id": "6857426243", "price": 196.53, "options": {"size": "medium", "material": "fleece", "color": "grey"}}], "status": "delivered", "fulfillments": [{"tracking_id": ["907614527588"], "item_ids": ["7602931732", "9570044148", "6857426243"]}], "payment_history": [{"transaction_type": "payment", "amount": 581.15, "payment_method_id": "paypal_3024827"}], "cancel_reason": null, "exchange_items": null, "exchange_new_items": null, "exchange_payment_method_id": null, "exchange_price_difference": null, "return_items": null, "return_payment_method_id": null}', requestor='assistant', error=False, turn_idx=None, timestamp='2026-07-21T15:19:22.252270'), ToolMessage(id='call_03_ULXRAQs0R9VMIFehAWkT5697', role='tool', content='{"order_id": "#W2575533", "user_id": "isabella_johansson_2152", "address": {"address1": "313 Chestnut Street", "address2": "Suite 537", "city": "Jacksonville", "country": "USA", "state": "FL", "zip": "32286"}, "items": [{"name": "Vacuum Cleaner", "product_id": "1762337868", "item_id": "4806644905", "price": 658.89, "options": {"type": "robotic", "bagged/bagless": "bagless", "features": "cordless"}}, {"name": "Portable Charger", "product_id": "6942297802", "item_id": "8349903180", "price": 102.07, "options": {"capacity": "20000mAh", "output": "Wireless", "color": "black"}}, {"name": "E-Reader", "product_id": "3801771308", "item_id": "9494281769", "price": 252.06, "options": {"screen size": "8-inch", "connectivity": "Wi-Fi", "storage": "8GB"}}, {"name": "Garden Hose", "product_id": "6679515468", "item_id": "5206946487", "price": 95.08, "options": {"length": "50ft", "material": "vinyl", "color": "black"}}, {"name": "Office Chair", "product_id": "4794339885", "item_id": "8323284863", "price": 511.24, "options": {"material": "fabric", "color": "blue", "armrest": "adjustable", "backrest height": "standard"}}], "status": "pending", "fulfillments": [], "payment_history": [{"transaction_type": "payment", "amount": 1619.34, "payment_method_id": "paypal_3024827"}], "cancel_reason": null, "exchange_items": null, "exchange_new_items": null, "exchange_payment_method_id": null, "exchange_price_difference": null, "return_items": null, "return_payment_method_id": null}', requestor='assistant', error=False, turn_idx=None, timestamp='2026-07-21T15:19:22.253284')]
2026-07-21 15:19:24.483 | DEBUG    | tau2.orchestrator.orchestrator:step:833 - Step 10. Sending message from Role.AGENT to Role.ENV
2026-07-21 15:19:24.484 | DEBUG    | tau2.orchestrator.orchestrator:step:836 - Step 10.
From role: Role.AGENT
To role: Role.ENV
Message: AssistantMessage
content: Great, I can see your orders now! Let me summarize what I've found:

**1) Skateboard exchange (delivered order #W3792453):** You received a skateboard (bamboo, 31 inch, plain) and want to exchange it for a shorter one made of bamboo. Let me look up the skateboard product options.

**2) Garden hose exchange:** You have a **delivered** garden hose in order **#W7181492** (25ft, rubber, green) and a **pending** garden hose in order **#W2575533** (50ft, vinyl, black). You mentioned you want to exchange the one you received for the type in your pending order. Let me clarify — do you want to exchange the delivered garden hose (25ft rubber) for the pending one (50ft vinyl)? Or did you mean something else?

Let me first look up the skateboard product to see what options are available.
ToolCalls:
ToolCall (from assistant)
id: call_00_9ZmDHqvVsuj4EjVqELvm6614
name: get_product_details
arguments:
{
  "product_id": "1968349452"
}
is_final_chunk: True
2026-07-21 15:19:24.484 | DEBUG    | tau2.environment.environment:get_response:454 - Response: name='Skateboard' product_id='1968349452' variants={'6843647669': Variant(item_id='6843647669', options={'deck material': 'bamboo', 'length': '28 inch', 'design': 'graphic'}, available=True, price=180.1), '3232433601': Variant(item_id='3232433601', options={'deck material': 'maple', 'length': '28 inch', 'design': 'plain'}, available=True, price=204.14), '3098764622': Variant(item_id='3098764622', options={'deck material': 'plastic', 'length': '34 inch', 'design': 'plain'}, available=True, price=202.13), '3541421151': Variant(item_id='3541421151', options={'deck material': 'bamboo', 'length': '34 inch', 'design': 'graphic'}, available=True, price=193.79), '4545791457': Variant(item_id='4545791457', options={'deck material': 'plastic', 'length': '28 inch', 'design': 'plain'}, available=True, price=186.06), '6313971174': Variant(item_id='6313971174', options={'deck material': 'bamboo', 'length': '31 inch', 'design': 'custom'}, available=True, price=193.97), '3877188862': Variant(item_id='3877188862', options={'deck material': 'plastic', 'length': '31 inch', 'design': 'plain'}, available=True, price=182.03), '5038485381': Variant(item_id='5038485381', options={'deck material': 'plastic', 'length': '31 inch', 'design': 'custom'}, available=True, price=189.65), '9594745976': Variant(item_id='9594745976', options={'deck material': 'plastic', 'length': '34 inch', 'design': 'custom'}, available=True, price=184.13), '6673921677': Variant(item_id='6673921677', options={'deck material': 'bamboo', 'length': '28 inch', 'design': 'custom'}, available=True, price=189.57), '6956751343': Variant(item_id='6956751343', options={'deck material': 'bamboo', 'length': '34 inch', 'design': 'custom'}, available=True, price=217.06), '5489028872': Variant(item_id='5489028872', options={'deck material': 'plastic', 'length': '34 inch', 'design': 'graphic'}, available=True, price=187.71), '8176740019': Variant(item_id='8176740019', options={'deck material': 'bamboo', 'length': '28 inch', 'design': 'plain'}, available=True, price=208.6), '5120532699': Variant(item_id='5120532699', options={'deck material': 'maple', 'length': '31 inch', 'design': 'graphic'}, available=True, price=187.23), '5312063289': Variant(item_id='5312063289', options={'deck material': 'bamboo', 'length': '31 inch', 'design': 'graphic'}, available=True, price=195.15), '4293355847': Variant(item_id='4293355847', options={'deck material': 'bamboo', 'length': '31 inch', 'design': 'plain'}, available=True, price=200.8), '2819462352': Variant(item_id='2819462352', options={'deck material': 'maple', 'length': '28 inch', 'design': 'graphic'}, available=True, price=180.66), '2177997696': Variant(item_id='2177997696', options={'deck material': 'plastic', 'length': '28 inch', 'design': 'custom'}, available=True, price=206.6), '2343503231': Variant(item_id='2343503231', options={'deck material': 'maple', 'length': '34 inch', 'design': 'graphic'}, available=False, price=196.86)}
2026-07-21 15:19:24.484 | DEBUG    | tau2.orchestrator.orchestrator:step:833 - Step 11. Sending message from Role.ENV to Role.AGENT
2026-07-21 15:19:24.484 | DEBUG    | tau2.orchestrator.orchestrator:step:836 - Step 11.
From role: Role.ENV
To role: Role.AGENT
Message: ToolMessage (responding to assistant)
timestamp: 2026-07-21T15:19:24.484686
content: {"name": "Skateboard", "product_id": "1968349452", "variants": {"6843647669": {"item_id": "6843647669", "options": {"deck material": "bamboo", "length": "28 inch", "design": "graphic"}, "available": true, "price": 180.1}, "3232433601": {"item_id": "3232433601", "options": {"deck material": "maple", "length": "28 inch", "design": "plain"}, "available": true, "price": 204.14}, "3098764622": {"item_id": "3098764622", "options": {"deck material": "plastic", "length": "34 inch", "design": "plain"}, "available": true, "price": 202.13}, "3541421151": {"item_id": "3541421151", "options": {"deck material": "bamboo", "length": "34 inch", "design": "graphic"}, "available": true, "price": 193.79}, "4545791457": {"item_id": "4545791457", "options": {"deck material": "plastic", "length": "28 inch", "design": "plain"}, "available": true, "price": 186.06}, "6313971174": {"item_id": "6313971174", "options": {"deck material": "bamboo", "length": "31 inch", "design": "custom"}, "available": true, "price": 193.97}, "3877188862": {"item_id": "3877188862", "options": {"deck material": "plastic", "length": "31 inch", "design": "plain"}, "available": true, "price": 182.03}, "5038485381": {"item_id": "5038485381", "options": {"deck material": "plastic", "length": "31 inch", "design": "custom"}, "available": true, "price": 189.65}, "9594745976": {"item_id": "9594745976", "options": {"deck material": "plastic", "length": "34 inch", "design": "custom"}, "available": true, "price": 184.13}, "6673921677": {"item_id": "6673921677", "options": {"deck material": "bamboo", "length": "28 inch", "design": "custom"}, "available": true, "price": 189.57}, "6956751343": {"item_id": "6956751343", "options": {"deck material": "bamboo", "length": "34 inch", "design": "custom"}, "available": true, "price": 217.06}, "5489028872": {"item_id": "5489028872", "options": {"deck material": "plastic", "length": "34 inch", "design": "graphic"}, "available": true, "price": 187.71}, "8176740019": {"item_id": "8176740019", "options": {"deck material": "bamboo", "length": "28 inch", "design": "plain"}, "available": true, "price": 208.6}, "5120532699": {"item_id": "5120532699", "options": {"deck material": "maple", "length": "31 inch", "design": "graphic"}, "available": true, "price": 187.23}, "5312063289": {"item_id": "5312063289", "options": {"deck material": "bamboo", "length": "31 inch", "design": "graphic"}, "available": true, "price": 195.15}, "4293355847": {"item_id": "4293355847", "options": {"deck material": "bamboo", "length": "31 inch", "design": "plain"}, "available": true, "price": 200.8}, "2819462352": {"item_id": "2819462352", "options": {"deck material": "maple", "length": "28 inch", "design": "graphic"}, "available": true, "price": 180.66}, "2177997696": {"item_id": "2177997696", "options": {"deck material": "plastic", "length": "28 inch", "design": "custom"}, "available": true, "price": 206.6}, "2343503231": {"item_id": "2343503231", "options": {"deck material": "maple", "length": "34 inch", "design": "graphic"}, "available": false, "price": 196.86}}}
2026-07-21 15:19:27.155 | DEBUG    | tau2.orchestrator.orchestrator:step:833 - Step 12. Sending message from Role.AGENT to Role.USER
2026-07-21 15:19:27.156 | DEBUG    | tau2.orchestrator.orchestrator:step:836 - Step 12.
From role: Role.AGENT
To role: Role.USER
Message: AssistantMessage
content: Here are the available **bamboo skateboards** that are **shorter** than your current 31 inch one:

| Options | Item ID | Price |
|---|---|---|
| **Bamboo, 28 inch, graphic** | 6843647669 | $180.10 |
| **Bamboo, 28 inch, custom** | 6673921677 | $189.57 |
| **Bamboo, 28 inch, plain** | 8176740019 | $208.60 |

Since you said you'd go with the most expensive one, that would be the **Bamboo, 28 inch, plain** (item ID: 8176740019) at **$208.60**.

Now, regarding the **garden hose** — I see you have:
- **Delivered order #W7181492** — a Garden Hose (25ft, rubber, green) — item ID: 5753502325
- **Pending order #W2575533** — a Garden Hose (50ft, vinyl, black) — item ID: 5206946487

You mentioned you want to exchange the garden hose you received for the type in your pending order. Could you clarify — do you want to **exchange** the delivered garden hose (25ft rubber) for the 50ft vinyl one from the pending order? Or did you mean something else?
is_final_chunk: True
2026-07-21 15:19:27.156 | DEBUG    | tau2.user.user_simulator:_generate_next_message:222 - User responds to message: AssistantMessage
content: Here are the available **bamboo skateboards** that are **shorter** than your current 31 inch one:

| Options | Item ID | Price |
|---|---|---|
| **Bamboo, 28 inch, graphic** | 6843647669 | $180.10 |
| **Bamboo, 28 inch, custom** | 6673921677 | $189.57 |
| **Bamboo, 28 inch, plain** | 8176740019 | $208.60 |

Since you said you'd go with the most expensive one, that would be the **Bamboo, 28 inch, plain** (item ID: 8176740019) at **$208.60**.

Now, regarding the **garden hose** — I see you have:
- **Delivered order #W7181492** — a Garden Hose (25ft, rubber, green) — item ID: 5753502325
- **Pending order #W2575533** — a Garden Hose (50ft, vinyl, black) — item ID: 5206946487

You mentioned you want to exchange the garden hose you received for the type in your pending order. Could you clarify — do you want to **exchange** the delivered garden hose (25ft rubber) for the 50ft vinyl one from the pending order? Or did you mean something else?
is_final_chunk: True
2026-07-21 15:19:28.898 | DEBUG    | tau2.user.user_simulator:_generate_next_message:244 - Response: Thanks for the skateboard options! I’ll go with the Bamboo, 28 inch, plain at $208.60. Please start the exchange for that one.

For the garden hose: yes, I want to exchange the delivered 25ft rubber hose for the 50ft vinyl hose that’s in my pending order. Please don’t cancel the pending order—just swap the delivered item for that same 50ft vinyl hose.

Let me know what you need from me to proceed (order numbers, photos, etc.), and how the exchange works (return label, timing, any price difference).
2026-07-21 15:19:28.898 | DEBUG    | tau2.orchestrator.orchestrator:step:833 - Step 13. Sending message from Role.USER to Role.AGENT
2026-07-21 15:19:28.898 | DEBUG    | tau2.orchestrator.orchestrator:step:836 - Step 13.
From role: Role.USER
To role: Role.AGENT
Message: UserMessage
content: Thanks for the skateboard options! I’ll go with the Bamboo, 28 inch, plain at $208.60. Please start the exchange for that one.

For the garden hose: yes, I want to exchange the delivered 25ft rubber hose for the 50ft vinyl hose that’s in my pending order. Please don’t cancel the pending order—just swap the delivered item for that same 50ft vinyl hose.

Let me know what you need from me to proceed (order numbers, photos, etc.), and how the exchange works (return label, timing, any price difference).
is_final_chunk: True
2026-07-21 15:19:31.768 | DEBUG    | tau2.orchestrator.orchestrator:step:833 - Step 14. Sending message from Role.AGENT to Role.ENV
2026-07-21 15:19:31.768 | DEBUG    | tau2.orchestrator.orchestrator:step:836 - Step 14.
From role: Role.AGENT
To role: Role.ENV
Message: AssistantMessage
content: Great, let me clarify the details for both exchanges!

**1) Skateboard Exchange (Order #W3792453 - Delivered)**
- Current item: Bamboo, 31 inch, plain (item ID: 4293355847) - $200.80
- New item: Bamboo, 28 inch, plain (item ID: 8176740019) - $208.60
- Price difference: You'd need to pay **$7.80** extra

**2) Garden Hose Exchange (Order #W7181492 - Delivered)**
- Current item: Garden Hose, 25ft, rubber, green (item ID: 5753502325) - $96.35
- New item: Garden Hose, 50ft, vinyl, black (item ID: 5206946487) - $95.08
- Price difference: You'd get a refund of **$1.27**

However, I need to clarify something important about the garden hose. The 50ft vinyl hose (item ID: 5206946487) is currently in your **pending order #W2575533**. For an exchange on a delivered order, I can only exchange it for an available item of the same product type. Let me check if that item is available in stock.

Also, I need to check the garden hose product to see all available options.
ToolCalls:
ToolCall (from assistant)
id: call_00_eMEeHxwt2qKYrp2e3CL03818
name: get_product_details
arguments:
{
  "product_id": "6679515468"
}
is_final_chunk: True
2026-07-21 15:19:31.768 | DEBUG    | tau2.environment.environment:get_response:454 - Response: name='Garden Hose' product_id='6679515468' variants={'5753502325': Variant(item_id='5753502325', options={'length': '25ft', 'material': 'rubber', 'color': 'green'}, available=False, price=96.35), '8249784860': Variant(item_id='8249784860', options={'length': '50ft', 'material': 'vinyl', 'color': 'green'}, available=False, price=96.42), '8481719475': Variant(item_id='8481719475', options={'length': '100ft', 'material': 'latex', 'color': 'blue'}, available=True, price=98.61), '9829827210': Variant(item_id='9829827210', options={'length': '25ft', 'material': 'vinyl', 'color': 'blue'}, available=True, price=90.43), '1518544029': Variant(item_id='1518544029', options={'length': '100ft', 'material': 'rubber', 'color': 'black'}, available=False, price=95.39), '3369928769': Variant(item_id='3369928769', options={'length': '25ft', 'material': 'vinyl', 'color': 'green'}, available=True, price=97.35), '4024196380': Variant(item_id='4024196380', options={'length': '50ft', 'material': 'latex', 'color': 'black'}, available=True, price=102.9), '4764314102': Variant(item_id='4764314102', options={'length': '50ft', 'material': 'rubber', 'color': 'green'}, available=False, price=96.51), '3230708338': Variant(item_id='3230708338', options={'length': '25ft', 'material': 'latex', 'color': 'green'}, available=True, price=99.51), '5206946487': Variant(item_id='5206946487', options={'length': '50ft', 'material': 'vinyl', 'color': 'black'}, available=True, price=95.08)}
2026-07-21 15:19:31.769 | DEBUG    | tau2.orchestrator.orchestrator:step:833 - Step 15. Sending message from Role.ENV to Role.AGENT
2026-07-21 15:19:31.769 | DEBUG    | tau2.orchestrator.orchestrator:step:836 - Step 15.
From role: Role.ENV
To role: Role.AGENT
Message: ToolMessage (responding to assistant)
timestamp: 2026-07-21T15:19:31.769812
content: {"name": "Garden Hose", "product_id": "6679515468", "variants": {"5753502325": {"item_id": "5753502325", "options": {"length": "25ft", "material": "rubber", "color": "green"}, "available": false, "price": 96.35}, "8249784860": {"item_id": "8249784860", "options": {"length": "50ft", "material": "vinyl", "color": "green"}, "available": false, "price": 96.42}, "8481719475": {"item_id": "8481719475", "options": {"length": "100ft", "material": "latex", "color": "blue"}, "available": true, "price": 98.61}, "9829827210": {"item_id": "9829827210", "options": {"length": "25ft", "material": "vinyl", "color": "blue"}, "available": true, "price": 90.43}, "1518544029": {"item_id": "1518544029", "options": {"length": "100ft", "material": "rubber", "color": "black"}, "available": false, "price": 95.39}, "3369928769": {"item_id": "3369928769", "options": {"length": "25ft", "material": "vinyl", "color": "green"}, "available": true, "price": 97.35}, "4024196380": {"item_id": "4024196380", "options": {"length": "50ft", "material": "latex", "color": "black"}, "available": true, "price": 102.9}, "4764314102": {"item_id": "4764314102", "options": {"length": "50ft", "material": "rubber", "color": "green"}, "available": false, "price": 96.51}, "3230708338": {"item_id": "3230708338", "options": {"length": "25ft", "material": "latex", "color": "green"}, "available": true, "price": 99.51}, "5206946487": {"item_id": "5206946487", "options": {"length": "50ft", "material": "vinyl", "color": "black"}, "available": true, "price": 95.08}}}
2026-07-21 15:19:35.555 | DEBUG    | tau2.orchestrator.orchestrator:step:833 - Step 16. Sending message from Role.AGENT to Role.USER
2026-07-21 15:19:35.556 | DEBUG    | tau2.orchestrator.orchestrator:step:836 - Step 16.
From role: Role.AGENT
To role: Role.USER
Message: AssistantMessage
content: Great news! The **50ft vinyl black hose** (item ID: 5206946487) is available in stock! So we can proceed with the exchange.

Now, for both exchanges, I need a **payment method** to handle the price differences. Let me check what you have available.

You currently have a **PayPal account** (paypal_3024827) as your payment method. Do you have any gift cards or credit cards you'd like to use? Or would you like to use the PayPal account?

Here's a summary of both exchanges:

---

### Exchange 1: Skateboard (Order #W3792453)
- **Exchange:** Bamboo 31" plain ($200.80) → Bamboo 28" plain ($208.60)
- **Price difference:** You pay **$7.80**

### Exchange 2: Garden Hose (Order #W7181492)
- **Exchange:** 25ft rubber green ($96.35) → 50ft vinyl black ($95.08)
- **Price difference:** You receive a refund of **$1.27**

### How it works:
- After you confirm, the order status will change to "exchange requested"
- You'll receive an email with instructions on how to return the items
- No need to place a new order

Could you please let me know:
1. Which **payment method** you'd like to use for the price differences?
2. Also, just to confirm — you mentioned you want the **50ft vinyl black hose** from your pending order. Since that item is also in your pending order #W2575533, are you okay with exchanging the delivered hose for that same type of hose (50ft vinyl black)? Just want to make sure you're not expecting to keep it in the pending order as well.
is_final_chunk: True
2026-07-21 15:19:35.556 | DEBUG    | tau2.user.user_simulator:_generate_next_message:222 - User responds to message: AssistantMessage
content: Great news! The **50ft vinyl black hose** (item ID: 5206946487) is available in stock! So we can proceed with the exchange.

Now, for both exchanges, I need a **payment method** to handle the price differences. Let me check what you have available.

You currently have a **PayPal account** (paypal_3024827) as your payment method. Do you have any gift cards or credit cards you'd like to use? Or would you like to use the PayPal account?

Here's a summary of both exchanges:

---

### Exchange 1: Skateboard (Order #W3792453)
- **Exchange:** Bamboo 31" plain ($200.80) → Bamboo 28" plain ($208.60)
- **Price difference:** You pay **$7.80**

### Exchange 2: Garden Hose (Order #W7181492)
- **Exchange:** 25ft rubber green ($96.35) → 50ft vinyl black ($95.08)
- **Price difference:** You receive a refund of **$1.27**

### How it works:
- After you confirm, the order status will change to "exchange requested"
- You'll receive an email with instructions on how to return the items
- No need to place a new order

Could you please let me know:
1. Which **payment method** you'd like to use for the price differences?
2. Also, just to confirm — you mentioned you want the **50ft vinyl black hose** from your pending order. Since that item is also in your pending order #W2575533, are you okay with exchanging the delivered hose for that same type of hose (50ft vinyl black)? Just want to make sure you're not expecting to keep it in the pending order as well.
is_final_chunk: True
2026-07-21 15:19:37.353 | DEBUG    | tau2.user.user_simulator:_generate_next_message:244 - Response: 1) Please use my PayPal account (paypal_3024827) for the price differences.

2) Yes, that’s correct—I want to exchange the delivered 25ft rubber hose for the 50ft vinyl black hose (the same type that’s in my pending order). Please don’t cancel the pending order; just swap the delivered item for that same 50ft vinyl black hose.

Go ahead and set both exchanges to “exchange requested.” I don’t remember my email, so could you also confirm the email you’ll send the return instructions to? If you need me to update it, let me know what info you need.
2026-07-21 15:19:37.354 | DEBUG    | tau2.orchestrator.orchestrator:step:833 - Step 17. Sending message from Role.USER to Role.AGENT
2026-07-21 15:19:37.354 | DEBUG    | tau2.orchestrator.orchestrator:step:836 - Step 17.
From role: Role.USER
To role: Role.AGENT
Message: UserMessage
content: 1) Please use my PayPal account (paypal_3024827) for the price differences.

2) Yes, that’s correct—I want to exchange the delivered 25ft rubber hose for the 50ft vinyl black hose (the same type that’s in my pending order). Please don’t cancel the pending order; just swap the delivered item for that same 50ft vinyl black hose.

Go ahead and set both exchanges to “exchange requested.” I don’t remember my email, so could you also confirm the email you’ll send the return instructions to? If you need me to update it, let me know what info you need.
is_final_chunk: True
2026-07-21 15:19:40.427 | DEBUG    | tau2.orchestrator.orchestrator:step:833 - Step 18. Sending message from Role.AGENT to Role.USER
2026-07-21 15:19:40.427 | DEBUG    | tau2.orchestrator.orchestrator:step:836 - Step 18.
From role: Role.AGENT
To role: Role.USER
Message: AssistantMessage
content: Let me check your email from your profile. Your email on file is **isabella.johansson9391@example.com** — is that correct?

Before I proceed, I need to confirm all the details with you. Let me list everything:

---

### Exchange 1: Skateboard (Order #W3792453 - Delivered)
- **Item to exchange:** Item ID 4293355847 (Bamboo, 31 inch, plain - $200.80)
- **New item:** Item ID 8176740019 (Bamboo, 28 inch, plain - $208.60)
- **Price difference:** You pay **$7.80** via PayPal (paypal_3024827)

### Exchange 2: Garden Hose (Order #W7181492 - Delivered)
- **Item to exchange:** Item ID 5753502325 (25ft, rubber, green - $96.35)
- **New item:** Item ID 5206946487 (50ft, vinyl, black - $95.08)
- **Price difference:** You receive a refund of **$1.27** via PayPal (paypal_3024827)

**Important note:** Since the exchange tool can only be called **once per order**, and these are two different orders, I'll process them separately.

Also, I want to remind you — please confirm that you've provided **all the items you want to exchange** for each order. Do you have any other items in these orders you'd like to exchange as well?

For order #W3792453, it only has the skateboard, so that's fine.
For order #W7181492, it also has a Backpack, Bookshelf, Hiking Boots, and Coffee Maker — do you want to exchange any of those too?

Once you confirm everything, I'll proceed!
is_final_chunk: True
2026-07-21 15:19:40.427 | DEBUG    | tau2.user.user_simulator:_generate_next_message:222 - User responds to message: AssistantMessage
content: Let me check your email from your profile. Your email on file is **isabella.johansson9391@example.com** — is that correct?

Before I proceed, I need to confirm all the details with you. Let me list everything:

---

### Exchange 1: Skateboard (Order #W3792453 - Delivered)
- **Item to exchange:** Item ID 4293355847 (Bamboo, 31 inch, plain - $200.80)
- **New item:** Item ID 8176740019 (Bamboo, 28 inch, plain - $208.60)
- **Price difference:** You pay **$7.80** via PayPal (paypal_3024827)

### Exchange 2: Garden Hose (Order #W7181492 - Delivered)
- **Item to exchange:** Item ID 5753502325 (25ft, rubber, green - $96.35)
- **New item:** Item ID 5206946487 (50ft, vinyl, black - $95.08)
- **Price difference:** You receive a refund of **$1.27** via PayPal (paypal_3024827)

**Important note:** Since the exchange tool can only be called **once per order**, and these are two different orders, I'll process them separately.

Also, I want to remind you — please confirm that you've provided **all the items you want to exchange** for each order. Do you have any other items in these orders you'd like to exchange as well?

For order #W3792453, it only has the skateboard, so that's fine.
For order #W7181492, it also has a Backpack, Bookshelf, Hiking Boots, and Coffee Maker — do you want to exchange any of those too?

Once you confirm everything, I'll proceed!
is_final_chunk: True
2026-07-21 15:19:41.401 | DEBUG    | tau2.user.user_simulator:_generate_next_message:244 - Response: Yes, that email looks right—please send the return instructions there.

I confirm all the details you listed for both exchanges. No other items to exchange in either order.

Please go ahead and process them separately as you described.
2026-07-21 15:19:41.402 | DEBUG    | tau2.orchestrator.orchestrator:step:833 - Step 19. Sending message from Role.USER to Role.AGENT
2026-07-21 15:19:41.402 | DEBUG    | tau2.orchestrator.orchestrator:step:836 - Step 19.
From role: Role.USER
To role: Role.AGENT
Message: UserMessage
content: Yes, that email looks right—please send the return instructions there.

I confirm all the details you listed for both exchanges. No other items to exchange in either order.

Please go ahead and process them separately as you described.
is_final_chunk: True
2026-07-21 15:19:43.240 | DEBUG    | tau2.orchestrator.orchestrator:step:833 - Step 20. Sending message from Role.AGENT to Role.ENV
2026-07-21 15:19:43.240 | DEBUG    | tau2.orchestrator.orchestrator:step:836 - Step 20.
From role: Role.AGENT
To role: Role.ENV
Message: AssistantMessage
content: Great, thank you for confirming! Let me process both exchanges now.
ToolCalls:
ToolCall (from assistant)
id: call_00_cPAXK9iBoAggIx1eVCj65467
name: exchange_delivered_order_items
arguments:
{
  "order_id": "#W3792453",
  "item_ids": [
    "4293355847"
  ],
  "new_item_ids": [
    "8176740019"
  ],
  "payment_method_id": "paypal_3024827"
}
ToolCall (from assistant)
id: call_01_0UWxRp0o5DEzZPWxz4Yw8693
name: exchange_delivered_order_items
arguments:
{
  "order_id": "#W7181492",
  "item_ids": [
    "5753502325"
  ],
  "new_item_ids": [
    "5206946487"
  ],
  "payment_method_id": "paypal_3024827"
}
is_final_chunk: True
2026-07-21 15:19:43.241 | DEBUG    | tau2.environment.environment:get_response:454 - Response: order_id='#W3792453' user_id='isabella_johansson_2152' address=UserAddress(address1='313 Chestnut Street', address2='Suite 537', city='Jacksonville', country='USA', state='FL', zip='32286') items=[OrderItem(name='Skateboard', product_id='1968349452', item_id='4293355847', price=200.8, options={'deck material': 'bamboo', 'length': '31 inch', 'design': 'plain'})] status='exchange requested' fulfillments=[OrderFullfilment(tracking_id=['908856694334'], item_ids=['4293355847'])] payment_history=[OrderPayment(transaction_type='payment', amount=200.8, payment_method_id='paypal_3024827')] cancel_reason=None exchange_items=['4293355847'] exchange_new_items=['8176740019'] exchange_payment_method_id='paypal_3024827' exchange_price_difference=7.8 return_items=None return_payment_method_id=None
2026-07-21 15:19:43.242 | DEBUG    | tau2.environment.environment:get_response:454 - Response: order_id='#W7181492' user_id='isabella_johansson_2152' address=UserAddress(address1='313 Chestnut Street', address2='Suite 537', city='Jacksonville', country='USA', state='FL', zip='32286') items=[OrderItem(name='Garden Hose', product_id='6679515468', item_id='5753502325', price=96.35, options={'length': '25ft', 'material': 'rubber', 'color': 'green'}), OrderItem(name='Backpack', product_id='2524789262', item_id='9851293632', price=193.38, options={'color': 'green', 'size': 'small', 'material': 'polyester', 'compartment': 'camera'}), OrderItem(name='Bookshelf', product_id='8600330539', item_id='3778705663', price=473.48, options={'material': 'metal', 'color': 'black', 'height': '6 ft'}), OrderItem(name='Hiking Boots', product_id='7363354090', item_id='8118291112', price=260.56, options={'size': '12', 'material': 'leather', 'waterproof': 'no'}), OrderItem(name='Coffee Maker', product_id='7996920482', item_id='3020722515', price=238.64, options={'color': 'black', 'capacity': '1 cup', 'type': 'french press', 'features': 'auto shutoff'})] status='exchange requested' fulfillments=[OrderFullfilment(tracking_id=['418708581751'], item_ids=['5753502325', '9851293632', '3778705663', '8118291112', '3020722515'])] payment_history=[OrderPayment(transaction_type='payment', amount=1262.41, payment_method_id='paypal_3024827')] cancel_reason=None exchange_items=['5753502325'] exchange_new_items=['5206946487'] exchange_payment_method_id='paypal_3024827' exchange_price_difference=-1.27 return_items=None return_payment_method_id=None
2026-07-21 15:19:43.242 | DEBUG    | tau2.orchestrator.orchestrator:step:833 - Step 21. Sending message from Role.ENV to Role.AGENT
2026-07-21 15:19:43.242 | DEBUG    | tau2.orchestrator.orchestrator:step:836 - Step 21.
From role: Role.ENV
To role: Role.AGENT
Message: role='tool' tool_messages=[ToolMessage(id='call_00_cPAXK9iBoAggIx1eVCj65467', role='tool', content='{"order_id": "#W3792453", "user_id": "isabella_johansson_2152", "address": {"address1": "313 Chestnut Street", "address2": "Suite 537", "city": "Jacksonville", "country": "USA", "state": "FL", "zip": "32286"}, "items": [{"name": "Skateboard", "product_id": "1968349452", "item_id": "4293355847", "price": 200.8, "options": {"deck material": "bamboo", "length": "31 inch", "design": "plain"}}], "status": "exchange requested", "fulfillments": [{"tracking_id": ["908856694334"], "item_ids": ["4293355847"]}], "payment_history": [{"transaction_type": "payment", "amount": 200.8, "payment_method_id": "paypal_3024827"}], "cancel_reason": null, "exchange_items": ["4293355847"], "exchange_new_items": ["8176740019"], "exchange_payment_method_id": "paypal_3024827", "exchange_price_difference": 7.8, "return_items": null, "return_payment_method_id": null}', requestor='assistant', error=False, turn_idx=None, timestamp='2026-07-21T15:19:43.241261'), ToolMessage(id='call_01_0UWxRp0o5DEzZPWxz4Yw8693', role='tool', content='{"order_id": "#W7181492", "user_id": "isabella_johansson_2152", "address": {"address1": "313 Chestnut Street", "address2": "Suite 537", "city": "Jacksonville", "country": "USA", "state": "FL", "zip": "32286"}, "items": [{"name": "Garden Hose", "product_id": "6679515468", "item_id": "5753502325", "price": 96.35, "options": {"length": "25ft", "material": "rubber", "color": "green"}}, {"name": "Backpack", "product_id": "2524789262", "item_id": "9851293632", "price": 193.38, "options": {"color": "green", "size": "small", "material": "polyester", "compartment": "camera"}}, {"name": "Bookshelf", "product_id": "8600330539", "item_id": "3778705663", "price": 473.48, "options": {"material": "metal", "color": "black", "height": "6 ft"}}, {"name": "Hiking Boots", "product_id": "7363354090", "item_id": "8118291112", "price": 260.56, "options": {"size": "12", "material": "leather", "waterproof": "no"}}, {"name": "Coffee Maker", "product_id": "7996920482", "item_id": "3020722515", "price": 238.64, "options": {"color": "black", "capacity": "1 cup", "type": "french press", "features": "auto shutoff"}}], "status": "exchange requested", "fulfillments": [{"tracking_id": ["418708581751"], "item_ids": ["5753502325", "9851293632", "3778705663", "8118291112", "3020722515"]}], "payment_history": [{"transaction_type": "payment", "amount": 1262.41, "payment_method_id": "paypal_3024827"}], "cancel_reason": null, "exchange_items": ["5753502325"], "exchange_new_items": ["5206946487"], "exchange_payment_method_id": "paypal_3024827", "exchange_price_difference": -1.27, "return_items": null, "return_payment_method_id": null}', requestor='assistant', error=False, turn_idx=None, timestamp='2026-07-21T15:19:43.242262')]
2026-07-21 15:19:45.055 | DEBUG    | tau2.orchestrator.orchestrator:step:833 - Step 22. Sending message from Role.AGENT to Role.USER
2026-07-21 15:19:45.056 | DEBUG    | tau2.orchestrator.orchestrator:step:836 - Step 22.
From role: Role.AGENT
To role: Role.USER
Message: AssistantMessage
content: Both exchanges have been processed successfully! Here's a summary:

---

### ✅ Exchange 1: Skateboard (Order #W3792453)
- **Status:** Exchange requested
- **Old item:** Bamboo 31" plain → **New item:** Bamboo 28" plain
- **Price difference:** **$7.80** will be charged to your PayPal

### ✅ Exchange 2: Garden Hose (Order #W7181492)
- **Status:** Exchange requested
- **Old item:** 25ft rubber green → **New item:** 50ft vinyl black
- **Price difference:** **$1.27** will be refunded to your PayPal

### 📧 Return Instructions
You'll receive an email at **isabella.johansson9391@example.com** with instructions on how to return the items. Your pending order #W2575533 remains unchanged.

Is there anything else I can help you with?
is_final_chunk: True
2026-07-21 15:19:45.056 | DEBUG    | tau2.user.user_simulator:_generate_next_message:222 - User responds to message: AssistantMessage
content: Both exchanges have been processed successfully! Here's a summary:

---

### ✅ Exchange 1: Skateboard (Order #W3792453)
- **Status:** Exchange requested
- **Old item:** Bamboo 31" plain → **New item:** Bamboo 28" plain
- **Price difference:** **$7.80** will be charged to your PayPal

### ✅ Exchange 2: Garden Hose (Order #W7181492)
- **Status:** Exchange requested
- **Old item:** 25ft rubber green → **New item:** 50ft vinyl black
- **Price difference:** **$1.27** will be refunded to your PayPal

### 📧 Return Instructions
You'll receive an email at **isabella.johansson9391@example.com** with instructions on how to return the items. Your pending order #W2575533 remains unchanged.

Is there anything else I can help you with?
is_final_chunk: True
2026-07-21 15:19:45.782 | DEBUG    | tau2.user.user_simulator:_generate_next_message:244 - Response: That covers everything I needed. Thanks for your help! ###STOP###
2026-07-21 15:19:45.905 | DEBUG    | tau2.environment.environment:get_response:454 - Response: order_id='#W3792453' user_id='isabella_johansson_2152' address=UserAddress(address1='313 Chestnut Street', address2='Suite 537', city='Jacksonville', country='USA', state='FL', zip='32286') items=[OrderItem(name='Skateboard', product_id='1968349452', item_id='4293355847', price=200.8, options={'deck material': 'bamboo', 'length': '31 inch', 'design': 'plain'})] status='exchange requested' fulfillments=[OrderFullfilment(tracking_id=['908856694334'], item_ids=['4293355847'])] payment_history=[OrderPayment(transaction_type='payment', amount=200.8, payment_method_id='paypal_3024827')] cancel_reason=None exchange_items=['4293355847'] exchange_new_items=['8176740019'] exchange_payment_method_id='paypal_3024827' exchange_price_difference=7.8 return_items=None return_payment_method_id=None
2026-07-21 15:19:45.906 | DEBUG    | tau2.environment.environment:get_response:454 - Response: order_id='#W7181492' user_id='isabella_johansson_2152' address=UserAddress(address1='313 Chestnut Street', address2='Suite 537', city='Jacksonville', country='USA', state='FL', zip='32286') items=[OrderItem(name='Garden Hose', product_id='6679515468', item_id='5753502325', price=96.35, options={'length': '25ft', 'material': 'rubber', 'color': 'green'}), OrderItem(name='Backpack', product_id='2524789262', item_id='9851293632', price=193.38, options={'color': 'green', 'size': 'small', 'material': 'polyester', 'compartment': 'camera'}), OrderItem(name='Bookshelf', product_id='8600330539', item_id='3778705663', price=473.48, options={'material': 'metal', 'color': 'black', 'height': '6 ft'}), OrderItem(name='Hiking Boots', product_id='7363354090', item_id='8118291112', price=260.56, options={'size': '12', 'material': 'leather', 'waterproof': 'no'}), OrderItem(name='Coffee Maker', product_id='7996920482', item_id='3020722515', price=238.64, options={'color': 'black', 'capacity': '1 cup', 'type': 'french press', 'features': 'auto shutoff'})] status='exchange requested' fulfillments=[OrderFullfilment(tracking_id=['418708581751'], item_ids=['5753502325', '9851293632', '3778705663', '8118291112', '3020722515'])] payment_history=[OrderPayment(transaction_type='payment', amount=1262.41, payment_method_id='paypal_3024827')] cancel_reason=None exchange_items=['5753502325'] exchange_new_items=['5206946487'] exchange_payment_method_id='paypal_3024827' exchange_price_difference=-1.27 return_items=None return_payment_method_id=None
2026-07-21 15:19:47.690 | INFO     | tau2.runner.simulation:run_simulation:87 - Simulation complete: domain=retail, task=29, reward=1.0
2026-07-21 15:19:47.691 | INFO     | tau2.runner.batch:run_single_task:442 - FINISHED SIMULATION: Domain: retail, Task: 29, Reward: 1.0
