2026-07-22 11:39:22.568 | DEBUG    | tau2.runner.batch:__enter__:301 - Task log file: D:\PolicyAgent-PostTrain\experiments\20260722_110504_retail_baseline20_trial1_deepseek\task_109\tau2_artifacts\artifacts\task_109\sim_5e14ab1b-5a3e-4879-a022-2c5ba03e7f87\task.log
2026-07-22 11:39:22.607 | INFO     | tau2.orchestrator.orchestrator:_validate_mode_compatibility:477 - Orchestrator initialized in HALF_DUPLEX mode (turn-based) with agent=LLMAgent, user=UserSimulator
2026-07-22 11:39:22.608 | DEBUG    | tau2.runner.build:build_text_orchestrator:400 - Built text orchestrator: domain=retail, agent=llm_agent, user=user_simulator, task=109
2026-07-22 11:39:22.609 | DEBUG    | tau2.orchestrator.orchestrator:step:833 - Step 0. Sending message from Role.AGENT to Role.USER
2026-07-22 11:39:22.610 | DEBUG    | tau2.orchestrator.orchestrator:step:836 - Step 0.
From role: Role.AGENT
To role: Role.USER
Message: AssistantMessage
content: Hi! How can I help you today?
is_final_chunk: True
2026-07-22 11:39:22.610 | DEBUG    | tau2.user.user_simulator:_generate_next_message:222 - User responds to message: AssistantMessage
content: Hi! How can I help you today?
is_final_chunk: True
2026-07-22 11:39:24.434 | DEBUG    | tau2.user.user_simulator:_generate_next_message:244 - Response: Hi there! I need help with a couple of things after my recent move. First, I just moved to a new house on Elm Avenue in Houston, and I realized one of my recent orders was sent to my old address on the same street. I’d like that order’s shipping address changed to my new home. Also, please update my account’s default address to the new place. I’d rather not spell out the address—you should be able to see both addresses in my recent orders.

And once that’s sorted, I’d like to exchange the tablet I bought for the cheapest tablet you carry, since moving costs are adding up. Can you help with all that?
2026-07-22 11:39:24.435 | DEBUG    | tau2.orchestrator.orchestrator:step:833 - Step 1. Sending message from Role.USER to Role.AGENT
2026-07-22 11:39:24.435 | DEBUG    | tau2.orchestrator.orchestrator:step:836 - Step 1.
From role: Role.USER
To role: Role.AGENT
Message: UserMessage
content: Hi there! I need help with a couple of things after my recent move. First, I just moved to a new house on Elm Avenue in Houston, and I realized one of my recent orders was sent to my old address on the same street. I’d like that order’s shipping address changed to my new home. Also, please update my account’s default address to the new place. I’d rather not spell out the address—you should be able to see both addresses in my recent orders.

And once that’s sorted, I’d like to exchange the tablet I bought for the cheapest tablet you carry, since moving costs are adding up. Can you help with all that?
is_final_chunk: True
2026-07-22 11:39:25.565 | DEBUG    | tau2.orchestrator.orchestrator:step:833 - Step 2. Sending message from Role.AGENT to Role.USER
2026-07-22 11:39:25.565 | DEBUG    | tau2.orchestrator.orchestrator:step:836 - Step 2.
From role: Role.AGENT
To role: Role.USER
Message: AssistantMessage
content: I'd be happy to help you with all of that! First, I need to authenticate you. Could you please provide me with your email address, or your name and zip code so I can look up your account?
is_final_chunk: True
2026-07-22 11:39:25.566 | DEBUG    | tau2.user.user_simulator:_generate_next_message:222 - User responds to message: AssistantMessage
content: I'd be happy to help you with all of that! First, I need to authenticate you. Could you please provide me with your email address, or your name and zip code so I can look up your account?
is_final_chunk: True
2026-07-22 11:39:26.364 | DEBUG    | tau2.user.user_simulator:_generate_next_message:244 - Response: Sure! My name is Sophia Martin, and my email is sophia.martin4832@example.com. Let me know if you need anything else to pull up my account.
2026-07-22 11:39:26.364 | DEBUG    | tau2.orchestrator.orchestrator:step:833 - Step 3. Sending message from Role.USER to Role.AGENT
2026-07-22 11:39:26.364 | DEBUG    | tau2.orchestrator.orchestrator:step:836 - Step 3.
From role: Role.USER
To role: Role.AGENT
Message: UserMessage
content: Sure! My name is Sophia Martin, and my email is sophia.martin4832@example.com. Let me know if you need anything else to pull up my account.
is_final_chunk: True
2026-07-22 11:39:27.229 | DEBUG    | tau2.orchestrator.orchestrator:step:833 - Step 4. Sending message from Role.AGENT to Role.ENV
2026-07-22 11:39:27.229 | DEBUG    | tau2.orchestrator.orchestrator:step:836 - Step 4.
From role: Role.AGENT
To role: Role.ENV
Message: AssistantMessage
content: Let me look up your account using your email.
ToolCalls:
ToolCall (from assistant)
id: call_00_H2iEkFHlOW8sIvqfQvcc6573
name: find_user_id_by_email
arguments:
{
  "email": "sophia.martin4832@example.com"
}
is_final_chunk: True
2026-07-22 11:39:27.229 | DEBUG    | tau2.environment.environment:get_response:454 - Response: sophia_martin_8570
2026-07-22 11:39:27.229 | DEBUG    | tau2.orchestrator.orchestrator:step:833 - Step 5. Sending message from Role.ENV to Role.AGENT
2026-07-22 11:39:27.229 | DEBUG    | tau2.orchestrator.orchestrator:step:836 - Step 5.
From role: Role.ENV
To role: Role.AGENT
Message: ToolMessage (responding to assistant)
timestamp: 2026-07-22T11:39:27.229932
content: sophia_martin_8570
2026-07-22 11:39:28.385 | DEBUG    | tau2.orchestrator.orchestrator:step:833 - Step 6. Sending message from Role.AGENT to Role.ENV
2026-07-22 11:39:28.385 | DEBUG    | tau2.orchestrator.orchestrator:step:836 - Step 6.
From role: Role.AGENT
To role: Role.ENV
Message: AssistantMessage
content: Great! I found you, Sophia. Let me now get your user details and see your orders.
ToolCalls:
ToolCall (from assistant)
id: call_00_Dt3EJiD3mO9YzHNP3cbi7339
name: get_user_details
arguments:
{
  "user_id": "sophia_martin_8570"
}
is_final_chunk: True
2026-07-22 11:39:28.385 | DEBUG    | tau2.environment.environment:get_response:454 - Response: user_id='sophia_martin_8570' name=UserName(first_name='Sophia', last_name='Martin') address=UserAddress(address1='760 Elm Avenue', address2='Suite 564', city='Houston', country='USA', state='TX', zip='77034') email='sophia.martin4832@example.com' payment_methods={'credit_card_5694100': CreditCard(source='credit_card', id='credit_card_5694100', brand='mastercard', last_four='3292')} orders=['#W1603792', '#W1092119']
2026-07-22 11:39:28.385 | DEBUG    | tau2.orchestrator.orchestrator:step:833 - Step 7. Sending message from Role.ENV to Role.AGENT
2026-07-22 11:39:28.385 | DEBUG    | tau2.orchestrator.orchestrator:step:836 - Step 7.
From role: Role.ENV
To role: Role.AGENT
Message: ToolMessage (responding to assistant)
timestamp: 2026-07-22T11:39:28.385797
content: {"user_id": "sophia_martin_8570", "name": {"first_name": "Sophia", "last_name": "Martin"}, "address": {"address1": "760 Elm Avenue", "address2": "Suite 564", "city": "Houston", "country": "USA", "state": "TX", "zip": "77034"}, "email": "sophia.martin4832@example.com", "payment_methods": {"credit_card_5694100": {"source": "credit_card", "id": "credit_card_5694100", "brand": "mastercard", "last_four": "3292"}}, "orders": ["#W1603792", "#W1092119"]}
2026-07-22 11:39:29.680 | DEBUG    | tau2.orchestrator.orchestrator:step:833 - Step 8. Sending message from Role.AGENT to Role.ENV
2026-07-22 11:39:29.680 | DEBUG    | tau2.orchestrator.orchestrator:step:836 - Step 8.
From role: Role.AGENT
To role: Role.ENV
Message: AssistantMessage
content: I can see your current default address is **760 Elm Avenue, Suite 564, Houston, TX 77034**. Let me check your orders to find the recent one and the new address details.
ToolCalls:
ToolCall (from assistant)
id: call_00_AowwawYvU34Ivg1eEISu7444
name: get_order_details
arguments:
{
  "order_id": "#W1603792"
}
ToolCall (from assistant)
id: call_01_5rkxFsazjWPHnaGTo39r1965
name: get_order_details
arguments:
{
  "order_id": "#W1092119"
}
is_final_chunk: True
2026-07-22 11:39:29.681 | DEBUG    | tau2.environment.environment:get_response:454 - Response: order_id='#W1603792' user_id='sophia_martin_8570' address=UserAddress(address1='760 Elm Avenue', address2='Suite 564', city='Houston', country='USA', state='TX', zip='77034') items=[OrderItem(name='Bicycle', product_id='9783735446', item_id='5606522780', price=1902.67, options={'frame size': 'large', 'color': 'red', 'type': 'mountain'}), OrderItem(name='Grill', product_id='6819683148', item_id='1120917161', price=953.39, options={'type': 'electric', 'size': 'portable', 'features': 'none'}), OrderItem(name='Headphones', product_id='6992792935', item_id='5635439102', price=353.76, options={'type': 'over-ear', 'connectivity': 'wired', 'color': 'blue'}), OrderItem(name='Pet Bed', product_id='2747247837', item_id='4537595158', price=193.79, options={'size': 'small', 'material': 'fleece', 'color': 'brown'}), OrderItem(name='Tablet', product_id='8024098596', item_id='6501071631', price=1018.68, options={'screen size': '7-inch', 'storage': '32GB', 'color': 'gold'})] status='pending' fulfillments=[] payment_history=[OrderPayment(transaction_type='payment', amount=4422.29, payment_method_id='credit_card_5694100')] cancel_reason=None exchange_items=None exchange_new_items=None exchange_payment_method_id=None exchange_price_difference=None return_items=None return_payment_method_id=None
2026-07-22 11:39:29.681 | DEBUG    | tau2.environment.environment:get_response:454 - Response: order_id='#W1092119' user_id='sophia_martin_8570' address=UserAddress(address1='592 Elm Avenue', address2='Suite 978', city='Houston', country='USA', state='TX', zip='77242') items=[OrderItem(name='Luggage Set', product_id='5426915165', item_id='6690069155', price=466.47, options={'piece count': '3-piece', 'color': 'silver', 'material': 'softshell'})] status='pending' fulfillments=[] payment_history=[OrderPayment(transaction_type='payment', amount=466.47, payment_method_id='credit_card_5694100')] cancel_reason=None exchange_items=None exchange_new_items=None exchange_payment_method_id=None exchange_price_difference=None return_items=None return_payment_method_id=None
2026-07-22 11:39:29.682 | DEBUG    | tau2.orchestrator.orchestrator:step:833 - Step 9. Sending message from Role.ENV to Role.AGENT
2026-07-22 11:39:29.682 | DEBUG    | tau2.orchestrator.orchestrator:step:836 - Step 9.
From role: Role.ENV
To role: Role.AGENT
Message: role='tool' tool_messages=[ToolMessage(id='call_00_AowwawYvU34Ivg1eEISu7444', role='tool', content='{"order_id": "#W1603792", "user_id": "sophia_martin_8570", "address": {"address1": "760 Elm Avenue", "address2": "Suite 564", "city": "Houston", "country": "USA", "state": "TX", "zip": "77034"}, "items": [{"name": "Bicycle", "product_id": "9783735446", "item_id": "5606522780", "price": 1902.67, "options": {"frame size": "large", "color": "red", "type": "mountain"}}, {"name": "Grill", "product_id": "6819683148", "item_id": "1120917161", "price": 953.39, "options": {"type": "electric", "size": "portable", "features": "none"}}, {"name": "Headphones", "product_id": "6992792935", "item_id": "5635439102", "price": 353.76, "options": {"type": "over-ear", "connectivity": "wired", "color": "blue"}}, {"name": "Pet Bed", "product_id": "2747247837", "item_id": "4537595158", "price": 193.79, "options": {"size": "small", "material": "fleece", "color": "brown"}}, {"name": "Tablet", "product_id": "8024098596", "item_id": "6501071631", "price": 1018.68, "options": {"screen size": "7-inch", "storage": "32GB", "color": "gold"}}], "status": "pending", "fulfillments": [], "payment_history": [{"transaction_type": "payment", "amount": 4422.29, "payment_method_id": "credit_card_5694100"}], "cancel_reason": null, "exchange_items": null, "exchange_new_items": null, "exchange_payment_method_id": null, "exchange_price_difference": null, "return_items": null, "return_payment_method_id": null}', requestor='assistant', error=False, turn_idx=None, timestamp='2026-07-22T11:39:29.681778'), ToolMessage(id='call_01_5rkxFsazjWPHnaGTo39r1965', role='tool', content='{"order_id": "#W1092119", "user_id": "sophia_martin_8570", "address": {"address1": "592 Elm Avenue", "address2": "Suite 978", "city": "Houston", "country": "USA", "state": "TX", "zip": "77242"}, "items": [{"name": "Luggage Set", "product_id": "5426915165", "item_id": "6690069155", "price": 466.47, "options": {"piece count": "3-piece", "color": "silver", "material": "softshell"}}], "status": "pending", "fulfillments": [], "payment_history": [{"transaction_type": "payment", "amount": 466.47, "payment_method_id": "credit_card_5694100"}], "cancel_reason": null, "exchange_items": null, "exchange_new_items": null, "exchange_payment_method_id": null, "exchange_price_difference": null, "return_items": null, "return_payment_method_id": null}', requestor='assistant', error=False, turn_idx=None, timestamp='2026-07-22T11:39:29.681778')]
2026-07-22 11:39:31.512 | DEBUG    | tau2.orchestrator.orchestrator:step:833 - Step 10. Sending message from Role.AGENT to Role.USER
2026-07-22 11:39:31.512 | DEBUG    | tau2.orchestrator.orchestrator:step:836 - Step 10.
From role: Role.AGENT
To role: Role.USER
Message: AssistantMessage
content: I can see two orders:

1. **Order #W1603792** (status: **pending**) - shipped to your old address **760 Elm Avenue, Suite 564, Houston, TX 77034**. This one contains a Tablet among other items.
2. **Order #W1092119** (status: **pending**) - shipped to **592 Elm Avenue, Suite 978, Houston, TX 77242**.

You mentioned you moved to a new house on Elm Avenue in Houston. I see order #W1092119 has a different Elm Avenue address (592 Elm Avenue, Suite 978, Houston, TX 77242). Is that your new address? Or could you clarify which address is your new home?
is_final_chunk: True
2026-07-22 11:39:31.512 | DEBUG    | tau2.user.user_simulator:_generate_next_message:222 - User responds to message: AssistantMessage
content: I can see two orders:

1. **Order #W1603792** (status: **pending**) - shipped to your old address **760 Elm Avenue, Suite 564, Houston, TX 77034**. This one contains a Tablet among other items.
2. **Order #W1092119** (status: **pending**) - shipped to **592 Elm Avenue, Suite 978, Houston, TX 77242**.

You mentioned you moved to a new house on Elm Avenue in Houston. I see order #W1092119 has a different Elm Avenue address (592 Elm Avenue, Suite 978, Houston, TX 77242). Is that your new address? Or could you clarify which address is your new home?
is_final_chunk: True
2026-07-22 11:39:33.200 | DEBUG    | tau2.user.user_simulator:_generate_next_message:244 - Response: Thanks for checking! The new home is the one where the luggage set was sent—that’s order #W1092119. Please use that as my new default address and change the shipping address on order #W1603792 to the same new address.

I’d rather not read the address out loud, but since you can see it in the orders, please go ahead and update both. Let me know once that’s done, and then we can move on to the tablet exchange.
2026-07-22 11:39:33.200 | DEBUG    | tau2.orchestrator.orchestrator:step:833 - Step 11. Sending message from Role.USER to Role.AGENT
2026-07-22 11:39:33.200 | DEBUG    | tau2.orchestrator.orchestrator:step:836 - Step 11.
From role: Role.USER
To role: Role.AGENT
Message: UserMessage
content: Thanks for checking! The new home is the one where the luggage set was sent—that’s order #W1092119. Please use that as my new default address and change the shipping address on order #W1603792 to the same new address.

I’d rather not read the address out loud, but since you can see it in the orders, please go ahead and update both. Let me know once that’s done, and then we can move on to the tablet exchange.
is_final_chunk: True
2026-07-22 11:39:34.965 | DEBUG    | tau2.orchestrator.orchestrator:step:833 - Step 12. Sending message from Role.AGENT to Role.USER
2026-07-22 11:39:34.965 | DEBUG    | tau2.orchestrator.orchestrator:step:836 - Step 12.
From role: Role.AGENT
To role: Role.USER
Message: AssistantMessage
content: Great, so your new address is **592 Elm Avenue, Suite 978, Houston, TX 77242, USA**. Let me first update your default address and modify the shipping address on order #W1603792.

Let me confirm the details before proceeding:

**1. Update default address** for your account to: 592 Elm Avenue, Suite 978, Houston, TX 77242, USA

**2. Modify shipping address** on order #W1603792 to: 592 Elm Avenue, Suite 978, Houston, TX 77242, USA

Could you please confirm that you'd like me to proceed with both of these changes?
is_final_chunk: True
2026-07-22 11:39:34.966 | DEBUG    | tau2.user.user_simulator:_generate_next_message:222 - User responds to message: AssistantMessage
content: Great, so your new address is **592 Elm Avenue, Suite 978, Houston, TX 77242, USA**. Let me first update your default address and modify the shipping address on order #W1603792.

Let me confirm the details before proceeding:

**1. Update default address** for your account to: 592 Elm Avenue, Suite 978, Houston, TX 77242, USA

**2. Modify shipping address** on order #W1603792 to: 592 Elm Avenue, Suite 978, Houston, TX 77242, USA

Could you please confirm that you'd like me to proceed with both of these changes?
is_final_chunk: True
2026-07-22 11:39:36.278 | DEBUG    | tau2.user.user_simulator:_generate_next_message:244 - Response: Yes, please proceed with both changes:
- Update my account’s default address to the new home (the one on order #W1092119).
- Change the shipping address on order #W1603792 to that same new address.

Please let me know once that’s done, and then I’d like to move forward with exchanging the tablet from order #W1603792 for the cheapest tablet you carry.
2026-07-22 11:39:36.278 | DEBUG    | tau2.orchestrator.orchestrator:step:833 - Step 13. Sending message from Role.USER to Role.AGENT
2026-07-22 11:39:36.278 | DEBUG    | tau2.orchestrator.orchestrator:step:836 - Step 13.
From role: Role.USER
To role: Role.AGENT
Message: UserMessage
content: Yes, please proceed with both changes:
- Update my account’s default address to the new home (the one on order #W1092119).
- Change the shipping address on order #W1603792 to that same new address.

Please let me know once that’s done, and then I’d like to move forward with exchanging the tablet from order #W1603792 for the cheapest tablet you carry.
is_final_chunk: True
2026-07-22 11:39:38.404 | DEBUG    | tau2.orchestrator.orchestrator:step:833 - Step 14. Sending message from Role.AGENT to Role.ENV
2026-07-22 11:39:38.405 | DEBUG    | tau2.orchestrator.orchestrator:step:836 - Step 14.
From role: Role.AGENT
To role: Role.ENV
Message: AssistantMessage
content: Let me proceed with both address updates.
ToolCalls:
ToolCall (from assistant)
id: call_00_IjEmzQUwArPyFwrnN2TX5000
name: modify_user_address
arguments:
{
  "user_id": "sophia_martin_8570",
  "address1": "592 Elm Avenue",
  "address2": "Suite 978",
  "city": "Houston",
  "state": "TX",
  "country": "USA",
  "zip": "77242"
}
ToolCall (from assistant)
id: call_01_cZcOaHoX3mq39N2JrG7u9063
name: modify_pending_order_address
arguments:
{
  "order_id": "#W1603792",
  "address1": "592 Elm Avenue",
  "address2": "Suite 978",
  "city": "Houston",
  "state": "TX",
  "country": "USA",
  "zip": "77242"
}
is_final_chunk: True
2026-07-22 11:39:38.405 | DEBUG    | tau2.environment.environment:get_response:454 - Response: user_id='sophia_martin_8570' name=UserName(first_name='Sophia', last_name='Martin') address=UserAddress(address1='592 Elm Avenue', address2='Suite 978', city='Houston', country='USA', state='TX', zip='77242') email='sophia.martin4832@example.com' payment_methods={'credit_card_5694100': CreditCard(source='credit_card', id='credit_card_5694100', brand='mastercard', last_four='3292')} orders=['#W1603792', '#W1092119']
2026-07-22 11:39:38.406 | DEBUG    | tau2.environment.environment:get_response:454 - Response: order_id='#W1603792' user_id='sophia_martin_8570' address=UserAddress(address1='592 Elm Avenue', address2='Suite 978', city='Houston', country='USA', state='TX', zip='77242') items=[OrderItem(name='Bicycle', product_id='9783735446', item_id='5606522780', price=1902.67, options={'frame size': 'large', 'color': 'red', 'type': 'mountain'}), OrderItem(name='Grill', product_id='6819683148', item_id='1120917161', price=953.39, options={'type': 'electric', 'size': 'portable', 'features': 'none'}), OrderItem(name='Headphones', product_id='6992792935', item_id='5635439102', price=353.76, options={'type': 'over-ear', 'connectivity': 'wired', 'color': 'blue'}), OrderItem(name='Pet Bed', product_id='2747247837', item_id='4537595158', price=193.79, options={'size': 'small', 'material': 'fleece', 'color': 'brown'}), OrderItem(name='Tablet', product_id='8024098596', item_id='6501071631', price=1018.68, options={'screen size': '7-inch', 'storage': '32GB', 'color': 'gold'})] status='pending' fulfillments=[] payment_history=[OrderPayment(transaction_type='payment', amount=4422.29, payment_method_id='credit_card_5694100')] cancel_reason=None exchange_items=None exchange_new_items=None exchange_payment_method_id=None exchange_price_difference=None return_items=None return_payment_method_id=None
2026-07-22 11:39:38.407 | DEBUG    | tau2.orchestrator.orchestrator:step:833 - Step 15. Sending message from Role.ENV to Role.AGENT
2026-07-22 11:39:38.407 | DEBUG    | tau2.orchestrator.orchestrator:step:836 - Step 15.
From role: Role.ENV
To role: Role.AGENT
Message: role='tool' tool_messages=[ToolMessage(id='call_00_IjEmzQUwArPyFwrnN2TX5000', role='tool', content='{"user_id": "sophia_martin_8570", "name": {"first_name": "Sophia", "last_name": "Martin"}, "address": {"address1": "592 Elm Avenue", "address2": "Suite 978", "city": "Houston", "country": "USA", "state": "TX", "zip": "77242"}, "email": "sophia.martin4832@example.com", "payment_methods": {"credit_card_5694100": {"source": "credit_card", "id": "credit_card_5694100", "brand": "mastercard", "last_four": "3292"}}, "orders": ["#W1603792", "#W1092119"]}', requestor='assistant', error=False, turn_idx=None, timestamp='2026-07-22T11:39:38.406750'), ToolMessage(id='call_01_cZcOaHoX3mq39N2JrG7u9063', role='tool', content='{"order_id": "#W1603792", "user_id": "sophia_martin_8570", "address": {"address1": "592 Elm Avenue", "address2": "Suite 978", "city": "Houston", "country": "USA", "state": "TX", "zip": "77242"}, "items": [{"name": "Bicycle", "product_id": "9783735446", "item_id": "5606522780", "price": 1902.67, "options": {"frame size": "large", "color": "red", "type": "mountain"}}, {"name": "Grill", "product_id": "6819683148", "item_id": "1120917161", "price": 953.39, "options": {"type": "electric", "size": "portable", "features": "none"}}, {"name": "Headphones", "product_id": "6992792935", "item_id": "5635439102", "price": 353.76, "options": {"type": "over-ear", "connectivity": "wired", "color": "blue"}}, {"name": "Pet Bed", "product_id": "2747247837", "item_id": "4537595158", "price": 193.79, "options": {"size": "small", "material": "fleece", "color": "brown"}}, {"name": "Tablet", "product_id": "8024098596", "item_id": "6501071631", "price": 1018.68, "options": {"screen size": "7-inch", "storage": "32GB", "color": "gold"}}], "status": "pending", "fulfillments": [], "payment_history": [{"transaction_type": "payment", "amount": 4422.29, "payment_method_id": "credit_card_5694100"}], "cancel_reason": null, "exchange_items": null, "exchange_new_items": null, "exchange_payment_method_id": null, "exchange_price_difference": null, "return_items": null, "return_payment_method_id": null}', requestor='assistant', error=False, turn_idx=None, timestamp='2026-07-22T11:39:38.407749')]
2026-07-22 11:39:39.833 | DEBUG    | tau2.orchestrator.orchestrator:step:833 - Step 16. Sending message from Role.AGENT to Role.ENV
2026-07-22 11:39:39.833 | DEBUG    | tau2.orchestrator.orchestrator:step:836 - Step 16.
From role: Role.AGENT
To role: Role.ENV
Message: AssistantMessage
content: Both updates are done! ✅

1. ✅ **Default address** updated to: 592 Elm Avenue, Suite 978, Houston, TX 77242, USA
2. ✅ **Shipping address** on order #W1603792 updated to the same address.

Now, regarding the **tablet exchange** — let me look up the tablet product to see what options are available, including the cheapest one.
ToolCalls:
ToolCall (from assistant)
id: call_00_0M6klsHM7GOJ8tmuVHv03124
name: get_product_details
arguments:
{
  "product_id": "8024098596"
}
is_final_chunk: True
2026-07-22 11:39:39.834 | DEBUG    | tau2.environment.environment:get_response:454 - Response: name='Tablet' product_id='8024098596' variants={'3788616824': Variant(item_id='3788616824', options={'screen size': '10-inch', 'storage': '128GB', 'color': 'black'}, available=False, price=951.21), '2235648106': Variant(item_id='2235648106', options={'screen size': '10-inch', 'storage': '32GB', 'color': 'black'}, available=True, price=1054.43), '7535423717': Variant(item_id='7535423717', options={'screen size': '8-inch', 'storage': '128GB', 'color': 'silver'}, available=False, price=904.46), '2106335193': Variant(item_id='2106335193', options={'screen size': '10-inch', 'storage': '64GB', 'color': 'silver'}, available=True, price=903.95), '6501071631': Variant(item_id='6501071631', options={'screen size': '7-inch', 'storage': '32GB', 'color': 'gold'}, available=True, price=1018.68), '2633090267': Variant(item_id='2633090267', options={'screen size': '7-inch', 'storage': '64GB', 'color': 'silver'}, available=False, price=1046.33), '4803681337': Variant(item_id='4803681337', options={'screen size': '8-inch', 'storage': '64GB', 'color': 'black'}, available=False, price=962.34), '6065192424': Variant(item_id='6065192424', options={'screen size': '8-inch', 'storage': '128GB', 'color': 'gold'}, available=True, price=989.7), '7187199153': Variant(item_id='7187199153', options={'screen size': '8-inch', 'storage': '128GB', 'color': 'black'}, available=False, price=983.62), '4913411651': Variant(item_id='4913411651', options={'screen size': '7-inch', 'storage': '128GB', 'color': 'black'}, available=True, price=941.03), '8551474201': Variant(item_id='8551474201', options={'screen size': '8-inch', 'storage': '64GB', 'color': 'silver'}, available=False, price=938.92), '4615543240': Variant(item_id='4615543240', options={'screen size': '7-inch', 'storage': '32GB', 'color': 'silver'}, available=True, price=1042.93), '6948061616': Variant(item_id='6948061616', options={'screen size': '10-inch', 'storage': '128GB', 'color': 'gold'}, available=True, price=950.96), '4131464125': Variant(item_id='4131464125', options={'screen size': '10-inch', 'storage': '128GB', 'color': 'silver'}, available=False, price=960.67)}
2026-07-22 11:39:39.834 | DEBUG    | tau2.orchestrator.orchestrator:step:833 - Step 17. Sending message from Role.ENV to Role.AGENT
2026-07-22 11:39:39.834 | DEBUG    | tau2.orchestrator.orchestrator:step:836 - Step 17.
From role: Role.ENV
To role: Role.AGENT
Message: ToolMessage (responding to assistant)
timestamp: 2026-07-22T11:39:39.834123
content: {"name": "Tablet", "product_id": "8024098596", "variants": {"3788616824": {"item_id": "3788616824", "options": {"screen size": "10-inch", "storage": "128GB", "color": "black"}, "available": false, "price": 951.21}, "2235648106": {"item_id": "2235648106", "options": {"screen size": "10-inch", "storage": "32GB", "color": "black"}, "available": true, "price": 1054.43}, "7535423717": {"item_id": "7535423717", "options": {"screen size": "8-inch", "storage": "128GB", "color": "silver"}, "available": false, "price": 904.46}, "2106335193": {"item_id": "2106335193", "options": {"screen size": "10-inch", "storage": "64GB", "color": "silver"}, "available": true, "price": 903.95}, "6501071631": {"item_id": "6501071631", "options": {"screen size": "7-inch", "storage": "32GB", "color": "gold"}, "available": true, "price": 1018.68}, "2633090267": {"item_id": "2633090267", "options": {"screen size": "7-inch", "storage": "64GB", "color": "silver"}, "available": false, "price": 1046.33}, "4803681337": {"item_id": "4803681337", "options": {"screen size": "8-inch", "storage": "64GB", "color": "black"}, "available": false, "price": 962.34}, "6065192424": {"item_id": "6065192424", "options": {"screen size": "8-inch", "storage": "128GB", "color": "gold"}, "available": true, "price": 989.7}, "7187199153": {"item_id": "7187199153", "options": {"screen size": "8-inch", "storage": "128GB", "color": "black"}, "available": false, "price": 983.62}, "4913411651": {"item_id": "4913411651", "options": {"screen size": "7-inch", "storage": "128GB", "color": "black"}, "available": true, "price": 941.03}, "8551474201": {"item_id": "8551474201", "options": {"screen size": "8-inch", "storage": "64GB", "color": "silver"}, "available": false, "price": 938.92}, "4615543240": {"item_id": "4615543240", "options": {"screen size": "7-inch", "storage": "32GB", "color": "silver"}, "available": true, "price": 1042.93}, "6948061616": {"item_id": "6948061616", "options": {"screen size": "10-inch", "storage": "128GB", "color": "gold"}, "available": true, "price": 950.96}, "4131464125": {"item_id": "4131464125", "options": {"screen size": "10-inch", "storage": "128GB", "color": "silver"}, "available": false, "price": 960.67}}}
2026-07-22 11:39:43.970 | DEBUG    | tau2.orchestrator.orchestrator:step:833 - Step 18. Sending message from Role.AGENT to Role.USER
2026-07-22 11:39:43.970 | DEBUG    | tau2.orchestrator.orchestrator:step:836 - Step 18.
From role: Role.AGENT
To role: Role.USER
Message: AssistantMessage
content: Let me find the cheapest available tablet variant. The available ones are:

- **2106335193** - 10-inch, 64GB, Silver - **$903.95** ✅ Cheapest available!
- 3788616824 - 10-inch, 128GB, Black - $951.21 (unavailable)
- 4913411651 - 7-inch, 128GB, Black - $941.03
- 6948061616 - 10-inch, 128GB, Gold - $950.96
- 6065192424 - 8-inch, 128GB, Gold - $989.70
- 2235648106 - 10-inch, 32GB, Black - $1054.43
- 4615543240 - 7-inch, 32GB, Silver - $1042.93

The cheapest available tablet is item **#2106335193** (10-inch screen, 64GB storage, Silver) at **$903.95**.

Your current tablet (item #6501071631) was **$1,018.68**, so the price difference would be a **refund of $114.73** to you.

Now, since this is a **pending order** modification (not a delivered order exchange), I need to use the modify items function. However, I want to clarify — the policy says modifying items on a pending order can only be done **once**, and after that the order can't be modified or cancelled anymore. So let me ask:

1. You want to exchange the **Tablet** (item #6501071631) for the **cheapest available tablet** (item #2106335193 - 10-inch, 64GB, Silver at $903.95).
2. For the price difference refund of **$114.73**, I'll need a payment method to receive the refund. Your current payment method on the order is a **Mastercard credit card** (credit_card_5694100). Would you like the refund to go back to that same card, or do you have another payment method in mind?

Also, please confirm — are there **any other items** you'd like to modify in this order, or is it just the tablet?
is_final_chunk: True
2026-07-22 11:39:43.970 | DEBUG    | tau2.user.user_simulator:_generate_next_message:222 - User responds to message: AssistantMessage
content: Let me find the cheapest available tablet variant. The available ones are:

- **2106335193** - 10-inch, 64GB, Silver - **$903.95** ✅ Cheapest available!
- 3788616824 - 10-inch, 128GB, Black - $951.21 (unavailable)
- 4913411651 - 7-inch, 128GB, Black - $941.03
- 6948061616 - 10-inch, 128GB, Gold - $950.96
- 6065192424 - 8-inch, 128GB, Gold - $989.70
- 2235648106 - 10-inch, 32GB, Black - $1054.43
- 4615543240 - 7-inch, 32GB, Silver - $1042.93

The cheapest available tablet is item **#2106335193** (10-inch screen, 64GB storage, Silver) at **$903.95**.

Your current tablet (item #6501071631) was **$1,018.68**, so the price difference would be a **refund of $114.73** to you.

Now, since this is a **pending order** modification (not a delivered order exchange), I need to use the modify items function. However, I want to clarify — the policy says modifying items on a pending order can only be done **once**, and after that the order can't be modified or cancelled anymore. So let me ask:

1. You want to exchange the **Tablet** (item #6501071631) for the **cheapest available tablet** (item #2106335193 - 10-inch, 64GB, Silver at $903.95).
2. For the price difference refund of **$114.73**, I'll need a payment method to receive the refund. Your current payment method on the order is a **Mastercard credit card** (credit_card_5694100). Would you like the refund to go back to that same card, or do you have another payment method in mind?

Also, please confirm — are there **any other items** you'd like to modify in this order, or is it just the tablet?
is_final_chunk: True
2026-07-22 11:39:45.119 | DEBUG    | tau2.user.user_simulator:_generate_next_message:244 - Response: Yes, please swap the tablet in order #W1603792 from item #6501071631 to item #2106335193 (10-inch, 64GB, Silver). Please refund the $114.73 difference back to the same Mastercard on file (credit_card_5694100).

No other item changes in that order—just the tablet.

And please confirm once the default address and shipping address updates are completed as well. Thanks!
2026-07-22 11:39:45.119 | DEBUG    | tau2.orchestrator.orchestrator:step:833 - Step 19. Sending message from Role.USER to Role.AGENT
2026-07-22 11:39:45.119 | DEBUG    | tau2.orchestrator.orchestrator:step:836 - Step 19.
From role: Role.USER
To role: Role.AGENT
Message: UserMessage
content: Yes, please swap the tablet in order #W1603792 from item #6501071631 to item #2106335193 (10-inch, 64GB, Silver). Please refund the $114.73 difference back to the same Mastercard on file (credit_card_5694100).

No other item changes in that order—just the tablet.

And please confirm once the default address and shipping address updates are completed as well. Thanks!
is_final_chunk: True
2026-07-22 11:39:47.177 | DEBUG    | tau2.orchestrator.orchestrator:step:833 - Step 20. Sending message from Role.AGENT to Role.USER
2026-07-22 11:39:47.177 | DEBUG    | tau2.orchestrator.orchestrator:step:836 - Step 20.
From role: Role.AGENT
To role: Role.USER
Message: AssistantMessage
content: Just to confirm, the address updates are already done! ✅

Now, before I proceed with the tablet modification, I need to remind you that modifying items on a pending order can **only be done once**. After this change, the order status will change to "pending (items modified)" and I won't be able to modify or cancel the order anymore. So please confirm that you've provided **all the items you want to modify** — which is just the tablet.

Here's a summary of what I'll do:

**Order #W1603792 - Modify Items:**
- **Current item:** Tablet (item #6501071631) - 7-inch, 32GB, Gold - $1,018.68
- **New item:** Tablet (item #2106335193) - 10-inch, 64GB, Silver - $903.95
- **Price difference refund:** $114.73 to credit card (credit_card_5694100)

Do you confirm you'd like to proceed with this?
is_final_chunk: True
2026-07-22 11:39:47.177 | DEBUG    | tau2.user.user_simulator:_generate_next_message:222 - User responds to message: AssistantMessage
content: Just to confirm, the address updates are already done! ✅

Now, before I proceed with the tablet modification, I need to remind you that modifying items on a pending order can **only be done once**. After this change, the order status will change to "pending (items modified)" and I won't be able to modify or cancel the order anymore. So please confirm that you've provided **all the items you want to modify** — which is just the tablet.

Here's a summary of what I'll do:

**Order #W1603792 - Modify Items:**
- **Current item:** Tablet (item #6501071631) - 7-inch, 32GB, Gold - $1,018.68
- **New item:** Tablet (item #2106335193) - 10-inch, 64GB, Silver - $903.95
- **Price difference refund:** $114.73 to credit card (credit_card_5694100)

Do you confirm you'd like to proceed with this?
is_final_chunk: True
2026-07-22 11:39:48.204 | DEBUG    | tau2.user.user_simulator:_generate_next_message:244 - Response: Yes, I confirm. Please proceed with the tablet swap exactly as summarized, and refund the $114.73 to the same Mastercard on file. No other item changes in that order.

Thanks for confirming the address updates are done!
2026-07-22 11:39:48.204 | DEBUG    | tau2.orchestrator.orchestrator:step:833 - Step 21. Sending message from Role.USER to Role.AGENT
2026-07-22 11:39:48.204 | DEBUG    | tau2.orchestrator.orchestrator:step:836 - Step 21.
From role: Role.USER
To role: Role.AGENT
Message: UserMessage
content: Yes, I confirm. Please proceed with the tablet swap exactly as summarized, and refund the $114.73 to the same Mastercard on file. No other item changes in that order.

Thanks for confirming the address updates are done!
is_final_chunk: True
2026-07-22 11:39:49.522 | DEBUG    | tau2.orchestrator.orchestrator:step:833 - Step 22. Sending message from Role.AGENT to Role.ENV
2026-07-22 11:39:49.522 | DEBUG    | tau2.orchestrator.orchestrator:step:836 - Step 22.
From role: Role.AGENT
To role: Role.ENV
Message: AssistantMessage
ToolCalls:
ToolCall (from assistant)
id: call_00_RkK7lXVNmHPiCMQzTTpQ2848
name: modify_pending_order_items
arguments:
{
  "order_id": "#W1603792",
  "item_ids": [
    "6501071631"
  ],
  "new_item_ids": [
    "2106335193"
  ],
  "payment_method_id": "credit_card_5694100"
}
is_final_chunk: True
2026-07-22 11:39:49.523 | DEBUG    | tau2.environment.environment:get_response:454 - Response: order_id='#W1603792' user_id='sophia_martin_8570' address=UserAddress(address1='592 Elm Avenue', address2='Suite 978', city='Houston', country='USA', state='TX', zip='77242') items=[OrderItem(name='Bicycle', product_id='9783735446', item_id='5606522780', price=1902.67, options={'frame size': 'large', 'color': 'red', 'type': 'mountain'}), OrderItem(name='Grill', product_id='6819683148', item_id='1120917161', price=953.39, options={'type': 'electric', 'size': 'portable', 'features': 'none'}), OrderItem(name='Headphones', product_id='6992792935', item_id='5635439102', price=353.76, options={'type': 'over-ear', 'connectivity': 'wired', 'color': 'blue'}), OrderItem(name='Pet Bed', product_id='2747247837', item_id='4537595158', price=193.79, options={'size': 'small', 'material': 'fleece', 'color': 'brown'}), OrderItem(name='Tablet', product_id='8024098596', item_id='2106335193', price=903.95, options={'screen size': '10-inch', 'storage': '64GB', 'color': 'silver'})] status='pending (item modified)' fulfillments=[] payment_history=[OrderPayment(transaction_type='payment', amount=4422.29, payment_method_id='credit_card_5694100'), OrderPayment(transaction_type='refund', amount=114.7299999999999, payment_method_id='credit_card_5694100')] cancel_reason=None exchange_items=None exchange_new_items=None exchange_payment_method_id=None exchange_price_difference=None return_items=None return_payment_method_id=None
2026-07-22 11:39:49.523 | DEBUG    | tau2.orchestrator.orchestrator:step:833 - Step 23. Sending message from Role.ENV to Role.AGENT
2026-07-22 11:39:49.523 | DEBUG    | tau2.orchestrator.orchestrator:step:836 - Step 23.
From role: Role.ENV
To role: Role.AGENT
Message: ToolMessage (responding to assistant)
timestamp: 2026-07-22T11:39:49.523583
content: {"order_id": "#W1603792", "user_id": "sophia_martin_8570", "address": {"address1": "592 Elm Avenue", "address2": "Suite 978", "city": "Houston", "country": "USA", "state": "TX", "zip": "77242"}, "items": [{"name": "Bicycle", "product_id": "9783735446", "item_id": "5606522780", "price": 1902.67, "options": {"frame size": "large", "color": "red", "type": "mountain"}}, {"name": "Grill", "product_id": "6819683148", "item_id": "1120917161", "price": 953.39, "options": {"type": "electric", "size": "portable", "features": "none"}}, {"name": "Headphones", "product_id": "6992792935", "item_id": "5635439102", "price": 353.76, "options": {"type": "over-ear", "connectivity": "wired", "color": "blue"}}, {"name": "Pet Bed", "product_id": "2747247837", "item_id": "4537595158", "price": 193.79, "options": {"size": "small", "material": "fleece", "color": "brown"}}, {"name": "Tablet", "product_id": "8024098596", "item_id": "2106335193", "price": 903.95, "options": {"screen size": "10-inch", "storage": "64GB", "color": "silver"}}], "status": "pending (item modified)", "fulfillments": [], "payment_history": [{"transaction_type": "payment", "amount": 4422.29, "payment_method_id": "credit_card_5694100"}, {"transaction_type": "refund", "amount": 114.7299999999999, "payment_method_id": "credit_card_5694100"}], "cancel_reason": null, "exchange_items": null, "exchange_new_items": null, "exchange_payment_method_id": null, "exchange_price_difference": null, "return_items": null, "return_payment_method_id": null}
2026-07-22 11:39:51.393 | DEBUG    | tau2.orchestrator.orchestrator:step:833 - Step 24. Sending message from Role.AGENT to Role.USER
2026-07-22 11:39:51.393 | DEBUG    | tau2.orchestrator.orchestrator:step:836 - Step 24.
From role: Role.AGENT
To role: Role.USER
Message: AssistantMessage
content: Everything is done! Here's a full summary of what was completed:

### ✅ Address Updates
1. **Default address** updated to: 592 Elm Avenue, Suite 978, Houston, TX 77242, USA
2. **Shipping address** on order #W1603792 updated to the same address.

### ✅ Tablet Swap (Order #W1603792)
- **Removed:** Tablet (7-inch, 32GB, Gold) - $1,018.68
- **Added:** Tablet (10-inch, 64GB, Silver) - $903.95
- **Refund:** $114.73 will be refunded to your Mastercard (credit_card_5694100) within 5-7 business days.

The order status is now **"pending (item modified)"**. Is there anything else I can help you with?
is_final_chunk: True
2026-07-22 11:39:51.393 | DEBUG    | tau2.user.user_simulator:_generate_next_message:222 - User responds to message: AssistantMessage
content: Everything is done! Here's a full summary of what was completed:

### ✅ Address Updates
1. **Default address** updated to: 592 Elm Avenue, Suite 978, Houston, TX 77242, USA
2. **Shipping address** on order #W1603792 updated to the same address.

### ✅ Tablet Swap (Order #W1603792)
- **Removed:** Tablet (7-inch, 32GB, Gold) - $1,018.68
- **Added:** Tablet (10-inch, 64GB, Silver) - $903.95
- **Refund:** $114.73 will be refunded to your Mastercard (credit_card_5694100) within 5-7 business days.

The order status is now **"pending (item modified)"**. Is there anything else I can help you with?
is_final_chunk: True
2026-07-22 11:39:52.135 | DEBUG    | tau2.user.user_simulator:_generate_next_message:244 - Response: Perfect, thanks for taking care of everything so quickly. That’s all I needed today!

###STOP###
2026-07-22 11:39:52.223 | DEBUG    | tau2.environment.environment:get_response:454 - Response: user_id='sophia_martin_8570' name=UserName(first_name='Sophia', last_name='Martin') address=UserAddress(address1='592 Elm Avenue', address2='Suite 978', city='Houston', country='USA', state='TX', zip='77242') email='sophia.martin4832@example.com' payment_methods={'credit_card_5694100': CreditCard(source='credit_card', id='credit_card_5694100', brand='mastercard', last_four='3292')} orders=['#W1603792', '#W1092119']
2026-07-22 11:39:52.223 | DEBUG    | tau2.environment.environment:get_response:454 - Response: order_id='#W1603792' user_id='sophia_martin_8570' address=UserAddress(address1='592 Elm Avenue', address2='Suite 978', city='Houston', country='USA', state='TX', zip='77242') items=[OrderItem(name='Bicycle', product_id='9783735446', item_id='5606522780', price=1902.67, options={'frame size': 'large', 'color': 'red', 'type': 'mountain'}), OrderItem(name='Grill', product_id='6819683148', item_id='1120917161', price=953.39, options={'type': 'electric', 'size': 'portable', 'features': 'none'}), OrderItem(name='Headphones', product_id='6992792935', item_id='5635439102', price=353.76, options={'type': 'over-ear', 'connectivity': 'wired', 'color': 'blue'}), OrderItem(name='Pet Bed', product_id='2747247837', item_id='4537595158', price=193.79, options={'size': 'small', 'material': 'fleece', 'color': 'brown'}), OrderItem(name='Tablet', product_id='8024098596', item_id='6501071631', price=1018.68, options={'screen size': '7-inch', 'storage': '32GB', 'color': 'gold'})] status='pending' fulfillments=[] payment_history=[OrderPayment(transaction_type='payment', amount=4422.29, payment_method_id='credit_card_5694100')] cancel_reason=None exchange_items=None exchange_new_items=None exchange_payment_method_id=None exchange_price_difference=None return_items=None return_payment_method_id=None
2026-07-22 11:39:52.223 | DEBUG    | tau2.environment.environment:get_response:454 - Response: order_id='#W1603792' user_id='sophia_martin_8570' address=UserAddress(address1='592 Elm Avenue', address2='Suite 978', city='Houston', country='USA', state='TX', zip='77242') items=[OrderItem(name='Bicycle', product_id='9783735446', item_id='5606522780', price=1902.67, options={'frame size': 'large', 'color': 'red', 'type': 'mountain'}), OrderItem(name='Grill', product_id='6819683148', item_id='1120917161', price=953.39, options={'type': 'electric', 'size': 'portable', 'features': 'none'}), OrderItem(name='Headphones', product_id='6992792935', item_id='5635439102', price=353.76, options={'type': 'over-ear', 'connectivity': 'wired', 'color': 'blue'}), OrderItem(name='Pet Bed', product_id='2747247837', item_id='4537595158', price=193.79, options={'size': 'small', 'material': 'fleece', 'color': 'brown'}), OrderItem(name='Tablet', product_id='8024098596', item_id='2106335193', price=903.95, options={'screen size': '10-inch', 'storage': '64GB', 'color': 'silver'})] status='pending (item modified)' fulfillments=[] payment_history=[OrderPayment(transaction_type='payment', amount=4422.29, payment_method_id='credit_card_5694100'), OrderPayment(transaction_type='refund', amount=114.7299999999999, payment_method_id='credit_card_5694100')] cancel_reason=None exchange_items=None exchange_new_items=None exchange_payment_method_id=None exchange_price_difference=None return_items=None return_payment_method_id=None
2026-07-22 11:39:54.318 | INFO     | tau2.runner.simulation:run_simulation:87 - Simulation complete: domain=retail, task=109, reward=1.0
2026-07-22 11:39:54.319 | INFO     | tau2.runner.batch:run_single_task:442 - FINISHED SIMULATION: Domain: retail, Task: 109, Reward: 1.0
