2026-07-22 11:39:54.448 | DEBUG    | tau2.runner.batch:__enter__:301 - Task log file: D:\PolicyAgent-PostTrain\experiments\20260722_110504_retail_baseline20_trial1_deepseek\task_24\tau2_artifacts\artifacts\task_24\sim_7c8abb12-3ac2-4559-b204-be31a88e9216\task.log
2026-07-22 11:39:54.488 | INFO     | tau2.orchestrator.orchestrator:_validate_mode_compatibility:477 - Orchestrator initialized in HALF_DUPLEX mode (turn-based) with agent=LLMAgent, user=UserSimulator
2026-07-22 11:39:54.488 | DEBUG    | tau2.runner.build:build_text_orchestrator:400 - Built text orchestrator: domain=retail, agent=llm_agent, user=user_simulator, task=24
2026-07-22 11:39:54.489 | DEBUG    | tau2.orchestrator.orchestrator:step:833 - Step 0. Sending message from Role.AGENT to Role.USER
2026-07-22 11:39:54.489 | DEBUG    | tau2.orchestrator.orchestrator:step:836 - Step 0.
From role: Role.AGENT
To role: Role.USER
Message: AssistantMessage
content: Hi! How can I help you today?
is_final_chunk: True
2026-07-22 11:39:54.489 | DEBUG    | tau2.user.user_simulator:_generate_next_message:222 - User responds to message: AssistantMessage
content: Hi! How can I help you today?
is_final_chunk: True
2026-07-22 11:39:55.537 | DEBUG    | tau2.user.user_simulator:_generate_next_message:244 - Response: Hi there! I was hoping you could help me with an order I placed recently. I’m thinking about canceling a grill I bought, but I’m a little unsure. Can you look into that for me?
2026-07-22 11:39:55.537 | DEBUG    | tau2.orchestrator.orchestrator:step:833 - Step 1. Sending message from Role.USER to Role.AGENT
2026-07-22 11:39:55.538 | DEBUG    | tau2.orchestrator.orchestrator:step:836 - Step 1.
From role: Role.USER
To role: Role.AGENT
Message: UserMessage
content: Hi there! I was hoping you could help me with an order I placed recently. I’m thinking about canceling a grill I bought, but I’m a little unsure. Can you look into that for me?
is_final_chunk: True
2026-07-22 11:39:56.731 | DEBUG    | tau2.orchestrator.orchestrator:step:833 - Step 2. Sending message from Role.AGENT to Role.USER
2026-07-22 11:39:56.732 | DEBUG    | tau2.orchestrator.orchestrator:step:836 - Step 2.
From role: Role.AGENT
To role: Role.USER
Message: AssistantMessage
content: I'd be happy to help you with that! First, I need to authenticate your identity. Could you please provide me with your email address, or your first name, last name, and zip code so I can look you up?
is_final_chunk: True
2026-07-22 11:39:56.732 | DEBUG    | tau2.user.user_simulator:_generate_next_message:222 - User responds to message: AssistantMessage
content: I'd be happy to help you with that! First, I need to authenticate your identity. Could you please provide me with your email address, or your first name, last name, and zip code so I can look you up?
is_final_chunk: True
2026-07-22 11:39:57.794 | DEBUG    | tau2.user.user_simulator:_generate_next_message:244 - Response: Sure! My name is Sofia Hernandez, and my zip code is 98193. I actually don’t remember which email I used for the order, sorry about that.
2026-07-22 11:39:57.794 | DEBUG    | tau2.orchestrator.orchestrator:step:833 - Step 3. Sending message from Role.USER to Role.AGENT
2026-07-22 11:39:57.794 | DEBUG    | tau2.orchestrator.orchestrator:step:836 - Step 3.
From role: Role.USER
To role: Role.AGENT
Message: UserMessage
content: Sure! My name is Sofia Hernandez, and my zip code is 98193. I actually don’t remember which email I used for the order, sorry about that.
is_final_chunk: True
2026-07-22 11:39:58.897 | DEBUG    | tau2.orchestrator.orchestrator:step:833 - Step 4. Sending message from Role.AGENT to Role.ENV
2026-07-22 11:39:58.897 | DEBUG    | tau2.orchestrator.orchestrator:step:836 - Step 4.
From role: Role.AGENT
To role: Role.ENV
Message: AssistantMessage
content: No problem! Let me look you up using your name and zip code.
ToolCalls:
ToolCall (from assistant)
id: call_00_t2frG9ttbkl0tDUCoKmf8660
name: find_user_id_by_name_zip
arguments:
{
  "first_name": "Sofia",
  "last_name": "Hernandez",
  "zip": "98193"
}
is_final_chunk: True
2026-07-22 11:39:58.897 | DEBUG    | tau2.environment.environment:get_response:454 - Response: sofia_hernandez_5364
2026-07-22 11:39:58.898 | DEBUG    | tau2.orchestrator.orchestrator:step:833 - Step 5. Sending message from Role.ENV to Role.AGENT
2026-07-22 11:39:58.898 | DEBUG    | tau2.orchestrator.orchestrator:step:836 - Step 5.
From role: Role.ENV
To role: Role.AGENT
Message: ToolMessage (responding to assistant)
timestamp: 2026-07-22T11:39:58.898238
content: sofia_hernandez_5364
2026-07-22 11:39:59.903 | DEBUG    | tau2.orchestrator.orchestrator:step:833 - Step 6. Sending message from Role.AGENT to Role.ENV
2026-07-22 11:39:59.903 | DEBUG    | tau2.orchestrator.orchestrator:step:836 - Step 6.
From role: Role.AGENT
To role: Role.ENV
Message: AssistantMessage
content: Great! I found you. Let me get your details to see your orders.
ToolCalls:
ToolCall (from assistant)
id: call_00_K4Dqu9g3HuU4SSVUei0i0444
name: get_user_details
arguments:
{
  "user_id": "sofia_hernandez_5364"
}
is_final_chunk: True
2026-07-22 11:39:59.904 | DEBUG    | tau2.environment.environment:get_response:454 - Response: user_id='sofia_hernandez_5364' name=UserName(first_name='Sofia', last_name='Hernandez') address=UserAddress(address1='652 Laurel Lane', address2='Suite 398', city='Seattle', country='USA', state='WA', zip='98193') email='sofia.hernandez3039@example.com' payment_methods={'credit_card_7901829': CreditCard(source='credit_card', id='credit_card_7901829', brand='visa', last_four='7312')} orders=['#W3561391', '#W6876713', '#W9609649', '#W3947049']
2026-07-22 11:39:59.904 | DEBUG    | tau2.orchestrator.orchestrator:step:833 - Step 7. Sending message from Role.ENV to Role.AGENT
2026-07-22 11:39:59.904 | DEBUG    | tau2.orchestrator.orchestrator:step:836 - Step 7.
From role: Role.ENV
To role: Role.AGENT
Message: ToolMessage (responding to assistant)
timestamp: 2026-07-22T11:39:59.904757
content: {"user_id": "sofia_hernandez_5364", "name": {"first_name": "Sofia", "last_name": "Hernandez"}, "address": {"address1": "652 Laurel Lane", "address2": "Suite 398", "city": "Seattle", "country": "USA", "state": "WA", "zip": "98193"}, "email": "sofia.hernandez3039@example.com", "payment_methods": {"credit_card_7901829": {"source": "credit_card", "id": "credit_card_7901829", "brand": "visa", "last_four": "7312"}}, "orders": ["#W3561391", "#W6876713", "#W9609649", "#W3947049"]}
2026-07-22 11:40:01.600 | DEBUG    | tau2.orchestrator.orchestrator:step:833 - Step 8. Sending message from Role.AGENT to Role.ENV
2026-07-22 11:40:01.724 | DEBUG    | tau2.orchestrator.orchestrator:step:836 - Step 8.
From role: Role.AGENT
To role: Role.ENV
Message: AssistantMessage
content: I've found you, Sofia! You have a few orders on your account. Do you know which order ID contains the grill you'd like to cancel? Let me look up your orders to find it.
ToolCalls:
ToolCall (from assistant)
id: call_00_k4AoGFNRU7ZiTIYF76m76329
name: get_order_details
arguments:
{
  "order_id": "#W3561391"
}
ToolCall (from assistant)
id: call_01_bYcK3uKiY6hyWQEm1M0h6973
name: get_order_details
arguments:
{
  "order_id": "#W6876713"
}
ToolCall (from assistant)
id: call_02_0hAT9AuzzjSHPDTTvriT6676
name: get_order_details
arguments:
{
  "order_id": "#W9609649"
}
ToolCall (from assistant)
id: call_03_xSWavoKTYQKNJ8xUFXdd6182
name: get_order_details
arguments:
{
  "order_id": "#W3947049"
}
is_final_chunk: True
2026-07-22 11:40:01.725 | DEBUG    | tau2.environment.environment:get_response:454 - Response: order_id='#W3561391' user_id='sofia_hernandez_5364' address=UserAddress(address1='652 Laurel Lane', address2='Suite 398', city='Seattle', country='USA', state='WA', zip='98193') items=[OrderItem(name='Grill', product_id='6819683148', item_id='5946177616', price=1057.24, options={'type': 'gas', 'size': 'portable', 'features': 'none'})] status='pending' fulfillments=[] payment_history=[OrderPayment(transaction_type='payment', amount=1057.24, payment_method_id='credit_card_7901829')] cancel_reason=None exchange_items=None exchange_new_items=None exchange_payment_method_id=None exchange_price_difference=None return_items=None return_payment_method_id=None
2026-07-22 11:40:01.726 | DEBUG    | tau2.environment.environment:get_response:454 - Response: order_id='#W6876713' user_id='sofia_hernandez_5364' address=UserAddress(address1='652 Laurel Lane', address2='Suite 398', city='Seattle', country='USA', state='WA', zip='98193') items=[OrderItem(name='Espresso Machine', product_id='4354588079', item_id='6200867091', price=2955.17, options={'pressure': '19 bar', 'capacity': '1L', 'type': 'capsule'}), OrderItem(name='T-Shirt', product_id='9523456873', item_id='3234800602', price=46.66, options={'color': 'red', 'size': 'L', 'material': 'cotton', 'style': 'v-neck'}), OrderItem(name='Vacuum Cleaner', product_id='1762337868', item_id='1345513440', price=655.59, options={'type': 'canister', 'bagged/bagless': 'bagged', 'features': 'cordless'}), OrderItem(name='Luggage Set', product_id='5426915165', item_id='6301799585', price=495.87, options={'piece count': '3-piece', 'color': 'blue', 'material': 'softshell'}), OrderItem(name='Grill', product_id='6819683148', item_id='7082455361', price=962.69, options={'type': 'charcoal', 'size': 'medium', 'features': 'rotisserie'})] status='delivered' fulfillments=[OrderFullfilment(tracking_id=['970329203674'], item_ids=['6200867091', '3234800602', '1345513440', '6301799585', '7082455361'])] payment_history=[OrderPayment(transaction_type='payment', amount=5115.98, payment_method_id='credit_card_7901829')] cancel_reason=None exchange_items=None exchange_new_items=None exchange_payment_method_id=None exchange_price_difference=None return_items=None return_payment_method_id=None
2026-07-22 11:40:01.727 | DEBUG    | tau2.environment.environment:get_response:454 - Response: order_id='#W9609649' user_id='sofia_hernandez_5364' address=UserAddress(address1='652 Laurel Lane', address2='Suite 398', city='Seattle', country='USA', state='WA', zip='98193') items=[OrderItem(name='E-Reader', product_id='3801771308', item_id='5510402676', price=267.07, options={'screen size': '6-inch', 'connectivity': 'Wi-Fi', 'storage': '8GB'}), OrderItem(name='T-Shirt', product_id='9523456873', item_id='9612497925', price=50.88, options={'color': 'blue', 'size': 'M', 'material': 'cotton', 'style': 'crew neck'}), OrderItem(name='T-Shirt', product_id='9523456873', item_id='1176194968', price=52.88, options={'color': 'black', 'size': 'S', 'material': 'polyester', 'style': 'crew neck'}), OrderItem(name='Coffee Maker', product_id='7996920482', item_id='9862136885', price=258.32, options={'color': 'black', 'capacity': '2 cups', 'type': 'espresso', 'features': 'timer'}), OrderItem(name='Patio Umbrella', product_id='9743693396', item_id='8170914468', price=316.29, options={'size': '6 ft', 'color': 'red', 'material': 'olefin', 'tilt mechanism': 'manual tilt'})] status='processed' fulfillments=[OrderFullfilment(tracking_id=['395020036732'], item_ids=['5510402676', '9612497925', '1176194968', '9862136885', '8170914468'])] payment_history=[OrderPayment(transaction_type='payment', amount=945.44, payment_method_id='credit_card_7901829')] cancel_reason=None exchange_items=None exchange_new_items=None exchange_payment_method_id=None exchange_price_difference=None return_items=None return_payment_method_id=None
2026-07-22 11:40:01.727 | DEBUG    | tau2.environment.environment:get_response:454 - Response: order_id='#W3947049' user_id='sofia_hernandez_5364' address=UserAddress(address1='652 Laurel Lane', address2='Suite 398', city='Seattle', country='USA', state='WA', zip='98193') items=[OrderItem(name='Cycling Helmet', product_id='7765186836', item_id='3358616356', price=197.33, options={'size': 'S', 'color': 'red', 'ventilation': 'low'})] status='delivered' fulfillments=[OrderFullfilment(tracking_id=['758823963547'], item_ids=['3358616356'])] payment_history=[OrderPayment(transaction_type='payment', amount=197.33, payment_method_id='credit_card_7901829')] cancel_reason=None exchange_items=None exchange_new_items=None exchange_payment_method_id=None exchange_price_difference=None return_items=None return_payment_method_id=None
2026-07-22 11:40:01.728 | DEBUG    | tau2.orchestrator.orchestrator:step:833 - Step 9. Sending message from Role.ENV to Role.AGENT
2026-07-22 11:40:01.728 | DEBUG    | tau2.orchestrator.orchestrator:step:836 - Step 9.
From role: Role.ENV
To role: Role.AGENT
Message: role='tool' tool_messages=[ToolMessage(id='call_00_k4AoGFNRU7ZiTIYF76m76329', role='tool', content='{"order_id": "#W3561391", "user_id": "sofia_hernandez_5364", "address": {"address1": "652 Laurel Lane", "address2": "Suite 398", "city": "Seattle", "country": "USA", "state": "WA", "zip": "98193"}, "items": [{"name": "Grill", "product_id": "6819683148", "item_id": "5946177616", "price": 1057.24, "options": {"type": "gas", "size": "portable", "features": "none"}}], "status": "pending", "fulfillments": [], "payment_history": [{"transaction_type": "payment", "amount": 1057.24, "payment_method_id": "credit_card_7901829"}], "cancel_reason": null, "exchange_items": null, "exchange_new_items": null, "exchange_payment_method_id": null, "exchange_price_difference": null, "return_items": null, "return_payment_method_id": null}', requestor='assistant', error=False, turn_idx=None, timestamp='2026-07-22T11:40:01.726539'), ToolMessage(id='call_01_bYcK3uKiY6hyWQEm1M0h6973', role='tool', content='{"order_id": "#W6876713", "user_id": "sofia_hernandez_5364", "address": {"address1": "652 Laurel Lane", "address2": "Suite 398", "city": "Seattle", "country": "USA", "state": "WA", "zip": "98193"}, "items": [{"name": "Espresso Machine", "product_id": "4354588079", "item_id": "6200867091", "price": 2955.17, "options": {"pressure": "19 bar", "capacity": "1L", "type": "capsule"}}, {"name": "T-Shirt", "product_id": "9523456873", "item_id": "3234800602", "price": 46.66, "options": {"color": "red", "size": "L", "material": "cotton", "style": "v-neck"}}, {"name": "Vacuum Cleaner", "product_id": "1762337868", "item_id": "1345513440", "price": 655.59, "options": {"type": "canister", "bagged/bagless": "bagged", "features": "cordless"}}, {"name": "Luggage Set", "product_id": "5426915165", "item_id": "6301799585", "price": 495.87, "options": {"piece count": "3-piece", "color": "blue", "material": "softshell"}}, {"name": "Grill", "product_id": "6819683148", "item_id": "7082455361", "price": 962.69, "options": {"type": "charcoal", "size": "medium", "features": "rotisserie"}}], "status": "delivered", "fulfillments": [{"tracking_id": ["970329203674"], "item_ids": ["6200867091", "3234800602", "1345513440", "6301799585", "7082455361"]}], "payment_history": [{"transaction_type": "payment", "amount": 5115.98, "payment_method_id": "credit_card_7901829"}], "cancel_reason": null, "exchange_items": null, "exchange_new_items": null, "exchange_payment_method_id": null, "exchange_price_difference": null, "return_items": null, "return_payment_method_id": null}', requestor='assistant', error=False, turn_idx=None, timestamp='2026-07-22T11:40:01.727547'), ToolMessage(id='call_02_0hAT9AuzzjSHPDTTvriT6676', role='tool', content='{"order_id": "#W9609649", "user_id": "sofia_hernandez_5364", "address": {"address1": "652 Laurel Lane", "address2": "Suite 398", "city": "Seattle", "country": "USA", "state": "WA", "zip": "98193"}, "items": [{"name": "E-Reader", "product_id": "3801771308", "item_id": "5510402676", "price": 267.07, "options": {"screen size": "6-inch", "connectivity": "Wi-Fi", "storage": "8GB"}}, {"name": "T-Shirt", "product_id": "9523456873", "item_id": "9612497925", "price": 50.88, "options": {"color": "blue", "size": "M", "material": "cotton", "style": "crew neck"}}, {"name": "T-Shirt", "product_id": "9523456873", "item_id": "1176194968", "price": 52.88, "options": {"color": "black", "size": "S", "material": "polyester", "style": "crew neck"}}, {"name": "Coffee Maker", "product_id": "7996920482", "item_id": "9862136885", "price": 258.32, "options": {"color": "black", "capacity": "2 cups", "type": "espresso", "features": "timer"}}, {"name": "Patio Umbrella", "product_id": "9743693396", "item_id": "8170914468", "price": 316.29, "options": {"size": "6 ft", "color": "red", "material": "olefin", "tilt mechanism": "manual tilt"}}], "status": "processed", "fulfillments": [{"tracking_id": ["395020036732"], "item_ids": ["5510402676", "9612497925", "1176194968", "9862136885", "8170914468"]}], "payment_history": [{"transaction_type": "payment", "amount": 945.44, "payment_method_id": "credit_card_7901829"}], "cancel_reason": null, "exchange_items": null, "exchange_new_items": null, "exchange_payment_method_id": null, "exchange_price_difference": null, "return_items": null, "return_payment_method_id": null}', requestor='assistant', error=False, turn_idx=None, timestamp='2026-07-22T11:40:01.727995'), ToolMessage(id='call_03_xSWavoKTYQKNJ8xUFXdd6182', role='tool', content='{"order_id": "#W3947049", "user_id": "sofia_hernandez_5364", "address": {"address1": "652 Laurel Lane", "address2": "Suite 398", "city": "Seattle", "country": "USA", "state": "WA", "zip": "98193"}, "items": [{"name": "Cycling Helmet", "product_id": "7765186836", "item_id": "3358616356", "price": 197.33, "options": {"size": "S", "color": "red", "ventilation": "low"}}], "status": "delivered", "fulfillments": [{"tracking_id": ["758823963547"], "item_ids": ["3358616356"]}], "payment_history": [{"transaction_type": "payment", "amount": 197.33, "payment_method_id": "credit_card_7901829"}], "cancel_reason": null, "exchange_items": null, "exchange_new_items": null, "exchange_payment_method_id": null, "exchange_price_difference": null, "return_items": null, "return_payment_method_id": null}', requestor='assistant', error=False, turn_idx=None, timestamp='2026-07-22T11:40:01.728994')]
2026-07-22 11:40:03.794 | DEBUG    | tau2.orchestrator.orchestrator:step:833 - Step 10. Sending message from Role.AGENT to Role.USER
2026-07-22 11:40:03.794 | DEBUG    | tau2.orchestrator.orchestrator:step:836 - Step 10.
From role: Role.AGENT
To role: Role.USER
Message: AssistantMessage
content: I can see you have two orders with grills:

1. **Order #W3561391** - A **gas grill** (portable) for **$1,057.24** — this order is **pending**, so it can be cancelled!
2. **Order #W6876713** - A **charcoal grill** (medium, with rotisserie) for **$962.69** — but this order is already **delivered**, so it can't be cancelled.

The pending order (#W3561391) with the gas grill is eligible for cancellation. Would you like to cancel that one? If so, could you please confirm the order ID and let me know the reason for cancellation? The acceptable reasons are either **"no longer needed"** or **"ordered by mistake"**.
is_final_chunk: True
2026-07-22 11:40:03.794 | DEBUG    | tau2.user.user_simulator:_generate_next_message:222 - User responds to message: AssistantMessage
content: I can see you have two orders with grills:

1. **Order #W3561391** - A **gas grill** (portable) for **$1,057.24** — this order is **pending**, so it can be cancelled!
2. **Order #W6876713** - A **charcoal grill** (medium, with rotisserie) for **$962.69** — but this order is already **delivered**, so it can't be cancelled.

The pending order (#W3561391) with the gas grill is eligible for cancellation. Would you like to cancel that one? If so, could you please confirm the order ID and let me know the reason for cancellation? The acceptable reasons are either **"no longer needed"** or **"ordered by mistake"**.
is_final_chunk: True
2026-07-22 11:40:05.266 | DEBUG    | tau2.user.user_simulator:_generate_next_message:244 - Response: Oh, I see! I think I was a bit hasty. Actually, I’d like to keep the gas grill after all—I just got excited about summer cookouts. Sorry for the back and forth!

While I have you, could you also tell me which two t-shirts I ordered in another order? I’m trying to remember what I picked, and I’d like to know what materials they’re made of.
2026-07-22 11:40:05.267 | DEBUG    | tau2.orchestrator.orchestrator:step:833 - Step 11. Sending message from Role.USER to Role.AGENT
2026-07-22 11:40:05.268 | DEBUG    | tau2.orchestrator.orchestrator:step:836 - Step 11.
From role: Role.USER
To role: Role.AGENT
Message: UserMessage
content: Oh, I see! I think I was a bit hasty. Actually, I’d like to keep the gas grill after all—I just got excited about summer cookouts. Sorry for the back and forth!

While I have you, could you also tell me which two t-shirts I ordered in another order? I’m trying to remember what I picked, and I’d like to know what materials they’re made of.
is_final_chunk: True
2026-07-22 11:40:07.420 | DEBUG    | tau2.orchestrator.orchestrator:step:833 - Step 12. Sending message from Role.AGENT to Role.ENV
2026-07-22 11:40:07.420 | DEBUG    | tau2.orchestrator.orchestrator:step:836 - Step 12.
From role: Role.AGENT
To role: Role.ENV
Message: AssistantMessage
content: No problem at all! Summer cookouts sound great! 😊

Let me look up the details on those t-shirts. From the orders I found, I can see you have t-shirts in two different orders:

**Order #W6876713** (delivered) has a red, size L, cotton, v-neck t-shirt (item ID: 3234800602).
**Order #W9609649** (processed) has two t-shirts:
- A blue, size M, cotton, crew neck t-shirt (item ID: 9612497925)
- A black, size S, polyester, crew neck t-shirt (item ID: 1176194968)

So it looks like you have three t-shirts across two orders! Let me get the product details to confirm the materials.
ToolCalls:
ToolCall (from assistant)
id: call_00_NUGosixqpXEN9wFWHWzT4284
name: get_product_details
arguments:
{
  "product_id": "9523456873"
}
is_final_chunk: True
2026-07-22 11:40:07.420 | DEBUG    | tau2.environment.environment:get_response:454 - Response: name='T-Shirt' product_id='9523456873' variants={'9612497925': Variant(item_id='9612497925', options={'color': 'blue', 'size': 'M', 'material': 'cotton', 'style': 'crew neck'}, available=True, price=50.88), '8124970213': Variant(item_id='8124970213', options={'color': 'purple', 'size': 'XL', 'material': 'cotton', 'style': 'crew neck'}, available=True, price=49.67), '9354168549': Variant(item_id='9354168549', options={'color': 'red', 'size': 'XXL', 'material': 'cotton', 'style': 'crew neck'}, available=True, price=46.85), '5253880258': Variant(item_id='5253880258', options={'color': 'black', 'size': 'XXL', 'material': 'polyester', 'style': 'v-neck'}, available=True, price=49.52), '1176194968': Variant(item_id='1176194968', options={'color': 'black', 'size': 'S', 'material': 'polyester', 'style': 'crew neck'}, available=True, price=52.88), '9647292434': Variant(item_id='9647292434', options={'color': 'purple', 'size': 'S', 'material': 'polyester', 'style': 'v-neck'}, available=True, price=53.48), '8349118980': Variant(item_id='8349118980', options={'color': 'blue', 'size': 'S', 'material': 'cotton', 'style': 'v-neck'}, available=True, price=53.43), '5047954489': Variant(item_id='5047954489', options={'color': 'blue', 'size': 'S', 'material': 'polyester', 'style': 'v-neck'}, available=False, price=54.84), '3799046073': Variant(item_id='3799046073', options={'color': 'black', 'size': 'XXL', 'material': 'cotton', 'style': 'crew neck'}, available=True, price=53.27), '3234800602': Variant(item_id='3234800602', options={'color': 'red', 'size': 'L', 'material': 'cotton', 'style': 'v-neck'}, available=True, price=46.66), '3542102174': Variant(item_id='3542102174', options={'color': 'red', 'size': 'S', 'material': 'cotton', 'style': 'crew neck'}, available=False, price=47.25), '2060066974': Variant(item_id='2060066974', options={'color': 'black', 'size': 'XL', 'material': 'cotton', 'style': 'crew neck'}, available=True, price=51.05)}
2026-07-22 11:40:07.420 | DEBUG    | tau2.orchestrator.orchestrator:step:833 - Step 13. Sending message from Role.ENV to Role.AGENT
2026-07-22 11:40:07.421 | DEBUG    | tau2.orchestrator.orchestrator:step:836 - Step 13.
From role: Role.ENV
To role: Role.AGENT
Message: ToolMessage (responding to assistant)
timestamp: 2026-07-22T11:40:07.420938
content: {"name": "T-Shirt", "product_id": "9523456873", "variants": {"9612497925": {"item_id": "9612497925", "options": {"color": "blue", "size": "M", "material": "cotton", "style": "crew neck"}, "available": true, "price": 50.88}, "8124970213": {"item_id": "8124970213", "options": {"color": "purple", "size": "XL", "material": "cotton", "style": "crew neck"}, "available": true, "price": 49.67}, "9354168549": {"item_id": "9354168549", "options": {"color": "red", "size": "XXL", "material": "cotton", "style": "crew neck"}, "available": true, "price": 46.85}, "5253880258": {"item_id": "5253880258", "options": {"color": "black", "size": "XXL", "material": "polyester", "style": "v-neck"}, "available": true, "price": 49.52}, "1176194968": {"item_id": "1176194968", "options": {"color": "black", "size": "S", "material": "polyester", "style": "crew neck"}, "available": true, "price": 52.88}, "9647292434": {"item_id": "9647292434", "options": {"color": "purple", "size": "S", "material": "polyester", "style": "v-neck"}, "available": true, "price": 53.48}, "8349118980": {"item_id": "8349118980", "options": {"color": "blue", "size": "S", "material": "cotton", "style": "v-neck"}, "available": true, "price": 53.43}, "5047954489": {"item_id": "5047954489", "options": {"color": "blue", "size": "S", "material": "polyester", "style": "v-neck"}, "available": false, "price": 54.84}, "3799046073": {"item_id": "3799046073", "options": {"color": "black", "size": "XXL", "material": "cotton", "style": "crew neck"}, "available": true, "price": 53.27}, "3234800602": {"item_id": "3234800602", "options": {"color": "red", "size": "L", "material": "cotton", "style": "v-neck"}, "available": true, "price": 46.66}, "3542102174": {"item_id": "3542102174", "options": {"color": "red", "size": "S", "material": "cotton", "style": "crew neck"}, "available": false, "price": 47.25}, "2060066974": {"item_id": "2060066974", "options": {"color": "black", "size": "XL", "material": "cotton", "style": "crew neck"}, "available": true, "price": 51.05}}}
2026-07-22 11:40:08.947 | DEBUG    | tau2.orchestrator.orchestrator:step:833 - Step 14. Sending message from Role.AGENT to Role.USER
2026-07-22 11:40:08.948 | DEBUG    | tau2.orchestrator.orchestrator:step:836 - Step 14.
From role: Role.AGENT
To role: Role.USER
Message: AssistantMessage
content: Here's a summary of all the t-shirts you've ordered:

**In Order #W6876713** (delivered):
- **Red, size L, v-neck** — made of **cotton** 🧵

**In Order #W9609649** (processed):
- **Blue, size M, crew neck** — made of **cotton** 🧵
- **Black, size S, crew neck** — made of **polyester** 🧵

So you've got two cotton t-shirts and one polyester one! Is there anything else I can help you with?
is_final_chunk: True
2026-07-22 11:40:08.948 | DEBUG    | tau2.user.user_simulator:_generate_next_message:222 - User responds to message: AssistantMessage
content: Here's a summary of all the t-shirts you've ordered:

**In Order #W6876713** (delivered):
- **Red, size L, v-neck** — made of **cotton** 🧵

**In Order #W9609649** (processed):
- **Blue, size M, crew neck** — made of **cotton** 🧵
- **Black, size S, crew neck** — made of **polyester** 🧵

So you've got two cotton t-shirts and one polyester one! Is there anything else I can help you with?
is_final_chunk: True
2026-07-22 11:40:09.875 | DEBUG    | tau2.user.user_simulator:_generate_next_message:244 - Response: Thanks for the details! That clears things up. I think that’s all I needed for now. Have a great day! 

###STOP###
2026-07-22 11:40:12.112 | INFO     | tau2.runner.simulation:run_simulation:87 - Simulation complete: domain=retail, task=24, reward=1.0
2026-07-22 11:40:12.112 | INFO     | tau2.runner.batch:run_single_task:442 - FINISHED SIMULATION: Domain: retail, Task: 24, Reward: 1.0
