2026-07-22 11:38:48.361 | DEBUG    | tau2.runner.batch:__enter__:301 - Task log file: D:\PolicyAgent-PostTrain\experiments\20260722_110504_retail_baseline20_trial1_deepseek\task_72\tau2_artifacts\artifacts\task_72\sim_3fb60ed4-1638-4290-8984-ee1c3b0d051f\task.log
2026-07-22 11:38:48.404 | INFO     | tau2.orchestrator.orchestrator:_validate_mode_compatibility:477 - Orchestrator initialized in HALF_DUPLEX mode (turn-based) with agent=LLMAgent, user=UserSimulator
2026-07-22 11:38:48.405 | DEBUG    | tau2.runner.build:build_text_orchestrator:400 - Built text orchestrator: domain=retail, agent=llm_agent, user=user_simulator, task=72
2026-07-22 11:38:48.405 | DEBUG    | tau2.orchestrator.orchestrator:step:833 - Step 0. Sending message from Role.AGENT to Role.USER
2026-07-22 11:38:48.405 | DEBUG    | tau2.orchestrator.orchestrator:step:836 - Step 0.
From role: Role.AGENT
To role: Role.USER
Message: AssistantMessage
content: Hi! How can I help you today?
is_final_chunk: True
2026-07-22 11:38:48.405 | DEBUG    | tau2.user.user_simulator:_generate_next_message:222 - User responds to message: AssistantMessage
content: Hi! How can I help you today?
is_final_chunk: True
2026-07-22 11:38:49.698 | DEBUG    | tau2.user.user_simulator:_generate_next_message:244 - Response: Hi there! I need a little help with an order I just placed. I realized I need to make a couple of changes—first, I’d like to modify the backpack and desk lamp in my order, and also, I accidentally sent it to my son’s address in Washington DC instead of my usual one. Could you help me sort that out?
2026-07-22 11:38:49.698 | DEBUG    | tau2.orchestrator.orchestrator:step:833 - Step 1. Sending message from Role.USER to Role.AGENT
2026-07-22 11:38:49.699 | DEBUG    | tau2.orchestrator.orchestrator:step:836 - Step 1.
From role: Role.USER
To role: Role.AGENT
Message: UserMessage
content: Hi there! I need a little help with an order I just placed. I realized I need to make a couple of changes—first, I’d like to modify the backpack and desk lamp in my order, and also, I accidentally sent it to my son’s address in Washington DC instead of my usual one. Could you help me sort that out?
is_final_chunk: True
2026-07-22 11:38:50.722 | DEBUG    | tau2.orchestrator.orchestrator:step:833 - Step 2. Sending message from Role.AGENT to Role.USER
2026-07-22 11:38:50.722 | DEBUG    | tau2.orchestrator.orchestrator:step:836 - Step 2.
From role: Role.AGENT
To role: Role.USER
Message: AssistantMessage
content: I'd be happy to help you with that! First, I need to authenticate your identity. Could you please provide me with your email address, or your name and zip code so I can look you up?
is_final_chunk: True
2026-07-22 11:38:50.722 | DEBUG    | tau2.user.user_simulator:_generate_next_message:222 - User responds to message: AssistantMessage
content: I'd be happy to help you with that! First, I need to authenticate your identity. Could you please provide me with your email address, or your name and zip code so I can look you up?
is_final_chunk: True
2026-07-22 11:38:51.498 | DEBUG    | tau2.user.user_simulator:_generate_next_message:244 - Response: Sure! My name is Ivan Khan and my zip code is 28243. I don’t remember my email address at the moment, but hopefully that’s enough to find my account.
2026-07-22 11:38:51.498 | DEBUG    | tau2.orchestrator.orchestrator:step:833 - Step 3. Sending message from Role.USER to Role.AGENT
2026-07-22 11:38:51.498 | DEBUG    | tau2.orchestrator.orchestrator:step:836 - Step 3.
From role: Role.USER
To role: Role.AGENT
Message: UserMessage
content: Sure! My name is Ivan Khan and my zip code is 28243. I don’t remember my email address at the moment, but hopefully that’s enough to find my account.
is_final_chunk: True
2026-07-22 11:38:53.050 | DEBUG    | tau2.orchestrator.orchestrator:step:833 - Step 4. Sending message from Role.AGENT to Role.ENV
2026-07-22 11:38:53.050 | DEBUG    | tau2.orchestrator.orchestrator:step:836 - Step 4.
From role: Role.AGENT
To role: Role.ENV
Message: AssistantMessage
content: Let me look you up with your name and zip code.
ToolCalls:
ToolCall (from assistant)
id: call_00_TbAqDwQgyZBoWAqyMJqa8165
name: find_user_id_by_name_zip
arguments:
{
  "first_name": "Ivan",
  "last_name": "Khan",
  "zip": "28243"
}
is_final_chunk: True
2026-07-22 11:38:53.051 | DEBUG    | tau2.environment.environment:get_response:454 - Response: ivan_khan_7475
2026-07-22 11:38:53.051 | DEBUG    | tau2.orchestrator.orchestrator:step:833 - Step 5. Sending message from Role.ENV to Role.AGENT
2026-07-22 11:38:53.051 | DEBUG    | tau2.orchestrator.orchestrator:step:836 - Step 5.
From role: Role.ENV
To role: Role.AGENT
Message: ToolMessage (responding to assistant)
timestamp: 2026-07-22T11:38:53.051204
content: ivan_khan_7475
2026-07-22 11:38:53.896 | DEBUG    | tau2.orchestrator.orchestrator:step:833 - Step 6. Sending message from Role.AGENT to Role.ENV
2026-07-22 11:38:53.896 | DEBUG    | tau2.orchestrator.orchestrator:step:836 - Step 6.
From role: Role.AGENT
To role: Role.ENV
Message: AssistantMessage
content: Great! I found you, Ivan. Let me get your details and your orders.
ToolCalls:
ToolCall (from assistant)
id: call_00_jrLtzxyPiOvsMeC2cZ8u0272
name: get_user_details
arguments:
{
  "user_id": "ivan_khan_7475"
}
is_final_chunk: True
2026-07-22 11:38:53.896 | DEBUG    | tau2.environment.environment:get_response:454 - Response: user_id='ivan_khan_7475' name=UserName(first_name='Ivan', last_name='Khan') address=UserAddress(address1='159 Hickory Lane', address2='Suite 995', city='Charlotte', country='USA', state='NC', zip='28243') email='ivan.khan6479@example.com' payment_methods={'gift_card_1711656': GiftCard(source='gift_card', id='gift_card_1711656', balance=62.0), 'paypal_7729105': Paypal(source='paypal', id='paypal_7729105')} orders=['#W5270061', '#W7032009', '#W1519594', '#W5782623']
2026-07-22 11:38:53.896 | DEBUG    | tau2.orchestrator.orchestrator:step:833 - Step 7. Sending message from Role.ENV to Role.AGENT
2026-07-22 11:38:53.896 | DEBUG    | tau2.orchestrator.orchestrator:step:836 - Step 7.
From role: Role.ENV
To role: Role.AGENT
Message: ToolMessage (responding to assistant)
timestamp: 2026-07-22T11:38:53.896208
content: {"user_id": "ivan_khan_7475", "name": {"first_name": "Ivan", "last_name": "Khan"}, "address": {"address1": "159 Hickory Lane", "address2": "Suite 995", "city": "Charlotte", "country": "USA", "state": "NC", "zip": "28243"}, "email": "ivan.khan6479@example.com", "payment_methods": {"gift_card_1711656": {"source": "gift_card", "id": "gift_card_1711656", "balance": 62.0}, "paypal_7729105": {"source": "paypal", "id": "paypal_7729105"}}, "orders": ["#W5270061", "#W7032009", "#W1519594", "#W5782623"]}
2026-07-22 11:38:54.934 | DEBUG    | tau2.orchestrator.orchestrator:step:833 - Step 8. Sending message from Role.AGENT to Role.USER
2026-07-22 11:38:54.935 | DEBUG    | tau2.orchestrator.orchestrator:step:836 - Step 8.
From role: Role.AGENT
To role: Role.USER
Message: AssistantMessage
content: I can see you have a few orders. Could you tell me which order ID you're referring to so I can check its status and details?
is_final_chunk: True
2026-07-22 11:38:54.935 | DEBUG    | tau2.user.user_simulator:_generate_next_message:222 - User responds to message: AssistantMessage
content: I can see you have a few orders. Could you tell me which order ID you're referring to so I can check its status and details?
is_final_chunk: True
2026-07-22 11:38:55.852 | DEBUG    | tau2.user.user_simulator:_generate_next_message:244 - Response: I’m sorry, I don’t have the order ID handy. It’s the most recent order I placed—it includes a desk lamp and a backpack. Is there a way you can find it using my name and zip code?
2026-07-22 11:38:55.852 | DEBUG    | tau2.orchestrator.orchestrator:step:833 - Step 9. Sending message from Role.USER to Role.AGENT
2026-07-22 11:38:55.852 | DEBUG    | tau2.orchestrator.orchestrator:step:836 - Step 9.
From role: Role.USER
To role: Role.AGENT
Message: UserMessage
content: I’m sorry, I don’t have the order ID handy. It’s the most recent order I placed—it includes a desk lamp and a backpack. Is there a way you can find it using my name and zip code?
is_final_chunk: True
2026-07-22 11:38:57.246 | DEBUG    | tau2.orchestrator.orchestrator:step:833 - Step 10. Sending message from Role.AGENT to Role.ENV
2026-07-22 11:38:57.246 | DEBUG    | tau2.orchestrator.orchestrator:step:836 - Step 10.
From role: Role.AGENT
To role: Role.ENV
Message: AssistantMessage
content: Let me check the details of your recent orders to find the one with a backpack and desk lamp.
ToolCalls:
ToolCall (from assistant)
id: call_00_zT2qOnODp915sdCGE8Tr3454
name: get_order_details
arguments:
{
  "order_id": "#W5270061"
}
ToolCall (from assistant)
id: call_01_egGUwjfF96y9Q3hDyheD5140
name: get_order_details
arguments:
{
  "order_id": "#W7032009"
}
ToolCall (from assistant)
id: call_02_WZaPLt5grdS47OTSEpNt2783
name: get_order_details
arguments:
{
  "order_id": "#W1519594"
}
ToolCall (from assistant)
id: call_03_QUhQOu6p6weA6bJKqmWl1684
name: get_order_details
arguments:
{
  "order_id": "#W5782623"
}
is_final_chunk: True
2026-07-22 11:38:57.247 | DEBUG    | tau2.environment.environment:get_response:454 - Response: order_id='#W5270061' user_id='ivan_khan_7475' address=UserAddress(address1='584 Sunset Drive', address2='Suite 270', city='Washington', country='USA', state='DC', zip='20353') items=[OrderItem(name='Backpack', product_id='2524789262', item_id='2492465580', price=201.95, options={'color': 'navy', 'size': 'small', 'material': 'nylon', 'compartment': 'laptop'}), OrderItem(name='Indoor Security Camera', product_id='2985987096', item_id='5810561222', price=274.98, options={'resolution': '4K', 'field of view': '130 degrees', 'connectivity': 'Wi-Fi'}), OrderItem(name='Desk Lamp', product_id='6817146515', item_id='7453605304', price=150.01, options={'color': 'silver', 'brightness': 'low', 'power source': 'battery'})] status='pending' fulfillments=[] payment_history=[OrderPayment(transaction_type='payment', amount=626.94, payment_method_id='gift_card_1711656')] cancel_reason=None exchange_items=None exchange_new_items=None exchange_payment_method_id=None exchange_price_difference=None return_items=None return_payment_method_id=None
2026-07-22 11:38:57.247 | DEBUG    | tau2.environment.environment:get_response:454 - Response: order_id='#W7032009' user_id='ivan_khan_7475' address=UserAddress(address1='159 Hickory Lane', address2='Suite 995', city='Charlotte', country='USA', state='NC', zip='28243') items=[OrderItem(name='Air Purifier', product_id='3821016478', item_id='7166996157', price=518.31, options={'room size': 'small', 'filter type': 'HEPA', 'features': 'night mode'}), OrderItem(name='Backpack', product_id='2524789262', item_id='8054888773', price=206.03, options={'color': 'grey', 'size': 'small', 'material': 'nylon', 'compartment': 'laptop'})] status='pending' fulfillments=[] payment_history=[OrderPayment(transaction_type='payment', amount=724.34, payment_method_id='paypal_7729105')] cancel_reason=None exchange_items=None exchange_new_items=None exchange_payment_method_id=None exchange_price_difference=None return_items=None return_payment_method_id=None
2026-07-22 11:38:57.247 | DEBUG    | tau2.environment.environment:get_response:454 - Response: order_id='#W1519594' user_id='ivan_khan_7475' address=UserAddress(address1='159 Hickory Lane', address2='Suite 995', city='Charlotte', country='USA', state='NC', zip='28243') items=[OrderItem(name='Electric Kettle', product_id='1075968781', item_id='9472539378', price=143.72, options={'capacity': '1.5L', 'material': 'glass', 'color': 'white'}), OrderItem(name='Wireless Earbuds', product_id='9924732112', item_id='1646531091', price=232.49, options={'color': 'blue', 'battery life': '6 hours', 'water resistance': 'IPX4'})] status='delivered' fulfillments=[OrderFullfilment(tracking_id=['772875761698'], item_ids=['9472539378', '1646531091'])] payment_history=[OrderPayment(transaction_type='payment', amount=376.21, payment_method_id='gift_card_1711656')] cancel_reason=None exchange_items=None exchange_new_items=None exchange_payment_method_id=None exchange_price_difference=None return_items=None return_payment_method_id=None
2026-07-22 11:38:57.248 | DEBUG    | tau2.environment.environment:get_response:454 - Response: order_id='#W5782623' user_id='ivan_khan_7475' address=UserAddress(address1='159 Hickory Lane', address2='Suite 995', city='Charlotte', country='USA', state='NC', zip='28243') items=[OrderItem(name='Backpack', product_id='2524789262', item_id='2492465580', price=201.95, options={'color': 'navy', 'size': 'small', 'material': 'nylon', 'compartment': 'laptop'}), OrderItem(name='Perfume', product_id='6858788497', item_id='1002370030', price=290.25, options={'scent family': 'woody', 'size': '50ml', 'gender': 'women'})] status='pending' fulfillments=[] payment_history=[OrderPayment(transaction_type='payment', amount=492.2, payment_method_id='gift_card_1711656')] cancel_reason=None exchange_items=None exchange_new_items=None exchange_payment_method_id=None exchange_price_difference=None return_items=None return_payment_method_id=None
2026-07-22 11:38:57.248 | DEBUG    | tau2.orchestrator.orchestrator:step:833 - Step 11. Sending message from Role.ENV to Role.AGENT
2026-07-22 11:38:57.248 | DEBUG    | tau2.orchestrator.orchestrator:step:836 - Step 11.
From role: Role.ENV
To role: Role.AGENT
Message: role='tool' tool_messages=[ToolMessage(id='call_00_zT2qOnODp915sdCGE8Tr3454', role='tool', content='{"order_id": "#W5270061", "user_id": "ivan_khan_7475", "address": {"address1": "584 Sunset Drive", "address2": "Suite 270", "city": "Washington", "country": "USA", "state": "DC", "zip": "20353"}, "items": [{"name": "Backpack", "product_id": "2524789262", "item_id": "2492465580", "price": 201.95, "options": {"color": "navy", "size": "small", "material": "nylon", "compartment": "laptop"}}, {"name": "Indoor Security Camera", "product_id": "2985987096", "item_id": "5810561222", "price": 274.98, "options": {"resolution": "4K", "field of view": "130 degrees", "connectivity": "Wi-Fi"}}, {"name": "Desk Lamp", "product_id": "6817146515", "item_id": "7453605304", "price": 150.01, "options": {"color": "silver", "brightness": "low", "power source": "battery"}}], "status": "pending", "fulfillments": [], "payment_history": [{"transaction_type": "payment", "amount": 626.94, "payment_method_id": "gift_card_1711656"}], "cancel_reason": null, "exchange_items": null, "exchange_new_items": null, "exchange_payment_method_id": null, "exchange_price_difference": null, "return_items": null, "return_payment_method_id": null}', requestor='assistant', error=False, turn_idx=None, timestamp='2026-07-22T11:38:57.247109'), ToolMessage(id='call_01_egGUwjfF96y9Q3hDyheD5140', role='tool', content='{"order_id": "#W7032009", "user_id": "ivan_khan_7475", "address": {"address1": "159 Hickory Lane", "address2": "Suite 995", "city": "Charlotte", "country": "USA", "state": "NC", "zip": "28243"}, "items": [{"name": "Air Purifier", "product_id": "3821016478", "item_id": "7166996157", "price": 518.31, "options": {"room size": "small", "filter type": "HEPA", "features": "night mode"}}, {"name": "Backpack", "product_id": "2524789262", "item_id": "8054888773", "price": 206.03, "options": {"color": "grey", "size": "small", "material": "nylon", "compartment": "laptop"}}], "status": "pending", "fulfillments": [], "payment_history": [{"transaction_type": "payment", "amount": 724.34, "payment_method_id": "paypal_7729105"}], "cancel_reason": null, "exchange_items": null, "exchange_new_items": null, "exchange_payment_method_id": null, "exchange_price_difference": null, "return_items": null, "return_payment_method_id": null}', requestor='assistant', error=False, turn_idx=None, timestamp='2026-07-22T11:38:57.247109'), ToolMessage(id='call_02_WZaPLt5grdS47OTSEpNt2783', role='tool', content='{"order_id": "#W1519594", "user_id": "ivan_khan_7475", "address": {"address1": "159 Hickory Lane", "address2": "Suite 995", "city": "Charlotte", "country": "USA", "state": "NC", "zip": "28243"}, "items": [{"name": "Electric Kettle", "product_id": "1075968781", "item_id": "9472539378", "price": 143.72, "options": {"capacity": "1.5L", "material": "glass", "color": "white"}}, {"name": "Wireless Earbuds", "product_id": "9924732112", "item_id": "1646531091", "price": 232.49, "options": {"color": "blue", "battery life": "6 hours", "water resistance": "IPX4"}}], "status": "delivered", "fulfillments": [{"tracking_id": ["772875761698"], "item_ids": ["9472539378", "1646531091"]}], "payment_history": [{"transaction_type": "payment", "amount": 376.21, "payment_method_id": "gift_card_1711656"}], "cancel_reason": null, "exchange_items": null, "exchange_new_items": null, "exchange_payment_method_id": null, "exchange_price_difference": null, "return_items": null, "return_payment_method_id": null}', requestor='assistant', error=False, turn_idx=None, timestamp='2026-07-22T11:38:57.248110'), ToolMessage(id='call_03_QUhQOu6p6weA6bJKqmWl1684', role='tool', content='{"order_id": "#W5782623", "user_id": "ivan_khan_7475", "address": {"address1": "159 Hickory Lane", "address2": "Suite 995", "city": "Charlotte", "country": "USA", "state": "NC", "zip": "28243"}, "items": [{"name": "Backpack", "product_id": "2524789262", "item_id": "2492465580", "price": 201.95, "options": {"color": "navy", "size": "small", "material": "nylon", "compartment": "laptop"}}, {"name": "Perfume", "product_id": "6858788497", "item_id": "1002370030", "price": 290.25, "options": {"scent family": "woody", "size": "50ml", "gender": "women"}}], "status": "pending", "fulfillments": [], "payment_history": [{"transaction_type": "payment", "amount": 492.2, "payment_method_id": "gift_card_1711656"}], "cancel_reason": null, "exchange_items": null, "exchange_new_items": null, "exchange_payment_method_id": null, "exchange_price_difference": null, "return_items": null, "return_payment_method_id": null}', requestor='assistant', error=False, turn_idx=None, timestamp='2026-07-22T11:38:57.248110')]
2026-07-22 11:38:59.702 | DEBUG    | tau2.orchestrator.orchestrator:step:833 - Step 12. Sending message from Role.AGENT to Role.USER
2026-07-22 11:38:59.702 | DEBUG    | tau2.orchestrator.orchestrator:step:836 - Step 12.
From role: Role.AGENT
To role: Role.USER
Message: AssistantMessage
content: I found it! The most recent order with a backpack and desk lamp is **#W5270061**. It's currently in **pending** status, so we can work with it.

Let me summarize what I see:

**Order #W5270061** contains:
1. **Backpack** (navy, small, nylon, laptop compartment) - $201.95
2. **Indoor Security Camera** - $274.98
3. **Desk Lamp** (silver, low brightness, battery) - $150.01

The order is currently being shipped to **584 Sunset Drive, Suite 270, Washington, DC 20353** (your son's address).

You mentioned you'd like to:
1. **Modify the backpack and desk lamp** items (change their options)
2. **Change the shipping address** to your usual address

Let's start with the items. Could you tell me what specific changes you'd like to make to the backpack and desk lamp? For example, what different options (color, size, material, etc.) would you like instead?
is_final_chunk: True
2026-07-22 11:38:59.702 | DEBUG    | tau2.user.user_simulator:_generate_next_message:222 - User responds to message: AssistantMessage
content: I found it! The most recent order with a backpack and desk lamp is **#W5270061**. It's currently in **pending** status, so we can work with it.

Let me summarize what I see:

**Order #W5270061** contains:
1. **Backpack** (navy, small, nylon, laptop compartment) - $201.95
2. **Indoor Security Camera** - $274.98
3. **Desk Lamp** (silver, low brightness, battery) - $150.01

The order is currently being shipped to **584 Sunset Drive, Suite 270, Washington, DC 20353** (your son's address).

You mentioned you'd like to:
1. **Modify the backpack and desk lamp** items (change their options)
2. **Change the shipping address** to your usual address

Let's start with the items. Could you tell me what specific changes you'd like to make to the backpack and desk lamp? For example, what different options (color, size, material, etc.) would you like instead?
is_final_chunk: True
2026-07-22 11:39:00.794 | DEBUG    | tau2.user.user_simulator:_generate_next_message:244 - Response: Thanks for checking! For the desk lamp, I’d like to change it to black instead of silver. For the backpack, I’d like it to be medium size and made of polyester. If there are different colors available for the backpack, I’d prefer grey. 

And yes, please update the shipping to my default address in Charlotte instead of Washington DC.
2026-07-22 11:39:00.794 | DEBUG    | tau2.orchestrator.orchestrator:step:833 - Step 13. Sending message from Role.USER to Role.AGENT
2026-07-22 11:39:00.794 | DEBUG    | tau2.orchestrator.orchestrator:step:836 - Step 13.
From role: Role.USER
To role: Role.AGENT
Message: UserMessage
content: Thanks for checking! For the desk lamp, I’d like to change it to black instead of silver. For the backpack, I’d like it to be medium size and made of polyester. If there are different colors available for the backpack, I’d prefer grey. 

And yes, please update the shipping to my default address in Charlotte instead of Washington DC.
is_final_chunk: True
2026-07-22 11:39:02.032 | DEBUG    | tau2.orchestrator.orchestrator:step:833 - Step 14. Sending message from Role.AGENT to Role.ENV
2026-07-22 11:39:02.032 | DEBUG    | tau2.orchestrator.orchestrator:step:836 - Step 14.
From role: Role.AGENT
To role: Role.ENV
Message: AssistantMessage
content: Let me look up the product details for the backpack and desk lamp to see what options are available.
ToolCalls:
ToolCall (from assistant)
id: call_00_lCTM6chLgHclU0DfeQBZ4633
name: get_product_details
arguments:
{
  "product_id": "2524789262"
}
ToolCall (from assistant)
id: call_01_wQxu5OMMAJd1o6CM1GD67224
name: get_product_details
arguments:
{
  "product_id": "6817146515"
}
is_final_chunk: True
2026-07-22 11:39:02.032 | DEBUG    | tau2.environment.environment:get_response:454 - Response: name='Backpack' product_id='2524789262' variants={'3928046918': Variant(item_id='3928046918', options={'color': 'black', 'size': 'large', 'material': 'nylon', 'compartment': 'camera'}, available=True, price=198.0), '7251508981': Variant(item_id='7251508981', options={'color': 'green', 'size': 'small', 'material': 'leather', 'compartment': 'camera'}, available=True, price=212.04), '5726859009': Variant(item_id='5726859009', options={'color': 'grey', 'size': 'large', 'material': 'nylon', 'compartment': 'hydration'}, available=True, price=200.48), '3557711149': Variant(item_id='3557711149', options={'color': 'green', 'size': 'small', 'material': 'polyester', 'compartment': 'laptop'}, available=True, price=205.35), '6309044598': Variant(item_id='6309044598', options={'color': 'grey', 'size': 'large', 'material': 'polyester', 'compartment': 'hydration'}, available=True, price=218.59), '8030558068': Variant(item_id='8030558068', options={'color': 'black', 'size': 'medium', 'material': 'nylon', 'compartment': 'hydration'}, available=False, price=186.78), '8054888773': Variant(item_id='8054888773', options={'color': 'grey', 'size': 'small', 'material': 'nylon', 'compartment': 'laptop'}, available=True, price=206.03), '7824298782': Variant(item_id='7824298782', options={'color': 'black', 'size': 'small', 'material': 'nylon', 'compartment': 'laptop'}, available=False, price=200.38), '2492465580': Variant(item_id='2492465580', options={'color': 'navy', 'size': 'small', 'material': 'nylon', 'compartment': 'laptop'}, available=False, price=201.95), '9851293632': Variant(item_id='9851293632', options={'color': 'green', 'size': 'small', 'material': 'polyester', 'compartment': 'camera'}, available=True, price=193.38), '4947717507': Variant(item_id='4947717507', options={'color': 'green', 'size': 'medium', 'material': 'leather', 'compartment': 'camera'}, available=False, price=218.04), '6906307980': Variant(item_id='6906307980', options={'color': 'black', 'size': 'large', 'material': 'polyester', 'compartment': 'laptop'}, available=True, price=202.39), '5917587651': Variant(item_id='5917587651', options={'color': 'grey', 'size': 'medium', 'material': 'polyester', 'compartment': 'laptop'}, available=True, price=212.79), '8084436579': Variant(item_id='8084436579', options={'color': 'navy', 'size': 'large', 'material': 'polyester', 'compartment': 'laptop'}, available=True, price=219.43)}
2026-07-22 11:39:02.032 | DEBUG    | tau2.environment.environment:get_response:454 - Response: name='Desk Lamp' product_id='6817146515' variants={'9083642334': Variant(item_id='9083642334', options={'color': 'white', 'brightness': 'high', 'power source': 'USB'}, available=True, price=164.28), '4385534692': Variant(item_id='4385534692', options={'color': 'white', 'brightness': 'high', 'power source': 'AC adapter'}, available=False, price=138.07), '7624783998': Variant(item_id='7624783998', options={'color': 'black', 'brightness': 'high', 'power source': 'AC adapter'}, available=True, price=154.17), '1270145486': Variant(item_id='1270145486', options={'color': 'white', 'brightness': 'high', 'power source': 'battery'}, available=False, price=144.07), '5320792178': Variant(item_id='5320792178', options={'color': 'black', 'brightness': 'medium', 'power source': 'AC adapter'}, available=True, price=135.24), '5370728469': Variant(item_id='5370728469', options={'color': 'silver', 'brightness': 'medium', 'power source': 'USB'}, available=True, price=164.97), '6805564527': Variant(item_id='6805564527', options={'color': 'black', 'brightness': 'medium', 'power source': 'USB'}, available=True, price=158.41), '1569765161': Variant(item_id='1569765161', options={'color': 'silver', 'brightness': 'low', 'power source': 'AC adapter'}, available=True, price=143.02), '7453605304': Variant(item_id='7453605304', options={'color': 'silver', 'brightness': 'low', 'power source': 'battery'}, available=True, price=150.01), '9190635437': Variant(item_id='9190635437', options={'color': 'black', 'brightness': 'low', 'power source': 'USB'}, available=True, price=153.23), '4447749792': Variant(item_id='4447749792', options={'color': 'white', 'brightness': 'medium', 'power source': 'AC adapter'}, available=False, price=139.8), '8384507844': Variant(item_id='8384507844', options={'color': 'white', 'brightness': 'medium', 'power source': 'USB'}, available=False, price=137.94)}
2026-07-22 11:39:02.033 | DEBUG    | tau2.orchestrator.orchestrator:step:833 - Step 15. Sending message from Role.ENV to Role.AGENT
2026-07-22 11:39:02.033 | DEBUG    | tau2.orchestrator.orchestrator:step:836 - Step 15.
From role: Role.ENV
To role: Role.AGENT
Message: role='tool' tool_messages=[ToolMessage(id='call_00_lCTM6chLgHclU0DfeQBZ4633', role='tool', content='{"name": "Backpack", "product_id": "2524789262", "variants": {"3928046918": {"item_id": "3928046918", "options": {"color": "black", "size": "large", "material": "nylon", "compartment": "camera"}, "available": true, "price": 198.0}, "7251508981": {"item_id": "7251508981", "options": {"color": "green", "size": "small", "material": "leather", "compartment": "camera"}, "available": true, "price": 212.04}, "5726859009": {"item_id": "5726859009", "options": {"color": "grey", "size": "large", "material": "nylon", "compartment": "hydration"}, "available": true, "price": 200.48}, "3557711149": {"item_id": "3557711149", "options": {"color": "green", "size": "small", "material": "polyester", "compartment": "laptop"}, "available": true, "price": 205.35}, "6309044598": {"item_id": "6309044598", "options": {"color": "grey", "size": "large", "material": "polyester", "compartment": "hydration"}, "available": true, "price": 218.59}, "8030558068": {"item_id": "8030558068", "options": {"color": "black", "size": "medium", "material": "nylon", "compartment": "hydration"}, "available": false, "price": 186.78}, "8054888773": {"item_id": "8054888773", "options": {"color": "grey", "size": "small", "material": "nylon", "compartment": "laptop"}, "available": true, "price": 206.03}, "7824298782": {"item_id": "7824298782", "options": {"color": "black", "size": "small", "material": "nylon", "compartment": "laptop"}, "available": false, "price": 200.38}, "2492465580": {"item_id": "2492465580", "options": {"color": "navy", "size": "small", "material": "nylon", "compartment": "laptop"}, "available": false, "price": 201.95}, "9851293632": {"item_id": "9851293632", "options": {"color": "green", "size": "small", "material": "polyester", "compartment": "camera"}, "available": true, "price": 193.38}, "4947717507": {"item_id": "4947717507", "options": {"color": "green", "size": "medium", "material": "leather", "compartment": "camera"}, "available": false, "price": 218.04}, "6906307980": {"item_id": "6906307980", "options": {"color": "black", "size": "large", "material": "polyester", "compartment": "laptop"}, "available": true, "price": 202.39}, "5917587651": {"item_id": "5917587651", "options": {"color": "grey", "size": "medium", "material": "polyester", "compartment": "laptop"}, "available": true, "price": 212.79}, "8084436579": {"item_id": "8084436579", "options": {"color": "navy", "size": "large", "material": "polyester", "compartment": "laptop"}, "available": true, "price": 219.43}}}', requestor='assistant', error=False, turn_idx=None, timestamp='2026-07-22T11:39:02.032501'), ToolMessage(id='call_01_wQxu5OMMAJd1o6CM1GD67224', role='tool', content='{"name": "Desk Lamp", "product_id": "6817146515", "variants": {"9083642334": {"item_id": "9083642334", "options": {"color": "white", "brightness": "high", "power source": "USB"}, "available": true, "price": 164.28}, "4385534692": {"item_id": "4385534692", "options": {"color": "white", "brightness": "high", "power source": "AC adapter"}, "available": false, "price": 138.07}, "7624783998": {"item_id": "7624783998", "options": {"color": "black", "brightness": "high", "power source": "AC adapter"}, "available": true, "price": 154.17}, "1270145486": {"item_id": "1270145486", "options": {"color": "white", "brightness": "high", "power source": "battery"}, "available": false, "price": 144.07}, "5320792178": {"item_id": "5320792178", "options": {"color": "black", "brightness": "medium", "power source": "AC adapter"}, "available": true, "price": 135.24}, "5370728469": {"item_id": "5370728469", "options": {"color": "silver", "brightness": "medium", "power source": "USB"}, "available": true, "price": 164.97}, "6805564527": {"item_id": "6805564527", "options": {"color": "black", "brightness": "medium", "power source": "USB"}, "available": true, "price": 158.41}, "1569765161": {"item_id": "1569765161", "options": {"color": "silver", "brightness": "low", "power source": "AC adapter"}, "available": true, "price": 143.02}, "7453605304": {"item_id": "7453605304", "options": {"color": "silver", "brightness": "low", "power source": "battery"}, "available": true, "price": 150.01}, "9190635437": {"item_id": "9190635437", "options": {"color": "black", "brightness": "low", "power source": "USB"}, "available": true, "price": 153.23}, "4447749792": {"item_id": "4447749792", "options": {"color": "white", "brightness": "medium", "power source": "AC adapter"}, "available": false, "price": 139.8}, "8384507844": {"item_id": "8384507844", "options": {"color": "white", "brightness": "medium", "power source": "USB"}, "available": false, "price": 137.94}}}', requestor='assistant', error=False, turn_idx=None, timestamp='2026-07-22T11:39:02.033499')]
2026-07-22 11:39:04.791 | DEBUG    | tau2.orchestrator.orchestrator:step:833 - Step 16. Sending message from Role.AGENT to Role.USER
2026-07-22 11:39:04.791 | DEBUG    | tau2.orchestrator.orchestrator:step:836 - Step 16.
From role: Role.AGENT
To role: Role.USER
Message: AssistantMessage
content: Great, I've found the available options. Let me summarize what's available:

**For the Desk Lamp** (currently: silver, low brightness, battery - item #7453605304):
- You want **black** color. There are several black options available. The current lamp has "low brightness" and "battery" power source. Which black option would you like?
  - **Black, high brightness, AC adapter** - $154.17 (item #7624783998)
  - **Black, medium brightness, AC adapter** - $135.24 (item #5320792178)
  - **Black, medium brightness, USB** - $158.41 (item #6805564527)
  - **Black, low brightness, USB** - $153.23 (item #9190635437)

**For the Backpack** (currently: navy, small, nylon, laptop compartment - item #2492465580):
- You want **grey, medium size, polyester**. The closest match is:
  - **Grey, medium, polyester, laptop compartment** - $212.79 (item #5917587651) ✅ Available

Could you let me know which black desk lamp option you'd like? Also, for the backpack, the **grey, medium, polyester, laptop compartment** option seems to match perfectly. Does that work for you?
is_final_chunk: True
2026-07-22 11:39:04.791 | DEBUG    | tau2.user.user_simulator:_generate_next_message:222 - User responds to message: AssistantMessage
content: Great, I've found the available options. Let me summarize what's available:

**For the Desk Lamp** (currently: silver, low brightness, battery - item #7453605304):
- You want **black** color. There are several black options available. The current lamp has "low brightness" and "battery" power source. Which black option would you like?
  - **Black, high brightness, AC adapter** - $154.17 (item #7624783998)
  - **Black, medium brightness, AC adapter** - $135.24 (item #5320792178)
  - **Black, medium brightness, USB** - $158.41 (item #6805564527)
  - **Black, low brightness, USB** - $153.23 (item #9190635437)

**For the Backpack** (currently: navy, small, nylon, laptop compartment - item #2492465580):
- You want **grey, medium size, polyester**. The closest match is:
  - **Grey, medium, polyester, laptop compartment** - $212.79 (item #5917587651) ✅ Available

Could you let me know which black desk lamp option you'd like? Also, for the backpack, the **grey, medium, polyester, laptop compartment** option seems to match perfectly. Does that work for you?
is_final_chunk: True
2026-07-22 11:39:05.844 | DEBUG    | tau2.user.user_simulator:_generate_next_message:244 - Response: Thanks for laying that out so clearly! For the desk lamp, I’ll go with the black, medium brightness, AC adapter option. And yes, the grey, medium, polyester backpack with the laptop compartment sounds perfect. Please go ahead with those changes!
2026-07-22 11:39:05.844 | DEBUG    | tau2.orchestrator.orchestrator:step:833 - Step 17. Sending message from Role.USER to Role.AGENT
2026-07-22 11:39:05.844 | DEBUG    | tau2.orchestrator.orchestrator:step:836 - Step 17.
From role: Role.USER
To role: Role.AGENT
Message: UserMessage
content: Thanks for laying that out so clearly! For the desk lamp, I’ll go with the black, medium brightness, AC adapter option. And yes, the grey, medium, polyester backpack with the laptop compartment sounds perfect. Please go ahead with those changes!
is_final_chunk: True
2026-07-22 11:39:08.633 | DEBUG    | tau2.orchestrator.orchestrator:step:833 - Step 18. Sending message from Role.AGENT to Role.USER
2026-07-22 11:39:08.633 | DEBUG    | tau2.orchestrator.orchestrator:step:836 - Step 18.
From role: Role.AGENT
To role: Role.USER
Message: AssistantMessage
content: Before I proceed, I need to check on the price differences and the payment method. Let me calculate:

**Current items:**
1. Backpack (navy, small, nylon, laptop) - item #2492465580 - $201.95
2. Desk Lamp (silver, low, battery) - item #7453605304 - $150.01

**New items:**
1. Backpack (grey, medium, polyester, laptop) - item #5917587651 - $212.79
2. Desk Lamp (black, medium, AC adapter) - item #5320792178 - $135.24

**Price difference:**
- Backpack: $212.79 - $201.95 = +$10.84 (you pay extra)
- Desk Lamp: $135.24 - $150.01 = -$14.77 (you get refund)
- Total difference: $10.84 - $14.77 = -$3.93 (you get a refund of $3.93)

Since there's a price difference, I'll need a payment method to handle the refund/payment. Your current order was paid with **gift_card_1711656** (balance: $62.00). Since you'd be getting a refund of $3.93, we could use that same gift card to receive the refund. Would that work for you?

Also, regarding the **shipping address** - you'd like it changed to your default address, which is:
- **159 Hickory Lane, Suite 995, Charlotte, NC 28243, USA**

Is that correct?
is_final_chunk: True
2026-07-22 11:39:08.633 | DEBUG    | tau2.user.user_simulator:_generate_next_message:222 - User responds to message: AssistantMessage
content: Before I proceed, I need to check on the price differences and the payment method. Let me calculate:

**Current items:**
1. Backpack (navy, small, nylon, laptop) - item #2492465580 - $201.95
2. Desk Lamp (silver, low, battery) - item #7453605304 - $150.01

**New items:**
1. Backpack (grey, medium, polyester, laptop) - item #5917587651 - $212.79
2. Desk Lamp (black, medium, AC adapter) - item #5320792178 - $135.24

**Price difference:**
- Backpack: $212.79 - $201.95 = +$10.84 (you pay extra)
- Desk Lamp: $135.24 - $150.01 = -$14.77 (you get refund)
- Total difference: $10.84 - $14.77 = -$3.93 (you get a refund of $3.93)

Since there's a price difference, I'll need a payment method to handle the refund/payment. Your current order was paid with **gift_card_1711656** (balance: $62.00). Since you'd be getting a refund of $3.93, we could use that same gift card to receive the refund. Would that work for you?

Also, regarding the **shipping address** - you'd like it changed to your default address, which is:
- **159 Hickory Lane, Suite 995, Charlotte, NC 28243, USA**

Is that correct?
is_final_chunk: True
2026-07-22 11:39:09.912 | DEBUG    | tau2.user.user_simulator:_generate_next_message:244 - Response: Yes, please use the gift card for the refund. And the Charlotte address you mentioned is correct—please update the shipping to that address.

Go ahead with the changes!
2026-07-22 11:39:09.912 | DEBUG    | tau2.orchestrator.orchestrator:step:833 - Step 19. Sending message from Role.USER to Role.AGENT
2026-07-22 11:39:09.912 | DEBUG    | tau2.orchestrator.orchestrator:step:836 - Step 19.
From role: Role.USER
To role: Role.AGENT
Message: UserMessage
content: Yes, please use the gift card for the refund. And the Charlotte address you mentioned is correct—please update the shipping to that address.

Go ahead with the changes!
is_final_chunk: True
2026-07-22 11:39:11.995 | DEBUG    | tau2.orchestrator.orchestrator:step:833 - Step 20. Sending message from Role.AGENT to Role.USER
2026-07-22 11:39:11.995 | DEBUG    | tau2.orchestrator.orchestrator:step:836 - Step 20.
From role: Role.AGENT
To role: Role.USER
Message: AssistantMessage
content: Before I proceed, I need to remind you that modifying items in a pending order can only be done **once**, and after that, the order cannot be modified or cancelled anymore. So please confirm that you've provided **all the items** you want to modify.

You want to modify:
1. **Backpack** (item #2492465580) → **Grey, medium, polyester, laptop** (item #5917587651)
2. **Desk Lamp** (item #7453605304) → **Black, medium brightness, AC adapter** (item #5320792178)

And also update the shipping address to your Charlotte address.

Could you please confirm that these are **all** the changes you'd like to make?
is_final_chunk: True
2026-07-22 11:39:11.995 | DEBUG    | tau2.user.user_simulator:_generate_next_message:222 - User responds to message: AssistantMessage
content: Before I proceed, I need to remind you that modifying items in a pending order can only be done **once**, and after that, the order cannot be modified or cancelled anymore. So please confirm that you've provided **all the items** you want to modify.

You want to modify:
1. **Backpack** (item #2492465580) → **Grey, medium, polyester, laptop** (item #5917587651)
2. **Desk Lamp** (item #7453605304) → **Black, medium brightness, AC adapter** (item #5320792178)

And also update the shipping address to your Charlotte address.

Could you please confirm that these are **all** the changes you'd like to make?
is_final_chunk: True
2026-07-22 11:39:13.411 | DEBUG    | tau2.user.user_simulator:_generate_next_message:244 - Response: Actually, after thinking it over, I’d like to only modify the backpack to the grey, medium, polyester option. Please leave the desk lamp as it is. And yes, please update the shipping to my Charlotte address.

Also, instead of using the gift card, I’d like to use PayPal for any payment or refund. Sorry for changing my mind!
2026-07-22 11:39:13.413 | DEBUG    | tau2.orchestrator.orchestrator:step:833 - Step 21. Sending message from Role.USER to Role.AGENT
2026-07-22 11:39:13.413 | DEBUG    | tau2.orchestrator.orchestrator:step:836 - Step 21.
From role: Role.USER
To role: Role.AGENT
Message: UserMessage
content: Actually, after thinking it over, I’d like to only modify the backpack to the grey, medium, polyester option. Please leave the desk lamp as it is. And yes, please update the shipping to my Charlotte address.

Also, instead of using the gift card, I’d like to use PayPal for any payment or refund. Sorry for changing my mind!
is_final_chunk: True
2026-07-22 11:39:15.880 | DEBUG    | tau2.orchestrator.orchestrator:step:833 - Step 22. Sending message from Role.AGENT to Role.USER
2026-07-22 11:39:15.880 | DEBUG    | tau2.orchestrator.orchestrator:step:836 - Step 22.
From role: Role.AGENT
To role: Role.USER
Message: AssistantMessage
content: No problem at all! Let me recalculate the price difference.

**Items to modify:**
1. Backpack (item #2492465580 - $201.95) → Grey, medium, polyester, laptop (item #5917587651 - $212.79)

**Price difference:** $212.79 - $201.95 = **+$10.84** (you need to pay $10.84)

You'd like to use **PayPal** (paypal_7729105) for the payment. Let me also check the desk lamp - since you're not changing it, we'll leave it as is.

So here's a summary of what I'll do:

**1. Modify items:**
- Change backpack from (navy, small, nylon, laptop) to (grey, medium, polyester, laptop)
- Payment method for price difference: **PayPal** (paypal_7729105)
- Desk lamp stays the same

**2. Modify shipping address:**
- From: 584 Sunset Drive, Suite 270, Washington, DC 20353
- To: 159 Hickory Lane, Suite 995, Charlotte, NC 28243, USA

Could you please confirm **yes** to proceed with these changes?
is_final_chunk: True
2026-07-22 11:39:15.880 | DEBUG    | tau2.user.user_simulator:_generate_next_message:222 - User responds to message: AssistantMessage
content: No problem at all! Let me recalculate the price difference.

**Items to modify:**
1. Backpack (item #2492465580 - $201.95) → Grey, medium, polyester, laptop (item #5917587651 - $212.79)

**Price difference:** $212.79 - $201.95 = **+$10.84** (you need to pay $10.84)

You'd like to use **PayPal** (paypal_7729105) for the payment. Let me also check the desk lamp - since you're not changing it, we'll leave it as is.

So here's a summary of what I'll do:

**1. Modify items:**
- Change backpack from (navy, small, nylon, laptop) to (grey, medium, polyester, laptop)
- Payment method for price difference: **PayPal** (paypal_7729105)
- Desk lamp stays the same

**2. Modify shipping address:**
- From: 584 Sunset Drive, Suite 270, Washington, DC 20353
- To: 159 Hickory Lane, Suite 995, Charlotte, NC 28243, USA

Could you please confirm **yes** to proceed with these changes?
is_final_chunk: True
2026-07-22 11:39:16.889 | DEBUG    | tau2.user.user_simulator:_generate_next_message:244 - Response: Yes, that’s all correct—please go ahead with the changes. Thank you for being so thorough!
2026-07-22 11:39:16.889 | DEBUG    | tau2.orchestrator.orchestrator:step:833 - Step 23. Sending message from Role.USER to Role.AGENT
2026-07-22 11:39:16.890 | DEBUG    | tau2.orchestrator.orchestrator:step:836 - Step 23.
From role: Role.USER
To role: Role.AGENT
Message: UserMessage
content: Yes, that’s all correct—please go ahead with the changes. Thank you for being so thorough!
is_final_chunk: True
2026-07-22 11:39:18.300 | DEBUG    | tau2.orchestrator.orchestrator:step:833 - Step 24. Sending message from Role.AGENT to Role.ENV
2026-07-22 11:39:18.300 | DEBUG    | tau2.orchestrator.orchestrator:step:836 - Step 24.
From role: Role.AGENT
To role: Role.ENV
Message: AssistantMessage
content: Let me proceed with both changes. Since the modify items action can only be called once, I'll make sure everything is correct.
ToolCalls:
ToolCall (from assistant)
id: call_00_jGePnfQh3GgWQAaZ16mM0780
name: modify_pending_order_items
arguments:
{
  "order_id": "#W5270061",
  "item_ids": [
    "2492465580"
  ],
  "new_item_ids": [
    "5917587651"
  ],
  "payment_method_id": "paypal_7729105"
}
is_final_chunk: True
2026-07-22 11:39:18.300 | DEBUG    | tau2.environment.environment:get_response:454 - Response: order_id='#W5270061' user_id='ivan_khan_7475' address=UserAddress(address1='584 Sunset Drive', address2='Suite 270', city='Washington', country='USA', state='DC', zip='20353') items=[OrderItem(name='Backpack', product_id='2524789262', item_id='5917587651', price=212.79, options={'color': 'grey', 'size': 'medium', 'material': 'polyester', 'compartment': 'laptop'}), OrderItem(name='Indoor Security Camera', product_id='2985987096', item_id='5810561222', price=274.98, options={'resolution': '4K', 'field of view': '130 degrees', 'connectivity': 'Wi-Fi'}), OrderItem(name='Desk Lamp', product_id='6817146515', item_id='7453605304', price=150.01, options={'color': 'silver', 'brightness': 'low', 'power source': 'battery'})] status='pending (item modified)' fulfillments=[] payment_history=[OrderPayment(transaction_type='payment', amount=626.94, payment_method_id='gift_card_1711656'), OrderPayment(transaction_type='payment', amount=10.840000000000003, payment_method_id='paypal_7729105')] cancel_reason=None exchange_items=None exchange_new_items=None exchange_payment_method_id=None exchange_price_difference=None return_items=None return_payment_method_id=None
2026-07-22 11:39:18.302 | DEBUG    | tau2.orchestrator.orchestrator:step:833 - Step 25. Sending message from Role.ENV to Role.AGENT
2026-07-22 11:39:18.302 | DEBUG    | tau2.orchestrator.orchestrator:step:836 - Step 25.
From role: Role.ENV
To role: Role.AGENT
Message: ToolMessage (responding to assistant)
timestamp: 2026-07-22T11:39:18.302335
content: {"order_id": "#W5270061", "user_id": "ivan_khan_7475", "address": {"address1": "584 Sunset Drive", "address2": "Suite 270", "city": "Washington", "country": "USA", "state": "DC", "zip": "20353"}, "items": [{"name": "Backpack", "product_id": "2524789262", "item_id": "5917587651", "price": 212.79, "options": {"color": "grey", "size": "medium", "material": "polyester", "compartment": "laptop"}}, {"name": "Indoor Security Camera", "product_id": "2985987096", "item_id": "5810561222", "price": 274.98, "options": {"resolution": "4K", "field of view": "130 degrees", "connectivity": "Wi-Fi"}}, {"name": "Desk Lamp", "product_id": "6817146515", "item_id": "7453605304", "price": 150.01, "options": {"color": "silver", "brightness": "low", "power source": "battery"}}], "status": "pending (item modified)", "fulfillments": [], "payment_history": [{"transaction_type": "payment", "amount": 626.94, "payment_method_id": "gift_card_1711656"}, {"transaction_type": "payment", "amount": 10.840000000000003, "payment_method_id": "paypal_7729105"}], "cancel_reason": null, "exchange_items": null, "exchange_new_items": null, "exchange_payment_method_id": null, "exchange_price_difference": null, "return_items": null, "return_payment_method_id": null}
2026-07-22 11:39:19.691 | DEBUG    | tau2.orchestrator.orchestrator:step:833 - Step 26. Sending message from Role.AGENT to Role.ENV
2026-07-22 11:39:19.691 | DEBUG    | tau2.orchestrator.orchestrator:step:836 - Step 26.
From role: Role.AGENT
To role: Role.ENV
Message: AssistantMessage
content: The backpack has been updated successfully! Now let me update the shipping address.
ToolCalls:
ToolCall (from assistant)
id: call_00_oINrueDC7InbaXoAyhUD1593
name: modify_pending_order_address
arguments:
{
  "order_id": "#W5270061",
  "address1": "159 Hickory Lane",
  "address2": "Suite 995",
  "city": "Charlotte",
  "state": "NC",
  "country": "USA",
  "zip": "28243"
}
is_final_chunk: True
2026-07-22 11:39:19.691 | DEBUG    | tau2.environment.environment:get_response:454 - Response: order_id='#W5270061' user_id='ivan_khan_7475' address=UserAddress(address1='159 Hickory Lane', address2='Suite 995', city='Charlotte', country='USA', state='NC', zip='28243') items=[OrderItem(name='Backpack', product_id='2524789262', item_id='5917587651', price=212.79, options={'color': 'grey', 'size': 'medium', 'material': 'polyester', 'compartment': 'laptop'}), OrderItem(name='Indoor Security Camera', product_id='2985987096', item_id='5810561222', price=274.98, options={'resolution': '4K', 'field of view': '130 degrees', 'connectivity': 'Wi-Fi'}), OrderItem(name='Desk Lamp', product_id='6817146515', item_id='7453605304', price=150.01, options={'color': 'silver', 'brightness': 'low', 'power source': 'battery'})] status='pending (item modified)' fulfillments=[] payment_history=[OrderPayment(transaction_type='payment', amount=626.94, payment_method_id='gift_card_1711656'), OrderPayment(transaction_type='payment', amount=10.840000000000003, payment_method_id='paypal_7729105')] cancel_reason=None exchange_items=None exchange_new_items=None exchange_payment_method_id=None exchange_price_difference=None return_items=None return_payment_method_id=None
2026-07-22 11:39:19.692 | DEBUG    | tau2.orchestrator.orchestrator:step:833 - Step 27. Sending message from Role.ENV to Role.AGENT
2026-07-22 11:39:19.692 | DEBUG    | tau2.orchestrator.orchestrator:step:836 - Step 27.
From role: Role.ENV
To role: Role.AGENT
Message: ToolMessage (responding to assistant)
timestamp: 2026-07-22T11:39:19.692946
content: {"order_id": "#W5270061", "user_id": "ivan_khan_7475", "address": {"address1": "159 Hickory Lane", "address2": "Suite 995", "city": "Charlotte", "country": "USA", "state": "NC", "zip": "28243"}, "items": [{"name": "Backpack", "product_id": "2524789262", "item_id": "5917587651", "price": 212.79, "options": {"color": "grey", "size": "medium", "material": "polyester", "compartment": "laptop"}}, {"name": "Indoor Security Camera", "product_id": "2985987096", "item_id": "5810561222", "price": 274.98, "options": {"resolution": "4K", "field of view": "130 degrees", "connectivity": "Wi-Fi"}}, {"name": "Desk Lamp", "product_id": "6817146515", "item_id": "7453605304", "price": 150.01, "options": {"color": "silver", "brightness": "low", "power source": "battery"}}], "status": "pending (item modified)", "fulfillments": [], "payment_history": [{"transaction_type": "payment", "amount": 626.94, "payment_method_id": "gift_card_1711656"}, {"transaction_type": "payment", "amount": 10.840000000000003, "payment_method_id": "paypal_7729105"}], "cancel_reason": null, "exchange_items": null, "exchange_new_items": null, "exchange_payment_method_id": null, "exchange_price_difference": null, "return_items": null, "return_payment_method_id": null}
2026-07-22 11:39:21.312 | DEBUG    | tau2.orchestrator.orchestrator:step:833 - Step 28. Sending message from Role.AGENT to Role.USER
2026-07-22 11:39:21.312 | DEBUG    | tau2.orchestrator.orchestrator:step:836 - Step 28.
From role: Role.AGENT
To role: Role.USER
Message: AssistantMessage
content: Everything has been updated successfully! Here's a summary of the changes made to **Order #W5270061**:

✅ **Backpack** changed to: Grey, medium, polyester, laptop compartment ($212.79)
✅ **Desk lamp** left unchanged (silver, low brightness, battery)
✅ **Shipping address** updated to: 159 Hickory Lane, Suite 995, Charlotte, NC 28243
✅ **Price difference of $10.84** charged via PayPal (paypal_7729105)

Is there anything else I can help you with?
is_final_chunk: True
2026-07-22 11:39:21.312 | DEBUG    | tau2.user.user_simulator:_generate_next_message:222 - User responds to message: AssistantMessage
content: Everything has been updated successfully! Here's a summary of the changes made to **Order #W5270061**:

✅ **Backpack** changed to: Grey, medium, polyester, laptop compartment ($212.79)
✅ **Desk lamp** left unchanged (silver, low brightness, battery)
✅ **Shipping address** updated to: 159 Hickory Lane, Suite 995, Charlotte, NC 28243
✅ **Price difference of $10.84** charged via PayPal (paypal_7729105)

Is there anything else I can help you with?
is_final_chunk: True
2026-07-22 11:39:22.286 | DEBUG    | tau2.user.user_simulator:_generate_next_message:244 - Response: Nope, that’s everything I needed. Thanks so much for your help—you made it really easy! Have a great day. 

###STOP###
2026-07-22 11:39:22.373 | DEBUG    | tau2.environment.environment:get_response:454 - Response: order_id='#W5270061' user_id='ivan_khan_7475' address=UserAddress(address1='584 Sunset Drive', address2='Suite 270', city='Washington', country='USA', state='DC', zip='20353') items=[OrderItem(name='Backpack', product_id='2524789262', item_id='5917587651', price=212.79, options={'color': 'grey', 'size': 'medium', 'material': 'polyester', 'compartment': 'laptop'}), OrderItem(name='Indoor Security Camera', product_id='2985987096', item_id='5810561222', price=274.98, options={'resolution': '4K', 'field of view': '130 degrees', 'connectivity': 'Wi-Fi'}), OrderItem(name='Desk Lamp', product_id='6817146515', item_id='7453605304', price=150.01, options={'color': 'silver', 'brightness': 'low', 'power source': 'battery'})] status='pending (item modified)' fulfillments=[] payment_history=[OrderPayment(transaction_type='payment', amount=626.94, payment_method_id='gift_card_1711656'), OrderPayment(transaction_type='payment', amount=10.840000000000003, payment_method_id='paypal_7729105')] cancel_reason=None exchange_items=None exchange_new_items=None exchange_payment_method_id=None exchange_price_difference=None return_items=None return_payment_method_id=None
2026-07-22 11:39:22.374 | DEBUG    | tau2.environment.environment:get_response:454 - Response: order_id='#W5270061' user_id='ivan_khan_7475' address=UserAddress(address1='159 Hickory Lane', address2='Suite 995', city='Charlotte', country='USA', state='NC', zip='28243') items=[OrderItem(name='Backpack', product_id='2524789262', item_id='5917587651', price=212.79, options={'color': 'grey', 'size': 'medium', 'material': 'polyester', 'compartment': 'laptop'}), OrderItem(name='Indoor Security Camera', product_id='2985987096', item_id='5810561222', price=274.98, options={'resolution': '4K', 'field of view': '130 degrees', 'connectivity': 'Wi-Fi'}), OrderItem(name='Desk Lamp', product_id='6817146515', item_id='7453605304', price=150.01, options={'color': 'silver', 'brightness': 'low', 'power source': 'battery'})] status='pending (item modified)' fulfillments=[] payment_history=[OrderPayment(transaction_type='payment', amount=626.94, payment_method_id='gift_card_1711656'), OrderPayment(transaction_type='payment', amount=10.840000000000003, payment_method_id='paypal_7729105')] cancel_reason=None exchange_items=None exchange_new_items=None exchange_payment_method_id=None exchange_price_difference=None return_items=None return_payment_method_id=None
2026-07-22 11:39:22.468 | INFO     | tau2.runner.simulation:run_simulation:87 - Simulation complete: domain=retail, task=72, reward=1.0
2026-07-22 11:39:22.468 | INFO     | tau2.runner.batch:run_single_task:442 - FINISHED SIMULATION: Domain: retail, Task: 72, Reward: 1.0
