2026-07-22 11:34:02.409 | DEBUG    | tau2.runner.batch:__enter__:301 - Task log file: D:\PolicyAgent-PostTrain\experiments\20260722_110504_retail_baseline20_trial1_deepseek\task_76\tau2_artifacts\artifacts\task_76\sim_d3fe176a-68a3-493f-b37d-e757bbdb1608\task.log
2026-07-22 11:34:02.451 | INFO     | tau2.orchestrator.orchestrator:_validate_mode_compatibility:477 - Orchestrator initialized in HALF_DUPLEX mode (turn-based) with agent=LLMAgent, user=UserSimulator
2026-07-22 11:34:02.451 | DEBUG    | tau2.runner.build:build_text_orchestrator:400 - Built text orchestrator: domain=retail, agent=llm_agent, user=user_simulator, task=76
2026-07-22 11:34:02.452 | DEBUG    | tau2.orchestrator.orchestrator:step:833 - Step 0. Sending message from Role.AGENT to Role.USER
2026-07-22 11:34:02.452 | DEBUG    | tau2.orchestrator.orchestrator:step:836 - Step 0.
From role: Role.AGENT
To role: Role.USER
Message: AssistantMessage
content: Hi! How can I help you today?
is_final_chunk: True
2026-07-22 11:34:02.452 | DEBUG    | tau2.user.user_simulator:_generate_next_message:222 - User responds to message: AssistantMessage
content: Hi! How can I help you today?
is_final_chunk: True
2026-07-22 11:34:04.345 | DEBUG    | tau2.user.user_simulator:_generate_next_message:244 - Response: Hi there! I’ve got a couple quick things I need help with on my recent order. First, I accidentally added a fleece jacket—could you remove it from my pending order? If removing just that item isn’t possible, please cancel the whole order since it was a mistake.

Also, I’d like to modify the skateboard in the same order to maple material, 34 inch, with a graphic. If that change can’t be made, please cancel that item too since I don’t need it anymore.

And one more thing—could you tell me the total I’ve spent on grills from my previous orders?

I’m Ava Nguyen, and my zip code is 94128. I don’t remember the email I used, but I can verify whatever else you need. I’m on the go, so whatever’s quickest works for me.
2026-07-22 11:34:04.346 | DEBUG    | tau2.orchestrator.orchestrator:step:833 - Step 1. Sending message from Role.USER to Role.AGENT
2026-07-22 11:34:04.346 | DEBUG    | tau2.orchestrator.orchestrator:step:836 - Step 1.
From role: Role.USER
To role: Role.AGENT
Message: UserMessage
content: Hi there! I’ve got a couple quick things I need help with on my recent order. First, I accidentally added a fleece jacket—could you remove it from my pending order? If removing just that item isn’t possible, please cancel the whole order since it was a mistake.

Also, I’d like to modify the skateboard in the same order to maple material, 34 inch, with a graphic. If that change can’t be made, please cancel that item too since I don’t need it anymore.

And one more thing—could you tell me the total I’ve spent on grills from my previous orders?

I’m Ava Nguyen, and my zip code is 94128. I don’t remember the email I used, but I can verify whatever else you need. I’m on the go, so whatever’s quickest works for me.
is_final_chunk: True
2026-07-22 11:34:05.461 | DEBUG    | tau2.orchestrator.orchestrator:step:833 - Step 2. Sending message from Role.AGENT to Role.ENV
2026-07-22 11:34:05.461 | DEBUG    | tau2.orchestrator.orchestrator:step:836 - Step 2.
From role: Role.AGENT
To role: Role.ENV
Message: AssistantMessage
content: Let me start by looking up your user information. I'll find your user ID using your name and zip code.
ToolCalls:
ToolCall (from assistant)
id: call_00_Q0MyXrM4KHOwsNh4MOXA6105
name: find_user_id_by_name_zip
arguments:
{
  "first_name": "Ava",
  "last_name": "Nguyen",
  "zip": "94128"
}
is_final_chunk: True
2026-07-22 11:34:05.462 | DEBUG    | tau2.environment.environment:get_response:454 - Response: ava_nguyen_6646
2026-07-22 11:34:05.462 | DEBUG    | tau2.orchestrator.orchestrator:step:833 - Step 3. Sending message from Role.ENV to Role.AGENT
2026-07-22 11:34:05.462 | DEBUG    | tau2.orchestrator.orchestrator:step:836 - Step 3.
From role: Role.ENV
To role: Role.AGENT
Message: ToolMessage (responding to assistant)
timestamp: 2026-07-22T11:34:05.462706
content: ava_nguyen_6646
2026-07-22 11:34:06.298 | DEBUG    | tau2.orchestrator.orchestrator:step:833 - Step 4. Sending message from Role.AGENT to Role.ENV
2026-07-22 11:34:06.299 | DEBUG    | tau2.orchestrator.orchestrator:step:836 - Step 4.
From role: Role.AGENT
To role: Role.ENV
Message: AssistantMessage
content: Great, I found you! Let me get your details and see your orders.
ToolCalls:
ToolCall (from assistant)
id: call_00_pOXSxzfCCN7WMWKd3ZTS3443
name: get_user_details
arguments:
{
  "user_id": "ava_nguyen_6646"
}
is_final_chunk: True
2026-07-22 11:34:06.299 | DEBUG    | tau2.environment.environment:get_response:454 - Response: user_id='ava_nguyen_6646' name=UserName(first_name='Ava', last_name='Nguyen') address=UserAddress(address1='238 Oak Street', address2='Suite 636', city='San Francisco', country='USA', state='CA', zip='94128') email='ava.nguyen2868@example.com' payment_methods={'gift_card_1994993': GiftCard(source='gift_card', id='gift_card_1994993', balance=78.0), 'credit_card_5683823': CreditCard(source='credit_card', id='credit_card_5683823', brand='mastercard', last_four='6081')} orders=['#W8367380', '#W8668939', '#W6272294', '#W1242543', '#W9232383', '#W9892465']
2026-07-22 11:34:06.299 | DEBUG    | tau2.orchestrator.orchestrator:step:833 - Step 5. Sending message from Role.ENV to Role.AGENT
2026-07-22 11:34:06.300 | DEBUG    | tau2.orchestrator.orchestrator:step:836 - Step 5.
From role: Role.ENV
To role: Role.AGENT
Message: ToolMessage (responding to assistant)
timestamp: 2026-07-22T11:34:06.299407
content: {"user_id": "ava_nguyen_6646", "name": {"first_name": "Ava", "last_name": "Nguyen"}, "address": {"address1": "238 Oak Street", "address2": "Suite 636", "city": "San Francisco", "country": "USA", "state": "CA", "zip": "94128"}, "email": "ava.nguyen2868@example.com", "payment_methods": {"gift_card_1994993": {"source": "gift_card", "id": "gift_card_1994993", "balance": 78.0}, "credit_card_5683823": {"source": "credit_card", "id": "credit_card_5683823", "brand": "mastercard", "last_four": "6081"}}, "orders": ["#W8367380", "#W8668939", "#W6272294", "#W1242543", "#W9232383", "#W9892465"]}
2026-07-22 11:34:08.100 | DEBUG    | tau2.orchestrator.orchestrator:step:833 - Step 6. Sending message from Role.AGENT to Role.ENV
2026-07-22 11:34:08.101 | DEBUG    | tau2.orchestrator.orchestrator:step:836 - Step 6.
From role: Role.AGENT
To role: Role.ENV
Message: AssistantMessage
content: Let me look up your orders to find the pending one and check the details.
ToolCalls:
ToolCall (from assistant)
id: call_00_sxsi95vvkwA4jP5yrbhr2290
name: get_order_details
arguments:
{
  "order_id": "#W8367380"
}
ToolCall (from assistant)
id: call_01_ROWGV8zVFEt9pkHydJRU6352
name: get_order_details
arguments:
{
  "order_id": "#W8668939"
}
ToolCall (from assistant)
id: call_02_8ROzT7zkzyBXbubFIl6y6851
name: get_order_details
arguments:
{
  "order_id": "#W6272294"
}
ToolCall (from assistant)
id: call_03_F9qpnAlk5Xmrv2437Vd72228
name: get_order_details
arguments:
{
  "order_id": "#W1242543"
}
ToolCall (from assistant)
id: call_04_GiATQjSS3qjS6EASKga94346
name: get_order_details
arguments:
{
  "order_id": "#W9232383"
}
ToolCall (from assistant)
id: call_05_BydQornH0iwkfjxWxjNI0893
name: get_order_details
arguments:
{
  "order_id": "#W9892465"
}
is_final_chunk: True
2026-07-22 11:34:08.101 | DEBUG    | tau2.environment.environment:get_response:454 - Response: order_id='#W8367380' user_id='ava_nguyen_6646' address=UserAddress(address1='144 Elm Street', address2='Suite 947', city='Los Angeles', country='USA', state='CA', zip='90450') items=[OrderItem(name='Dumbbell Set', product_id='7233192239', item_id='2444431651', price=534.84, options={'weight range': '55-75 lbs', 'material': 'iron', 'set type': 'fixed'}), OrderItem(name='Bluetooth Speaker', product_id='4768869376', item_id='1689914594', price=315.2, options={'color': 'red', 'battery life': '10 hours', 'water resistance': 'no'}), OrderItem(name='Fleece Jacket', product_id='8560156827', item_id='8733974883', price=153.18, options={'size': 'L', 'color': 'red', 'zipper': 'half'})] status='pending' fulfillments=[] payment_history=[OrderPayment(transaction_type='payment', amount=1003.22, payment_method_id='credit_card_5683823')] cancel_reason=None exchange_items=None exchange_new_items=None exchange_payment_method_id=None exchange_price_difference=None return_items=None return_payment_method_id=None
2026-07-22 11:34:08.102 | DEBUG    | tau2.environment.environment:get_response:454 - Response: order_id='#W8668939' user_id='ava_nguyen_6646' address=UserAddress(address1='238 Oak Street', address2='Suite 636', city='San Francisco', country='USA', state='CA', zip='94128') items=[OrderItem(name='Grill', product_id='6819683148', item_id='7717598293', price=985.66, options={'type': 'electric', 'size': 'medium', 'features': 'rotisserie'}), OrderItem(name='Water Bottle', product_id='8310926033', item_id='7199146548', price=48.02, options={'capacity': '750ml', 'material': 'plastic', 'color': 'black'}), OrderItem(name='Digital Camera', product_id='8940227892', item_id='5996159312', price=2895.55, options={'resolution': '24MP', 'zoom': '3x', 'storage': 'SD card'}), OrderItem(name='Grill', product_id='6819683148', item_id='1120917161', price=953.39, options={'type': 'electric', 'size': 'portable', 'features': 'none'})] status='delivered' fulfillments=[OrderFullfilment(tracking_id=['755094398519'], item_ids=['7717598293', '7199146548', '5996159312', '1120917161'])] payment_history=[OrderPayment(transaction_type='payment', amount=4882.62, payment_method_id='credit_card_5683823')] cancel_reason=None exchange_items=None exchange_new_items=None exchange_payment_method_id=None exchange_price_difference=None return_items=None return_payment_method_id=None
2026-07-22 11:34:08.102 | DEBUG    | tau2.environment.environment:get_response:454 - Response: order_id='#W6272294' user_id='ava_nguyen_6646' address=UserAddress(address1='621 Cedar Street', address2='Suite 273', city='Chicago', country='USA', state='IL', zip='60628') items=[OrderItem(name='Jigsaw Puzzle', product_id='1808611083', item_id='4572024853', price=53.72, options={'pieces': '1000', 'theme': 'animals', 'difficulty level': 'expert'}), OrderItem(name='Digital Camera', product_id='8940227892', item_id='5484530610', price=3109.83, options={'resolution': '24MP', 'zoom': '10x', 'storage': 'CF card'}), OrderItem(name='Bluetooth Speaker', product_id='4768869376', item_id='5650803029', price=324.63, options={'color': 'black', 'battery life': '20 hours', 'water resistance': 'no'}), OrderItem(name='T-Shirt', product_id='9523456873', item_id='1176194968', price=52.88, options={'color': 'black', 'size': 'S', 'material': 'polyester', 'style': 'crew neck'})] status='pending' fulfillments=[] payment_history=[OrderPayment(transaction_type='payment', amount=3541.06, payment_method_id='gift_card_1994993')] cancel_reason=None exchange_items=None exchange_new_items=None exchange_payment_method_id=None exchange_price_difference=None return_items=None return_payment_method_id=None
2026-07-22 11:34:08.103 | DEBUG    | tau2.environment.environment:get_response:454 - Response: order_id='#W1242543' user_id='ava_nguyen_6646' address=UserAddress(address1='874 Cedar Avenue', address2='Suite 795', city='Seattle', country='USA', state='WA', zip='98106') items=[OrderItem(name='Skateboard', product_id='1968349452', item_id='9594745976', price=184.13, options={'deck material': 'plastic', 'length': '34 inch', 'design': 'custom'})] status='pending' fulfillments=[] payment_history=[OrderPayment(transaction_type='payment', amount=184.13, payment_method_id='credit_card_5683823')] cancel_reason=None exchange_items=None exchange_new_items=None exchange_payment_method_id=None exchange_price_difference=None return_items=None return_payment_method_id=None
2026-07-22 11:34:08.104 | DEBUG    | tau2.environment.environment:get_response:454 - Response: order_id='#W9232383' user_id='ava_nguyen_6646' address=UserAddress(address1='238 Oak Street', address2='Suite 636', city='San Francisco', country='USA', state='CA', zip='94128') items=[OrderItem(name='Headphones', product_id='6992792935', item_id='9805150490', price=368.87, options={'type': 'on-ear', 'connectivity': 'wireless', 'color': 'white'}), OrderItem(name='Bookshelf', product_id='8600330539', item_id='1111254697', price=531.57, options={'material': 'glass', 'color': 'white', 'height': '6 ft'})] status='pending' fulfillments=[] payment_history=[OrderPayment(transaction_type='payment', amount=900.44, payment_method_id='credit_card_5683823')] cancel_reason=None exchange_items=None exchange_new_items=None exchange_payment_method_id=None exchange_price_difference=None return_items=None return_payment_method_id=None
2026-07-22 11:34:08.104 | DEBUG    | tau2.environment.environment:get_response:454 - Response: order_id='#W9892465' user_id='ava_nguyen_6646' address=UserAddress(address1='238 Oak Street', address2='Suite 636', city='San Francisco', country='USA', state='CA', zip='94128') items=[OrderItem(name='Smart Watch', product_id='6945232052', item_id='9811090008', price=370.38, options={'color': 'silver', 'band material': 'leather', 'display': 'LCD'})] status='pending' fulfillments=[] payment_history=[OrderPayment(transaction_type='payment', amount=370.38, payment_method_id='gift_card_1994993')] cancel_reason=None exchange_items=None exchange_new_items=None exchange_payment_method_id=None exchange_price_difference=None return_items=None return_payment_method_id=None
2026-07-22 11:34:08.105 | DEBUG    | tau2.orchestrator.orchestrator:step:833 - Step 7. Sending message from Role.ENV to Role.AGENT
2026-07-22 11:34:08.105 | DEBUG    | tau2.orchestrator.orchestrator:step:836 - Step 7.
From role: Role.ENV
To role: Role.AGENT
Message: role='tool' tool_messages=[ToolMessage(id='call_00_sxsi95vvkwA4jP5yrbhr2290', role='tool', content='{"order_id": "#W8367380", "user_id": "ava_nguyen_6646", "address": {"address1": "144 Elm Street", "address2": "Suite 947", "city": "Los Angeles", "country": "USA", "state": "CA", "zip": "90450"}, "items": [{"name": "Dumbbell Set", "product_id": "7233192239", "item_id": "2444431651", "price": 534.84, "options": {"weight range": "55-75 lbs", "material": "iron", "set type": "fixed"}}, {"name": "Bluetooth Speaker", "product_id": "4768869376", "item_id": "1689914594", "price": 315.2, "options": {"color": "red", "battery life": "10 hours", "water resistance": "no"}}, {"name": "Fleece Jacket", "product_id": "8560156827", "item_id": "8733974883", "price": 153.18, "options": {"size": "L", "color": "red", "zipper": "half"}}], "status": "pending", "fulfillments": [], "payment_history": [{"transaction_type": "payment", "amount": 1003.22, "payment_method_id": "credit_card_5683823"}], "cancel_reason": null, "exchange_items": null, "exchange_new_items": null, "exchange_payment_method_id": null, "exchange_price_difference": null, "return_items": null, "return_payment_method_id": null}', requestor='assistant', error=False, turn_idx=None, timestamp='2026-07-22T11:34:08.102020'), ToolMessage(id='call_01_ROWGV8zVFEt9pkHydJRU6352', role='tool', content='{"order_id": "#W8668939", "user_id": "ava_nguyen_6646", "address": {"address1": "238 Oak Street", "address2": "Suite 636", "city": "San Francisco", "country": "USA", "state": "CA", "zip": "94128"}, "items": [{"name": "Grill", "product_id": "6819683148", "item_id": "7717598293", "price": 985.66, "options": {"type": "electric", "size": "medium", "features": "rotisserie"}}, {"name": "Water Bottle", "product_id": "8310926033", "item_id": "7199146548", "price": 48.02, "options": {"capacity": "750ml", "material": "plastic", "color": "black"}}, {"name": "Digital Camera", "product_id": "8940227892", "item_id": "5996159312", "price": 2895.55, "options": {"resolution": "24MP", "zoom": "3x", "storage": "SD card"}}, {"name": "Grill", "product_id": "6819683148", "item_id": "1120917161", "price": 953.39, "options": {"type": "electric", "size": "portable", "features": "none"}}], "status": "delivered", "fulfillments": [{"tracking_id": ["755094398519"], "item_ids": ["7717598293", "7199146548", "5996159312", "1120917161"]}], "payment_history": [{"transaction_type": "payment", "amount": 4882.62, "payment_method_id": "credit_card_5683823"}], "cancel_reason": null, "exchange_items": null, "exchange_new_items": null, "exchange_payment_method_id": null, "exchange_price_difference": null, "return_items": null, "return_payment_method_id": null}', requestor='assistant', error=False, turn_idx=None, timestamp='2026-07-22T11:34:08.102020'), ToolMessage(id='call_02_8ROzT7zkzyBXbubFIl6y6851', role='tool', content='{"order_id": "#W6272294", "user_id": "ava_nguyen_6646", "address": {"address1": "621 Cedar Street", "address2": "Suite 273", "city": "Chicago", "country": "USA", "state": "IL", "zip": "60628"}, "items": [{"name": "Jigsaw Puzzle", "product_id": "1808611083", "item_id": "4572024853", "price": 53.72, "options": {"pieces": "1000", "theme": "animals", "difficulty level": "expert"}}, {"name": "Digital Camera", "product_id": "8940227892", "item_id": "5484530610", "price": 3109.83, "options": {"resolution": "24MP", "zoom": "10x", "storage": "CF card"}}, {"name": "Bluetooth Speaker", "product_id": "4768869376", "item_id": "5650803029", "price": 324.63, "options": {"color": "black", "battery life": "20 hours", "water resistance": "no"}}, {"name": "T-Shirt", "product_id": "9523456873", "item_id": "1176194968", "price": 52.88, "options": {"color": "black", "size": "S", "material": "polyester", "style": "crew neck"}}], "status": "pending", "fulfillments": [], "payment_history": [{"transaction_type": "payment", "amount": 3541.06, "payment_method_id": "gift_card_1994993"}], "cancel_reason": null, "exchange_items": null, "exchange_new_items": null, "exchange_payment_method_id": null, "exchange_price_difference": null, "return_items": null, "return_payment_method_id": null}', requestor='assistant', error=False, turn_idx=None, timestamp='2026-07-22T11:34:08.103029'), ToolMessage(id='call_03_F9qpnAlk5Xmrv2437Vd72228', role='tool', content='{"order_id": "#W1242543", "user_id": "ava_nguyen_6646", "address": {"address1": "874 Cedar Avenue", "address2": "Suite 795", "city": "Seattle", "country": "USA", "state": "WA", "zip": "98106"}, "items": [{"name": "Skateboard", "product_id": "1968349452", "item_id": "9594745976", "price": 184.13, "options": {"deck material": "plastic", "length": "34 inch", "design": "custom"}}], "status": "pending", "fulfillments": [], "payment_history": [{"transaction_type": "payment", "amount": 184.13, "payment_method_id": "credit_card_5683823"}], "cancel_reason": null, "exchange_items": null, "exchange_new_items": null, "exchange_payment_method_id": null, "exchange_price_difference": null, "return_items": null, "return_payment_method_id": null}', requestor='assistant', error=False, turn_idx=None, timestamp='2026-07-22T11:34:08.104028'), ToolMessage(id='call_04_GiATQjSS3qjS6EASKga94346', role='tool', content='{"order_id": "#W9232383", "user_id": "ava_nguyen_6646", "address": {"address1": "238 Oak Street", "address2": "Suite 636", "city": "San Francisco", "country": "USA", "state": "CA", "zip": "94128"}, "items": [{"name": "Headphones", "product_id": "6992792935", "item_id": "9805150490", "price": 368.87, "options": {"type": "on-ear", "connectivity": "wireless", "color": "white"}}, {"name": "Bookshelf", "product_id": "8600330539", "item_id": "1111254697", "price": 531.57, "options": {"material": "glass", "color": "white", "height": "6 ft"}}], "status": "pending", "fulfillments": [], "payment_history": [{"transaction_type": "payment", "amount": 900.44, "payment_method_id": "credit_card_5683823"}], "cancel_reason": null, "exchange_items": null, "exchange_new_items": null, "exchange_payment_method_id": null, "exchange_price_difference": null, "return_items": null, "return_payment_method_id": null}', requestor='assistant', error=False, turn_idx=None, timestamp='2026-07-22T11:34:08.104028'), ToolMessage(id='call_05_BydQornH0iwkfjxWxjNI0893', role='tool', content='{"order_id": "#W9892465", "user_id": "ava_nguyen_6646", "address": {"address1": "238 Oak Street", "address2": "Suite 636", "city": "San Francisco", "country": "USA", "state": "CA", "zip": "94128"}, "items": [{"name": "Smart Watch", "product_id": "6945232052", "item_id": "9811090008", "price": 370.38, "options": {"color": "silver", "band material": "leather", "display": "LCD"}}], "status": "pending", "fulfillments": [], "payment_history": [{"transaction_type": "payment", "amount": 370.38, "payment_method_id": "gift_card_1994993"}], "cancel_reason": null, "exchange_items": null, "exchange_new_items": null, "exchange_payment_method_id": null, "exchange_price_difference": null, "return_items": null, "return_payment_method_id": null}', requestor='assistant', error=False, turn_idx=None, timestamp='2026-07-22T11:34:08.105021')]
2026-07-22 11:34:09.535 | DEBUG    | tau2.orchestrator.orchestrator:step:833 - Step 8. Sending message from Role.AGENT to Role.ENV
2026-07-22 11:34:09.536 | DEBUG    | tau2.orchestrator.orchestrator:step:836 - Step 8.
From role: Role.AGENT
To role: Role.ENV
Message: AssistantMessage
content: Let me also check the product details for the skateboard and fleece jacket to see what options are available.

Let me look at the products involved.
ToolCalls:
ToolCall (from assistant)
id: call_00_ISrKE9M89cbdsmYE0JnK1517
name: get_product_details
arguments:
{
  "product_id": "8560156827"
}
ToolCall (from assistant)
id: call_01_xic6tFDAbJIBBzDCWwCl1534
name: get_product_details
arguments:
{
  "product_id": "1968349452"
}
is_final_chunk: True
2026-07-22 11:34:09.536 | DEBUG    | tau2.environment.environment:get_response:454 - Response: name='Fleece Jacket' product_id='8560156827' variants={'8590708195': Variant(item_id='8590708195', options={'size': 'XL', 'color': 'navy', 'zipper': 'half'}, available=True, price=157.61), '9385662952': Variant(item_id='9385662952', options={'size': 'L', 'color': 'black', 'zipper': 'full'}, available=True, price=159.92), '5992316252': Variant(item_id='5992316252', options={'size': 'S', 'color': 'red', 'zipper': 'half'}, available=True, price=141.29), '8161321868': Variant(item_id='8161321868', options={'size': 'XS', 'color': 'navy', 'zipper': 'full'}, available=True, price=152.45), '7528037711': Variant(item_id='7528037711', options={'size': 'XL', 'color': 'navy', 'zipper': 'full'}, available=True, price=157.86), '8733974883': Variant(item_id='8733974883', options={'size': 'L', 'color': 'red', 'zipper': 'half'}, available=True, price=153.18), '4728397765': Variant(item_id='4728397765', options={'size': 'M', 'color': 'black', 'zipper': 'full'}, available=False, price=149.48)}
2026-07-22 11:34:09.536 | DEBUG    | tau2.environment.environment:get_response:454 - Response: name='Skateboard' product_id='1968349452' variants={'6843647669': Variant(item_id='6843647669', options={'deck material': 'bamboo', 'length': '28 inch', 'design': 'graphic'}, available=True, price=180.1), '3232433601': Variant(item_id='3232433601', options={'deck material': 'maple', 'length': '28 inch', 'design': 'plain'}, available=True, price=204.14), '3098764622': Variant(item_id='3098764622', options={'deck material': 'plastic', 'length': '34 inch', 'design': 'plain'}, available=True, price=202.13), '3541421151': Variant(item_id='3541421151', options={'deck material': 'bamboo', 'length': '34 inch', 'design': 'graphic'}, available=True, price=193.79), '4545791457': Variant(item_id='4545791457', options={'deck material': 'plastic', 'length': '28 inch', 'design': 'plain'}, available=True, price=186.06), '6313971174': Variant(item_id='6313971174', options={'deck material': 'bamboo', 'length': '31 inch', 'design': 'custom'}, available=True, price=193.97), '3877188862': Variant(item_id='3877188862', options={'deck material': 'plastic', 'length': '31 inch', 'design': 'plain'}, available=True, price=182.03), '5038485381': Variant(item_id='5038485381', options={'deck material': 'plastic', 'length': '31 inch', 'design': 'custom'}, available=True, price=189.65), '9594745976': Variant(item_id='9594745976', options={'deck material': 'plastic', 'length': '34 inch', 'design': 'custom'}, available=True, price=184.13), '6673921677': Variant(item_id='6673921677', options={'deck material': 'bamboo', 'length': '28 inch', 'design': 'custom'}, available=True, price=189.57), '6956751343': Variant(item_id='6956751343', options={'deck material': 'bamboo', 'length': '34 inch', 'design': 'custom'}, available=True, price=217.06), '5489028872': Variant(item_id='5489028872', options={'deck material': 'plastic', 'length': '34 inch', 'design': 'graphic'}, available=True, price=187.71), '8176740019': Variant(item_id='8176740019', options={'deck material': 'bamboo', 'length': '28 inch', 'design': 'plain'}, available=True, price=208.6), '5120532699': Variant(item_id='5120532699', options={'deck material': 'maple', 'length': '31 inch', 'design': 'graphic'}, available=True, price=187.23), '5312063289': Variant(item_id='5312063289', options={'deck material': 'bamboo', 'length': '31 inch', 'design': 'graphic'}, available=True, price=195.15), '4293355847': Variant(item_id='4293355847', options={'deck material': 'bamboo', 'length': '31 inch', 'design': 'plain'}, available=True, price=200.8), '2819462352': Variant(item_id='2819462352', options={'deck material': 'maple', 'length': '28 inch', 'design': 'graphic'}, available=True, price=180.66), '2177997696': Variant(item_id='2177997696', options={'deck material': 'plastic', 'length': '28 inch', 'design': 'custom'}, available=True, price=206.6), '2343503231': Variant(item_id='2343503231', options={'deck material': 'maple', 'length': '34 inch', 'design': 'graphic'}, available=False, price=196.86)}
2026-07-22 11:34:09.537 | DEBUG    | tau2.orchestrator.orchestrator:step:833 - Step 9. Sending message from Role.ENV to Role.AGENT
2026-07-22 11:34:09.538 | DEBUG    | tau2.orchestrator.orchestrator:step:836 - Step 9.
From role: Role.ENV
To role: Role.AGENT
Message: role='tool' tool_messages=[ToolMessage(id='call_00_ISrKE9M89cbdsmYE0JnK1517', role='tool', content='{"name": "Fleece Jacket", "product_id": "8560156827", "variants": {"8590708195": {"item_id": "8590708195", "options": {"size": "XL", "color": "navy", "zipper": "half"}, "available": true, "price": 157.61}, "9385662952": {"item_id": "9385662952", "options": {"size": "L", "color": "black", "zipper": "full"}, "available": true, "price": 159.92}, "5992316252": {"item_id": "5992316252", "options": {"size": "S", "color": "red", "zipper": "half"}, "available": true, "price": 141.29}, "8161321868": {"item_id": "8161321868", "options": {"size": "XS", "color": "navy", "zipper": "full"}, "available": true, "price": 152.45}, "7528037711": {"item_id": "7528037711", "options": {"size": "XL", "color": "navy", "zipper": "full"}, "available": true, "price": 157.86}, "8733974883": {"item_id": "8733974883", "options": {"size": "L", "color": "red", "zipper": "half"}, "available": true, "price": 153.18}, "4728397765": {"item_id": "4728397765", "options": {"size": "M", "color": "black", "zipper": "full"}, "available": false, "price": 149.48}}}', requestor='assistant', error=False, turn_idx=None, timestamp='2026-07-22T11:34:09.536760'), ToolMessage(id='call_01_xic6tFDAbJIBBzDCWwCl1534', role='tool', content='{"name": "Skateboard", "product_id": "1968349452", "variants": {"6843647669": {"item_id": "6843647669", "options": {"deck material": "bamboo", "length": "28 inch", "design": "graphic"}, "available": true, "price": 180.1}, "3232433601": {"item_id": "3232433601", "options": {"deck material": "maple", "length": "28 inch", "design": "plain"}, "available": true, "price": 204.14}, "3098764622": {"item_id": "3098764622", "options": {"deck material": "plastic", "length": "34 inch", "design": "plain"}, "available": true, "price": 202.13}, "3541421151": {"item_id": "3541421151", "options": {"deck material": "bamboo", "length": "34 inch", "design": "graphic"}, "available": true, "price": 193.79}, "4545791457": {"item_id": "4545791457", "options": {"deck material": "plastic", "length": "28 inch", "design": "plain"}, "available": true, "price": 186.06}, "6313971174": {"item_id": "6313971174", "options": {"deck material": "bamboo", "length": "31 inch", "design": "custom"}, "available": true, "price": 193.97}, "3877188862": {"item_id": "3877188862", "options": {"deck material": "plastic", "length": "31 inch", "design": "plain"}, "available": true, "price": 182.03}, "5038485381": {"item_id": "5038485381", "options": {"deck material": "plastic", "length": "31 inch", "design": "custom"}, "available": true, "price": 189.65}, "9594745976": {"item_id": "9594745976", "options": {"deck material": "plastic", "length": "34 inch", "design": "custom"}, "available": true, "price": 184.13}, "6673921677": {"item_id": "6673921677", "options": {"deck material": "bamboo", "length": "28 inch", "design": "custom"}, "available": true, "price": 189.57}, "6956751343": {"item_id": "6956751343", "options": {"deck material": "bamboo", "length": "34 inch", "design": "custom"}, "available": true, "price": 217.06}, "5489028872": {"item_id": "5489028872", "options": {"deck material": "plastic", "length": "34 inch", "design": "graphic"}, "available": true, "price": 187.71}, "8176740019": {"item_id": "8176740019", "options": {"deck material": "bamboo", "length": "28 inch", "design": "plain"}, "available": true, "price": 208.6}, "5120532699": {"item_id": "5120532699", "options": {"deck material": "maple", "length": "31 inch", "design": "graphic"}, "available": true, "price": 187.23}, "5312063289": {"item_id": "5312063289", "options": {"deck material": "bamboo", "length": "31 inch", "design": "graphic"}, "available": true, "price": 195.15}, "4293355847": {"item_id": "4293355847", "options": {"deck material": "bamboo", "length": "31 inch", "design": "plain"}, "available": true, "price": 200.8}, "2819462352": {"item_id": "2819462352", "options": {"deck material": "maple", "length": "28 inch", "design": "graphic"}, "available": true, "price": 180.66}, "2177997696": {"item_id": "2177997696", "options": {"deck material": "plastic", "length": "28 inch", "design": "custom"}, "available": true, "price": 206.6}, "2343503231": {"item_id": "2343503231", "options": {"deck material": "maple", "length": "34 inch", "design": "graphic"}, "available": false, "price": 196.86}}}', requestor='assistant', error=False, turn_idx=None, timestamp='2026-07-22T11:34:09.537773')]
2026-07-22 11:34:13.654 | DEBUG    | tau2.orchestrator.orchestrator:step:833 - Step 10. Sending message from Role.AGENT to Role.USER
2026-07-22 11:34:13.654 | DEBUG    | tau2.orchestrator.orchestrator:step:836 - Step 10.
From role: Role.AGENT
To role: Role.USER
Message: AssistantMessage
content: Let me also check the grill orders to answer your question about total spent on grills.

Looking at the orders, I can see:

1. **Order #W8367380** (pending) - contains a **Fleece Jacket** (item 8733974883) along with other items.
2. **Order #W1242543** (pending) - contains a **Skateboard** (item 9594745976) - plastic, 34 inch, custom design.
3. **Order #W8668939** (delivered) - contains two **Grills** (items 7717598293 at $985.66 and 1120917161 at $953.39).

Let me clarify a few things before proceeding:

**Regarding the Fleece Jacket** - It's in order **#W8367380** (pending). Since there's no tool to remove a single item from an order, I can either:
- **Modify the items** (swap the fleece jacket for another fleece jacket variant), but I can't just remove it.
- **Cancel the whole order** if you'd like.

**Regarding the Skateboard** - It's in order **#W1242543** (pending). You want to change it to maple material, 34 inch, with a graphic design. Unfortunately, the variant with **maple, 34 inch, graphic** (item 2343503231) is **not available**. However, there is a **maple, 28 inch, graphic** (item 2819462352 - $180.66, available) or **maple, 31 inch, graphic** (item 5120532699 - $187.23, available). Would either of those work? Or would you like to cancel that item instead?

**Regarding Grills** - From order #W8668939 (delivered), you spent **$985.66 + $953.39 = $1,939.05** on grills.

Let me know how you'd like to proceed!
is_final_chunk: True
2026-07-22 11:34:13.654 | DEBUG    | tau2.user.user_simulator:_generate_next_message:222 - User responds to message: AssistantMessage
content: Let me also check the grill orders to answer your question about total spent on grills.

Looking at the orders, I can see:

1. **Order #W8367380** (pending) - contains a **Fleece Jacket** (item 8733974883) along with other items.
2. **Order #W1242543** (pending) - contains a **Skateboard** (item 9594745976) - plastic, 34 inch, custom design.
3. **Order #W8668939** (delivered) - contains two **Grills** (items 7717598293 at $985.66 and 1120917161 at $953.39).

Let me clarify a few things before proceeding:

**Regarding the Fleece Jacket** - It's in order **#W8367380** (pending). Since there's no tool to remove a single item from an order, I can either:
- **Modify the items** (swap the fleece jacket for another fleece jacket variant), but I can't just remove it.
- **Cancel the whole order** if you'd like.

**Regarding the Skateboard** - It's in order **#W1242543** (pending). You want to change it to maple material, 34 inch, with a graphic design. Unfortunately, the variant with **maple, 34 inch, graphic** (item 2343503231) is **not available**. However, there is a **maple, 28 inch, graphic** (item 2819462352 - $180.66, available) or **maple, 31 inch, graphic** (item 5120532699 - $187.23, available). Would either of those work? Or would you like to cancel that item instead?

**Regarding Grills** - From order #W8668939 (delivered), you spent **$985.66 + $953.39 = $1,939.05** on grills.

Let me know how you'd like to proceed!
is_final_chunk: True
2026-07-22 11:34:15.269 | DEBUG    | tau2.user.user_simulator:_generate_next_message:244 - Response: Thanks for checking all that!

- For the fleece jacket: since you can’t remove just that item, please cancel order #W8367380 entirely.
- For the skateboard: I really need 34 inch, maple, graphic. If that’s not available, please cancel the skateboard item from order #W1242543.
- For the grills: thanks for the total—$1,939.05 works for me.

If canceling the skateboard item alone isn’t possible, then please cancel order #W1242543 as well.

I’m on the go, so whatever’s quickest is great. Let me know if you need anything else from me to proceed.
2026-07-22 11:34:15.269 | DEBUG    | tau2.orchestrator.orchestrator:step:833 - Step 11. Sending message from Role.USER to Role.AGENT
2026-07-22 11:34:15.270 | DEBUG    | tau2.orchestrator.orchestrator:step:836 - Step 11.
From role: Role.USER
To role: Role.AGENT
Message: UserMessage
content: Thanks for checking all that!

- For the fleece jacket: since you can’t remove just that item, please cancel order #W8367380 entirely.
- For the skateboard: I really need 34 inch, maple, graphic. If that’s not available, please cancel the skateboard item from order #W1242543.
- For the grills: thanks for the total—$1,939.05 works for me.

If canceling the skateboard item alone isn’t possible, then please cancel order #W1242543 as well.

I’m on the go, so whatever’s quickest is great. Let me know if you need anything else from me to proceed.
is_final_chunk: True
2026-07-22 11:34:19.337 | DEBUG    | tau2.orchestrator.orchestrator:step:833 - Step 12. Sending message from Role.AGENT to Role.USER
2026-07-22 11:34:19.338 | DEBUG    | tau2.orchestrator.orchestrator:step:836 - Step 12.
From role: Role.AGENT
To role: Role.USER
Message: AssistantMessage
content: Let me clarify the situation before proceeding.

For the **Fleece Jacket** - I can cancel order **#W8367380** entirely since you've confirmed the reason is "ordered by mistake."

For the **Skateboard** - Since the maple, 34 inch, graphic variant (item 2343503231) is not available, you want to cancel it. However, there's no tool to cancel a single item from an order - I can only cancel the whole order. So it sounds like you'd want me to cancel **#W1242543** as well.

Let me also check - for the skateboard in order #W1242543, the current item is item **9594745976** (plastic, 34 inch, custom, $184.13). Since you want maple, 34 inch, graphic and it's unavailable, and you said to cancel the item if not possible, but since I can't remove a single item... let me re-read your request.

You said: "If canceling the skateboard item alone isn't possible, then please cancel order #W1242543 as well."

Since there's no tool to cancel a single item from an order, I'll need to cancel the whole order. Let me confirm the details with you.

So here's a summary of what I'll do:

**1. Cancel order #W8367380** - Reason: "ordered by mistake"
   - Contains: Dumbbell Set, Bluetooth Speaker, Fleece Jacket
   - Total: $1,003.22 refunded to your credit card (5-7 business days)

**2. Cancel order #W1242543** - Reason: "no longer needed" (since the skateboard modification isn't possible)
   - Contains: Skateboard (plastic, 34 inch, custom)
   - Total: $184.13 refunded to your credit card (5-7 business days)

Could you please confirm:
1. For **#W8367380** - the reason is "ordered by mistake" - correct?
2. For **#W1242543** - since the skateboard can't be modified to what you want and I can't remove just that item, you'd like to cancel the whole order. What reason should I use - "no longer needed" or "ordered by mistake"?
is_final_chunk: True
2026-07-22 11:34:19.338 | DEBUG    | tau2.user.user_simulator:_generate_next_message:222 - User responds to message: AssistantMessage
content: Let me clarify the situation before proceeding.

For the **Fleece Jacket** - I can cancel order **#W8367380** entirely since you've confirmed the reason is "ordered by mistake."

For the **Skateboard** - Since the maple, 34 inch, graphic variant (item 2343503231) is not available, you want to cancel it. However, there's no tool to cancel a single item from an order - I can only cancel the whole order. So it sounds like you'd want me to cancel **#W1242543** as well.

Let me also check - for the skateboard in order #W1242543, the current item is item **9594745976** (plastic, 34 inch, custom, $184.13). Since you want maple, 34 inch, graphic and it's unavailable, and you said to cancel the item if not possible, but since I can't remove a single item... let me re-read your request.

You said: "If canceling the skateboard item alone isn't possible, then please cancel order #W1242543 as well."

Since there's no tool to cancel a single item from an order, I'll need to cancel the whole order. Let me confirm the details with you.

So here's a summary of what I'll do:

**1. Cancel order #W8367380** - Reason: "ordered by mistake"
   - Contains: Dumbbell Set, Bluetooth Speaker, Fleece Jacket
   - Total: $1,003.22 refunded to your credit card (5-7 business days)

**2. Cancel order #W1242543** - Reason: "no longer needed" (since the skateboard modification isn't possible)
   - Contains: Skateboard (plastic, 34 inch, custom)
   - Total: $184.13 refunded to your credit card (5-7 business days)

Could you please confirm:
1. For **#W8367380** - the reason is "ordered by mistake" - correct?
2. For **#W1242543** - since the skateboard can't be modified to what you want and I can't remove just that item, you'd like to cancel the whole order. What reason should I use - "no longer needed" or "ordered by mistake"?
is_final_chunk: True
2026-07-22 11:34:20.750 | DEBUG    | tau2.user.user_simulator:_generate_next_message:244 - Response: Yes, that all sounds right. Please proceed with:

1. Cancel order #W8367380 with reason “ordered by mistake.”
2. Cancel order #W1242543 with reason “no longer needed.”

The refunds to my card in 5–7 business days work for me. And thanks for confirming the grill total of $1,939.05.

I’m on the go, so if you need anything else from me to finalize the cancellations, just let me know.
2026-07-22 11:34:20.751 | DEBUG    | tau2.orchestrator.orchestrator:step:833 - Step 13. Sending message from Role.USER to Role.AGENT
2026-07-22 11:34:20.751 | DEBUG    | tau2.orchestrator.orchestrator:step:836 - Step 13.
From role: Role.USER
To role: Role.AGENT
Message: UserMessage
content: Yes, that all sounds right. Please proceed with:

1. Cancel order #W8367380 with reason “ordered by mistake.”
2. Cancel order #W1242543 with reason “no longer needed.”

The refunds to my card in 5–7 business days work for me. And thanks for confirming the grill total of $1,939.05.

I’m on the go, so if you need anything else from me to finalize the cancellations, just let me know.
is_final_chunk: True
2026-07-22 11:34:21.919 | DEBUG    | tau2.orchestrator.orchestrator:step:833 - Step 14. Sending message from Role.AGENT to Role.ENV
2026-07-22 11:34:21.919 | DEBUG    | tau2.orchestrator.orchestrator:step:836 - Step 14.
From role: Role.AGENT
To role: Role.ENV
Message: AssistantMessage
content: Let me proceed with both cancellations.
ToolCalls:
ToolCall (from assistant)
id: call_00_KCb8KURKtq7vhOwl57Pn0326
name: cancel_pending_order
arguments:
{
  "order_id": "#W8367380",
  "reason": "ordered by mistake"
}
ToolCall (from assistant)
id: call_01_8qycmXBLivaPTcjQPEzn4415
name: cancel_pending_order
arguments:
{
  "order_id": "#W1242543",
  "reason": "no longer needed"
}
is_final_chunk: True
2026-07-22 11:34:21.920 | DEBUG    | tau2.environment.environment:get_response:454 - Response: order_id='#W8367380' user_id='ava_nguyen_6646' address=UserAddress(address1='144 Elm Street', address2='Suite 947', city='Los Angeles', country='USA', state='CA', zip='90450') items=[OrderItem(name='Dumbbell Set', product_id='7233192239', item_id='2444431651', price=534.84, options={'weight range': '55-75 lbs', 'material': 'iron', 'set type': 'fixed'}), OrderItem(name='Bluetooth Speaker', product_id='4768869376', item_id='1689914594', price=315.2, options={'color': 'red', 'battery life': '10 hours', 'water resistance': 'no'}), OrderItem(name='Fleece Jacket', product_id='8560156827', item_id='8733974883', price=153.18, options={'size': 'L', 'color': 'red', 'zipper': 'half'})] status='cancelled' fulfillments=[] payment_history=[OrderPayment(transaction_type='payment', amount=1003.22, payment_method_id='credit_card_5683823'), OrderPayment(transaction_type='refund', amount=1003.22, payment_method_id='credit_card_5683823')] cancel_reason='ordered by mistake' exchange_items=None exchange_new_items=None exchange_payment_method_id=None exchange_price_difference=None return_items=None return_payment_method_id=None
2026-07-22 11:34:21.921 | DEBUG    | tau2.environment.environment:get_response:454 - Response: order_id='#W1242543' user_id='ava_nguyen_6646' address=UserAddress(address1='874 Cedar Avenue', address2='Suite 795', city='Seattle', country='USA', state='WA', zip='98106') items=[OrderItem(name='Skateboard', product_id='1968349452', item_id='9594745976', price=184.13, options={'deck material': 'plastic', 'length': '34 inch', 'design': 'custom'})] status='cancelled' fulfillments=[] payment_history=[OrderPayment(transaction_type='payment', amount=184.13, payment_method_id='credit_card_5683823'), OrderPayment(transaction_type='refund', amount=184.13, payment_method_id='credit_card_5683823')] cancel_reason='no longer needed' exchange_items=None exchange_new_items=None exchange_payment_method_id=None exchange_price_difference=None return_items=None return_payment_method_id=None
2026-07-22 11:34:21.921 | DEBUG    | tau2.orchestrator.orchestrator:step:833 - Step 15. Sending message from Role.ENV to Role.AGENT
2026-07-22 11:34:21.921 | DEBUG    | tau2.orchestrator.orchestrator:step:836 - Step 15.
From role: Role.ENV
To role: Role.AGENT
Message: role='tool' tool_messages=[ToolMessage(id='call_00_KCb8KURKtq7vhOwl57Pn0326', role='tool', content='{"order_id": "#W8367380", "user_id": "ava_nguyen_6646", "address": {"address1": "144 Elm Street", "address2": "Suite 947", "city": "Los Angeles", "country": "USA", "state": "CA", "zip": "90450"}, "items": [{"name": "Dumbbell Set", "product_id": "7233192239", "item_id": "2444431651", "price": 534.84, "options": {"weight range": "55-75 lbs", "material": "iron", "set type": "fixed"}}, {"name": "Bluetooth Speaker", "product_id": "4768869376", "item_id": "1689914594", "price": 315.2, "options": {"color": "red", "battery life": "10 hours", "water resistance": "no"}}, {"name": "Fleece Jacket", "product_id": "8560156827", "item_id": "8733974883", "price": 153.18, "options": {"size": "L", "color": "red", "zipper": "half"}}], "status": "cancelled", "fulfillments": [], "payment_history": [{"transaction_type": "payment", "amount": 1003.22, "payment_method_id": "credit_card_5683823"}, {"transaction_type": "refund", "amount": 1003.22, "payment_method_id": "credit_card_5683823"}], "cancel_reason": "ordered by mistake", "exchange_items": null, "exchange_new_items": null, "exchange_payment_method_id": null, "exchange_price_difference": null, "return_items": null, "return_payment_method_id": null}', requestor='assistant', error=False, turn_idx=None, timestamp='2026-07-22T11:34:21.921847'), ToolMessage(id='call_01_8qycmXBLivaPTcjQPEzn4415', role='tool', content='{"order_id": "#W1242543", "user_id": "ava_nguyen_6646", "address": {"address1": "874 Cedar Avenue", "address2": "Suite 795", "city": "Seattle", "country": "USA", "state": "WA", "zip": "98106"}, "items": [{"name": "Skateboard", "product_id": "1968349452", "item_id": "9594745976", "price": 184.13, "options": {"deck material": "plastic", "length": "34 inch", "design": "custom"}}], "status": "cancelled", "fulfillments": [], "payment_history": [{"transaction_type": "payment", "amount": 184.13, "payment_method_id": "credit_card_5683823"}, {"transaction_type": "refund", "amount": 184.13, "payment_method_id": "credit_card_5683823"}], "cancel_reason": "no longer needed", "exchange_items": null, "exchange_new_items": null, "exchange_payment_method_id": null, "exchange_price_difference": null, "return_items": null, "return_payment_method_id": null}', requestor='assistant', error=False, turn_idx=None, timestamp='2026-07-22T11:34:21.921847')]
2026-07-22 11:34:23.520 | DEBUG    | tau2.orchestrator.orchestrator:step:833 - Step 16. Sending message from Role.AGENT to Role.USER
2026-07-22 11:34:23.520 | DEBUG    | tau2.orchestrator.orchestrator:step:836 - Step 16.
From role: Role.AGENT
To role: Role.USER
Message: AssistantMessage
content: Both orders have been successfully cancelled! Here's a quick recap:

✅ **Order #W8367380** — Cancelled (reason: ordered by mistake)
- $1,003.22 refund to your Mastercard ending in 6081 (5-7 business days)

✅ **Order #W1242543** — Cancelled (reason: no longer needed)
- $184.13 refund to your Mastercard ending in 6081 (5-7 business days)

📊 **Grill total from previous orders**: $1,939.05

You're all set, Ava! If you ever need anything else, feel free to reach out. Have a great day! 😊
is_final_chunk: True
2026-07-22 11:34:23.520 | DEBUG    | tau2.user.user_simulator:_generate_next_message:222 - User responds to message: AssistantMessage
content: Both orders have been successfully cancelled! Here's a quick recap:

✅ **Order #W8367380** — Cancelled (reason: ordered by mistake)
- $1,003.22 refund to your Mastercard ending in 6081 (5-7 business days)

✅ **Order #W1242543** — Cancelled (reason: no longer needed)
- $184.13 refund to your Mastercard ending in 6081 (5-7 business days)

📊 **Grill total from previous orders**: $1,939.05

You're all set, Ava! If you ever need anything else, feel free to reach out. Have a great day! 😊
is_final_chunk: True
2026-07-22 11:34:24.542 | DEBUG    | tau2.user.user_simulator:_generate_next_message:244 - Response: Perfect, thanks so much for taking care of everything so quickly! I’ll keep an eye out for the refunds. Have a great day! 😊

###STOP###
2026-07-22 11:34:24.642 | DEBUG    | tau2.environment.environment:get_response:454 - Response: order_id='#W8367380' user_id='ava_nguyen_6646' address=UserAddress(address1='144 Elm Street', address2='Suite 947', city='Los Angeles', country='USA', state='CA', zip='90450') items=[OrderItem(name='Dumbbell Set', product_id='7233192239', item_id='2444431651', price=534.84, options={'weight range': '55-75 lbs', 'material': 'iron', 'set type': 'fixed'}), OrderItem(name='Bluetooth Speaker', product_id='4768869376', item_id='1689914594', price=315.2, options={'color': 'red', 'battery life': '10 hours', 'water resistance': 'no'}), OrderItem(name='Fleece Jacket', product_id='8560156827', item_id='8733974883', price=153.18, options={'size': 'L', 'color': 'red', 'zipper': 'half'})] status='cancelled' fulfillments=[] payment_history=[OrderPayment(transaction_type='payment', amount=1003.22, payment_method_id='credit_card_5683823'), OrderPayment(transaction_type='refund', amount=1003.22, payment_method_id='credit_card_5683823')] cancel_reason='ordered by mistake' exchange_items=None exchange_new_items=None exchange_payment_method_id=None exchange_price_difference=None return_items=None return_payment_method_id=None
2026-07-22 11:34:24.642 | DEBUG    | tau2.environment.environment:get_response:454 - Response: order_id='#W1242543' user_id='ava_nguyen_6646' address=UserAddress(address1='874 Cedar Avenue', address2='Suite 795', city='Seattle', country='USA', state='WA', zip='98106') items=[OrderItem(name='Skateboard', product_id='1968349452', item_id='9594745976', price=184.13, options={'deck material': 'plastic', 'length': '34 inch', 'design': 'custom'})] status='cancelled' fulfillments=[] payment_history=[OrderPayment(transaction_type='payment', amount=184.13, payment_method_id='credit_card_5683823'), OrderPayment(transaction_type='refund', amount=184.13, payment_method_id='credit_card_5683823')] cancel_reason='no longer needed' exchange_items=None exchange_new_items=None exchange_payment_method_id=None exchange_price_difference=None return_items=None return_payment_method_id=None
2026-07-22 11:34:26.391 | INFO     | tau2.runner.simulation:run_simulation:87 - Simulation complete: domain=retail, task=76, reward=1.0
2026-07-22 11:34:26.391 | INFO     | tau2.runner.batch:run_single_task:442 - FINISHED SIMULATION: Domain: retail, Task: 76, Reward: 1.0
