2026-07-22 11:33:41.871 | DEBUG    | tau2.runner.batch:__enter__:301 - Task log file: D:\PolicyAgent-PostTrain\experiments\20260722_110504_retail_baseline20_trial1_deepseek\task_59\tau2_artifacts\artifacts\task_59\sim_c657f9e3-a48d-4f10-9236-4bd0d4abf1d3\task.log
2026-07-22 11:33:41.913 | INFO     | tau2.orchestrator.orchestrator:_validate_mode_compatibility:477 - Orchestrator initialized in HALF_DUPLEX mode (turn-based) with agent=LLMAgent, user=UserSimulator
2026-07-22 11:33:41.913 | DEBUG    | tau2.runner.build:build_text_orchestrator:400 - Built text orchestrator: domain=retail, agent=llm_agent, user=user_simulator, task=59
2026-07-22 11:33:41.914 | DEBUG    | tau2.orchestrator.orchestrator:step:833 - Step 0. Sending message from Role.AGENT to Role.USER
2026-07-22 11:33:41.914 | DEBUG    | tau2.orchestrator.orchestrator:step:836 - Step 0.
From role: Role.AGENT
To role: Role.USER
Message: AssistantMessage
content: Hi! How can I help you today?
is_final_chunk: True
2026-07-22 11:33:41.914 | DEBUG    | tau2.user.user_simulator:_generate_next_message:222 - User responds to message: AssistantMessage
content: Hi! How can I help you today?
is_final_chunk: True
2026-07-22 11:33:44.684 | DEBUG    | tau2.user.user_simulator:_generate_next_message:244 - Response: Hi, I need help with two orders I placed. Both are still showing as "pending," but one of them—#W2702727—was placed much earlier this year, and I’m getting frustrated with the wait. The other is #W8268610. Can you tell me why both are still pending and why the older one hasn’t moved forward? Also, if you can’t guarantee that the older order will be processed within the next 5 days, I want to cancel it and need to know the total refund amount.

For order #W2702727, I also need to change the shipping address to my new home since I’m moving before it’s supposed to be delivered next month. The new address is 1234 Elm St, Springfield, IL, 62701. Please confirm the change and that it will go to the new address, and let me know the total price after the address update.

I’d appreciate it if you could handle all of this together and get back to me clearly.
2026-07-22 11:33:44.684 | DEBUG    | tau2.orchestrator.orchestrator:step:833 - Step 1. Sending message from Role.USER to Role.AGENT
2026-07-22 11:33:44.684 | DEBUG    | tau2.orchestrator.orchestrator:step:836 - Step 1.
From role: Role.USER
To role: Role.AGENT
Message: UserMessage
content: Hi, I need help with two orders I placed. Both are still showing as "pending," but one of them—#W2702727—was placed much earlier this year, and I’m getting frustrated with the wait. The other is #W8268610. Can you tell me why both are still pending and why the older one hasn’t moved forward? Also, if you can’t guarantee that the older order will be processed within the next 5 days, I want to cancel it and need to know the total refund amount.

For order #W2702727, I also need to change the shipping address to my new home since I’m moving before it’s supposed to be delivered next month. The new address is 1234 Elm St, Springfield, IL, 62701. Please confirm the change and that it will go to the new address, and let me know the total price after the address update.

I’d appreciate it if you could handle all of this together and get back to me clearly.
is_final_chunk: True
2026-07-22 11:33:45.535 | DEBUG    | tau2.orchestrator.orchestrator:step:833 - Step 2. Sending message from Role.AGENT to Role.USER
2026-07-22 11:33:45.535 | DEBUG    | tau2.orchestrator.orchestrator:step:836 - Step 2.
From role: Role.AGENT
To role: Role.USER
Message: AssistantMessage
content: I'd be happy to help you with your orders! First, I need to authenticate your identity. Could you please provide me with your email address, or your first name, last name, and zip code so I can look you up?
is_final_chunk: True
2026-07-22 11:33:45.536 | DEBUG    | tau2.user.user_simulator:_generate_next_message:222 - User responds to message: AssistantMessage
content: I'd be happy to help you with your orders! First, I need to authenticate your identity. Could you please provide me with your email address, or your first name, last name, and zip code so I can look you up?
is_final_chunk: True
2026-07-22 11:33:46.264 | DEBUG    | tau2.user.user_simulator:_generate_next_message:244 - Response: I don’t remember my email address, but my name is Yusuf Taylor and my zip code is 95154. Let me know if you need anything else to verify me.
2026-07-22 11:33:46.264 | DEBUG    | tau2.orchestrator.orchestrator:step:833 - Step 3. Sending message from Role.USER to Role.AGENT
2026-07-22 11:33:46.264 | DEBUG    | tau2.orchestrator.orchestrator:step:836 - Step 3.
From role: Role.USER
To role: Role.AGENT
Message: UserMessage
content: I don’t remember my email address, but my name is Yusuf Taylor and my zip code is 95154. Let me know if you need anything else to verify me.
is_final_chunk: True
2026-07-22 11:33:47.388 | DEBUG    | tau2.orchestrator.orchestrator:step:833 - Step 4. Sending message from Role.AGENT to Role.ENV
2026-07-22 11:33:47.389 | DEBUG    | tau2.orchestrator.orchestrator:step:836 - Step 4.
From role: Role.AGENT
To role: Role.ENV
Message: AssistantMessage
content: Let me look you up using your name and zip code.
ToolCalls:
ToolCall (from assistant)
id: call_00_oBmDsIRQh6OlIiPKZss16851
name: find_user_id_by_name_zip
arguments:
{
  "first_name": "Yusuf",
  "last_name": "Taylor",
  "zip": "95154"
}
is_final_chunk: True
2026-07-22 11:33:47.389 | DEBUG    | tau2.environment.environment:get_response:454 - Response: yusuf_taylor_7149
2026-07-22 11:33:47.389 | DEBUG    | tau2.orchestrator.orchestrator:step:833 - Step 5. Sending message from Role.ENV to Role.AGENT
2026-07-22 11:33:47.389 | DEBUG    | tau2.orchestrator.orchestrator:step:836 - Step 5.
From role: Role.ENV
To role: Role.AGENT
Message: ToolMessage (responding to assistant)
timestamp: 2026-07-22T11:33:47.389874
content: yusuf_taylor_7149
2026-07-22 11:33:48.684 | DEBUG    | tau2.orchestrator.orchestrator:step:833 - Step 6. Sending message from Role.AGENT to Role.ENV
2026-07-22 11:33:48.685 | DEBUG    | tau2.orchestrator.orchestrator:step:836 - Step 6.
From role: Role.AGENT
To role: Role.ENV
Message: AssistantMessage
content: Great, I found you! Let me now look up your details and the details of both orders.
ToolCalls:
ToolCall (from assistant)
id: call_00_HqELXWWFTeNOL6Q6Sx2T7986
name: get_user_details
arguments:
{
  "user_id": "yusuf_taylor_7149"
}
ToolCall (from assistant)
id: call_01_TTxGn3UIUDn6eDWkWplY4715
name: get_order_details
arguments:
{
  "order_id": "#W2702727"
}
ToolCall (from assistant)
id: call_02_5NPe7YFO0vFSzzsxu8AS1530
name: get_order_details
arguments:
{
  "order_id": "#W8268610"
}
is_final_chunk: True
2026-07-22 11:33:48.685 | DEBUG    | tau2.environment.environment:get_response:454 - Response: user_id='yusuf_taylor_7149' name=UserName(first_name='Yusuf', last_name='Taylor') address=UserAddress(address1='163 Cedar Street', address2='Suite 165', city='San Jose', country='USA', state='CA', zip='95154') email='yusuf.taylor6118@example.com' payment_methods={'credit_card_3599838': CreditCard(source='credit_card', id='credit_card_3599838', brand='visa', last_four='4012')} orders=['#W2702727', '#W5690487', '#W8268610']
2026-07-22 11:33:48.685 | DEBUG    | tau2.environment.environment:get_response:454 - Response: order_id='#W2702727' user_id='yusuf_taylor_7149' address=UserAddress(address1='163 Cedar Street', address2='Suite 165', city='San Jose', country='USA', state='CA', zip='95154') items=[OrderItem(name='Bookshelf', product_id='8600330539', item_id='7373893106', price=531.22, options={'material': 'glass', 'color': 'white', 'height': '4 ft'}), OrderItem(name='Yoga Mat', product_id='4635925001', item_id='2733768059', price=94.38, options={'thickness': '6mm', 'material': 'natural rubber', 'color': 'pink'})] status='pending' fulfillments=[] payment_history=[OrderPayment(transaction_type='payment', amount=625.6, payment_method_id='credit_card_3599838')] cancel_reason=None exchange_items=None exchange_new_items=None exchange_payment_method_id=None exchange_price_difference=None return_items=None return_payment_method_id=None
2026-07-22 11:33:48.685 | DEBUG    | tau2.environment.environment:get_response:454 - Response: order_id='#W8268610' user_id='yusuf_taylor_7149' address=UserAddress(address1='163 Cedar Street', address2='Suite 165', city='San Jose', country='USA', state='CA', zip='95154') items=[OrderItem(name='Desk Lamp', product_id='6817146515', item_id='9083642334', price=164.28, options={'color': 'white', 'brightness': 'high', 'power source': 'USB'})] status='pending' fulfillments=[] payment_history=[OrderPayment(transaction_type='payment', amount=164.28, payment_method_id='credit_card_3599838')] cancel_reason=None exchange_items=None exchange_new_items=None exchange_payment_method_id=None exchange_price_difference=None return_items=None return_payment_method_id=None
2026-07-22 11:33:48.686 | DEBUG    | tau2.orchestrator.orchestrator:step:833 - Step 7. Sending message from Role.ENV to Role.AGENT
2026-07-22 11:33:48.686 | DEBUG    | tau2.orchestrator.orchestrator:step:836 - Step 7.
From role: Role.ENV
To role: Role.AGENT
Message: role='tool' tool_messages=[ToolMessage(id='call_00_HqELXWWFTeNOL6Q6Sx2T7986', role='tool', content='{"user_id": "yusuf_taylor_7149", "name": {"first_name": "Yusuf", "last_name": "Taylor"}, "address": {"address1": "163 Cedar Street", "address2": "Suite 165", "city": "San Jose", "country": "USA", "state": "CA", "zip": "95154"}, "email": "yusuf.taylor6118@example.com", "payment_methods": {"credit_card_3599838": {"source": "credit_card", "id": "credit_card_3599838", "brand": "visa", "last_four": "4012"}}, "orders": ["#W2702727", "#W5690487", "#W8268610"]}', requestor='assistant', error=False, turn_idx=None, timestamp='2026-07-22T11:33:48.685806'), ToolMessage(id='call_01_TTxGn3UIUDn6eDWkWplY4715', role='tool', content='{"order_id": "#W2702727", "user_id": "yusuf_taylor_7149", "address": {"address1": "163 Cedar Street", "address2": "Suite 165", "city": "San Jose", "country": "USA", "state": "CA", "zip": "95154"}, "items": [{"name": "Bookshelf", "product_id": "8600330539", "item_id": "7373893106", "price": 531.22, "options": {"material": "glass", "color": "white", "height": "4 ft"}}, {"name": "Yoga Mat", "product_id": "4635925001", "item_id": "2733768059", "price": 94.38, "options": {"thickness": "6mm", "material": "natural rubber", "color": "pink"}}], "status": "pending", "fulfillments": [], "payment_history": [{"transaction_type": "payment", "amount": 625.6, "payment_method_id": "credit_card_3599838"}], "cancel_reason": null, "exchange_items": null, "exchange_new_items": null, "exchange_payment_method_id": null, "exchange_price_difference": null, "return_items": null, "return_payment_method_id": null}', requestor='assistant', error=False, turn_idx=None, timestamp='2026-07-22T11:33:48.685806'), ToolMessage(id='call_02_5NPe7YFO0vFSzzsxu8AS1530', role='tool', content='{"order_id": "#W8268610", "user_id": "yusuf_taylor_7149", "address": {"address1": "163 Cedar Street", "address2": "Suite 165", "city": "San Jose", "country": "USA", "state": "CA", "zip": "95154"}, "items": [{"name": "Desk Lamp", "product_id": "6817146515", "item_id": "9083642334", "price": 164.28, "options": {"color": "white", "brightness": "high", "power source": "USB"}}], "status": "pending", "fulfillments": [], "payment_history": [{"transaction_type": "payment", "amount": 164.28, "payment_method_id": "credit_card_3599838"}], "cancel_reason": null, "exchange_items": null, "exchange_new_items": null, "exchange_payment_method_id": null, "exchange_price_difference": null, "return_items": null, "return_payment_method_id": null}', requestor='assistant', error=False, turn_idx=None, timestamp='2026-07-22T11:33:48.685806')]
2026-07-22 11:33:53.215 | DEBUG    | tau2.orchestrator.orchestrator:step:833 - Step 8. Sending message from Role.AGENT to Role.USER
2026-07-22 11:33:53.216 | DEBUG    | tau2.orchestrator.orchestrator:step:836 - Step 8.
From role: Role.AGENT
To role: Role.USER
Message: AssistantMessage
content: Great, I've got all the information. Let me summarize what I've found:

**Your Profile:** Yusuf Taylor (user ID: yusuf_taylor_7149)

---

### Order #W2702727 (Older Order)
- **Status:** Pending
- **Items:** Bookshelf ($531.22) + Yoga Mat ($94.38)
- **Total Paid:** $625.60 via credit card (ending in 4012)
- **Current Address:** 163 Cedar Street, Suite 165, San Jose, CA 95154

### Order #W8268610 (Newer Order)
- **Status:** Pending
- **Items:** Desk Lamp ($164.28)
- **Total Paid:** $164.28 via credit card (ending in 4012)

---

Now, regarding your requests:

**1. Why are they still pending?**
Both orders are in "pending" status, which means they haven't been processed yet. Unfortunately, I don't have visibility into the internal processing timeline or guarantees on when they'll move forward.

**2. Cancelling #W2702727 if it can't be processed in 5 days**
I'm not able to guarantee processing times from my end. However, if you'd like to cancel order #W2702727, I can help with that. The total refund would be **$625.60**, and since it was paid via credit card, the refund would take 5-7 business days to process. But first, I'd need a reason for cancellation — it must be either **"no longer needed"** or **"ordered by mistake"**.

**3. Changing the address for #W2702727**
You'd like to change the shipping address to **1234 Elm St, Springfield, IL, 62701**. I can do that, but please note that if we modify the address, the order stays as "pending" — it doesn't guarantee faster processing.

**Important:** Since modifying items can only be done once per order, and the address change is separate from cancellation, let me clarify what you'd like to do:

- **Option A:** Cancel order #W2702727 (with a valid reason)
- **Option B:** Modify the address for #W2702727 to your new address

Could you please clarify which path you'd like to take for order #W2702727? And what about order #W8268610 — did you need anything done with that one?
is_final_chunk: True
2026-07-22 11:33:53.216 | DEBUG    | tau2.user.user_simulator:_generate_next_message:222 - User responds to message: AssistantMessage
content: Great, I've got all the information. Let me summarize what I've found:

**Your Profile:** Yusuf Taylor (user ID: yusuf_taylor_7149)

---

### Order #W2702727 (Older Order)
- **Status:** Pending
- **Items:** Bookshelf ($531.22) + Yoga Mat ($94.38)
- **Total Paid:** $625.60 via credit card (ending in 4012)
- **Current Address:** 163 Cedar Street, Suite 165, San Jose, CA 95154

### Order #W8268610 (Newer Order)
- **Status:** Pending
- **Items:** Desk Lamp ($164.28)
- **Total Paid:** $164.28 via credit card (ending in 4012)

---

Now, regarding your requests:

**1. Why are they still pending?**
Both orders are in "pending" status, which means they haven't been processed yet. Unfortunately, I don't have visibility into the internal processing timeline or guarantees on when they'll move forward.

**2. Cancelling #W2702727 if it can't be processed in 5 days**
I'm not able to guarantee processing times from my end. However, if you'd like to cancel order #W2702727, I can help with that. The total refund would be **$625.60**, and since it was paid via credit card, the refund would take 5-7 business days to process. But first, I'd need a reason for cancellation — it must be either **"no longer needed"** or **"ordered by mistake"**.

**3. Changing the address for #W2702727**
You'd like to change the shipping address to **1234 Elm St, Springfield, IL, 62701**. I can do that, but please note that if we modify the address, the order stays as "pending" — it doesn't guarantee faster processing.

**Important:** Since modifying items can only be done once per order, and the address change is separate from cancellation, let me clarify what you'd like to do:

- **Option A:** Cancel order #W2702727 (with a valid reason)
- **Option B:** Modify the address for #W2702727 to your new address

Could you please clarify which path you'd like to take for order #W2702727? And what about order #W8268610 — did you need anything done with that one?
is_final_chunk: True
2026-07-22 11:33:54.668 | DEBUG    | tau2.user.user_simulator:_generate_next_message:244 - Response: Thanks for the details. Since you can’t guarantee that order #W2702727 will be processed within 5 days, I want to cancel it. The reason is “no longer needed.” Please confirm the total refund amount is $625.60 and that it will go back to my credit card ending in 4012 within 5–7 business days.

For order #W8268610, I don’t need any changes right now—I just wanted to understand why it’s also pending, but since you can’t give a timeline, I’ll leave it as is for now.

Please proceed with cancelling #W2702727 and let me know once it’s done.
2026-07-22 11:33:54.668 | DEBUG    | tau2.orchestrator.orchestrator:step:833 - Step 9. Sending message from Role.USER to Role.AGENT
2026-07-22 11:33:54.669 | DEBUG    | tau2.orchestrator.orchestrator:step:836 - Step 9.
From role: Role.USER
To role: Role.AGENT
Message: UserMessage
content: Thanks for the details. Since you can’t guarantee that order #W2702727 will be processed within 5 days, I want to cancel it. The reason is “no longer needed.” Please confirm the total refund amount is $625.60 and that it will go back to my credit card ending in 4012 within 5–7 business days.

For order #W8268610, I don’t need any changes right now—I just wanted to understand why it’s also pending, but since you can’t give a timeline, I’ll leave it as is for now.

Please proceed with cancelling #W2702727 and let me know once it’s done.
is_final_chunk: True
2026-07-22 11:33:55.971 | DEBUG    | tau2.orchestrator.orchestrator:step:833 - Step 10. Sending message from Role.AGENT to Role.USER
2026-07-22 11:33:55.971 | DEBUG    | tau2.orchestrator.orchestrator:step:836 - Step 10.
From role: Role.AGENT
To role: Role.USER
Message: AssistantMessage
content: Let me confirm the cancellation details for you:

**Order #W2702727 - Cancellation Summary:**
- **Reason:** No longer needed
- **Total Refund:** $625.60
- **Refund Method:** Credit card ending in 4012 (original payment method)
- **Refund Timeline:** 5-7 business days (since it's a credit card, not a gift card)

Could you please confirm that you'd like to proceed with this cancellation? Please say **yes** to confirm.
is_final_chunk: True
2026-07-22 11:33:55.971 | DEBUG    | tau2.user.user_simulator:_generate_next_message:222 - User responds to message: AssistantMessage
content: Let me confirm the cancellation details for you:

**Order #W2702727 - Cancellation Summary:**
- **Reason:** No longer needed
- **Total Refund:** $625.60
- **Refund Method:** Credit card ending in 4012 (original payment method)
- **Refund Timeline:** 5-7 business days (since it's a credit card, not a gift card)

Could you please confirm that you'd like to proceed with this cancellation? Please say **yes** to confirm.
is_final_chunk: True
2026-07-22 11:33:57.083 | DEBUG    | tau2.user.user_simulator:_generate_next_message:244 - Response: Yes, please proceed with the cancellation. I confirm I want to cancel order #W2702727 for the reason “no longer needed” and receive the full refund of $625.60 back to my credit card ending in 4012. Please let me know once it’s done.
2026-07-22 11:33:57.083 | DEBUG    | tau2.orchestrator.orchestrator:step:833 - Step 11. Sending message from Role.USER to Role.AGENT
2026-07-22 11:33:57.083 | DEBUG    | tau2.orchestrator.orchestrator:step:836 - Step 11.
From role: Role.USER
To role: Role.AGENT
Message: UserMessage
content: Yes, please proceed with the cancellation. I confirm I want to cancel order #W2702727 for the reason “no longer needed” and receive the full refund of $625.60 back to my credit card ending in 4012. Please let me know once it’s done.
is_final_chunk: True
2026-07-22 11:33:58.004 | DEBUG    | tau2.orchestrator.orchestrator:step:833 - Step 12. Sending message from Role.AGENT to Role.ENV
2026-07-22 11:33:58.004 | DEBUG    | tau2.orchestrator.orchestrator:step:836 - Step 12.
From role: Role.AGENT
To role: Role.ENV
Message: AssistantMessage
content: Let me process the cancellation now.
ToolCalls:
ToolCall (from assistant)
id: call_00_0mL838VLhAdmKhbSuyKK3754
name: cancel_pending_order
arguments:
{
  "order_id": "#W2702727",
  "reason": "no longer needed"
}
is_final_chunk: True
2026-07-22 11:33:58.005 | DEBUG    | tau2.environment.environment:get_response:454 - Response: order_id='#W2702727' user_id='yusuf_taylor_7149' address=UserAddress(address1='163 Cedar Street', address2='Suite 165', city='San Jose', country='USA', state='CA', zip='95154') items=[OrderItem(name='Bookshelf', product_id='8600330539', item_id='7373893106', price=531.22, options={'material': 'glass', 'color': 'white', 'height': '4 ft'}), OrderItem(name='Yoga Mat', product_id='4635925001', item_id='2733768059', price=94.38, options={'thickness': '6mm', 'material': 'natural rubber', 'color': 'pink'})] status='cancelled' fulfillments=[] payment_history=[OrderPayment(transaction_type='payment', amount=625.6, payment_method_id='credit_card_3599838'), OrderPayment(transaction_type='refund', amount=625.6, payment_method_id='credit_card_3599838')] cancel_reason='no longer needed' exchange_items=None exchange_new_items=None exchange_payment_method_id=None exchange_price_difference=None return_items=None return_payment_method_id=None
2026-07-22 11:33:58.005 | DEBUG    | tau2.orchestrator.orchestrator:step:833 - Step 13. Sending message from Role.ENV to Role.AGENT
2026-07-22 11:33:58.005 | DEBUG    | tau2.orchestrator.orchestrator:step:836 - Step 13.
From role: Role.ENV
To role: Role.AGENT
Message: ToolMessage (responding to assistant)
timestamp: 2026-07-22T11:33:58.005102
content: {"order_id": "#W2702727", "user_id": "yusuf_taylor_7149", "address": {"address1": "163 Cedar Street", "address2": "Suite 165", "city": "San Jose", "country": "USA", "state": "CA", "zip": "95154"}, "items": [{"name": "Bookshelf", "product_id": "8600330539", "item_id": "7373893106", "price": 531.22, "options": {"material": "glass", "color": "white", "height": "4 ft"}}, {"name": "Yoga Mat", "product_id": "4635925001", "item_id": "2733768059", "price": 94.38, "options": {"thickness": "6mm", "material": "natural rubber", "color": "pink"}}], "status": "cancelled", "fulfillments": [], "payment_history": [{"transaction_type": "payment", "amount": 625.6, "payment_method_id": "credit_card_3599838"}, {"transaction_type": "refund", "amount": 625.6, "payment_method_id": "credit_card_3599838"}], "cancel_reason": "no longer needed", "exchange_items": null, "exchange_new_items": null, "exchange_payment_method_id": null, "exchange_price_difference": null, "return_items": null, "return_payment_method_id": null}
2026-07-22 11:33:59.444 | DEBUG    | tau2.orchestrator.orchestrator:step:833 - Step 14. Sending message from Role.AGENT to Role.USER
2026-07-22 11:33:59.444 | DEBUG    | tau2.orchestrator.orchestrator:step:836 - Step 14.
From role: Role.AGENT
To role: Role.USER
Message: AssistantMessage
content: Order #W2702727 has been successfully cancelled! Here's a summary:

✅ **Cancellation Complete**
- **Order:** #W2702727
- **Status:** Cancelled
- **Reason:** No longer needed
- **Refund Amount:** $625.60
- **Refund Method:** Credit card ending in 4012
- **Refund Timeline:** 5-7 business days

As for order **#W8268610**, it remains pending with no changes. If you ever need help with it in the future, feel free to reach out. Is there anything else I can help you with?
is_final_chunk: True
2026-07-22 11:33:59.444 | DEBUG    | tau2.user.user_simulator:_generate_next_message:222 - User responds to message: AssistantMessage
content: Order #W2702727 has been successfully cancelled! Here's a summary:

✅ **Cancellation Complete**
- **Order:** #W2702727
- **Status:** Cancelled
- **Reason:** No longer needed
- **Refund Amount:** $625.60
- **Refund Method:** Credit card ending in 4012
- **Refund Timeline:** 5-7 business days

As for order **#W8268610**, it remains pending with no changes. If you ever need help with it in the future, feel free to reach out. Is there anything else I can help you with?
is_final_chunk: True
2026-07-22 11:34:00.181 | DEBUG    | tau2.user.user_simulator:_generate_next_message:244 - Response: Thanks for confirming the cancellation and refund details. That covers everything I needed for now. Appreciate your help! 

###STOP###
2026-07-22 11:34:00.276 | DEBUG    | tau2.environment.environment:get_response:454 - Response: order_id='#W2702727' user_id='yusuf_taylor_7149' address=UserAddress(address1='163 Cedar Street', address2='Suite 165', city='San Jose', country='USA', state='CA', zip='95154') items=[OrderItem(name='Bookshelf', product_id='8600330539', item_id='7373893106', price=531.22, options={'material': 'glass', 'color': 'white', 'height': '4 ft'}), OrderItem(name='Yoga Mat', product_id='4635925001', item_id='2733768059', price=94.38, options={'thickness': '6mm', 'material': 'natural rubber', 'color': 'pink'})] status='cancelled' fulfillments=[] payment_history=[OrderPayment(transaction_type='payment', amount=625.6, payment_method_id='credit_card_3599838'), OrderPayment(transaction_type='refund', amount=625.6, payment_method_id='credit_card_3599838')] cancel_reason='no longer needed' exchange_items=None exchange_new_items=None exchange_payment_method_id=None exchange_price_difference=None return_items=None return_payment_method_id=None
2026-07-22 11:34:02.295 | INFO     | tau2.runner.simulation:run_simulation:87 - Simulation complete: domain=retail, task=59, reward=0.0
2026-07-22 11:34:02.295 | INFO     | tau2.runner.batch:run_single_task:442 - FINISHED SIMULATION: Domain: retail, Task: 59, Reward: 0.0
