2026-07-22 11:38:23.178 | DEBUG    | tau2.runner.batch:__enter__:301 - Task log file: D:\PolicyAgent-PostTrain\experiments\20260722_110504_retail_baseline20_trial1_deepseek\task_43\tau2_artifacts\artifacts\task_43\sim_623f2776-6a29-49f5-923e-5dc4cc6311e9\task.log
2026-07-22 11:38:23.221 | INFO     | tau2.orchestrator.orchestrator:_validate_mode_compatibility:477 - Orchestrator initialized in HALF_DUPLEX mode (turn-based) with agent=LLMAgent, user=UserSimulator
2026-07-22 11:38:23.222 | DEBUG    | tau2.runner.build:build_text_orchestrator:400 - Built text orchestrator: domain=retail, agent=llm_agent, user=user_simulator, task=43
2026-07-22 11:38:23.222 | DEBUG    | tau2.orchestrator.orchestrator:step:833 - Step 0. Sending message from Role.AGENT to Role.USER
2026-07-22 11:38:23.222 | DEBUG    | tau2.orchestrator.orchestrator:step:836 - Step 0.
From role: Role.AGENT
To role: Role.USER
Message: AssistantMessage
content: Hi! How can I help you today?
is_final_chunk: True
2026-07-22 11:38:23.222 | DEBUG    | tau2.user.user_simulator:_generate_next_message:222 - User responds to message: AssistantMessage
content: Hi! How can I help you today?
is_final_chunk: True
2026-07-22 11:38:24.399 | DEBUG    | tau2.user.user_simulator:_generate_next_message:244 - Response: Hi there. I hope you’re doing well. I was hoping you could help me with an order I placed for my daughter. She hasn’t received it yet, and I’m a bit worried. Could you check which address it was sent to, and maybe give me the tracking number? Also, I’d like to know if it’s still on the way.
2026-07-22 11:38:24.399 | DEBUG    | tau2.orchestrator.orchestrator:step:833 - Step 1. Sending message from Role.USER to Role.AGENT
2026-07-22 11:38:24.399 | DEBUG    | tau2.orchestrator.orchestrator:step:836 - Step 1.
From role: Role.USER
To role: Role.AGENT
Message: UserMessage
content: Hi there. I hope you’re doing well. I was hoping you could help me with an order I placed for my daughter. She hasn’t received it yet, and I’m a bit worried. Could you check which address it was sent to, and maybe give me the tracking number? Also, I’d like to know if it’s still on the way.
is_final_chunk: True
2026-07-22 11:38:25.374 | DEBUG    | tau2.orchestrator.orchestrator:step:833 - Step 2. Sending message from Role.AGENT to Role.USER
2026-07-22 11:38:25.374 | DEBUG    | tau2.orchestrator.orchestrator:step:836 - Step 2.
From role: Role.AGENT
To role: Role.USER
Message: AssistantMessage
content: I'd be happy to help you with that! First, I need to verify your identity. Could you please provide me with your email address, or your name and zip code so I can look you up?
is_final_chunk: True
2026-07-22 11:38:25.374 | DEBUG    | tau2.user.user_simulator:_generate_next_message:222 - User responds to message: AssistantMessage
content: I'd be happy to help you with that! First, I need to verify your identity. Could you please provide me with your email address, or your name and zip code so I can look you up?
is_final_chunk: True
2026-07-22 11:38:26.500 | DEBUG    | tau2.user.user_simulator:_generate_next_message:244 - Response: Sure, my name is Lucas Santos, and my zip code is 80239. I’m sorry, I don’t remember my email address right now. Is that enough to find my order?
2026-07-22 11:38:26.501 | DEBUG    | tau2.orchestrator.orchestrator:step:833 - Step 3. Sending message from Role.USER to Role.AGENT
2026-07-22 11:38:26.501 | DEBUG    | tau2.orchestrator.orchestrator:step:836 - Step 3.
From role: Role.USER
To role: Role.AGENT
Message: UserMessage
content: Sure, my name is Lucas Santos, and my zip code is 80239. I’m sorry, I don’t remember my email address right now. Is that enough to find my order?
is_final_chunk: True
2026-07-22 11:38:27.997 | DEBUG    | tau2.orchestrator.orchestrator:step:833 - Step 4. Sending message from Role.AGENT to Role.ENV
2026-07-22 11:38:27.998 | DEBUG    | tau2.orchestrator.orchestrator:step:836 - Step 4.
From role: Role.AGENT
To role: Role.ENV
Message: AssistantMessage
content: No problem at all! Let me look you up using your name and zip code.
ToolCalls:
ToolCall (from assistant)
id: call_00_oTAVtfxgy0JCGbrWTYoE4513
name: find_user_id_by_name_zip
arguments:
{
  "first_name": "Lucas",
  "last_name": "Santos",
  "zip": "80239"
}
is_final_chunk: True
2026-07-22 11:38:27.998 | DEBUG    | tau2.environment.environment:get_response:454 - Response: lucas_santos_6600
2026-07-22 11:38:27.998 | DEBUG    | tau2.orchestrator.orchestrator:step:833 - Step 5. Sending message from Role.ENV to Role.AGENT
2026-07-22 11:38:27.998 | DEBUG    | tau2.orchestrator.orchestrator:step:836 - Step 5.
From role: Role.ENV
To role: Role.AGENT
Message: ToolMessage (responding to assistant)
timestamp: 2026-07-22T11:38:27.998970
content: lucas_santos_6600
2026-07-22 11:38:29.105 | DEBUG    | tau2.orchestrator.orchestrator:step:833 - Step 6. Sending message from Role.AGENT to Role.ENV
2026-07-22 11:38:29.106 | DEBUG    | tau2.orchestrator.orchestrator:step:836 - Step 6.
From role: Role.AGENT
To role: Role.ENV
Message: AssistantMessage
content: Great, I found you! Let me now get your details and orders.
ToolCalls:
ToolCall (from assistant)
id: call_00_06MKb6uw745DkwZPwynT8077
name: get_user_details
arguments:
{
  "user_id": "lucas_santos_6600"
}
is_final_chunk: True
2026-07-22 11:38:29.106 | DEBUG    | tau2.environment.environment:get_response:454 - Response: user_id='lucas_santos_6600' name=UserName(first_name='Lucas', last_name='Santos') address=UserAddress(address1='986 Lakeview Drive', address2='Suite 237', city='Denver', country='USA', state='CO', zip='80239') email='lucas.santos4998@example.com' payment_methods={'paypal_3820631': Paypal(source='paypal', id='paypal_3820631')} orders=['#W1588712', '#W7895761']
2026-07-22 11:38:29.106 | DEBUG    | tau2.orchestrator.orchestrator:step:833 - Step 7. Sending message from Role.ENV to Role.AGENT
2026-07-22 11:38:29.106 | DEBUG    | tau2.orchestrator.orchestrator:step:836 - Step 7.
From role: Role.ENV
To role: Role.AGENT
Message: ToolMessage (responding to assistant)
timestamp: 2026-07-22T11:38:29.106506
content: {"user_id": "lucas_santos_6600", "name": {"first_name": "Lucas", "last_name": "Santos"}, "address": {"address1": "986 Lakeview Drive", "address2": "Suite 237", "city": "Denver", "country": "USA", "state": "CO", "zip": "80239"}, "email": "lucas.santos4998@example.com", "payment_methods": {"paypal_3820631": {"source": "paypal", "id": "paypal_3820631"}}, "orders": ["#W1588712", "#W7895761"]}
2026-07-22 11:38:30.562 | DEBUG    | tau2.orchestrator.orchestrator:step:833 - Step 8. Sending message from Role.AGENT to Role.ENV
2026-07-22 11:38:30.562 | DEBUG    | tau2.orchestrator.orchestrator:step:836 - Step 8.
From role: Role.AGENT
To role: Role.ENV
Message: AssistantMessage
content: I can see you have two orders on your account. Let me check the details on both to find the one you're referring to.
ToolCalls:
ToolCall (from assistant)
id: call_00_Ks4WMDwRilq16wxbouNp2654
name: get_order_details
arguments:
{
  "order_id": "#W1588712"
}
ToolCall (from assistant)
id: call_01_rg9dY7COb597cfpyo4Ry5544
name: get_order_details
arguments:
{
  "order_id": "#W7895761"
}
is_final_chunk: True
2026-07-22 11:38:30.563 | DEBUG    | tau2.environment.environment:get_response:454 - Response: order_id='#W1588712' user_id='lucas_santos_6600' address=UserAddress(address1='986 Lakeview Drive', address2='Suite 237', city='Denver', country='USA', state='CO', zip='80239') items=[OrderItem(name='Cycling Helmet', product_id='7765186836', item_id='7811981098', price=213.86, options={'size': 'S', 'color': 'white', 'ventilation': 'medium'}), OrderItem(name='Water Bottle', product_id='8310926033', item_id='4947921075', price=49.57, options={'capacity': '750ml', 'material': 'stainless steel', 'color': 'green'}), OrderItem(name='Bluetooth Speaker', product_id='4768869376', item_id='3254583681', price=302.67, options={'color': 'blue', 'battery life': '20 hours', 'water resistance': 'yes'}), OrderItem(name='Electric Toothbrush', product_id='7352963235', item_id='8098621301', price=192.15, options={'color': 'black', 'speed settings': 'high', 'battery type': 'rechargeable'})] status='cancelled' fulfillments=[OrderFullfilment(tracking_id=['277771795667'], item_ids=['7811981098', '4947921075', '3254583681', '8098621301'])] payment_history=[OrderPayment(transaction_type='payment', amount=758.25, payment_method_id='paypal_3820631'), OrderPayment(transaction_type='refund', amount=758.25, payment_method_id='paypal_3820631')] cancel_reason=None exchange_items=None exchange_new_items=None exchange_payment_method_id=None exchange_price_difference=None return_items=None return_payment_method_id=None
2026-07-22 11:38:30.563 | DEBUG    | tau2.environment.environment:get_response:454 - Response: order_id='#W7895761' user_id='lucas_santos_6600' address=UserAddress(address1='943 Maple Drive', address2='Suite 356', city='Chicago', country='USA', state='IL', zip='60621') items=[OrderItem(name='Tablet', product_id='8024098596', item_id='4803681337', price=962.34, options={'screen size': '8-inch', 'storage': '64GB', 'color': 'black'}), OrderItem(name='Action Camera', product_id='3377618313', item_id='8725040869', price=522.86, options={'resolution': '4K', 'waterproof': 'no', 'color': 'black'}), OrderItem(name='Mechanical Keyboard', product_id='1656367028', item_id='6439196450', price=254.56, options={'switch type': 'tactile', 'backlight': 'none', 'size': '60%'}), OrderItem(name='Vacuum Cleaner', product_id='1762337868', item_id='1345513440', price=655.59, options={'type': 'canister', 'bagged/bagless': 'bagged', 'features': 'cordless'}), OrderItem(name='Smart Thermostat', product_id='4896585277', item_id='4983901480', price=262.47, options={'compatibility': 'Apple HomeKit', 'color': 'black'})] status='delivered' fulfillments=[OrderFullfilment(tracking_id=['840887978435'], item_ids=['4803681337', '8725040869', '6439196450', '1345513440', '4983901480'])] payment_history=[OrderPayment(transaction_type='payment', amount=2657.82, payment_method_id='paypal_3820631')] cancel_reason=None exchange_items=None exchange_new_items=None exchange_payment_method_id=None exchange_price_difference=None return_items=None return_payment_method_id=None
2026-07-22 11:38:30.564 | DEBUG    | tau2.orchestrator.orchestrator:step:833 - Step 9. Sending message from Role.ENV to Role.AGENT
2026-07-22 11:38:30.564 | DEBUG    | tau2.orchestrator.orchestrator:step:836 - Step 9.
From role: Role.ENV
To role: Role.AGENT
Message: role='tool' tool_messages=[ToolMessage(id='call_00_Ks4WMDwRilq16wxbouNp2654', role='tool', content='{"order_id": "#W1588712", "user_id": "lucas_santos_6600", "address": {"address1": "986 Lakeview Drive", "address2": "Suite 237", "city": "Denver", "country": "USA", "state": "CO", "zip": "80239"}, "items": [{"name": "Cycling Helmet", "product_id": "7765186836", "item_id": "7811981098", "price": 213.86, "options": {"size": "S", "color": "white", "ventilation": "medium"}}, {"name": "Water Bottle", "product_id": "8310926033", "item_id": "4947921075", "price": 49.57, "options": {"capacity": "750ml", "material": "stainless steel", "color": "green"}}, {"name": "Bluetooth Speaker", "product_id": "4768869376", "item_id": "3254583681", "price": 302.67, "options": {"color": "blue", "battery life": "20 hours", "water resistance": "yes"}}, {"name": "Electric Toothbrush", "product_id": "7352963235", "item_id": "8098621301", "price": 192.15, "options": {"color": "black", "speed settings": "high", "battery type": "rechargeable"}}], "status": "cancelled", "fulfillments": [{"tracking_id": ["277771795667"], "item_ids": ["7811981098", "4947921075", "3254583681", "8098621301"]}], "payment_history": [{"transaction_type": "payment", "amount": 758.25, "payment_method_id": "paypal_3820631"}, {"transaction_type": "refund", "amount": 758.25, "payment_method_id": "paypal_3820631"}], "cancel_reason": null, "exchange_items": null, "exchange_new_items": null, "exchange_payment_method_id": null, "exchange_price_difference": null, "return_items": null, "return_payment_method_id": null}', requestor='assistant', error=False, turn_idx=None, timestamp='2026-07-22T11:38:30.563256'), ToolMessage(id='call_01_rg9dY7COb597cfpyo4Ry5544', role='tool', content='{"order_id": "#W7895761", "user_id": "lucas_santos_6600", "address": {"address1": "943 Maple Drive", "address2": "Suite 356", "city": "Chicago", "country": "USA", "state": "IL", "zip": "60621"}, "items": [{"name": "Tablet", "product_id": "8024098596", "item_id": "4803681337", "price": 962.34, "options": {"screen size": "8-inch", "storage": "64GB", "color": "black"}}, {"name": "Action Camera", "product_id": "3377618313", "item_id": "8725040869", "price": 522.86, "options": {"resolution": "4K", "waterproof": "no", "color": "black"}}, {"name": "Mechanical Keyboard", "product_id": "1656367028", "item_id": "6439196450", "price": 254.56, "options": {"switch type": "tactile", "backlight": "none", "size": "60%"}}, {"name": "Vacuum Cleaner", "product_id": "1762337868", "item_id": "1345513440", "price": 655.59, "options": {"type": "canister", "bagged/bagless": "bagged", "features": "cordless"}}, {"name": "Smart Thermostat", "product_id": "4896585277", "item_id": "4983901480", "price": 262.47, "options": {"compatibility": "Apple HomeKit", "color": "black"}}], "status": "delivered", "fulfillments": [{"tracking_id": ["840887978435"], "item_ids": ["4803681337", "8725040869", "6439196450", "1345513440", "4983901480"]}], "payment_history": [{"transaction_type": "payment", "amount": 2657.82, "payment_method_id": "paypal_3820631"}], "cancel_reason": null, "exchange_items": null, "exchange_new_items": null, "exchange_payment_method_id": null, "exchange_price_difference": null, "return_items": null, "return_payment_method_id": null}', requestor='assistant', error=False, turn_idx=None, timestamp='2026-07-22T11:38:30.564253')]
2026-07-22 11:38:32.436 | DEBUG    | tau2.orchestrator.orchestrator:step:833 - Step 10. Sending message from Role.AGENT to Role.USER
2026-07-22 11:38:32.436 | DEBUG    | tau2.orchestrator.orchestrator:step:836 - Step 10.
From role: Role.AGENT
To role: Role.USER
Message: AssistantMessage
content: Alright Lucas, here's what I found:

**Order #W1588712** — This one was **cancelled**. It was shipped to your default address (986 Lakeview Drive, Suite 237, Denver, CO 80239) with tracking ID **277771795667**, but it was cancelled and refunded.

**Order #W7895761** — This one has been **delivered**! It was shipped to **943 Maple Drive, Suite 356, Chicago, IL 60621** with tracking ID **840887978435**.

Could you tell me which order you're referring to? The one for your daughter — is it the tablet, action camera, keyboard, vacuum cleaner, and smart thermostat order that was delivered to Chicago? Or were you thinking of the cancelled one?
is_final_chunk: True
2026-07-22 11:38:32.436 | DEBUG    | tau2.user.user_simulator:_generate_next_message:222 - User responds to message: AssistantMessage
content: Alright Lucas, here's what I found:

**Order #W1588712** — This one was **cancelled**. It was shipped to your default address (986 Lakeview Drive, Suite 237, Denver, CO 80239) with tracking ID **277771795667**, but it was cancelled and refunded.

**Order #W7895761** — This one has been **delivered**! It was shipped to **943 Maple Drive, Suite 356, Chicago, IL 60621** with tracking ID **840887978435**.

Could you tell me which order you're referring to? The one for your daughter — is it the tablet, action camera, keyboard, vacuum cleaner, and smart thermostat order that was delivered to Chicago? Or were you thinking of the cancelled one?
is_final_chunk: True
2026-07-22 11:38:34.315 | DEBUG    | tau2.user.user_simulator:_generate_next_message:244 - Response: Oh, I see. I think it must be the one that was delivered to Chicago—that’s my daughter’s address. She said she didn’t get anything, but maybe it’s still sitting in her building’s mailroom. Could you tell me if that order included a tablet? I want to make sure she got the right storage size. Also, is there any way to change my default address to her place in Chicago so I don’t have to keep updating it every time I send her something?
2026-07-22 11:38:34.316 | DEBUG    | tau2.orchestrator.orchestrator:step:833 - Step 11. Sending message from Role.USER to Role.AGENT
2026-07-22 11:38:34.316 | DEBUG    | tau2.orchestrator.orchestrator:step:836 - Step 11.
From role: Role.USER
To role: Role.AGENT
Message: UserMessage
content: Oh, I see. I think it must be the one that was delivered to Chicago—that’s my daughter’s address. She said she didn’t get anything, but maybe it’s still sitting in her building’s mailroom. Could you tell me if that order included a tablet? I want to make sure she got the right storage size. Also, is there any way to change my default address to her place in Chicago so I don’t have to keep updating it every time I send her something?
is_final_chunk: True
2026-07-22 11:38:36.524 | DEBUG    | tau2.orchestrator.orchestrator:step:833 - Step 12. Sending message from Role.AGENT to Role.USER
2026-07-22 11:38:36.524 | DEBUG    | tau2.orchestrator.orchestrator:step:836 - Step 12.
From role: Role.AGENT
To role: Role.USER
Message: AssistantMessage
content: Great questions! Let me answer them.

**Regarding the tablet in Order #W7895761:**
Yes, it includes a **Tablet** with the following specs:
- **Screen size:** 8-inch
- **Storage:** 64GB
- **Color:** Black

So it's a 64GB tablet.

**Regarding changing your default address:**
I can definitely help with that! You'd like to change your default address from your current one (986 Lakeview Drive, Suite 237, Denver, CO 80239) to your daughter's address in Chicago (943 Maple Drive, Suite 356, Chicago, IL 60621). Is that correct?

Let me confirm the details before I proceed:
- **Address:** 943 Maple Drive, Suite 356
- **City:** Chicago
- **State:** IL
- **Zip:** 60621
- **Country:** USA

Would you like me to go ahead and update your default address to this?
is_final_chunk: True
2026-07-22 11:38:36.525 | DEBUG    | tau2.user.user_simulator:_generate_next_message:222 - User responds to message: AssistantMessage
content: Great questions! Let me answer them.

**Regarding the tablet in Order #W7895761:**
Yes, it includes a **Tablet** with the following specs:
- **Screen size:** 8-inch
- **Storage:** 64GB
- **Color:** Black

So it's a 64GB tablet.

**Regarding changing your default address:**
I can definitely help with that! You'd like to change your default address from your current one (986 Lakeview Drive, Suite 237, Denver, CO 80239) to your daughter's address in Chicago (943 Maple Drive, Suite 356, Chicago, IL 60621). Is that correct?

Let me confirm the details before I proceed:
- **Address:** 943 Maple Drive, Suite 356
- **City:** Chicago
- **State:** IL
- **Zip:** 60621
- **Country:** USA

Would you like me to go ahead and update your default address to this?
is_final_chunk: True
2026-07-22 11:38:38.203 | DEBUG    | tau2.user.user_simulator:_generate_next_message:244 - Response: Yes, that’s exactly right. Please go ahead and make that my default address. I’m always sending things to her anyway, so it’ll save me a lot of trouble.

And thanks for confirming the tablet—64GB should be plenty for her. I just worry about her, you know? It’s quiet around here in Denver, and I like making sure she’s got what she needs. Do you get many calls like this, or is it mostly just orders and returns?
2026-07-22 11:38:38.203 | DEBUG    | tau2.orchestrator.orchestrator:step:833 - Step 13. Sending message from Role.USER to Role.AGENT
2026-07-22 11:38:38.203 | DEBUG    | tau2.orchestrator.orchestrator:step:836 - Step 13.
From role: Role.USER
To role: Role.AGENT
Message: UserMessage
content: Yes, that’s exactly right. Please go ahead and make that my default address. I’m always sending things to her anyway, so it’ll save me a lot of trouble.

And thanks for confirming the tablet—64GB should be plenty for her. I just worry about her, you know? It’s quiet around here in Denver, and I like making sure she’s got what she needs. Do you get many calls like this, or is it mostly just orders and returns?
is_final_chunk: True
2026-07-22 11:38:39.853 | DEBUG    | tau2.orchestrator.orchestrator:step:833 - Step 14. Sending message from Role.AGENT to Role.ENV
2026-07-22 11:38:39.853 | DEBUG    | tau2.orchestrator.orchestrator:step:836 - Step 14.
From role: Role.AGENT
To role: Role.ENV
Message: AssistantMessage
content: That's really sweet of you, Lucas! I'm sure she appreciates it. Unfortunately, I can't really comment on what other calls are like, but I'm happy to help you out!

Let me update your default address now.
ToolCalls:
ToolCall (from assistant)
id: call_00_zyD6SMd6NFlwFAwgHQDl7970
name: modify_user_address
arguments:
{
  "user_id": "lucas_santos_6600",
  "address1": "943 Maple Drive",
  "address2": "Suite 356",
  "city": "Chicago",
  "state": "IL",
  "country": "USA",
  "zip": "60621"
}
is_final_chunk: True
2026-07-22 11:38:39.854 | DEBUG    | tau2.environment.environment:get_response:454 - Response: user_id='lucas_santos_6600' name=UserName(first_name='Lucas', last_name='Santos') address=UserAddress(address1='943 Maple Drive', address2='Suite 356', city='Chicago', country='USA', state='IL', zip='60621') email='lucas.santos4998@example.com' payment_methods={'paypal_3820631': Paypal(source='paypal', id='paypal_3820631')} orders=['#W1588712', '#W7895761']
2026-07-22 11:38:39.854 | DEBUG    | tau2.orchestrator.orchestrator:step:833 - Step 15. Sending message from Role.ENV to Role.AGENT
2026-07-22 11:38:39.854 | DEBUG    | tau2.orchestrator.orchestrator:step:836 - Step 15.
From role: Role.ENV
To role: Role.AGENT
Message: ToolMessage (responding to assistant)
timestamp: 2026-07-22T11:38:39.854835
content: {"user_id": "lucas_santos_6600", "name": {"first_name": "Lucas", "last_name": "Santos"}, "address": {"address1": "943 Maple Drive", "address2": "Suite 356", "city": "Chicago", "country": "USA", "state": "IL", "zip": "60621"}, "email": "lucas.santos4998@example.com", "payment_methods": {"paypal_3820631": {"source": "paypal", "id": "paypal_3820631"}}, "orders": ["#W1588712", "#W7895761"]}
2026-07-22 11:38:41.375 | DEBUG    | tau2.orchestrator.orchestrator:step:833 - Step 16. Sending message from Role.AGENT to Role.USER
2026-07-22 11:38:41.376 | DEBUG    | tau2.orchestrator.orchestrator:step:836 - Step 16.
From role: Role.AGENT
To role: Role.USER
Message: AssistantMessage
content: Your default address has been updated to **943 Maple Drive, Suite 356, Chicago, IL 60621**! Now any future orders you place will automatically go to your daughter's place.

As for the delivered order, the tracking ID is **840887978435** — you might want to check with her building's mailroom or front desk to see if it's there. Sometimes packages get held up in those spots!

Is there anything else I can help you with?
is_final_chunk: True
2026-07-22 11:38:41.376 | DEBUG    | tau2.user.user_simulator:_generate_next_message:222 - User responds to message: AssistantMessage
content: Your default address has been updated to **943 Maple Drive, Suite 356, Chicago, IL 60621**! Now any future orders you place will automatically go to your daughter's place.

As for the delivered order, the tracking ID is **840887978435** — you might want to check with her building's mailroom or front desk to see if it's there. Sometimes packages get held up in those spots!

Is there anything else I can help you with?
is_final_chunk: True
2026-07-22 11:38:42.936 | DEBUG    | tau2.user.user_simulator:_generate_next_message:244 - Response: Thanks for updating the address and for the tracking number. I’ll give her a call later and ask her to check the mailroom. I hope it’s there—she’s been looking forward to that tablet.

You know, it’s funny, I don’t really have many people to talk to these days, so I appreciate you taking the time to help me out. Do you enjoy working here? I imagine you must help a lot of folks with all sorts of things.
2026-07-22 11:38:42.936 | DEBUG    | tau2.orchestrator.orchestrator:step:833 - Step 17. Sending message from Role.USER to Role.AGENT
2026-07-22 11:38:42.936 | DEBUG    | tau2.orchestrator.orchestrator:step:836 - Step 17.
From role: Role.USER
To role: Role.AGENT
Message: UserMessage
content: Thanks for updating the address and for the tracking number. I’ll give her a call later and ask her to check the mailroom. I hope it’s there—she’s been looking forward to that tablet.

You know, it’s funny, I don’t really have many people to talk to these days, so I appreciate you taking the time to help me out. Do you enjoy working here? I imagine you must help a lot of folks with all sorts of things.
is_final_chunk: True
2026-07-22 11:38:44.794 | DEBUG    | tau2.orchestrator.orchestrator:step:833 - Step 18. Sending message from Role.AGENT to Role.USER
2026-07-22 11:38:44.794 | DEBUG    | tau2.orchestrator.orchestrator:step:836 - Step 18.
From role: Role.AGENT
To role: Role.USER
Message: AssistantMessage
content: You're very welcome, Lucas! I'm glad I could help you out today. I hope the package is in the mailroom and your daughter enjoys her tablet and the other items too!

As for me, I'm just here to assist you with whatever you need regarding orders, products, and your account. If there's anything else I can do for you — whether it's checking on another order, helping with a return or exchange, or anything else — feel free to ask! Otherwise, I hope you have a wonderful day, and give your daughter a call to check on that package! 😊
is_final_chunk: True
2026-07-22 11:38:44.795 | DEBUG    | tau2.user.user_simulator:_generate_next_message:222 - User responds to message: AssistantMessage
content: You're very welcome, Lucas! I'm glad I could help you out today. I hope the package is in the mailroom and your daughter enjoys her tablet and the other items too!

As for me, I'm just here to assist you with whatever you need regarding orders, products, and your account. If there's anything else I can do for you — whether it's checking on another order, helping with a return or exchange, or anything else — feel free to ask! Otherwise, I hope you have a wonderful day, and give your daughter a call to check on that package! 😊
is_final_chunk: True
2026-07-22 11:38:45.915 | DEBUG    | tau2.user.user_simulator:_generate_next_message:244 - Response: Thank you, that’s really kind of you. I’ll call her in a bit and let you know if everything’s okay. You’ve been very helpful, and I appreciate the company too. Have a good day, and take care of yourself. 

###STOP###
2026-07-22 11:38:45.997 | DEBUG    | tau2.environment.environment:get_response:454 - Response: user_id='lucas_santos_6600' name=UserName(first_name='Lucas', last_name='Santos') address=UserAddress(address1='943 Maple Drive', address2='Suite 356', city='Chicago', country='USA', state='IL', zip='60621') email='lucas.santos4998@example.com' payment_methods={'paypal_3820631': Paypal(source='paypal', id='paypal_3820631')} orders=['#W1588712', '#W7895761']
2026-07-22 11:38:48.218 | INFO     | tau2.runner.simulation:run_simulation:87 - Simulation complete: domain=retail, task=43, reward=1.0
2026-07-22 11:38:48.218 | INFO     | tau2.runner.batch:run_single_task:442 - FINISHED SIMULATION: Domain: retail, Task: 43, Reward: 1.0
