2026-07-22 11:41:21.913 | DEBUG    | tau2.runner.batch:__enter__:301 - Task log file: D:\PolicyAgent-PostTrain\experiments\20260722_110504_retail_baseline20_trial1_deepseek\task_46\tau2_artifacts\artifacts\task_46\sim_dc0dd152-0150-491f-9e1b-bc095acefb21\task.log
2026-07-22 11:41:21.955 | INFO     | tau2.orchestrator.orchestrator:_validate_mode_compatibility:477 - Orchestrator initialized in HALF_DUPLEX mode (turn-based) with agent=LLMAgent, user=UserSimulator
2026-07-22 11:41:21.956 | DEBUG    | tau2.runner.build:build_text_orchestrator:400 - Built text orchestrator: domain=retail, agent=llm_agent, user=user_simulator, task=46
2026-07-22 11:41:21.956 | DEBUG    | tau2.orchestrator.orchestrator:step:833 - Step 0. Sending message from Role.AGENT to Role.USER
2026-07-22 11:41:21.956 | DEBUG    | tau2.orchestrator.orchestrator:step:836 - Step 0.
From role: Role.AGENT
To role: Role.USER
Message: AssistantMessage
content: Hi! How can I help you today?
is_final_chunk: True
2026-07-22 11:41:21.956 | DEBUG    | tau2.user.user_simulator:_generate_next_message:222 - User responds to message: AssistantMessage
content: Hi! How can I help you today?
is_final_chunk: True
2026-07-22 11:41:22.602 | DEBUG    | tau2.user.user_simulator:_generate_next_message:244 - Response: Hi, I need to return an air purifier and a vacuum cleaner from my recent order. I want this handled quickly, please.
2026-07-22 11:41:22.602 | DEBUG    | tau2.orchestrator.orchestrator:step:833 - Step 1. Sending message from Role.USER to Role.AGENT
2026-07-22 11:41:22.602 | DEBUG    | tau2.orchestrator.orchestrator:step:836 - Step 1.
From role: Role.USER
To role: Role.AGENT
Message: UserMessage
content: Hi, I need to return an air purifier and a vacuum cleaner from my recent order. I want this handled quickly, please.
is_final_chunk: True
2026-07-22 11:41:23.623 | DEBUG    | tau2.orchestrator.orchestrator:step:833 - Step 2. Sending message from Role.AGENT to Role.USER
2026-07-22 11:41:23.624 | DEBUG    | tau2.orchestrator.orchestrator:step:836 - Step 2.
From role: Role.AGENT
To role: Role.USER
Message: AssistantMessage
content: I'd be happy to help you with that! First, I need to authenticate your identity. Could you please provide me with your email address, or your first name, last name, and zip code so I can look you up?
is_final_chunk: True
2026-07-22 11:41:23.624 | DEBUG    | tau2.user.user_simulator:_generate_next_message:222 - User responds to message: AssistantMessage
content: I'd be happy to help you with that! First, I need to authenticate your identity. Could you please provide me with your email address, or your first name, last name, and zip code so I can look you up?
is_final_chunk: True
2026-07-22 11:41:24.522 | DEBUG    | tau2.user.user_simulator:_generate_next_message:244 - Response: I don’t have an email. My name is Daiki Johnson and my zip code is 80273. Can you just look up my order and get this return started? I need the refund as soon as possible.
2026-07-22 11:41:24.522 | DEBUG    | tau2.orchestrator.orchestrator:step:833 - Step 3. Sending message from Role.USER to Role.AGENT
2026-07-22 11:41:24.522 | DEBUG    | tau2.orchestrator.orchestrator:step:836 - Step 3.
From role: Role.USER
To role: Role.AGENT
Message: UserMessage
content: I don’t have an email. My name is Daiki Johnson and my zip code is 80273. Can you just look up my order and get this return started? I need the refund as soon as possible.
is_final_chunk: True
2026-07-22 11:41:25.546 | DEBUG    | tau2.orchestrator.orchestrator:step:833 - Step 4. Sending message from Role.AGENT to Role.ENV
2026-07-22 11:41:25.546 | DEBUG    | tau2.orchestrator.orchestrator:step:836 - Step 4.
From role: Role.AGENT
To role: Role.ENV
Message: AssistantMessage
content: Let me look you up with your name and zip code.
ToolCalls:
ToolCall (from assistant)
id: call_00_iXiMYyrcek10oMTfhsj47653
name: find_user_id_by_name_zip
arguments:
{
  "first_name": "Daiki",
  "last_name": "Johnson",
  "zip": "80273"
}
is_final_chunk: True
2026-07-22 11:41:25.546 | DEBUG    | tau2.environment.environment:get_response:454 - Response: daiki_johnson_9523
2026-07-22 11:41:25.547 | DEBUG    | tau2.orchestrator.orchestrator:step:833 - Step 5. Sending message from Role.ENV to Role.AGENT
2026-07-22 11:41:25.547 | DEBUG    | tau2.orchestrator.orchestrator:step:836 - Step 5.
From role: Role.ENV
To role: Role.AGENT
Message: ToolMessage (responding to assistant)
timestamp: 2026-07-22T11:41:25.547703
content: daiki_johnson_9523
2026-07-22 11:41:26.572 | DEBUG    | tau2.orchestrator.orchestrator:step:833 - Step 6. Sending message from Role.AGENT to Role.ENV
2026-07-22 11:41:26.573 | DEBUG    | tau2.orchestrator.orchestrator:step:836 - Step 6.
From role: Role.AGENT
To role: Role.ENV
Message: AssistantMessage
content: Great, I found you! Let me get your details and orders.
ToolCalls:
ToolCall (from assistant)
id: call_00_adNixWR7uMNs0RvsK3ME4325
name: get_user_details
arguments:
{
  "user_id": "daiki_johnson_9523"
}
is_final_chunk: True
2026-07-22 11:41:26.573 | DEBUG    | tau2.environment.environment:get_response:454 - Response: user_id='daiki_johnson_9523' name=UserName(first_name='Daiki', last_name='Johnson') address=UserAddress(address1='834 Park Avenue', address2='Suite 947', city='Denver', country='USA', state='CO', zip='80273') email='daiki.johnson2279@example.com' payment_methods={'paypal_2433177': Paypal(source='paypal', id='paypal_2433177')} orders=['#W1436802', '#W5282037', '#W9502127']
2026-07-22 11:41:26.574 | DEBUG    | tau2.orchestrator.orchestrator:step:833 - Step 7. Sending message from Role.ENV to Role.AGENT
2026-07-22 11:41:26.574 | DEBUG    | tau2.orchestrator.orchestrator:step:836 - Step 7.
From role: Role.ENV
To role: Role.AGENT
Message: ToolMessage (responding to assistant)
timestamp: 2026-07-22T11:41:26.574910
content: {"user_id": "daiki_johnson_9523", "name": {"first_name": "Daiki", "last_name": "Johnson"}, "address": {"address1": "834 Park Avenue", "address2": "Suite 947", "city": "Denver", "country": "USA", "state": "CO", "zip": "80273"}, "email": "daiki.johnson2279@example.com", "payment_methods": {"paypal_2433177": {"source": "paypal", "id": "paypal_2433177"}}, "orders": ["#W1436802", "#W5282037", "#W9502127"]}
2026-07-22 11:41:27.825 | DEBUG    | tau2.orchestrator.orchestrator:step:833 - Step 8. Sending message from Role.AGENT to Role.ENV
2026-07-22 11:41:27.825 | DEBUG    | tau2.orchestrator.orchestrator:step:836 - Step 8.
From role: Role.AGENT
To role: Role.ENV
Message: AssistantMessage
content: Let me check your orders to find the one with the air purifier and vacuum cleaner.
ToolCalls:
ToolCall (from assistant)
id: call_00_714oVxCl7QMjGm2GtGfu2193
name: get_order_details
arguments:
{
  "order_id": "#W1436802"
}
ToolCall (from assistant)
id: call_01_XD6tDwVveNpxmagPHZD51847
name: get_order_details
arguments:
{
  "order_id": "#W5282037"
}
ToolCall (from assistant)
id: call_02_oZEQOWqvyrtAT8z1uNmF7338
name: get_order_details
arguments:
{
  "order_id": "#W9502127"
}
is_final_chunk: True
2026-07-22 11:41:27.826 | DEBUG    | tau2.environment.environment:get_response:454 - Response: order_id='#W1436802' user_id='daiki_johnson_9523' address=UserAddress(address1='939 Elm Street', address2='Suite 261', city='Jacksonville', country='USA', state='FL', zip='32273') items=[OrderItem(name='Tea Kettle', product_id='9832717871', item_id='3909406921', price=98.25, options={'material': 'glass', 'capacity': '1 liter', 'stovetop compatibility': 'gas'})] status='pending' fulfillments=[] payment_history=[OrderPayment(transaction_type='payment', amount=98.25, payment_method_id='paypal_2433177')] cancel_reason=None exchange_items=None exchange_new_items=None exchange_payment_method_id=None exchange_price_difference=None return_items=None return_payment_method_id=None
2026-07-22 11:41:27.826 | DEBUG    | tau2.environment.environment:get_response:454 - Response: order_id='#W5282037' user_id='daiki_johnson_9523' address=UserAddress(address1='834 Park Avenue', address2='Suite 947', city='Denver', country='USA', state='CO', zip='80273') items=[OrderItem(name='Garden Hose', product_id='6679515468', item_id='3230708338', price=99.51, options={'length': '25ft', 'material': 'latex', 'color': 'green'}), OrderItem(name='Makeup Kit', product_id='5149340237', item_id='6254646215', price=248.85, options={'skin tone': 'dark', 'kit size': 'basic', 'brand': 'Brand B'})] status='pending' fulfillments=[] payment_history=[OrderPayment(transaction_type='payment', amount=348.36, payment_method_id='paypal_2433177')] cancel_reason=None exchange_items=None exchange_new_items=None exchange_payment_method_id=None exchange_price_difference=None return_items=None return_payment_method_id=None
2026-07-22 11:41:27.826 | DEBUG    | tau2.environment.environment:get_response:454 - Response: order_id='#W9502127' user_id='daiki_johnson_9523' address=UserAddress(address1='834 Park Avenue', address2='Suite 947', city='Denver', country='USA', state='CO', zip='80273') items=[OrderItem(name='Vacuum Cleaner', product_id='1762337868', item_id='2872451762', price=622.12, options={'type': 'canister', 'bagged/bagless': 'bagged', 'features': 'pet hair removal'}), OrderItem(name='Air Purifier', product_id='3821016478', item_id='9534205511', price=473.43, options={'room size': 'large', 'filter type': 'ionic', 'features': 'smart sensors'}), OrderItem(name='Patio Umbrella', product_id='9743693396', item_id='6243981804', price=329.85, options={'size': '7 ft', 'color': 'green', 'material': 'sunbrella', 'tilt mechanism': 'auto tilt'}), OrderItem(name='Dumbbell Set', product_id='7233192239', item_id='3877338112', price=545.68, options={'weight range': '5-25 lbs', 'material': 'iron', 'set type': 'adjustable'}), OrderItem(name='Vacuum Cleaner', product_id='1762337868', item_id='6259501109', price=652.61, options={'type': 'robotic', 'bagged/bagless': 'bagged', 'features': 'pet hair removal'})] status='delivered' fulfillments=[OrderFullfilment(tracking_id=['269178517234'], item_ids=['2872451762', '9534205511', '6243981804', '3877338112', '6259501109'])] payment_history=[OrderPayment(transaction_type='payment', amount=2623.69, payment_method_id='paypal_2433177')] cancel_reason=None exchange_items=None exchange_new_items=None exchange_payment_method_id=None exchange_price_difference=None return_items=None return_payment_method_id=None
2026-07-22 11:41:27.827 | DEBUG    | tau2.orchestrator.orchestrator:step:833 - Step 9. Sending message from Role.ENV to Role.AGENT
2026-07-22 11:41:27.827 | DEBUG    | tau2.orchestrator.orchestrator:step:836 - Step 9.
From role: Role.ENV
To role: Role.AGENT
Message: role='tool' tool_messages=[ToolMessage(id='call_00_714oVxCl7QMjGm2GtGfu2193', role='tool', content='{"order_id": "#W1436802", "user_id": "daiki_johnson_9523", "address": {"address1": "939 Elm Street", "address2": "Suite 261", "city": "Jacksonville", "country": "USA", "state": "FL", "zip": "32273"}, "items": [{"name": "Tea Kettle", "product_id": "9832717871", "item_id": "3909406921", "price": 98.25, "options": {"material": "glass", "capacity": "1 liter", "stovetop compatibility": "gas"}}], "status": "pending", "fulfillments": [], "payment_history": [{"transaction_type": "payment", "amount": 98.25, "payment_method_id": "paypal_2433177"}], "cancel_reason": null, "exchange_items": null, "exchange_new_items": null, "exchange_payment_method_id": null, "exchange_price_difference": null, "return_items": null, "return_payment_method_id": null}', requestor='assistant', error=False, turn_idx=None, timestamp='2026-07-22T11:41:27.826974'), ToolMessage(id='call_01_XD6tDwVveNpxmagPHZD51847', role='tool', content='{"order_id": "#W5282037", "user_id": "daiki_johnson_9523", "address": {"address1": "834 Park Avenue", "address2": "Suite 947", "city": "Denver", "country": "USA", "state": "CO", "zip": "80273"}, "items": [{"name": "Garden Hose", "product_id": "6679515468", "item_id": "3230708338", "price": 99.51, "options": {"length": "25ft", "material": "latex", "color": "green"}}, {"name": "Makeup Kit", "product_id": "5149340237", "item_id": "6254646215", "price": 248.85, "options": {"skin tone": "dark", "kit size": "basic", "brand": "Brand B"}}], "status": "pending", "fulfillments": [], "payment_history": [{"transaction_type": "payment", "amount": 348.36, "payment_method_id": "paypal_2433177"}], "cancel_reason": null, "exchange_items": null, "exchange_new_items": null, "exchange_payment_method_id": null, "exchange_price_difference": null, "return_items": null, "return_payment_method_id": null}', requestor='assistant', error=False, turn_idx=None, timestamp='2026-07-22T11:41:27.826974'), ToolMessage(id='call_02_oZEQOWqvyrtAT8z1uNmF7338', role='tool', content='{"order_id": "#W9502127", "user_id": "daiki_johnson_9523", "address": {"address1": "834 Park Avenue", "address2": "Suite 947", "city": "Denver", "country": "USA", "state": "CO", "zip": "80273"}, "items": [{"name": "Vacuum Cleaner", "product_id": "1762337868", "item_id": "2872451762", "price": 622.12, "options": {"type": "canister", "bagged/bagless": "bagged", "features": "pet hair removal"}}, {"name": "Air Purifier", "product_id": "3821016478", "item_id": "9534205511", "price": 473.43, "options": {"room size": "large", "filter type": "ionic", "features": "smart sensors"}}, {"name": "Patio Umbrella", "product_id": "9743693396", "item_id": "6243981804", "price": 329.85, "options": {"size": "7 ft", "color": "green", "material": "sunbrella", "tilt mechanism": "auto tilt"}}, {"name": "Dumbbell Set", "product_id": "7233192239", "item_id": "3877338112", "price": 545.68, "options": {"weight range": "5-25 lbs", "material": "iron", "set type": "adjustable"}}, {"name": "Vacuum Cleaner", "product_id": "1762337868", "item_id": "6259501109", "price": 652.61, "options": {"type": "robotic", "bagged/bagless": "bagged", "features": "pet hair removal"}}], "status": "delivered", "fulfillments": [{"tracking_id": ["269178517234"], "item_ids": ["2872451762", "9534205511", "6243981804", "3877338112", "6259501109"]}], "payment_history": [{"transaction_type": "payment", "amount": 2623.69, "payment_method_id": "paypal_2433177"}], "cancel_reason": null, "exchange_items": null, "exchange_new_items": null, "exchange_payment_method_id": null, "exchange_price_difference": null, "return_items": null, "return_payment_method_id": null}', requestor='assistant', error=False, turn_idx=None, timestamp='2026-07-22T11:41:27.827970')]
2026-07-22 11:41:30.288 | DEBUG    | tau2.orchestrator.orchestrator:step:833 - Step 10. Sending message from Role.AGENT to Role.USER
2026-07-22 11:41:30.288 | DEBUG    | tau2.orchestrator.orchestrator:step:836 - Step 10.
From role: Role.AGENT
To role: Role.USER
Message: AssistantMessage
content: I can see you have an order **#W9502127** which is **delivered** and contains both a **Vacuum Cleaner** (item ID: 2872451762) and an **Air Purifier** (item ID: 9534205511), along with some other items.

Since the order is delivered, I can process a return for you. Let me confirm the details:

**Order:** #W9502127
**Items to return:**
1. **Vacuum Cleaner** (item ID: 2872451762) - $622.12 - Canister type, bagged, pet hair removal
2. **Air Purifier** (item ID: 9534205511) - $473.43 - Large room, ionic filter, smart sensors

For the refund, I see your original payment method was **PayPal** (paypal_2433177). According to policy, the refund can go back to the original payment method or to an existing gift card. Would you like the refund to go back to your PayPal account, or do you have a gift card you'd like to use?

Also, could you please confirm that these are the correct items you'd like to return?
is_final_chunk: True
2026-07-22 11:41:30.288 | DEBUG    | tau2.user.user_simulator:_generate_next_message:222 - User responds to message: AssistantMessage
content: I can see you have an order **#W9502127** which is **delivered** and contains both a **Vacuum Cleaner** (item ID: 2872451762) and an **Air Purifier** (item ID: 9534205511), along with some other items.

Since the order is delivered, I can process a return for you. Let me confirm the details:

**Order:** #W9502127
**Items to return:**
1. **Vacuum Cleaner** (item ID: 2872451762) - $622.12 - Canister type, bagged, pet hair removal
2. **Air Purifier** (item ID: 9534205511) - $473.43 - Large room, ionic filter, smart sensors

For the refund, I see your original payment method was **PayPal** (paypal_2433177). According to policy, the refund can go back to the original payment method or to an existing gift card. Would you like the refund to go back to your PayPal account, or do you have a gift card you'd like to use?

Also, could you please confirm that these are the correct items you'd like to return?
is_final_chunk: True
2026-07-22 11:41:31.614 | DEBUG    | tau2.user.user_simulator:_generate_next_message:244 - Response: Yes, those are the items I want to return—but just to clarify, the vacuum cleaner I’m returning is the robotic one, not the canister type. Please make sure you process the return for the robotic vacuum cleaner and the air purifier.

Also, I need the refund to go back to my PayPal, and I want it processed within 3 days. Can you tell me the total amount I should expect to get back?
2026-07-22 11:41:31.614 | DEBUG    | tau2.orchestrator.orchestrator:step:833 - Step 11. Sending message from Role.USER to Role.AGENT
2026-07-22 11:41:31.614 | DEBUG    | tau2.orchestrator.orchestrator:step:836 - Step 11.
From role: Role.USER
To role: Role.AGENT
Message: UserMessage
content: Yes, those are the items I want to return—but just to clarify, the vacuum cleaner I’m returning is the robotic one, not the canister type. Please make sure you process the return for the robotic vacuum cleaner and the air purifier.

Also, I need the refund to go back to my PayPal, and I want it processed within 3 days. Can you tell me the total amount I should expect to get back?
is_final_chunk: True
2026-07-22 11:41:33.579 | DEBUG    | tau2.orchestrator.orchestrator:step:833 - Step 12. Sending message from Role.AGENT to Role.ENV
2026-07-22 11:41:33.580 | DEBUG    | tau2.orchestrator.orchestrator:step:836 - Step 12.
From role: Role.AGENT
To role: Role.ENV
Message: AssistantMessage
content: Thank you for the clarification! Let me check the items more carefully.

Looking at order #W9502127, there are actually **two vacuum cleaners**:

1. **Vacuum Cleaner** (item ID: 2872451762) - $622.12 - Canister type
2. **Vacuum Cleaner** (item ID: 6259501109) - $652.61 - **Robotic** type

So you want to return the **Robotic Vacuum Cleaner** (item ID: 6259501109 - $652.61) and the **Air Purifier** (item ID: 9534205511 - $473.43).

Let me calculate the total refund amount.
ToolCalls:
ToolCall (from assistant)
id: call_00_10AGOHS9LwkFQO9L9jz16075
name: calculate
arguments:
{
  "expression": "652.61 + 473.43"
}
is_final_chunk: True
2026-07-22 11:41:33.580 | DEBUG    | tau2.environment.environment:get_response:454 - Response: 1126.04
2026-07-22 11:41:33.580 | DEBUG    | tau2.orchestrator.orchestrator:step:833 - Step 13. Sending message from Role.ENV to Role.AGENT
2026-07-22 11:41:33.580 | DEBUG    | tau2.orchestrator.orchestrator:step:836 - Step 13.
From role: Role.ENV
To role: Role.AGENT
Message: ToolMessage (responding to assistant)
timestamp: 2026-07-22T11:41:33.580473
content: 1126.04
2026-07-22 11:41:35.524 | DEBUG    | tau2.orchestrator.orchestrator:step:833 - Step 14. Sending message from Role.AGENT to Role.USER
2026-07-22 11:41:35.524 | DEBUG    | tau2.orchestrator.orchestrator:step:836 - Step 14.
From role: Role.AGENT
To role: Role.USER
Message: AssistantMessage
content: The total refund amount would be **$1,126.04** ($652.61 for the robotic vacuum cleaner + $473.43 for the air purifier).

However, I need to let you know that regarding the timing: according to our policy, the refund will go back to your original payment method (PayPal), which typically takes **5 to 7 business days** to process. Unfortunately, I'm not able to guarantee a 3-day processing time for PayPal refunds.

Now, let me summarize the return details for your confirmation:

**Order:** #W9502127
**Items to return:**
1. **Robotic Vacuum Cleaner** (item ID: 6259501109) - $652.61
2. **Air Purifier** (item ID: 9534205511) - $473.43
**Total refund:** $1,126.04
**Refund method:** PayPal (paypal_2433177)

Could you please confirm that you'd like to proceed with this return?
is_final_chunk: True
2026-07-22 11:41:35.524 | DEBUG    | tau2.user.user_simulator:_generate_next_message:222 - User responds to message: AssistantMessage
content: The total refund amount would be **$1,126.04** ($652.61 for the robotic vacuum cleaner + $473.43 for the air purifier).

However, I need to let you know that regarding the timing: according to our policy, the refund will go back to your original payment method (PayPal), which typically takes **5 to 7 business days** to process. Unfortunately, I'm not able to guarantee a 3-day processing time for PayPal refunds.

Now, let me summarize the return details for your confirmation:

**Order:** #W9502127
**Items to return:**
1. **Robotic Vacuum Cleaner** (item ID: 6259501109) - $652.61
2. **Air Purifier** (item ID: 9534205511) - $473.43
**Total refund:** $1,126.04
**Refund method:** PayPal (paypal_2433177)

Could you please confirm that you'd like to proceed with this return?
is_final_chunk: True
2026-07-22 11:41:36.690 | DEBUG    | tau2.user.user_simulator:_generate_next_message:244 - Response: Yes, I want to proceed with the return, but I really need the refund within 3 days. Is there any way to speed it up? I’m not happy about waiting 5 to 7 business days. Please do whatever you can to make it faster.

Also, after you process the return, can you tell me the total amount I paid for the remaining items in the same order?
2026-07-22 11:41:36.690 | DEBUG    | tau2.orchestrator.orchestrator:step:833 - Step 15. Sending message from Role.USER to Role.AGENT
2026-07-22 11:41:36.691 | DEBUG    | tau2.orchestrator.orchestrator:step:836 - Step 15.
From role: Role.USER
To role: Role.AGENT
Message: UserMessage
content: Yes, I want to proceed with the return, but I really need the refund within 3 days. Is there any way to speed it up? I’m not happy about waiting 5 to 7 business days. Please do whatever you can to make it faster.

Also, after you process the return, can you tell me the total amount I paid for the remaining items in the same order?
is_final_chunk: True
2026-07-22 11:41:38.526 | DEBUG    | tau2.orchestrator.orchestrator:step:833 - Step 16. Sending message from Role.AGENT to Role.ENV
2026-07-22 11:41:38.526 | DEBUG    | tau2.orchestrator.orchestrator:step:836 - Step 16.
From role: Role.AGENT
To role: Role.ENV
Message: AssistantMessage
content: I understand your frustration, but unfortunately I'm not able to speed up the refund processing time. According to our policy, refunds to non-gift-card payment methods take 5 to 7 business days, and I don't have any tools or authority to change that. I apologize for the inconvenience.

Let me proceed with the return as you've confirmed.
ToolCalls:
ToolCall (from assistant)
id: call_00_8g8aKvf8J9AelPDoJU5c0124
name: return_delivered_order_items
arguments:
{
  "order_id": "#W9502127",
  "item_ids": [
    "6259501109",
    "9534205511"
  ],
  "payment_method_id": "paypal_2433177"
}
is_final_chunk: True
2026-07-22 11:41:38.526 | DEBUG    | tau2.environment.environment:get_response:454 - Response: order_id='#W9502127' user_id='daiki_johnson_9523' address=UserAddress(address1='834 Park Avenue', address2='Suite 947', city='Denver', country='USA', state='CO', zip='80273') items=[OrderItem(name='Vacuum Cleaner', product_id='1762337868', item_id='2872451762', price=622.12, options={'type': 'canister', 'bagged/bagless': 'bagged', 'features': 'pet hair removal'}), OrderItem(name='Air Purifier', product_id='3821016478', item_id='9534205511', price=473.43, options={'room size': 'large', 'filter type': 'ionic', 'features': 'smart sensors'}), OrderItem(name='Patio Umbrella', product_id='9743693396', item_id='6243981804', price=329.85, options={'size': '7 ft', 'color': 'green', 'material': 'sunbrella', 'tilt mechanism': 'auto tilt'}), OrderItem(name='Dumbbell Set', product_id='7233192239', item_id='3877338112', price=545.68, options={'weight range': '5-25 lbs', 'material': 'iron', 'set type': 'adjustable'}), OrderItem(name='Vacuum Cleaner', product_id='1762337868', item_id='6259501109', price=652.61, options={'type': 'robotic', 'bagged/bagless': 'bagged', 'features': 'pet hair removal'})] status='return requested' fulfillments=[OrderFullfilment(tracking_id=['269178517234'], item_ids=['2872451762', '9534205511', '6243981804', '3877338112', '6259501109'])] payment_history=[OrderPayment(transaction_type='payment', amount=2623.69, payment_method_id='paypal_2433177')] cancel_reason=None exchange_items=None exchange_new_items=None exchange_payment_method_id=None exchange_price_difference=None return_items=['6259501109', '9534205511'] return_payment_method_id='paypal_2433177'
2026-07-22 11:41:38.527 | DEBUG    | tau2.orchestrator.orchestrator:step:833 - Step 17. Sending message from Role.ENV to Role.AGENT
2026-07-22 11:41:38.527 | DEBUG    | tau2.orchestrator.orchestrator:step:836 - Step 17.
From role: Role.ENV
To role: Role.AGENT
Message: ToolMessage (responding to assistant)
timestamp: 2026-07-22T11:41:38.527455
content: {"order_id": "#W9502127", "user_id": "daiki_johnson_9523", "address": {"address1": "834 Park Avenue", "address2": "Suite 947", "city": "Denver", "country": "USA", "state": "CO", "zip": "80273"}, "items": [{"name": "Vacuum Cleaner", "product_id": "1762337868", "item_id": "2872451762", "price": 622.12, "options": {"type": "canister", "bagged/bagless": "bagged", "features": "pet hair removal"}}, {"name": "Air Purifier", "product_id": "3821016478", "item_id": "9534205511", "price": 473.43, "options": {"room size": "large", "filter type": "ionic", "features": "smart sensors"}}, {"name": "Patio Umbrella", "product_id": "9743693396", "item_id": "6243981804", "price": 329.85, "options": {"size": "7 ft", "color": "green", "material": "sunbrella", "tilt mechanism": "auto tilt"}}, {"name": "Dumbbell Set", "product_id": "7233192239", "item_id": "3877338112", "price": 545.68, "options": {"weight range": "5-25 lbs", "material": "iron", "set type": "adjustable"}}, {"name": "Vacuum Cleaner", "product_id": "1762337868", "item_id": "6259501109", "price": 652.61, "options": {"type": "robotic", "bagged/bagless": "bagged", "features": "pet hair removal"}}], "status": "return requested", "fulfillments": [{"tracking_id": ["269178517234"], "item_ids": ["2872451762", "9534205511", "6243981804", "3877338112", "6259501109"]}], "payment_history": [{"transaction_type": "payment", "amount": 2623.69, "payment_method_id": "paypal_2433177"}], "cancel_reason": null, "exchange_items": null, "exchange_new_items": null, "exchange_payment_method_id": null, "exchange_price_difference": null, "return_items": ["6259501109", "9534205511"], "return_payment_method_id": "paypal_2433177"}
2026-07-22 11:41:40.274 | DEBUG    | tau2.orchestrator.orchestrator:step:833 - Step 18. Sending message from Role.AGENT to Role.ENV
2026-07-22 11:41:40.274 | DEBUG    | tau2.orchestrator.orchestrator:step:836 - Step 18.
From role: Role.AGENT
To role: Role.ENV
Message: AssistantMessage
content: The return has been successfully processed! The order status is now **"return requested"**. You'll receive an email shortly with instructions on how to return the items.

Now, regarding the remaining items in the order, let me calculate that for you. The remaining items are:

1. **Canister Vacuum Cleaner** (item ID: 2872451762) - $622.12
2. **Patio Umbrella** (item ID: 6243981804) - $329.85
3. **Dumbbell Set** (item ID: 3877338112) - $545.68
ToolCalls:
ToolCall (from assistant)
id: call_00_Z455z2uvHEj4ozByGWty4180
name: calculate
arguments:
{
  "expression": "622.12 + 329.85 + 545.68"
}
is_final_chunk: True
2026-07-22 11:41:40.275 | DEBUG    | tau2.environment.environment:get_response:454 - Response: 1497.65
2026-07-22 11:41:40.275 | DEBUG    | tau2.orchestrator.orchestrator:step:833 - Step 19. Sending message from Role.ENV to Role.AGENT
2026-07-22 11:41:40.276 | DEBUG    | tau2.orchestrator.orchestrator:step:836 - Step 19.
From role: Role.ENV
To role: Role.AGENT
Message: ToolMessage (responding to assistant)
timestamp: 2026-07-22T11:41:40.275963
content: 1497.65
2026-07-22 11:41:41.882 | DEBUG    | tau2.orchestrator.orchestrator:step:833 - Step 20. Sending message from Role.AGENT to Role.USER
2026-07-22 11:41:41.883 | DEBUG    | tau2.orchestrator.orchestrator:step:836 - Step 20.
From role: Role.AGENT
To role: Role.USER
Message: AssistantMessage
content: The total amount you paid for the remaining items in order #W9502127 is **$1,497.65**.

To summarize:
- ✅ **Return requested** for the Robotic Vacuum Cleaner ($652.61) and Air Purifier ($473.43)
- ✅ **Refund of $1,126.04** will go back to your PayPal (within 5-7 business days)
- 📧 You'll receive an email with return instructions
- 💰 Remaining items total: **$1,497.65**

I'm sorry I couldn't speed up the refund timing for you. Is there anything else I can help you with?
is_final_chunk: True
2026-07-22 11:41:41.883 | DEBUG    | tau2.user.user_simulator:_generate_next_message:222 - User responds to message: AssistantMessage
content: The total amount you paid for the remaining items in order #W9502127 is **$1,497.65**.

To summarize:
- ✅ **Return requested** for the Robotic Vacuum Cleaner ($652.61) and Air Purifier ($473.43)
- ✅ **Refund of $1,126.04** will go back to your PayPal (within 5-7 business days)
- 📧 You'll receive an email with return instructions
- 💰 Remaining items total: **$1,497.65**

I'm sorry I couldn't speed up the refund timing for you. Is there anything else I can help you with?
is_final_chunk: True
2026-07-22 11:41:43.311 | DEBUG    | tau2.user.user_simulator:_generate_next_message:244 - Response: I already told you I don’t have an email, so I won’t be getting any instructions that way. Can you give me the return instructions here instead? And please, if there’s any way to get the refund in 3 days, I need you to try. I’m really in a hurry.
2026-07-22 11:41:43.311 | DEBUG    | tau2.orchestrator.orchestrator:step:833 - Step 21. Sending message from Role.USER to Role.AGENT
2026-07-22 11:41:43.311 | DEBUG    | tau2.orchestrator.orchestrator:step:836 - Step 21.
From role: Role.USER
To role: Role.AGENT
Message: UserMessage
content: I already told you I don’t have an email, so I won’t be getting any instructions that way. Can you give me the return instructions here instead? And please, if there’s any way to get the refund in 3 days, I need you to try. I’m really in a hurry.
is_final_chunk: True
2026-07-22 11:41:45.850 | DEBUG    | tau2.orchestrator.orchestrator:step:833 - Step 22. Sending message from Role.AGENT to Role.USER
2026-07-22 11:41:45.850 | DEBUG    | tau2.orchestrator.orchestrator:step:836 - Step 22.
From role: Role.AGENT
To role: Role.USER
Message: AssistantMessage
content: I understand your concern about the email, but unfortunately I don't have the ability to provide the specific return instructions (like the return address or shipping labels) here in this chat. The system sends those instructions via email, and I don't have access to that information to share directly. 

As for the refund timing, I truly understand you're in a hurry, but I've already done everything I can within my authority. According to our policy, refunds to PayPal take 5 to 7 business days, and I don't have any tools or options to expedite that process. I'm sorry I can't do more on that front.

If you'd like, I can transfer you to a human agent who may be able to assist further with these concerns. Would you like me to do that, or is there anything else I can help you with?
is_final_chunk: True
2026-07-22 11:41:45.850 | DEBUG    | tau2.user.user_simulator:_generate_next_message:222 - User responds to message: AssistantMessage
content: I understand your concern about the email, but unfortunately I don't have the ability to provide the specific return instructions (like the return address or shipping labels) here in this chat. The system sends those instructions via email, and I don't have access to that information to share directly. 

As for the refund timing, I truly understand you're in a hurry, but I've already done everything I can within my authority. According to our policy, refunds to PayPal take 5 to 7 business days, and I don't have any tools or options to expedite that process. I'm sorry I can't do more on that front.

If you'd like, I can transfer you to a human agent who may be able to assist further with these concerns. Would you like me to do that, or is there anything else I can help you with?
is_final_chunk: True
2026-07-22 11:41:46.657 | DEBUG    | tau2.user.user_simulator:_generate_next_message:244 - Response: Fine, transfer me to a human agent then. I need this sorted out quickly.
2026-07-22 11:41:46.657 | DEBUG    | tau2.orchestrator.orchestrator:step:833 - Step 23. Sending message from Role.USER to Role.AGENT
2026-07-22 11:41:46.657 | DEBUG    | tau2.orchestrator.orchestrator:step:836 - Step 23.
From role: Role.USER
To role: Role.AGENT
Message: UserMessage
content: Fine, transfer me to a human agent then. I need this sorted out quickly.
is_final_chunk: True
2026-07-22 11:41:48.572 | DEBUG    | tau2.orchestrator.orchestrator:step:833 - Step 24. Sending message from Role.AGENT to Role.ENV
2026-07-22 11:41:48.572 | DEBUG    | tau2.orchestrator.orchestrator:step:836 - Step 24.
From role: Role.AGENT
To role: Role.ENV
Message: AssistantMessage
ToolCalls:
ToolCall (from assistant)
id: call_00_P1YWzhPrbJoyW9uIJGxb1885
name: transfer_to_human_agents
arguments:
{
  "summary": "User Daiki Johnson (daiki_johnson_9523) has requested a return for items (Robotic Vacuum Cleaner - item 6259501109, and Air Purifier - item 9534205511) from order #W9502127. The return has been processed with refund to PayPal (paypal_2433177) for $1,126.04. However, the user does not have access to email and needs the return instructions provided through another channel. Additionally, the user is requesting the refund to be processed within 3 days instead of the standard 5-7 business days for PayPal refunds."
}
is_final_chunk: True
2026-07-22 11:41:48.573 | DEBUG    | tau2.environment.environment:get_response:454 - Response: Transfer successful
2026-07-22 11:41:48.573 | DEBUG    | tau2.orchestrator.orchestrator:step:833 - Step 25. Sending message from Role.ENV to Role.AGENT
2026-07-22 11:41:48.573 | DEBUG    | tau2.orchestrator.orchestrator:step:836 - Step 25.
From role: Role.ENV
To role: Role.AGENT
Message: ToolMessage (responding to assistant)
timestamp: 2026-07-22T11:41:48.573751
content: Transfer successful
2026-07-22 11:41:49.315 | DEBUG    | tau2.orchestrator.orchestrator:step:833 - Step 26. Sending message from Role.AGENT to Role.USER
2026-07-22 11:41:49.316 | DEBUG    | tau2.orchestrator.orchestrator:step:836 - Step 26.
From role: Role.AGENT
To role: Role.USER
Message: AssistantMessage
content: YOU ARE BEING TRANSFERRED TO A HUMAN AGENT. PLEASE HOLD ON.
is_final_chunk: True
2026-07-22 11:41:49.316 | DEBUG    | tau2.user.user_simulator:_generate_next_message:222 - User responds to message: AssistantMessage
content: YOU ARE BEING TRANSFERRED TO A HUMAN AGENT. PLEASE HOLD ON.
is_final_chunk: True
2026-07-22 11:41:49.944 | DEBUG    | tau2.user.user_simulator:_generate_next_message:244 - Response: ###TRANSFER###
2026-07-22 11:41:50.045 | DEBUG    | tau2.environment.environment:get_response:454 - Response: order_id='#W9502127' user_id='daiki_johnson_9523' address=UserAddress(address1='834 Park Avenue', address2='Suite 947', city='Denver', country='USA', state='CO', zip='80273') items=[OrderItem(name='Vacuum Cleaner', product_id='1762337868', item_id='2872451762', price=622.12, options={'type': 'canister', 'bagged/bagless': 'bagged', 'features': 'pet hair removal'}), OrderItem(name='Air Purifier', product_id='3821016478', item_id='9534205511', price=473.43, options={'room size': 'large', 'filter type': 'ionic', 'features': 'smart sensors'}), OrderItem(name='Patio Umbrella', product_id='9743693396', item_id='6243981804', price=329.85, options={'size': '7 ft', 'color': 'green', 'material': 'sunbrella', 'tilt mechanism': 'auto tilt'}), OrderItem(name='Dumbbell Set', product_id='7233192239', item_id='3877338112', price=545.68, options={'weight range': '5-25 lbs', 'material': 'iron', 'set type': 'adjustable'}), OrderItem(name='Vacuum Cleaner', product_id='1762337868', item_id='6259501109', price=652.61, options={'type': 'robotic', 'bagged/bagless': 'bagged', 'features': 'pet hair removal'})] status='return requested' fulfillments=[OrderFullfilment(tracking_id=['269178517234'], item_ids=['2872451762', '9534205511', '6243981804', '3877338112', '6259501109'])] payment_history=[OrderPayment(transaction_type='payment', amount=2623.69, payment_method_id='paypal_2433177')] cancel_reason=None exchange_items=None exchange_new_items=None exchange_payment_method_id=None exchange_price_difference=None return_items=['6259501109', '9534205511'] return_payment_method_id='paypal_2433177'
2026-07-22 11:41:50.085 | WARNING  | tau2.evaluator.evaluator_env:calculate_reward:107 - Error in golden actions get_order_details({'order_id': '#9502126'}): Order not found
2026-07-22 11:41:50.085 | WARNING  | tau2.evaluator.evaluator_env:calculate_reward:107 - Error in golden actions get_order_details({'order_id': '#9502127'}): Order not found
2026-07-22 11:41:51.650 | INFO     | tau2.runner.simulation:run_simulation:87 - Simulation complete: domain=retail, task=46, reward=1.0
2026-07-22 11:41:51.650 | INFO     | tau2.runner.batch:run_single_task:442 - FINISHED SIMULATION: Domain: retail, Task: 46, Reward: 1.0
