2026-07-22 11:36:28.830 | DEBUG    | tau2.runner.batch:__enter__:301 - Task log file: D:\PolicyAgent-PostTrain\experiments\20260722_110504_retail_baseline20_trial1_deepseek\task_95\tau2_artifacts\artifacts\task_95\sim_c7a93870-a98a-4acb-a116-54defac41abc\task.log
2026-07-22 11:36:28.871 | INFO     | tau2.orchestrator.orchestrator:_validate_mode_compatibility:477 - Orchestrator initialized in HALF_DUPLEX mode (turn-based) with agent=LLMAgent, user=UserSimulator
2026-07-22 11:36:28.871 | DEBUG    | tau2.runner.build:build_text_orchestrator:400 - Built text orchestrator: domain=retail, agent=llm_agent, user=user_simulator, task=95
2026-07-22 11:36:28.873 | DEBUG    | tau2.orchestrator.orchestrator:step:833 - Step 0. Sending message from Role.AGENT to Role.USER
2026-07-22 11:36:28.873 | DEBUG    | tau2.orchestrator.orchestrator:step:836 - Step 0.
From role: Role.AGENT
To role: Role.USER
Message: AssistantMessage
content: Hi! How can I help you today?
is_final_chunk: True
2026-07-22 11:36:28.873 | DEBUG    | tau2.user.user_simulator:_generate_next_message:222 - User responds to message: AssistantMessage
content: Hi! How can I help you today?
is_final_chunk: True
2026-07-22 11:36:29.775 | DEBUG    | tau2.user.user_simulator:_generate_next_message:244 - Response: Hi, I need to exchange a couple of laptops I just received. I want to swap them for ones with an i7 processor, 8GB RAM, and a 1TB SSD. Can you tell me what I’d need to pay today to get that done?
2026-07-22 11:36:29.776 | DEBUG    | tau2.orchestrator.orchestrator:step:833 - Step 1. Sending message from Role.USER to Role.AGENT
2026-07-22 11:36:29.776 | DEBUG    | tau2.orchestrator.orchestrator:step:836 - Step 1.
From role: Role.USER
To role: Role.AGENT
Message: UserMessage
content: Hi, I need to exchange a couple of laptops I just received. I want to swap them for ones with an i7 processor, 8GB RAM, and a 1TB SSD. Can you tell me what I’d need to pay today to get that done?
is_final_chunk: True
2026-07-22 11:36:30.544 | DEBUG    | tau2.orchestrator.orchestrator:step:833 - Step 2. Sending message from Role.AGENT to Role.USER
2026-07-22 11:36:30.545 | DEBUG    | tau2.orchestrator.orchestrator:step:836 - Step 2.
From role: Role.AGENT
To role: Role.USER
Message: AssistantMessage
content: I'd be happy to help you with an exchange! First, I need to authenticate your identity. Could you please provide me with your email address, or your name and zip code so I can look you up?
is_final_chunk: True
2026-07-22 11:36:30.545 | DEBUG    | tau2.user.user_simulator:_generate_next_message:222 - User responds to message: AssistantMessage
content: I'd be happy to help you with an exchange! First, I need to authenticate your identity. Could you please provide me with your email address, or your name and zip code so I can look you up?
is_final_chunk: True
2026-07-22 11:36:31.487 | DEBUG    | tau2.user.user_simulator:_generate_next_message:244 - Response: I don’t remember the email I used, but my name is Lei Wilson and my zip code is 32255. Can you check with that?
2026-07-22 11:36:31.487 | DEBUG    | tau2.orchestrator.orchestrator:step:833 - Step 3. Sending message from Role.USER to Role.AGENT
2026-07-22 11:36:31.487 | DEBUG    | tau2.orchestrator.orchestrator:step:836 - Step 3.
From role: Role.USER
To role: Role.AGENT
Message: UserMessage
content: I don’t remember the email I used, but my name is Lei Wilson and my zip code is 32255. Can you check with that?
is_final_chunk: True
2026-07-22 11:36:32.710 | DEBUG    | tau2.orchestrator.orchestrator:step:833 - Step 4. Sending message from Role.AGENT to Role.ENV
2026-07-22 11:36:32.710 | DEBUG    | tau2.orchestrator.orchestrator:step:836 - Step 4.
From role: Role.AGENT
To role: Role.ENV
Message: AssistantMessage
content: Sure, let me look you up!
ToolCalls:
ToolCall (from assistant)
id: call_00_9fN5rHBQMe50pxthKp2t1323
name: find_user_id_by_name_zip
arguments:
{
  "first_name": "Lei",
  "last_name": "Wilson",
  "zip": "32255"
}
is_final_chunk: True
2026-07-22 11:36:32.710 | DEBUG    | tau2.environment.environment:get_response:454 - Response: lei_wilson_4541
2026-07-22 11:36:32.710 | DEBUG    | tau2.orchestrator.orchestrator:step:833 - Step 5. Sending message from Role.ENV to Role.AGENT
2026-07-22 11:36:32.710 | DEBUG    | tau2.orchestrator.orchestrator:step:836 - Step 5.
From role: Role.ENV
To role: Role.AGENT
Message: ToolMessage (responding to assistant)
timestamp: 2026-07-22T11:36:32.710648
content: lei_wilson_4541
2026-07-22 11:36:33.743 | DEBUG    | tau2.orchestrator.orchestrator:step:833 - Step 6. Sending message from Role.AGENT to Role.ENV
2026-07-22 11:36:33.744 | DEBUG    | tau2.orchestrator.orchestrator:step:836 - Step 6.
From role: Role.AGENT
To role: Role.ENV
Message: AssistantMessage
content: Great, I found you! Let me get your details and see your orders.
ToolCalls:
ToolCall (from assistant)
id: call_00_mDErnB0Q5HnqPcgfUJya9546
name: get_user_details
arguments:
{
  "user_id": "lei_wilson_4541"
}
is_final_chunk: True
2026-07-22 11:36:33.744 | DEBUG    | tau2.environment.environment:get_response:454 - Response: user_id='lei_wilson_4541' name=UserName(first_name='Lei', last_name='Wilson') address=UserAddress(address1='119 Elm Avenue', address2='Suite 999', city='Jacksonville', country='USA', state='FL', zip='32255') email='lei.wilson1253@example.com' payment_methods={'credit_card_3677959': CreditCard(source='credit_card', id='credit_card_3677959', brand='mastercard', last_four='1531')} orders=['#W3826449', '#W2905754', '#W4073673']
2026-07-22 11:36:33.744 | DEBUG    | tau2.orchestrator.orchestrator:step:833 - Step 7. Sending message from Role.ENV to Role.AGENT
2026-07-22 11:36:33.745 | DEBUG    | tau2.orchestrator.orchestrator:step:836 - Step 7.
From role: Role.ENV
To role: Role.AGENT
Message: ToolMessage (responding to assistant)
timestamp: 2026-07-22T11:36:33.744037
content: {"user_id": "lei_wilson_4541", "name": {"first_name": "Lei", "last_name": "Wilson"}, "address": {"address1": "119 Elm Avenue", "address2": "Suite 999", "city": "Jacksonville", "country": "USA", "state": "FL", "zip": "32255"}, "email": "lei.wilson1253@example.com", "payment_methods": {"credit_card_3677959": {"source": "credit_card", "id": "credit_card_3677959", "brand": "mastercard", "last_four": "1531"}}, "orders": ["#W3826449", "#W2905754", "#W4073673"]}
2026-07-22 11:36:35.068 | DEBUG    | tau2.orchestrator.orchestrator:step:833 - Step 8. Sending message from Role.AGENT to Role.ENV
2026-07-22 11:36:35.068 | DEBUG    | tau2.orchestrator.orchestrator:step:836 - Step 8.
From role: Role.AGENT
To role: Role.ENV
Message: AssistantMessage
content: I can see you have a few orders. Let me check the details of your orders to find the delivered ones with laptops.
ToolCalls:
ToolCall (from assistant)
id: call_00_PpVMDzT4gXPw7Bv2oxMB0072
name: get_order_details
arguments:
{
  "order_id": "#W3826449"
}
ToolCall (from assistant)
id: call_01_YSpeMk72BnccABr2fU6q5341
name: get_order_details
arguments:
{
  "order_id": "#W2905754"
}
ToolCall (from assistant)
id: call_02_oJwwYtOeTLoOBCVpTJVr5860
name: get_order_details
arguments:
{
  "order_id": "#W4073673"
}
is_final_chunk: True
2026-07-22 11:36:35.068 | DEBUG    | tau2.environment.environment:get_response:454 - Response: order_id='#W3826449' user_id='lei_wilson_4541' address=UserAddress(address1='119 Elm Avenue', address2='Suite 999', city='Jacksonville', country='USA', state='FL', zip='32255') items=[OrderItem(name='Wireless Earbuds', product_id='9924732112', item_id='5565631513', price=267.9, options={'color': 'black', 'battery life': '6 hours', 'water resistance': 'IPX7'}), OrderItem(name='Espresso Machine', product_id='4354588079', item_id='3951031513', price=3289.46, options={'pressure': '19 bar', 'capacity': '1.5L', 'type': 'automatic'}), OrderItem(name='Headphones', product_id='6992792935', item_id='2231112417', price=364.22, options={'type': 'over-ear', 'connectivity': 'wired', 'color': 'red'}), OrderItem(name='Smartphone', product_id='1801728040', item_id='9929635042', price=1261.14, options={'color': 'gold', 'storage': '128GB', 'RAM': '4GB', 'screen size': '5.8-inch'}), OrderItem(name='Tablet', product_id='8024098596', item_id='3788616824', price=951.21, options={'screen size': '10-inch', 'storage': '128GB', 'color': 'black'})] status='pending' fulfillments=[] payment_history=[OrderPayment(transaction_type='payment', amount=6133.93, payment_method_id='credit_card_3677959')] cancel_reason=None exchange_items=None exchange_new_items=None exchange_payment_method_id=None exchange_price_difference=None return_items=None return_payment_method_id=None
2026-07-22 11:36:35.068 | DEBUG    | tau2.environment.environment:get_response:454 - Response: order_id='#W2905754' user_id='lei_wilson_4541' address=UserAddress(address1='119 Elm Avenue', address2='Suite 999', city='Jacksonville', country='USA', state='FL', zip='32255') items=[OrderItem(name='Garden Hose', product_id='6679515468', item_id='5206946487', price=95.08, options={'length': '50ft', 'material': 'vinyl', 'color': 'black'}), OrderItem(name='Digital Camera', product_id='8940227892', item_id='9973034634', price=2850.32, options={'resolution': '20MP', 'zoom': '3x', 'storage': 'CF card'}), OrderItem(name='Laptop', product_id='4760268021', item_id='3478699712', price=2291.87, options={'screen size': '15-inch', 'processor': 'i5', 'ram': '16GB', 'storage': '512GB SSD', 'color': 'space grey'}), OrderItem(name='Sunglasses', product_id='7314138884', item_id='4329558751', price=297.33, options={'frame color': 'silver', 'lens color': 'blue', 'lens type': 'non-polarized', 'frame material': 'plastic'}), OrderItem(name='Portable Charger', product_id='6942297802', item_id='7903094618', price=90.32, options={'capacity': '5000mAh', 'output': 'USB-A', 'color': 'white'})] status='delivered' fulfillments=[OrderFullfilment(tracking_id=['232257628569'], item_ids=['5206946487', '9973034634', '3478699712', '4329558751', '7903094618'])] payment_history=[OrderPayment(transaction_type='payment', amount=5624.92, payment_method_id='credit_card_3677959')] cancel_reason=None exchange_items=None exchange_new_items=None exchange_payment_method_id=None exchange_price_difference=None return_items=None return_payment_method_id=None
2026-07-22 11:36:35.069 | DEBUG    | tau2.environment.environment:get_response:454 - Response: order_id='#W4073673' user_id='lei_wilson_4541' address=UserAddress(address1='119 Elm Avenue', address2='Suite 999', city='Jacksonville', country='USA', state='FL', zip='32255') items=[OrderItem(name='Running Shoes', product_id='6938111410', item_id='1775591963', price=154.75, options={'size': '10', 'color': 'white', 'material': 'leather', 'sole': 'EVA'}), OrderItem(name='Laptop', product_id='4760268021', item_id='2216662955', price=2520.52, options={'screen size': '15-inch', 'processor': 'i5', 'ram': '32GB', 'storage': '256GB SSD', 'color': 'space grey'}), OrderItem(name='Jigsaw Puzzle', product_id='1808611083', item_id='3112842858', price=49.1, options={'pieces': '1000', 'theme': 'fantasy', 'difficulty level': 'intermediate'}), OrderItem(name='Office Chair', product_id='4794339885', item_id='1793929609', price=514.34, options={'material': 'fabric', 'color': 'black', 'armrest': 'none', 'backrest height': 'high-back'})] status='delivered' fulfillments=[OrderFullfilment(tracking_id=['926268675514'], item_ids=['1775591963', '2216662955', '3112842858', '1793929609'])] payment_history=[OrderPayment(transaction_type='payment', amount=3238.71, payment_method_id='credit_card_3677959')] cancel_reason=None exchange_items=None exchange_new_items=None exchange_payment_method_id=None exchange_price_difference=None return_items=None return_payment_method_id=None
2026-07-22 11:36:35.069 | DEBUG    | tau2.orchestrator.orchestrator:step:833 - Step 9. Sending message from Role.ENV to Role.AGENT
2026-07-22 11:36:35.069 | DEBUG    | tau2.orchestrator.orchestrator:step:836 - Step 9.
From role: Role.ENV
To role: Role.AGENT
Message: role='tool' tool_messages=[ToolMessage(id='call_00_PpVMDzT4gXPw7Bv2oxMB0072', role='tool', content='{"order_id": "#W3826449", "user_id": "lei_wilson_4541", "address": {"address1": "119 Elm Avenue", "address2": "Suite 999", "city": "Jacksonville", "country": "USA", "state": "FL", "zip": "32255"}, "items": [{"name": "Wireless Earbuds", "product_id": "9924732112", "item_id": "5565631513", "price": 267.9, "options": {"color": "black", "battery life": "6 hours", "water resistance": "IPX7"}}, {"name": "Espresso Machine", "product_id": "4354588079", "item_id": "3951031513", "price": 3289.46, "options": {"pressure": "19 bar", "capacity": "1.5L", "type": "automatic"}}, {"name": "Headphones", "product_id": "6992792935", "item_id": "2231112417", "price": 364.22, "options": {"type": "over-ear", "connectivity": "wired", "color": "red"}}, {"name": "Smartphone", "product_id": "1801728040", "item_id": "9929635042", "price": 1261.14, "options": {"color": "gold", "storage": "128GB", "RAM": "4GB", "screen size": "5.8-inch"}}, {"name": "Tablet", "product_id": "8024098596", "item_id": "3788616824", "price": 951.21, "options": {"screen size": "10-inch", "storage": "128GB", "color": "black"}}], "status": "pending", "fulfillments": [], "payment_history": [{"transaction_type": "payment", "amount": 6133.93, "payment_method_id": "credit_card_3677959"}], "cancel_reason": null, "exchange_items": null, "exchange_new_items": null, "exchange_payment_method_id": null, "exchange_price_difference": null, "return_items": null, "return_payment_method_id": null}', requestor='assistant', error=False, turn_idx=None, timestamp='2026-07-22T11:36:35.068315'), ToolMessage(id='call_01_YSpeMk72BnccABr2fU6q5341', role='tool', content='{"order_id": "#W2905754", "user_id": "lei_wilson_4541", "address": {"address1": "119 Elm Avenue", "address2": "Suite 999", "city": "Jacksonville", "country": "USA", "state": "FL", "zip": "32255"}, "items": [{"name": "Garden Hose", "product_id": "6679515468", "item_id": "5206946487", "price": 95.08, "options": {"length": "50ft", "material": "vinyl", "color": "black"}}, {"name": "Digital Camera", "product_id": "8940227892", "item_id": "9973034634", "price": 2850.32, "options": {"resolution": "20MP", "zoom": "3x", "storage": "CF card"}}, {"name": "Laptop", "product_id": "4760268021", "item_id": "3478699712", "price": 2291.87, "options": {"screen size": "15-inch", "processor": "i5", "ram": "16GB", "storage": "512GB SSD", "color": "space grey"}}, {"name": "Sunglasses", "product_id": "7314138884", "item_id": "4329558751", "price": 297.33, "options": {"frame color": "silver", "lens color": "blue", "lens type": "non-polarized", "frame material": "plastic"}}, {"name": "Portable Charger", "product_id": "6942297802", "item_id": "7903094618", "price": 90.32, "options": {"capacity": "5000mAh", "output": "USB-A", "color": "white"}}], "status": "delivered", "fulfillments": [{"tracking_id": ["232257628569"], "item_ids": ["5206946487", "9973034634", "3478699712", "4329558751", "7903094618"]}], "payment_history": [{"transaction_type": "payment", "amount": 5624.92, "payment_method_id": "credit_card_3677959"}], "cancel_reason": null, "exchange_items": null, "exchange_new_items": null, "exchange_payment_method_id": null, "exchange_price_difference": null, "return_items": null, "return_payment_method_id": null}', requestor='assistant', error=False, turn_idx=None, timestamp='2026-07-22T11:36:35.069315'), ToolMessage(id='call_02_oJwwYtOeTLoOBCVpTJVr5860', role='tool', content='{"order_id": "#W4073673", "user_id": "lei_wilson_4541", "address": {"address1": "119 Elm Avenue", "address2": "Suite 999", "city": "Jacksonville", "country": "USA", "state": "FL", "zip": "32255"}, "items": [{"name": "Running Shoes", "product_id": "6938111410", "item_id": "1775591963", "price": 154.75, "options": {"size": "10", "color": "white", "material": "leather", "sole": "EVA"}}, {"name": "Laptop", "product_id": "4760268021", "item_id": "2216662955", "price": 2520.52, "options": {"screen size": "15-inch", "processor": "i5", "ram": "32GB", "storage": "256GB SSD", "color": "space grey"}}, {"name": "Jigsaw Puzzle", "product_id": "1808611083", "item_id": "3112842858", "price": 49.1, "options": {"pieces": "1000", "theme": "fantasy", "difficulty level": "intermediate"}}, {"name": "Office Chair", "product_id": "4794339885", "item_id": "1793929609", "price": 514.34, "options": {"material": "fabric", "color": "black", "armrest": "none", "backrest height": "high-back"}}], "status": "delivered", "fulfillments": [{"tracking_id": ["926268675514"], "item_ids": ["1775591963", "2216662955", "3112842858", "1793929609"]}], "payment_history": [{"transaction_type": "payment", "amount": 3238.71, "payment_method_id": "credit_card_3677959"}], "cancel_reason": null, "exchange_items": null, "exchange_new_items": null, "exchange_payment_method_id": null, "exchange_price_difference": null, "return_items": null, "return_payment_method_id": null}', requestor='assistant', error=False, turn_idx=None, timestamp='2026-07-22T11:36:35.069315')]
2026-07-22 11:36:36.893 | DEBUG    | tau2.orchestrator.orchestrator:step:833 - Step 10. Sending message from Role.AGENT to Role.ENV
2026-07-22 11:36:36.893 | DEBUG    | tau2.orchestrator.orchestrator:step:836 - Step 10.
From role: Role.AGENT
To role: Role.ENV
Message: AssistantMessage
content: I can see you have two delivered orders with laptops:

1. **Order #W2905754** - Laptop (item ID: 3478699712) - i5 processor, 16GB RAM, 512GB SSD - $2,291.87
2. **Order #W4073673** - Laptop (item ID: 2216662955) - i5 processor, 32GB RAM, 256GB SSD - $2,520.52

You mentioned you want to exchange them for laptops with an i7 processor, 8GB RAM, and 1TB SSD. Let me look up the product details for laptops to see what options are available.
ToolCalls:
ToolCall (from assistant)
id: call_00_CR2N2Kpt5vK5x9nUA40Y6726
name: get_product_details
arguments:
{
  "product_id": "4760268021"
}
is_final_chunk: True
2026-07-22 11:36:36.893 | DEBUG    | tau2.environment.environment:get_response:454 - Response: name='Laptop' product_id='4760268021' variants={'8997785118': Variant(item_id='8997785118', options={'screen size': '13-inch', 'processor': 'i7', 'ram': '32GB', 'storage': '256GB SSD', 'color': 'space grey'}, available=False, price=2674.4), '2216662955': Variant(item_id='2216662955', options={'screen size': '15-inch', 'processor': 'i5', 'ram': '32GB', 'storage': '256GB SSD', 'color': 'space grey'}, available=True, price=2520.52), '2768401027': Variant(item_id='2768401027', options={'screen size': '13-inch', 'processor': 'i7', 'ram': '32GB', 'storage': '256GB SSD', 'color': 'silver'}, available=False, price=2346.49), '1684786391': Variant(item_id='1684786391', options={'screen size': '17-inch', 'processor': 'i7', 'ram': '32GB', 'storage': '1TB SSD', 'color': 'black'}, available=True, price=2508.06), '3778566150': Variant(item_id='3778566150', options={'screen size': '13-inch', 'processor': 'i5', 'ram': '32GB', 'storage': '256GB SSD', 'color': 'silver'}, available=False, price=2372.97), '8193934556': Variant(item_id='8193934556', options={'screen size': '13-inch', 'processor': 'i9', 'ram': '8GB', 'storage': '1TB SSD', 'color': 'space grey'}, available=False, price=2548.73), '2913673670': Variant(item_id='2913673670', options={'screen size': '15-inch', 'processor': 'i9', 'ram': '32GB', 'storage': '512GB SSD', 'color': 'black'}, available=True, price=2701.89), '3478699712': Variant(item_id='3478699712', options={'screen size': '15-inch', 'processor': 'i5', 'ram': '16GB', 'storage': '512GB SSD', 'color': 'space grey'}, available=False, price=2291.87), '6056040996': Variant(item_id='6056040996', options={'screen size': '13-inch', 'processor': 'i5', 'ram': '16GB', 'storage': '512GB SSD', 'color': 'space grey'}, available=True, price=2609.37), '6017636844': Variant(item_id='6017636844', options={'screen size': '15-inch', 'processor': 'i7', 'ram': '32GB', 'storage': '1TB SSD', 'color': 'space grey'}, available=True, price=2292.37), '1657832319': Variant(item_id='1657832319', options={'screen size': '13-inch', 'processor': 'i7', 'ram': '32GB', 'storage': '512GB SSD', 'color': 'black'}, available=True, price=2729.32), '5052031638': Variant(item_id='5052031638', options={'screen size': '13-inch', 'processor': 'i5', 'ram': '16GB', 'storage': '1TB SSD', 'color': 'silver'}, available=True, price=2621.77), '3265035808': Variant(item_id='3265035808', options={'screen size': '17-inch', 'processor': 'i9', 'ram': '8GB', 'storage': '256GB SSD', 'color': 'silver'}, available=True, price=2530.72), '3334537816': Variant(item_id='3334537816', options={'screen size': '17-inch', 'processor': 'i5', 'ram': '8GB', 'storage': '1TB SSD', 'color': 'space grey'}, available=False, price=2749.56), '9844888101': Variant(item_id='9844888101', options={'screen size': '15-inch', 'processor': 'i7', 'ram': '8GB', 'storage': '1TB SSD', 'color': 'black'}, available=True, price=2459.74), '4241599783': Variant(item_id='4241599783', options={'screen size': '15-inch', 'processor': 'i7', 'ram': '16GB', 'storage': '1TB SSD', 'color': 'black'}, available=False, price=2324.61), '2611676054': Variant(item_id='2611676054', options={'screen size': '15-inch', 'processor': 'i7', 'ram': '16GB', 'storage': '256GB SSD', 'color': 'silver'}, available=False, price=2743.08)}
2026-07-22 11:36:36.894 | DEBUG    | tau2.orchestrator.orchestrator:step:833 - Step 11. Sending message from Role.ENV to Role.AGENT
2026-07-22 11:36:36.894 | DEBUG    | tau2.orchestrator.orchestrator:step:836 - Step 11.
From role: Role.ENV
To role: Role.AGENT
Message: ToolMessage (responding to assistant)
timestamp: 2026-07-22T11:36:36.894445
content: {"name": "Laptop", "product_id": "4760268021", "variants": {"8997785118": {"item_id": "8997785118", "options": {"screen size": "13-inch", "processor": "i7", "ram": "32GB", "storage": "256GB SSD", "color": "space grey"}, "available": false, "price": 2674.4}, "2216662955": {"item_id": "2216662955", "options": {"screen size": "15-inch", "processor": "i5", "ram": "32GB", "storage": "256GB SSD", "color": "space grey"}, "available": true, "price": 2520.52}, "2768401027": {"item_id": "2768401027", "options": {"screen size": "13-inch", "processor": "i7", "ram": "32GB", "storage": "256GB SSD", "color": "silver"}, "available": false, "price": 2346.49}, "1684786391": {"item_id": "1684786391", "options": {"screen size": "17-inch", "processor": "i7", "ram": "32GB", "storage": "1TB SSD", "color": "black"}, "available": true, "price": 2508.06}, "3778566150": {"item_id": "3778566150", "options": {"screen size": "13-inch", "processor": "i5", "ram": "32GB", "storage": "256GB SSD", "color": "silver"}, "available": false, "price": 2372.97}, "8193934556": {"item_id": "8193934556", "options": {"screen size": "13-inch", "processor": "i9", "ram": "8GB", "storage": "1TB SSD", "color": "space grey"}, "available": false, "price": 2548.73}, "2913673670": {"item_id": "2913673670", "options": {"screen size": "15-inch", "processor": "i9", "ram": "32GB", "storage": "512GB SSD", "color": "black"}, "available": true, "price": 2701.89}, "3478699712": {"item_id": "3478699712", "options": {"screen size": "15-inch", "processor": "i5", "ram": "16GB", "storage": "512GB SSD", "color": "space grey"}, "available": false, "price": 2291.87}, "6056040996": {"item_id": "6056040996", "options": {"screen size": "13-inch", "processor": "i5", "ram": "16GB", "storage": "512GB SSD", "color": "space grey"}, "available": true, "price": 2609.37}, "6017636844": {"item_id": "6017636844", "options": {"screen size": "15-inch", "processor": "i7", "ram": "32GB", "storage": "1TB SSD", "color": "space grey"}, "available": true, "price": 2292.37}, "1657832319": {"item_id": "1657832319", "options": {"screen size": "13-inch", "processor": "i7", "ram": "32GB", "storage": "512GB SSD", "color": "black"}, "available": true, "price": 2729.32}, "5052031638": {"item_id": "5052031638", "options": {"screen size": "13-inch", "processor": "i5", "ram": "16GB", "storage": "1TB SSD", "color": "silver"}, "available": true, "price": 2621.77}, "3265035808": {"item_id": "3265035808", "options": {"screen size": "17-inch", "processor": "i9", "ram": "8GB", "storage": "256GB SSD", "color": "silver"}, "available": true, "price": 2530.72}, "3334537816": {"item_id": "3334537816", "options": {"screen size": "17-inch", "processor": "i5", "ram": "8GB", "storage": "1TB SSD", "color": "space grey"}, "available": false, "price": 2749.56}, "9844888101": {"item_id": "9844888101", "options": {"screen size": "15-inch", "processor": "i7", "ram": "8GB", "storage": "1TB SSD", "color": "black"}, "available": true, "price": 2459.74}, "4241599783": {"item_id": "4241599783", "options": {"screen size": "15-inch", "processor": "i7", "ram": "16GB", "storage": "1TB SSD", "color": "black"}, "available": false, "price": 2324.61}, "2611676054": {"item_id": "2611676054", "options": {"screen size": "15-inch", "processor": "i7", "ram": "16GB", "storage": "256GB SSD", "color": "silver"}, "available": false, "price": 2743.08}}}
2026-07-22 11:36:41.072 | DEBUG    | tau2.orchestrator.orchestrator:step:833 - Step 12. Sending message from Role.AGENT to Role.USER
2026-07-22 11:36:41.073 | DEBUG    | tau2.orchestrator.orchestrator:step:836 - Step 12.
From role: Role.AGENT
To role: Role.USER
Message: AssistantMessage
content: Let me look at the available laptops that match your criteria (i7 processor, 8GB RAM, 1TB SSD). I can see one that fits:

- **Item ID: 9844888101** - 15-inch, i7, 8GB RAM, 1TB SSD, black - **$2,459.74** (available)

Now, let me check the details of your current laptops to compare prices:

**Order #W2905754** - Laptop (item 3478699712): i5, 16GB RAM, 512GB SSD - $2,291.87
**Order #W4073673** - Laptop (item 2216662955): i5, 32GB RAM, 256GB SSD - $2,520.52

However, I notice that the item you currently have (3478699712) is no longer available, and the other (2216662955) is available. Let me check if there are any other i7, 8GB, 1TB SSD options available.

Looking at the available items, the closest match to what you described (i7, 8GB RAM, 1TB SSD) is:

- **Item 9844888101** - 15-inch, i7, 8GB RAM, 1TB SSD, black - $2,459.74 ✅ Available

But you mentioned you have **two laptops** to exchange. Let me check if there's another suitable option. Unfortunately, the only available item matching i7 + 8GB RAM + 1TB SSD is item 9844888101.

Could you clarify - do you want both laptops exchanged to the same configuration? Also, the specs you mentioned (i7, 8GB RAM, 1TB SSD) - the closest available option is item **9844888101** (15-inch, i7, 8GB RAM, 1TB SSD, black) at $2,459.74. 

However, there's also item **6017636844** (15-inch, i7, 32GB RAM, 1TB SSD, space grey) at $2,292.37 which is available and has i7 + 1TB SSD but with 32GB RAM instead of 8GB.

Could you let me know which configuration you'd prefer? And also, do you want to exchange both laptops?
is_final_chunk: True
2026-07-22 11:36:41.073 | DEBUG    | tau2.user.user_simulator:_generate_next_message:222 - User responds to message: AssistantMessage
content: Let me look at the available laptops that match your criteria (i7 processor, 8GB RAM, 1TB SSD). I can see one that fits:

- **Item ID: 9844888101** - 15-inch, i7, 8GB RAM, 1TB SSD, black - **$2,459.74** (available)

Now, let me check the details of your current laptops to compare prices:

**Order #W2905754** - Laptop (item 3478699712): i5, 16GB RAM, 512GB SSD - $2,291.87
**Order #W4073673** - Laptop (item 2216662955): i5, 32GB RAM, 256GB SSD - $2,520.52

However, I notice that the item you currently have (3478699712) is no longer available, and the other (2216662955) is available. Let me check if there are any other i7, 8GB, 1TB SSD options available.

Looking at the available items, the closest match to what you described (i7, 8GB RAM, 1TB SSD) is:

- **Item 9844888101** - 15-inch, i7, 8GB RAM, 1TB SSD, black - $2,459.74 ✅ Available

But you mentioned you have **two laptops** to exchange. Let me check if there's another suitable option. Unfortunately, the only available item matching i7 + 8GB RAM + 1TB SSD is item 9844888101.

Could you clarify - do you want both laptops exchanged to the same configuration? Also, the specs you mentioned (i7, 8GB RAM, 1TB SSD) - the closest available option is item **9844888101** (15-inch, i7, 8GB RAM, 1TB SSD, black) at $2,459.74. 

However, there's also item **6017636844** (15-inch, i7, 32GB RAM, 1TB SSD, space grey) at $2,292.37 which is available and has i7 + 1TB SSD but with 32GB RAM instead of 8GB.

Could you let me know which configuration you'd prefer? And also, do you want to exchange both laptops?
is_final_chunk: True
2026-07-22 11:36:42.392 | DEBUG    | tau2.user.user_simulator:_generate_next_message:244 - Response: Yes, I want to exchange both laptops for the same configuration: i7, 8GB RAM, 1TB SSD. I’m not interested in the 32GB option—just the 8GB one. So, if you only have one available that matches, what are my options for the second laptop? And more importantly, what’s the total I’d need to pay today for both exchanges?
2026-07-22 11:36:42.392 | DEBUG    | tau2.orchestrator.orchestrator:step:833 - Step 13. Sending message from Role.USER to Role.AGENT
2026-07-22 11:36:42.393 | DEBUG    | tau2.orchestrator.orchestrator:step:836 - Step 13.
From role: Role.USER
To role: Role.AGENT
Message: UserMessage
content: Yes, I want to exchange both laptops for the same configuration: i7, 8GB RAM, 1TB SSD. I’m not interested in the 32GB option—just the 8GB one. So, if you only have one available that matches, what are my options for the second laptop? And more importantly, what’s the total I’d need to pay today for both exchanges?
is_final_chunk: True
2026-07-22 11:36:46.846 | DEBUG    | tau2.orchestrator.orchestrator:step:833 - Step 14. Sending message from Role.AGENT to Role.USER
2026-07-22 11:36:46.846 | DEBUG    | tau2.orchestrator.orchestrator:step:836 - Step 14.
From role: Role.AGENT
To role: Role.USER
Message: AssistantMessage
content: Let me check the available laptops more carefully. The only available item matching i7, 8GB RAM, 1TB SSD is item **9844888101** (15-inch, i7, 8GB RAM, 1TB SSD, black) at $2,459.74.

Unfortunately, there's only one available item that matches your exact specs. Let me look at other available i7 laptops with 1TB SSD to see if there's another option for the second laptop.

Available i7 laptops with 1TB SSD:
- **Item 9844888101** - 15-inch, i7, 8GB RAM, 1TB SSD, black - $2,459.74 ✅
- **Item 6017636844** - 15-inch, i7, 32GB RAM, 1TB SSD, space grey - $2,292.37 ✅ (but you said no to 32GB)

Other available i7 laptops:
- **Item 1684786391** - 17-inch, i7, 32GB RAM, 1TB SSD, black - $2,508.06 ✅
- **Item 1657832319** - 13-inch, i7, 32GB RAM, 512GB SSD, black - $2,729.32 ✅

So it seems the only available laptop with i7, 8GB RAM, and 1TB SSD is item **9844888101**. For the second laptop, there isn't another identical option available.

Let me calculate the price differences for the one we can do:

**For Order #W2905754** - Laptop (item 3478699712 - $2,291.87) → Exchange to item 9844888101 ($2,459.74)
- Price difference: $2,459.74 - $2,291.87 = **$167.87** (you'd pay)

**For Order #W4073673** - Laptop (item 2216662955 - $2,520.52) → We'd need another matching item.

Since we only have one matching item available, would you like to consider a different option for the second laptop? For example, there's item **6017636844** (15-inch, i7, 32GB RAM, 1TB SSD, space grey) at $2,292.37 which has i7 and 1TB SSD but with 32GB RAM instead of 8GB. Or item **1684786391** (17-inch, i7, 32GB RAM, 1TB SSD, black) at $2,508.06.

Alternatively, if none of these work for you, I may need to transfer you to a human agent for further assistance. What do you think?
is_final_chunk: True
2026-07-22 11:36:46.846 | DEBUG    | tau2.user.user_simulator:_generate_next_message:222 - User responds to message: AssistantMessage
content: Let me check the available laptops more carefully. The only available item matching i7, 8GB RAM, 1TB SSD is item **9844888101** (15-inch, i7, 8GB RAM, 1TB SSD, black) at $2,459.74.

Unfortunately, there's only one available item that matches your exact specs. Let me look at other available i7 laptops with 1TB SSD to see if there's another option for the second laptop.

Available i7 laptops with 1TB SSD:
- **Item 9844888101** - 15-inch, i7, 8GB RAM, 1TB SSD, black - $2,459.74 ✅
- **Item 6017636844** - 15-inch, i7, 32GB RAM, 1TB SSD, space grey - $2,292.37 ✅ (but you said no to 32GB)

Other available i7 laptops:
- **Item 1684786391** - 17-inch, i7, 32GB RAM, 1TB SSD, black - $2,508.06 ✅
- **Item 1657832319** - 13-inch, i7, 32GB RAM, 512GB SSD, black - $2,729.32 ✅

So it seems the only available laptop with i7, 8GB RAM, and 1TB SSD is item **9844888101**. For the second laptop, there isn't another identical option available.

Let me calculate the price differences for the one we can do:

**For Order #W2905754** - Laptop (item 3478699712 - $2,291.87) → Exchange to item 9844888101 ($2,459.74)
- Price difference: $2,459.74 - $2,291.87 = **$167.87** (you'd pay)

**For Order #W4073673** - Laptop (item 2216662955 - $2,520.52) → We'd need another matching item.

Since we only have one matching item available, would you like to consider a different option for the second laptop? For example, there's item **6017636844** (15-inch, i7, 32GB RAM, 1TB SSD, space grey) at $2,292.37 which has i7 and 1TB SSD but with 32GB RAM instead of 8GB. Or item **1684786391** (17-inch, i7, 32GB RAM, 1TB SSD, black) at $2,508.06.

Alternatively, if none of these work for you, I may need to transfer you to a human agent for further assistance. What do you think?
is_final_chunk: True
2026-07-22 11:36:48.530 | DEBUG    | tau2.user.user_simulator:_generate_next_message:244 - Response: I really need both laptops to have the same specs—i7, 8GB RAM, 1TB SSD. If you only have one available, can you check if there’s a way to order another one or get a rain check? I don’t want to settle for different specs on the second laptop. Also, if you can’t do that, please transfer me to someone who can sort this out. I want to know the total I’d pay today for both exchanges, including any fees.
2026-07-22 11:36:48.530 | DEBUG    | tau2.orchestrator.orchestrator:step:833 - Step 15. Sending message from Role.USER to Role.AGENT
2026-07-22 11:36:48.530 | DEBUG    | tau2.orchestrator.orchestrator:step:836 - Step 15.
From role: Role.USER
To role: Role.AGENT
Message: UserMessage
content: I really need both laptops to have the same specs—i7, 8GB RAM, 1TB SSD. If you only have one available, can you check if there’s a way to order another one or get a rain check? I don’t want to settle for different specs on the second laptop. Also, if you can’t do that, please transfer me to someone who can sort this out. I want to know the total I’d pay today for both exchanges, including any fees.
is_final_chunk: True
2026-07-22 11:36:51.446 | DEBUG    | tau2.orchestrator.orchestrator:step:833 - Step 16. Sending message from Role.AGENT to Role.ENV
2026-07-22 11:36:51.446 | DEBUG    | tau2.orchestrator.orchestrator:step:836 - Step 16.
From role: Role.AGENT
To role: Role.ENV
Message: AssistantMessage
content: I understand you want both laptops to have the exact same specs. Unfortunately, I can only work with what's currently available in our inventory, and there's only one item (item 9844888101) matching i7, 8GB RAM, 1TB SSD. I don't have the ability to order new stock or issue rain checks within my system.

Let me transfer you to a human agent who can look into this further for you.
ToolCalls:
ToolCall (from assistant)
id: call_00_rds95M6CfbeMFQOetXSQ2098
name: transfer_to_human_agents
arguments:
{
  "summary": "Customer Lei Wilson (lei_wilson_4541) wants to exchange two laptops from delivered orders #W2905754 (item 3478699712 - i5, 16GB, 512GB SSD, $2,291.87) and #W4073673 (item 2216662955 - i5, 32GB, 256GB SSD, $2,520.52) for two laptops with identical specs: i7, 8GB RAM, 1TB SSD. Only one matching item is available (item 9844888101 - 15-inch, i7, 8GB, 1TB SSD, black, $2,459.74). Customer wants both laptops to have the same specs and is asking about ordering another or a rain check. Needs human agent to handle this."
}
is_final_chunk: True
2026-07-22 11:36:51.446 | DEBUG    | tau2.environment.environment:get_response:454 - Response: Transfer successful
2026-07-22 11:36:51.446 | DEBUG    | tau2.orchestrator.orchestrator:step:833 - Step 17. Sending message from Role.ENV to Role.AGENT
2026-07-22 11:36:51.447 | DEBUG    | tau2.orchestrator.orchestrator:step:836 - Step 17.
From role: Role.ENV
To role: Role.AGENT
Message: ToolMessage (responding to assistant)
timestamp: 2026-07-22T11:36:51.446309
content: Transfer successful
2026-07-22 11:36:53.068 | DEBUG    | tau2.orchestrator.orchestrator:step:833 - Step 18. Sending message from Role.AGENT to Role.USER
2026-07-22 11:36:53.069 | DEBUG    | tau2.orchestrator.orchestrator:step:836 - Step 18.
From role: Role.AGENT
To role: Role.USER
Message: AssistantMessage
content: YOU ARE BEING TRANSFERRED TO A HUMAN AGENT. PLEASE HOLD ON.

A human agent will be able to look into options for getting a second matching laptop for you. Just to note, if you were to exchange just the one laptop (item 3478699712 from order #W2905754) for item 9844888101, the price difference would be **$167.87** that you'd need to pay. But the human agent can discuss the full details with you. Thank you for your patience!
is_final_chunk: True
2026-07-22 11:36:53.069 | DEBUG    | tau2.user.user_simulator:_generate_next_message:222 - User responds to message: AssistantMessage
content: YOU ARE BEING TRANSFERRED TO A HUMAN AGENT. PLEASE HOLD ON.

A human agent will be able to look into options for getting a second matching laptop for you. Just to note, if you were to exchange just the one laptop (item 3478699712 from order #W2905754) for item 9844888101, the price difference would be **$167.87** that you'd need to pay. But the human agent can discuss the full details with you. Thank you for your patience!
is_final_chunk: True
2026-07-22 11:36:53.625 | DEBUG    | tau2.user.user_simulator:_generate_next_message:244 - Response: ###TRANSFER###
2026-07-22 11:36:56.536 | INFO     | tau2.runner.simulation:run_simulation:87 - Simulation complete: domain=retail, task=95, reward=0.0
2026-07-22 11:36:56.536 | INFO     | tau2.runner.batch:run_single_task:442 - FINISHED SIMULATION: Domain: retail, Task: 95, Reward: 0.0
