2026-07-22 11:40:12.249 | DEBUG    | tau2.runner.batch:__enter__:301 - Task log file: D:\PolicyAgent-PostTrain\experiments\20260722_110504_retail_baseline20_trial1_deepseek\task_50\tau2_artifacts\artifacts\task_50\sim_fbc778cf-143e-490e-a552-f63088c4dc5f\task.log
2026-07-22 11:40:12.289 | INFO     | tau2.orchestrator.orchestrator:_validate_mode_compatibility:477 - Orchestrator initialized in HALF_DUPLEX mode (turn-based) with agent=LLMAgent, user=UserSimulator
2026-07-22 11:40:12.290 | DEBUG    | tau2.runner.build:build_text_orchestrator:400 - Built text orchestrator: domain=retail, agent=llm_agent, user=user_simulator, task=50
2026-07-22 11:40:12.290 | DEBUG    | tau2.orchestrator.orchestrator:step:833 - Step 0. Sending message from Role.AGENT to Role.USER
2026-07-22 11:40:12.291 | DEBUG    | tau2.orchestrator.orchestrator:step:836 - Step 0.
From role: Role.AGENT
To role: Role.USER
Message: AssistantMessage
content: Hi! How can I help you today?
is_final_chunk: True
2026-07-22 11:40:12.291 | DEBUG    | tau2.user.user_simulator:_generate_next_message:222 - User responds to message: AssistantMessage
content: Hi! How can I help you today?
is_final_chunk: True
2026-07-22 11:40:13.482 | DEBUG    | tau2.user.user_simulator:_generate_next_message:244 - Response: Hi, I need help right away. I cancelled an order by mistake and I want to undo that cancellation. I need all the items from my original order delivered as soon as possible. Can you please fix this for me?
2026-07-22 11:40:13.483 | DEBUG    | tau2.orchestrator.orchestrator:step:833 - Step 1. Sending message from Role.USER to Role.AGENT
2026-07-22 11:40:13.483 | DEBUG    | tau2.orchestrator.orchestrator:step:836 - Step 1.
From role: Role.USER
To role: Role.AGENT
Message: UserMessage
content: Hi, I need help right away. I cancelled an order by mistake and I want to undo that cancellation. I need all the items from my original order delivered as soon as possible. Can you please fix this for me?
is_final_chunk: True
2026-07-22 11:40:14.697 | DEBUG    | tau2.orchestrator.orchestrator:step:833 - Step 2. Sending message from Role.AGENT to Role.USER
2026-07-22 11:40:14.697 | DEBUG    | tau2.orchestrator.orchestrator:step:836 - Step 2.
From role: Role.AGENT
To role: Role.USER
Message: AssistantMessage
content: I understand you're concerned about a cancelled order. Let me first help you with that. However, I need to start by authenticating your identity. Could you please provide me with your email address, or your name and zip code so I can look you up?
is_final_chunk: True
2026-07-22 11:40:14.697 | DEBUG    | tau2.user.user_simulator:_generate_next_message:222 - User responds to message: AssistantMessage
content: I understand you're concerned about a cancelled order. Let me first help you with that. However, I need to start by authenticating your identity. Could you please provide me with your email address, or your name and zip code so I can look you up?
is_final_chunk: True
2026-07-22 11:40:15.780 | DEBUG    | tau2.user.user_simulator:_generate_next_message:244 - Response: I don’t remember the email I used, sorry. My name is Chen Smith and my zip code is 32278 in Jacksonville. Please check and help me undo the cancellation—I really need this delivered as soon as possible.
2026-07-22 11:40:15.780 | DEBUG    | tau2.orchestrator.orchestrator:step:833 - Step 3. Sending message from Role.USER to Role.AGENT
2026-07-22 11:40:15.781 | DEBUG    | tau2.orchestrator.orchestrator:step:836 - Step 3.
From role: Role.USER
To role: Role.AGENT
Message: UserMessage
content: I don’t remember the email I used, sorry. My name is Chen Smith and my zip code is 32278 in Jacksonville. Please check and help me undo the cancellation—I really need this delivered as soon as possible.
is_final_chunk: True
2026-07-22 11:40:16.903 | DEBUG    | tau2.orchestrator.orchestrator:step:833 - Step 4. Sending message from Role.AGENT to Role.ENV
2026-07-22 11:40:16.903 | DEBUG    | tau2.orchestrator.orchestrator:step:836 - Step 4.
From role: Role.AGENT
To role: Role.ENV
Message: AssistantMessage
content: Let me look you up using your name and zip code.
ToolCalls:
ToolCall (from assistant)
id: call_00_GTpgbbttp9RbcwvSnUgr9510
name: find_user_id_by_name_zip
arguments:
{
  "first_name": "Chen",
  "last_name": "Smith",
  "zip": "32278"
}
is_final_chunk: True
2026-07-22 11:40:16.903 | DEBUG    | tau2.environment.environment:get_response:454 - Response: chen_smith_8425
2026-07-22 11:40:16.903 | DEBUG    | tau2.orchestrator.orchestrator:step:833 - Step 5. Sending message from Role.ENV to Role.AGENT
2026-07-22 11:40:16.903 | DEBUG    | tau2.orchestrator.orchestrator:step:836 - Step 5.
From role: Role.ENV
To role: Role.AGENT
Message: ToolMessage (responding to assistant)
timestamp: 2026-07-22T11:40:16.903062
content: chen_smith_8425
2026-07-22 11:40:18.034 | DEBUG    | tau2.orchestrator.orchestrator:step:833 - Step 6. Sending message from Role.AGENT to Role.ENV
2026-07-22 11:40:18.034 | DEBUG    | tau2.orchestrator.orchestrator:step:836 - Step 6.
From role: Role.AGENT
To role: Role.ENV
Message: AssistantMessage
content: Great, I found you! Let me get your details.
ToolCalls:
ToolCall (from assistant)
id: call_00_rUSjcUAQgn8n5KMNaQd20554
name: get_user_details
arguments:
{
  "user_id": "chen_smith_8425"
}
is_final_chunk: True
2026-07-22 11:40:18.034 | DEBUG    | tau2.environment.environment:get_response:454 - Response: user_id='chen_smith_8425' name=UserName(first_name='Chen', last_name='Smith') address=UserAddress(address1='932 Hickory Lane', address2='Suite 309', city='Jacksonville', country='USA', state='FL', zip='32278') email='chen.smith7677@example.com' payment_methods={'gift_card_4796172': GiftCard(source='gift_card', id='gift_card_4796172', balance=47.0), 'credit_card_6177109': CreditCard(source='credit_card', id='credit_card_6177109', brand='visa', last_four='9488'), 'paypal_9175769': Paypal(source='paypal', id='paypal_9175769')} orders=['#W8859225']
2026-07-22 11:40:18.034 | DEBUG    | tau2.orchestrator.orchestrator:step:833 - Step 7. Sending message from Role.ENV to Role.AGENT
2026-07-22 11:40:18.034 | DEBUG    | tau2.orchestrator.orchestrator:step:836 - Step 7.
From role: Role.ENV
To role: Role.AGENT
Message: ToolMessage (responding to assistant)
timestamp: 2026-07-22T11:40:18.034297
content: {"user_id": "chen_smith_8425", "name": {"first_name": "Chen", "last_name": "Smith"}, "address": {"address1": "932 Hickory Lane", "address2": "Suite 309", "city": "Jacksonville", "country": "USA", "state": "FL", "zip": "32278"}, "email": "chen.smith7677@example.com", "payment_methods": {"gift_card_4796172": {"source": "gift_card", "id": "gift_card_4796172", "balance": 47.0}, "credit_card_6177109": {"source": "credit_card", "id": "credit_card_6177109", "brand": "visa", "last_four": "9488"}, "paypal_9175769": {"source": "paypal", "id": "paypal_9175769"}}, "orders": ["#W8859225"]}
2026-07-22 11:40:19.264 | DEBUG    | tau2.orchestrator.orchestrator:step:833 - Step 8. Sending message from Role.AGENT to Role.ENV
2026-07-22 11:40:19.264 | DEBUG    | tau2.orchestrator.orchestrator:step:836 - Step 8.
From role: Role.AGENT
To role: Role.ENV
Message: AssistantMessage
content: I can see you have one order: **#W8859225**. Let me check its details.
ToolCalls:
ToolCall (from assistant)
id: call_00_KgvLysKji3g98BPH5PVM3195
name: get_order_details
arguments:
{
  "order_id": "#W8859225"
}
is_final_chunk: True
2026-07-22 11:40:19.264 | DEBUG    | tau2.environment.environment:get_response:454 - Response: order_id='#W8859225' user_id='chen_smith_8425' address=UserAddress(address1='932 Hickory Lane', address2='Suite 309', city='Jacksonville', country='USA', state='FL', zip='32278') items=[OrderItem(name='Indoor Security Camera', product_id='2985987096', item_id='1999523885', price=294.47, options={'resolution': '4K', 'field of view': '160 degrees', 'connectivity': 'Wi-Fi'}), OrderItem(name='Mechanical Keyboard', product_id='1656367028', item_id='9665000388', price=269.46, options={'switch type': 'clicky', 'backlight': 'none', 'size': '80%'}), OrderItem(name='Indoor Security Camera', product_id='2985987096', item_id='5966895767', price=329.58, options={'resolution': '2K', 'field of view': '160 degrees', 'connectivity': 'Ethernet'}), OrderItem(name='Wireless Earbuds', product_id='9924732112', item_id='2052249669', price=237.14, options={'color': 'white', 'battery life': '4 hours', 'water resistance': 'not resistant'})] status='cancelled' fulfillments=[OrderFullfilment(tracking_id=['208425478671'], item_ids=['1999523885', '9665000388', '5966895767', '2052249669'])] payment_history=[OrderPayment(transaction_type='payment', amount=1130.65, payment_method_id='paypal_9175769'), OrderPayment(transaction_type='refund', amount=1130.65, payment_method_id='paypal_9175769')] cancel_reason=None exchange_items=None exchange_new_items=None exchange_payment_method_id=None exchange_price_difference=None return_items=None return_payment_method_id=None
2026-07-22 11:40:19.264 | DEBUG    | tau2.orchestrator.orchestrator:step:833 - Step 9. Sending message from Role.ENV to Role.AGENT
2026-07-22 11:40:19.265 | DEBUG    | tau2.orchestrator.orchestrator:step:836 - Step 9.
From role: Role.ENV
To role: Role.AGENT
Message: ToolMessage (responding to assistant)
timestamp: 2026-07-22T11:40:19.264715
content: {"order_id": "#W8859225", "user_id": "chen_smith_8425", "address": {"address1": "932 Hickory Lane", "address2": "Suite 309", "city": "Jacksonville", "country": "USA", "state": "FL", "zip": "32278"}, "items": [{"name": "Indoor Security Camera", "product_id": "2985987096", "item_id": "1999523885", "price": 294.47, "options": {"resolution": "4K", "field of view": "160 degrees", "connectivity": "Wi-Fi"}}, {"name": "Mechanical Keyboard", "product_id": "1656367028", "item_id": "9665000388", "price": 269.46, "options": {"switch type": "clicky", "backlight": "none", "size": "80%"}}, {"name": "Indoor Security Camera", "product_id": "2985987096", "item_id": "5966895767", "price": 329.58, "options": {"resolution": "2K", "field of view": "160 degrees", "connectivity": "Ethernet"}}, {"name": "Wireless Earbuds", "product_id": "9924732112", "item_id": "2052249669", "price": 237.14, "options": {"color": "white", "battery life": "4 hours", "water resistance": "not resistant"}}], "status": "cancelled", "fulfillments": [{"tracking_id": ["208425478671"], "item_ids": ["1999523885", "9665000388", "5966895767", "2052249669"]}], "payment_history": [{"transaction_type": "payment", "amount": 1130.65, "payment_method_id": "paypal_9175769"}, {"transaction_type": "refund", "amount": 1130.65, "payment_method_id": "paypal_9175769"}], "cancel_reason": null, "exchange_items": null, "exchange_new_items": null, "exchange_payment_method_id": null, "exchange_price_difference": null, "return_items": null, "return_payment_method_id": null}
2026-07-22 11:40:21.151 | DEBUG    | tau2.orchestrator.orchestrator:step:833 - Step 10. Sending message from Role.AGENT to Role.USER
2026-07-22 11:40:21.152 | DEBUG    | tau2.orchestrator.orchestrator:step:836 - Step 10.
From role: Role.AGENT
To role: Role.USER
Message: AssistantMessage
content: I see that your order **#W8859225** has already been **cancelled**. Unfortunately, according to our policy, once an order is cancelled, there is no tool or procedure available to undo or reverse a cancellation. I'm sorry, but I'm not able to reinstate a cancelled order.

However, I can suggest some alternatives:

1. **Place a new order** - You could place a new order for the same items.
2. If you need help with anything else related to your account or orders, I'm happy to assist.

Would you like me to help you with anything else?
is_final_chunk: True
2026-07-22 11:40:21.152 | DEBUG    | tau2.user.user_simulator:_generate_next_message:222 - User responds to message: AssistantMessage
content: I see that your order **#W8859225** has already been **cancelled**. Unfortunately, according to our policy, once an order is cancelled, there is no tool or procedure available to undo or reverse a cancellation. I'm sorry, but I'm not able to reinstate a cancelled order.

However, I can suggest some alternatives:

1. **Place a new order** - You could place a new order for the same items.
2. If you need help with anything else related to your account or orders, I'm happy to assist.

Would you like me to help you with anything else?
is_final_chunk: True
2026-07-22 11:40:22.343 | DEBUG    | tau2.user.user_simulator:_generate_next_message:244 - Response: I really need you to find a way to undo the cancellation. I’m in a rush and I can’t wait for a new order to go through. Can you please escalate this or check with a supervisor? I need the exact same order delivered as soon as possible. Isn’t there anything you can do to reverse it?
2026-07-22 11:40:22.344 | DEBUG    | tau2.orchestrator.orchestrator:step:833 - Step 11. Sending message from Role.USER to Role.AGENT
2026-07-22 11:40:22.344 | DEBUG    | tau2.orchestrator.orchestrator:step:836 - Step 11.
From role: Role.USER
To role: Role.AGENT
Message: UserMessage
content: I really need you to find a way to undo the cancellation. I’m in a rush and I can’t wait for a new order to go through. Can you please escalate this or check with a supervisor? I need the exact same order delivered as soon as possible. Isn’t there anything you can do to reverse it?
is_final_chunk: True
2026-07-22 11:40:24.550 | DEBUG    | tau2.orchestrator.orchestrator:step:833 - Step 12. Sending message from Role.AGENT to Role.ENV
2026-07-22 11:40:24.550 | DEBUG    | tau2.orchestrator.orchestrator:step:836 - Step 12.
From role: Role.AGENT
To role: Role.ENV
Message: AssistantMessage
content: I completely understand your frustration, and I'm sorry for the inconvenience. Unfortunately, based on the tools and policies I have available, there is no way to reverse or undo a cancellation once it's been processed. This is beyond what I can handle.

Let me transfer you to a human agent who may be able to assist further.
ToolCalls:
ToolCall (from assistant)
id: call_00_riPo223ccMLk1b0Wl8bN1796
name: transfer_to_human_agents
arguments:
{
  "summary": "Customer Chen Smith (user ID: chen_smith_8425) had order #W8859225 cancelled and is requesting to undo the cancellation and have the original order delivered as soon as possible. The order was cancelled and refunded via PayPal. There is no tool available to reverse a cancellation. Customer is requesting escalation to see if a supervisor can help."
}
is_final_chunk: True
2026-07-22 11:40:24.550 | DEBUG    | tau2.environment.environment:get_response:454 - Response: Transfer successful
2026-07-22 11:40:24.551 | DEBUG    | tau2.orchestrator.orchestrator:step:833 - Step 13. Sending message from Role.ENV to Role.AGENT
2026-07-22 11:40:24.551 | DEBUG    | tau2.orchestrator.orchestrator:step:836 - Step 13.
From role: Role.ENV
To role: Role.AGENT
Message: ToolMessage (responding to assistant)
timestamp: 2026-07-22T11:40:24.551596
content: Transfer successful
2026-07-22 11:40:25.479 | DEBUG    | tau2.orchestrator.orchestrator:step:833 - Step 14. Sending message from Role.AGENT to Role.USER
2026-07-22 11:40:25.479 | DEBUG    | tau2.orchestrator.orchestrator:step:836 - Step 14.
From role: Role.AGENT
To role: Role.USER
Message: AssistantMessage
content: YOU ARE BEING TRANSFERRED TO A HUMAN AGENT. PLEASE HOLD ON.
is_final_chunk: True
2026-07-22 11:40:25.479 | DEBUG    | tau2.user.user_simulator:_generate_next_message:222 - User responds to message: AssistantMessage
content: YOU ARE BEING TRANSFERRED TO A HUMAN AGENT. PLEASE HOLD ON.
is_final_chunk: True
2026-07-22 11:40:26.163 | DEBUG    | tau2.user.user_simulator:_generate_next_message:244 - Response: ###TRANSFER###
2026-07-22 11:40:26.369 | INFO     | tau2.runner.simulation:run_simulation:87 - Simulation complete: domain=retail, task=50, reward=1.0
2026-07-22 11:40:26.369 | INFO     | tau2.runner.batch:run_single_task:442 - FINISHED SIMULATION: Domain: retail, Task: 50, Reward: 1.0
