2026-07-22 11:35:03.656 | DEBUG    | tau2.runner.batch:__enter__:301 - Task log file: D:\PolicyAgent-PostTrain\experiments\20260722_110504_retail_baseline20_trial1_deepseek\task_1\tau2_artifacts\artifacts\task_1\sim_91746aad-e6f1-4690-8b98-460d2c38c594\task.log
2026-07-22 11:35:03.702 | INFO     | tau2.orchestrator.orchestrator:_validate_mode_compatibility:477 - Orchestrator initialized in HALF_DUPLEX mode (turn-based) with agent=LLMAgent, user=UserSimulator
2026-07-22 11:35:03.702 | DEBUG    | tau2.runner.build:build_text_orchestrator:400 - Built text orchestrator: domain=retail, agent=llm_agent, user=user_simulator, task=1
2026-07-22 11:35:03.703 | DEBUG    | tau2.orchestrator.orchestrator:step:833 - Step 0. Sending message from Role.AGENT to Role.USER
2026-07-22 11:35:03.704 | DEBUG    | tau2.orchestrator.orchestrator:step:836 - Step 0.
From role: Role.AGENT
To role: Role.USER
Message: AssistantMessage
content: Hi! How can I help you today?
is_final_chunk: True
2026-07-22 11:35:03.704 | DEBUG    | tau2.user.user_simulator:_generate_next_message:222 - User responds to message: AssistantMessage
content: Hi! How can I help you today?
is_final_chunk: True
2026-07-22 11:35:04.813 | DEBUG    | tau2.user.user_simulator:_generate_next_message:244 - Response: Hi, I just received my order and I need to exchange a couple of items. I want to make sure everything gets handled together, so I’d like to go over the details.
2026-07-22 11:35:04.813 | DEBUG    | tau2.orchestrator.orchestrator:step:833 - Step 1. Sending message from Role.USER to Role.AGENT
2026-07-22 11:35:04.813 | DEBUG    | tau2.orchestrator.orchestrator:step:836 - Step 1.
From role: Role.USER
To role: Role.AGENT
Message: UserMessage
content: Hi, I just received my order and I need to exchange a couple of items. I want to make sure everything gets handled together, so I’d like to go over the details.
is_final_chunk: True
2026-07-22 11:35:05.750 | DEBUG    | tau2.orchestrator.orchestrator:step:833 - Step 2. Sending message from Role.AGENT to Role.USER
2026-07-22 11:35:05.751 | DEBUG    | tau2.orchestrator.orchestrator:step:836 - Step 2.
From role: Role.AGENT
To role: Role.USER
Message: AssistantMessage
content: I'd be happy to help you with an exchange! First, I need to authenticate your identity. Could you please provide me with your email address, or your first name, last name, and zip code so I can look you up?
is_final_chunk: True
2026-07-22 11:35:05.751 | DEBUG    | tau2.user.user_simulator:_generate_next_message:222 - User responds to message: AssistantMessage
content: I'd be happy to help you with an exchange! First, I need to authenticate your identity. Could you please provide me with your email address, or your first name, last name, and zip code so I can look you up?
is_final_chunk: True
2026-07-22 11:35:06.645 | DEBUG    | tau2.user.user_simulator:_generate_next_message:244 - Response: Sure, my name is Yusuf Rossi and my zip code is 19122. I don’t remember the email I used, but hopefully that’s enough to get started.
2026-07-22 11:35:06.646 | DEBUG    | tau2.orchestrator.orchestrator:step:833 - Step 3. Sending message from Role.USER to Role.AGENT
2026-07-22 11:35:06.646 | DEBUG    | tau2.orchestrator.orchestrator:step:836 - Step 3.
From role: Role.USER
To role: Role.AGENT
Message: UserMessage
content: Sure, my name is Yusuf Rossi and my zip code is 19122. I don’t remember the email I used, but hopefully that’s enough to get started.
is_final_chunk: True
2026-07-22 11:35:07.893 | DEBUG    | tau2.orchestrator.orchestrator:step:833 - Step 4. Sending message from Role.AGENT to Role.ENV
2026-07-22 11:35:07.893 | DEBUG    | tau2.orchestrator.orchestrator:step:836 - Step 4.
From role: Role.AGENT
To role: Role.ENV
Message: AssistantMessage
content: Let me look you up with your name and zip code.
ToolCalls:
ToolCall (from assistant)
id: call_00_6FDHCdnYyhdeHOpaixgd1443
name: find_user_id_by_name_zip
arguments:
{
  "first_name": "Yusuf",
  "last_name": "Rossi",
  "zip": "19122"
}
is_final_chunk: True
2026-07-22 11:35:07.893 | DEBUG    | tau2.environment.environment:get_response:454 - Response: yusuf_rossi_9620
2026-07-22 11:35:07.893 | DEBUG    | tau2.orchestrator.orchestrator:step:833 - Step 5. Sending message from Role.ENV to Role.AGENT
2026-07-22 11:35:07.894 | DEBUG    | tau2.orchestrator.orchestrator:step:836 - Step 5.
From role: Role.ENV
To role: Role.AGENT
Message: ToolMessage (responding to assistant)
timestamp: 2026-07-22T11:35:07.893549
content: yusuf_rossi_9620
2026-07-22 11:35:08.944 | DEBUG    | tau2.orchestrator.orchestrator:step:833 - Step 6. Sending message from Role.AGENT to Role.USER
2026-07-22 11:35:08.945 | DEBUG    | tau2.orchestrator.orchestrator:step:836 - Step 6.
From role: Role.AGENT
To role: Role.USER
Message: AssistantMessage
content: Great, I found you! Your user ID is **yusuf_rossi_9620**. 

Now, could you please provide me with the order ID you'd like to exchange items from? You can find it on your order confirmation or shipping details.
is_final_chunk: True
2026-07-22 11:35:08.945 | DEBUG    | tau2.user.user_simulator:_generate_next_message:222 - User responds to message: AssistantMessage
content: Great, I found you! Your user ID is **yusuf_rossi_9620**. 

Now, could you please provide me with the order ID you'd like to exchange items from? You can find it on your order confirmation or shipping details.
is_final_chunk: True
2026-07-22 11:35:10.065 | DEBUG    | tau2.user.user_simulator:_generate_next_message:244 - Response: Yes, the order number is W2378156. I’d like to exchange the mechanical keyboard for the same model but with clicky switches, and also swap the smart thermostat for one that works with Google Home instead of Apple HomeKit. Can you check if those options are available?
2026-07-22 11:35:10.065 | DEBUG    | tau2.orchestrator.orchestrator:step:833 - Step 7. Sending message from Role.USER to Role.AGENT
2026-07-22 11:35:10.066 | DEBUG    | tau2.orchestrator.orchestrator:step:836 - Step 7.
From role: Role.USER
To role: Role.AGENT
Message: UserMessage
content: Yes, the order number is W2378156. I’d like to exchange the mechanical keyboard for the same model but with clicky switches, and also swap the smart thermostat for one that works with Google Home instead of Apple HomeKit. Can you check if those options are available?
is_final_chunk: True
2026-07-22 11:35:11.295 | DEBUG    | tau2.orchestrator.orchestrator:step:833 - Step 8. Sending message from Role.AGENT to Role.ENV
2026-07-22 11:35:11.296 | DEBUG    | tau2.orchestrator.orchestrator:step:836 - Step 8.
From role: Role.AGENT
To role: Role.ENV
Message: AssistantMessage
content: Let me start by checking the order details and your user information.
ToolCalls:
ToolCall (from assistant)
id: call_00_6lqFa8inVI6HvDBubx2Q5027
name: get_order_details
arguments:
{
  "order_id": "#W2378156"
}
ToolCall (from assistant)
id: call_01_tXWatr4pZsulQP2Xt3sZ7305
name: get_user_details
arguments:
{
  "user_id": "yusuf_rossi_9620"
}
is_final_chunk: True
2026-07-22 11:35:11.296 | DEBUG    | tau2.environment.environment:get_response:454 - Response: order_id='#W2378156' user_id='yusuf_rossi_9620' address=UserAddress(address1='763 Broadway', address2='Suite 135', city='Philadelphia', country='USA', state='PA', zip='19122') items=[OrderItem(name='Headphones', product_id='6992792935', item_id='4202497723', price=342.81, options={'type': 'over-ear', 'connectivity': 'wireless', 'color': 'blue'}), OrderItem(name='Vacuum Cleaner', product_id='1762337868', item_id='4602305039', price=561.05, options={'type': 'robotic', 'bagged/bagless': 'bagged', 'features': 'cordless'}), OrderItem(name='Mechanical Keyboard', product_id='1656367028', item_id='1151293680', price=272.33, options={'switch type': 'linear', 'backlight': 'RGB', 'size': 'full size'}), OrderItem(name='Smart Thermostat', product_id='4896585277', item_id='4983901480', price=262.47, options={'compatibility': 'Apple HomeKit', 'color': 'black'}), OrderItem(name='Smart Watch', product_id='6945232052', item_id='9408160950', price=381.26, options={'color': 'gold', 'band material': 'leather', 'display': 'LCD'})] status='delivered' fulfillments=[OrderFullfilment(tracking_id=['843053632392'], item_ids=['4202497723', '4602305039', '1151293680', '4983901480', '9408160950'])] payment_history=[OrderPayment(transaction_type='payment', amount=1819.92, payment_method_id='credit_card_9513926')] cancel_reason=None exchange_items=None exchange_new_items=None exchange_payment_method_id=None exchange_price_difference=None return_items=None return_payment_method_id=None
2026-07-22 11:35:11.296 | DEBUG    | tau2.environment.environment:get_response:454 - Response: user_id='yusuf_rossi_9620' name=UserName(first_name='Yusuf', last_name='Rossi') address=UserAddress(address1='763 Broadway', address2='Suite 135', city='Philadelphia', country='USA', state='PA', zip='19122') email='yusuf.rossi7301@example.com' payment_methods={'credit_card_9513926': CreditCard(source='credit_card', id='credit_card_9513926', brand='mastercard', last_four='2478')} orders=['#W6247578', '#W9711842', '#W4776164', '#W6679257', '#W2378156']
2026-07-22 11:35:11.296 | DEBUG    | tau2.orchestrator.orchestrator:step:833 - Step 9. Sending message from Role.ENV to Role.AGENT
2026-07-22 11:35:11.296 | DEBUG    | tau2.orchestrator.orchestrator:step:836 - Step 9.
From role: Role.ENV
To role: Role.AGENT
Message: role='tool' tool_messages=[ToolMessage(id='call_00_6lqFa8inVI6HvDBubx2Q5027', role='tool', content='{"order_id": "#W2378156", "user_id": "yusuf_rossi_9620", "address": {"address1": "763 Broadway", "address2": "Suite 135", "city": "Philadelphia", "country": "USA", "state": "PA", "zip": "19122"}, "items": [{"name": "Headphones", "product_id": "6992792935", "item_id": "4202497723", "price": 342.81, "options": {"type": "over-ear", "connectivity": "wireless", "color": "blue"}}, {"name": "Vacuum Cleaner", "product_id": "1762337868", "item_id": "4602305039", "price": 561.05, "options": {"type": "robotic", "bagged/bagless": "bagged", "features": "cordless"}}, {"name": "Mechanical Keyboard", "product_id": "1656367028", "item_id": "1151293680", "price": 272.33, "options": {"switch type": "linear", "backlight": "RGB", "size": "full size"}}, {"name": "Smart Thermostat", "product_id": "4896585277", "item_id": "4983901480", "price": 262.47, "options": {"compatibility": "Apple HomeKit", "color": "black"}}, {"name": "Smart Watch", "product_id": "6945232052", "item_id": "9408160950", "price": 381.26, "options": {"color": "gold", "band material": "leather", "display": "LCD"}}], "status": "delivered", "fulfillments": [{"tracking_id": ["843053632392"], "item_ids": ["4202497723", "4602305039", "1151293680", "4983901480", "9408160950"]}], "payment_history": [{"transaction_type": "payment", "amount": 1819.92, "payment_method_id": "credit_card_9513926"}], "cancel_reason": null, "exchange_items": null, "exchange_new_items": null, "exchange_payment_method_id": null, "exchange_price_difference": null, "return_items": null, "return_payment_method_id": null}', requestor='assistant', error=False, turn_idx=None, timestamp='2026-07-22T11:35:11.296096'), ToolMessage(id='call_01_tXWatr4pZsulQP2Xt3sZ7305', role='tool', content='{"user_id": "yusuf_rossi_9620", "name": {"first_name": "Yusuf", "last_name": "Rossi"}, "address": {"address1": "763 Broadway", "address2": "Suite 135", "city": "Philadelphia", "country": "USA", "state": "PA", "zip": "19122"}, "email": "yusuf.rossi7301@example.com", "payment_methods": {"credit_card_9513926": {"source": "credit_card", "id": "credit_card_9513926", "brand": "mastercard", "last_four": "2478"}}, "orders": ["#W6247578", "#W9711842", "#W4776164", "#W6679257", "#W2378156"]}', requestor='assistant', error=False, turn_idx=None, timestamp='2026-07-22T11:35:11.296096')]
2026-07-22 11:35:12.739 | DEBUG    | tau2.orchestrator.orchestrator:step:833 - Step 10. Sending message from Role.AGENT to Role.ENV
2026-07-22 11:35:12.739 | DEBUG    | tau2.orchestrator.orchestrator:step:836 - Step 10.
From role: Role.AGENT
To role: Role.ENV
Message: AssistantMessage
content: Great! I can see your order **#W2378156** is delivered, so we can proceed with an exchange. Let me look up the product details for the Mechanical Keyboard and Smart Thermostat to see what options are available.
ToolCalls:
ToolCall (from assistant)
id: call_00_Po0jLjQDDV8j66sVTpOV7436
name: get_product_details
arguments:
{
  "product_id": "1656367028"
}
ToolCall (from assistant)
id: call_01_AM2DNRwxyZfqLLmqYSov1747
name: get_product_details
arguments:
{
  "product_id": "4896585277"
}
is_final_chunk: True
2026-07-22 11:35:12.739 | DEBUG    | tau2.environment.environment:get_response:454 - Response: name='Mechanical Keyboard' product_id='1656367028' variants={'9690244451': Variant(item_id='9690244451', options={'switch type': 'clicky', 'backlight': 'RGB', 'size': '60%'}, available=False, price=236.51), '7706410293': Variant(item_id='7706410293', options={'switch type': 'clicky', 'backlight': 'none', 'size': 'full size'}, available=True, price=269.16), '3616838507': Variant(item_id='3616838507', options={'switch type': 'tactile', 'backlight': 'white', 'size': 'full size'}, available=True, price=226.11), '8484921793': Variant(item_id='8484921793', options={'switch type': 'linear', 'backlight': 'RGB', 'size': '80%'}, available=True, price=230.15), '1340995114': Variant(item_id='1340995114', options={'switch type': 'tactile', 'backlight': 'none', 'size': 'full size'}, available=False, price=235.13), '6342039236': Variant(item_id='6342039236', options={'switch type': 'clicky', 'backlight': 'white', 'size': 'full size'}, available=True, price=244.91), '1421289881': Variant(item_id='1421289881', options={'switch type': 'linear', 'backlight': 'none', 'size': '80%'}, available=True, price=268.77), '7867398203': Variant(item_id='7867398203', options={'switch type': 'linear', 'backlight': 'RGB', 'size': '60%'}, available=True, price=232.7), '4648814700': Variant(item_id='4648814700', options={'switch type': 'linear', 'backlight': 'white', 'size': '60%'}, available=False, price=228.84), '5222576926': Variant(item_id='5222576926', options={'switch type': 'linear', 'backlight': 'white', 'size': 'full size'}, available=False, price=249.95), '4402162122': Variant(item_id='4402162122', options={'switch type': 'tactile', 'backlight': 'RGB', 'size': '60%'}, available=True, price=233.9), '1151293680': Variant(item_id='1151293680', options={'switch type': 'linear', 'backlight': 'RGB', 'size': 'full size'}, available=True, price=272.33), '2299424241': Variant(item_id='2299424241', options={'switch type': 'clicky', 'backlight': 'RGB', 'size': '80%'}, available=True, price=237.48), '4843487907': Variant(item_id='4843487907', options={'switch type': 'clicky', 'backlight': 'white', 'size': '80%'}, available=False, price=254.84), '9025753381': Variant(item_id='9025753381', options={'switch type': 'clicky', 'backlight': 'RGB', 'size': 'full size'}, available=False, price=231.58), '6439196450': Variant(item_id='6439196450', options={'switch type': 'tactile', 'backlight': 'none', 'size': '60%'}, available=False, price=254.56), '9991484137': Variant(item_id='9991484137', options={'switch type': 'tactile', 'backlight': 'white', 'size': '80%'}, available=True, price=240.97), '9665000388': Variant(item_id='9665000388', options={'switch type': 'clicky', 'backlight': 'none', 'size': '80%'}, available=True, price=269.46), '9570044148': Variant(item_id='9570044148', options={'switch type': 'linear', 'backlight': 'none', 'size': 'full size'}, available=True, price=231.37), '7658724607': Variant(item_id='7658724607', options={'switch type': 'tactile', 'backlight': 'none', 'size': '80%'}, available=True, price=256.73)}
2026-07-22 11:35:12.740 | DEBUG    | tau2.environment.environment:get_response:454 - Response: name='Smart Thermostat' product_id='4896585277' variants={'8722653925': Variant(item_id='8722653925', options={'compatibility': 'Google Assistant', 'color': 'white'}, available=False, price=227.8), '8593894906': Variant(item_id='8593894906', options={'compatibility': 'Amazon Alexa', 'color': 'white'}, available=False, price=263.11), '2791467853': Variant(item_id='2791467853', options={'compatibility': 'Google Assistant', 'color': 'stainless steel'}, available=False, price=242.53), '7747408585': Variant(item_id='7747408585', options={'compatibility': 'Google Assistant', 'color': 'black'}, available=True, price=249.01), '4953074738': Variant(item_id='4953074738', options={'compatibility': 'Amazon Alexa', 'color': 'black'}, available=True, price=226.02), '4983901480': Variant(item_id='4983901480', options={'compatibility': 'Apple HomeKit', 'color': 'black'}, available=True, price=262.47), '9480266227': Variant(item_id='9480266227', options={'compatibility': 'Apple HomeKit', 'color': 'stainless steel'}, available=True, price=255.98), '6243148452': Variant(item_id='6243148452', options={'compatibility': 'Amazon Alexa', 'color': 'stainless steel'}, available=True, price=247.0), '3377900078': Variant(item_id='3377900078', options={'compatibility': 'Apple HomeKit', 'color': 'white'}, available=True, price=260.68)}
2026-07-22 11:35:12.740 | DEBUG    | tau2.orchestrator.orchestrator:step:833 - Step 11. Sending message from Role.ENV to Role.AGENT
2026-07-22 11:35:12.740 | DEBUG    | tau2.orchestrator.orchestrator:step:836 - Step 11.
From role: Role.ENV
To role: Role.AGENT
Message: role='tool' tool_messages=[ToolMessage(id='call_00_Po0jLjQDDV8j66sVTpOV7436', role='tool', content='{"name": "Mechanical Keyboard", "product_id": "1656367028", "variants": {"9690244451": {"item_id": "9690244451", "options": {"switch type": "clicky", "backlight": "RGB", "size": "60%"}, "available": false, "price": 236.51}, "7706410293": {"item_id": "7706410293", "options": {"switch type": "clicky", "backlight": "none", "size": "full size"}, "available": true, "price": 269.16}, "3616838507": {"item_id": "3616838507", "options": {"switch type": "tactile", "backlight": "white", "size": "full size"}, "available": true, "price": 226.11}, "8484921793": {"item_id": "8484921793", "options": {"switch type": "linear", "backlight": "RGB", "size": "80%"}, "available": true, "price": 230.15}, "1340995114": {"item_id": "1340995114", "options": {"switch type": "tactile", "backlight": "none", "size": "full size"}, "available": false, "price": 235.13}, "6342039236": {"item_id": "6342039236", "options": {"switch type": "clicky", "backlight": "white", "size": "full size"}, "available": true, "price": 244.91}, "1421289881": {"item_id": "1421289881", "options": {"switch type": "linear", "backlight": "none", "size": "80%"}, "available": true, "price": 268.77}, "7867398203": {"item_id": "7867398203", "options": {"switch type": "linear", "backlight": "RGB", "size": "60%"}, "available": true, "price": 232.7}, "4648814700": {"item_id": "4648814700", "options": {"switch type": "linear", "backlight": "white", "size": "60%"}, "available": false, "price": 228.84}, "5222576926": {"item_id": "5222576926", "options": {"switch type": "linear", "backlight": "white", "size": "full size"}, "available": false, "price": 249.95}, "4402162122": {"item_id": "4402162122", "options": {"switch type": "tactile", "backlight": "RGB", "size": "60%"}, "available": true, "price": 233.9}, "1151293680": {"item_id": "1151293680", "options": {"switch type": "linear", "backlight": "RGB", "size": "full size"}, "available": true, "price": 272.33}, "2299424241": {"item_id": "2299424241", "options": {"switch type": "clicky", "backlight": "RGB", "size": "80%"}, "available": true, "price": 237.48}, "4843487907": {"item_id": "4843487907", "options": {"switch type": "clicky", "backlight": "white", "size": "80%"}, "available": false, "price": 254.84}, "9025753381": {"item_id": "9025753381", "options": {"switch type": "clicky", "backlight": "RGB", "size": "full size"}, "available": false, "price": 231.58}, "6439196450": {"item_id": "6439196450", "options": {"switch type": "tactile", "backlight": "none", "size": "60%"}, "available": false, "price": 254.56}, "9991484137": {"item_id": "9991484137", "options": {"switch type": "tactile", "backlight": "white", "size": "80%"}, "available": true, "price": 240.97}, "9665000388": {"item_id": "9665000388", "options": {"switch type": "clicky", "backlight": "none", "size": "80%"}, "available": true, "price": 269.46}, "9570044148": {"item_id": "9570044148", "options": {"switch type": "linear", "backlight": "none", "size": "full size"}, "available": true, "price": 231.37}, "7658724607": {"item_id": "7658724607", "options": {"switch type": "tactile", "backlight": "none", "size": "80%"}, "available": true, "price": 256.73}}}', requestor='assistant', error=False, turn_idx=None, timestamp='2026-07-22T11:35:12.740963'), ToolMessage(id='call_01_AM2DNRwxyZfqLLmqYSov1747', role='tool', content='{"name": "Smart Thermostat", "product_id": "4896585277", "variants": {"8722653925": {"item_id": "8722653925", "options": {"compatibility": "Google Assistant", "color": "white"}, "available": false, "price": 227.8}, "8593894906": {"item_id": "8593894906", "options": {"compatibility": "Amazon Alexa", "color": "white"}, "available": false, "price": 263.11}, "2791467853": {"item_id": "2791467853", "options": {"compatibility": "Google Assistant", "color": "stainless steel"}, "available": false, "price": 242.53}, "7747408585": {"item_id": "7747408585", "options": {"compatibility": "Google Assistant", "color": "black"}, "available": true, "price": 249.01}, "4953074738": {"item_id": "4953074738", "options": {"compatibility": "Amazon Alexa", "color": "black"}, "available": true, "price": 226.02}, "4983901480": {"item_id": "4983901480", "options": {"compatibility": "Apple HomeKit", "color": "black"}, "available": true, "price": 262.47}, "9480266227": {"item_id": "9480266227", "options": {"compatibility": "Apple HomeKit", "color": "stainless steel"}, "available": true, "price": 255.98}, "6243148452": {"item_id": "6243148452", "options": {"compatibility": "Amazon Alexa", "color": "stainless steel"}, "available": true, "price": 247.0}, "3377900078": {"item_id": "3377900078", "options": {"compatibility": "Apple HomeKit", "color": "white"}, "available": true, "price": 260.68}}}', requestor='assistant', error=False, turn_idx=None, timestamp='2026-07-22T11:35:12.740963')]
2026-07-22 11:35:15.693 | DEBUG    | tau2.orchestrator.orchestrator:step:833 - Step 12. Sending message from Role.AGENT to Role.USER
2026-07-22 11:35:15.693 | DEBUG    | tau2.orchestrator.orchestrator:step:836 - Step 12.
From role: Role.AGENT
To role: Role.USER
Message: AssistantMessage
content: Let me break down what's available for you:

**1. Mechanical Keyboard** (current item: **linear switches, RGB, full size** - item #1151293680)
You want clicky switches. Here are the available clicky options:
- **Item #7706410293** - Clicky, no backlight, full size - **$269.16**
- **Item #6342039236** - Clicky, white backlight, full size - **$244.91**
- **Item #2299424241** - Clicky, RGB backlight, 80% size - **$237.48**
- **Item #9665000388** - Clicky, no backlight, 80% size - **$269.46**

Since your current keyboard is full size, the closest match would be **#7706410293** (clicky, no backlight, full size) or **#6342039236** (clicky, white backlight, full size). Which one would you prefer?

**2. Smart Thermostat** (current item: **Apple HomeKit, black** - item #4983901480)
You want one that works with Google Home. The available option is:
- **Item #7747408585** - Google Assistant, black - **$249.01**

This one works with Google Assistant (Google Home), so that should be what you're looking for!

Could you let me know which specific keyboard variant you'd like? Also, I'll need to know what payment method you'd like to use for any price difference (refund or payment). Your current payment method on file is a Mastercard ending in 2478.
is_final_chunk: True
2026-07-22 11:35:15.693 | DEBUG    | tau2.user.user_simulator:_generate_next_message:222 - User responds to message: AssistantMessage
content: Let me break down what's available for you:

**1. Mechanical Keyboard** (current item: **linear switches, RGB, full size** - item #1151293680)
You want clicky switches. Here are the available clicky options:
- **Item #7706410293** - Clicky, no backlight, full size - **$269.16**
- **Item #6342039236** - Clicky, white backlight, full size - **$244.91**
- **Item #2299424241** - Clicky, RGB backlight, 80% size - **$237.48**
- **Item #9665000388** - Clicky, no backlight, 80% size - **$269.46**

Since your current keyboard is full size, the closest match would be **#7706410293** (clicky, no backlight, full size) or **#6342039236** (clicky, white backlight, full size). Which one would you prefer?

**2. Smart Thermostat** (current item: **Apple HomeKit, black** - item #4983901480)
You want one that works with Google Home. The available option is:
- **Item #7747408585** - Google Assistant, black - **$249.01**

This one works with Google Assistant (Google Home), so that should be what you're looking for!

Could you let me know which specific keyboard variant you'd like? Also, I'll need to know what payment method you'd like to use for any price difference (refund or payment). Your current payment method on file is a Mastercard ending in 2478.
is_final_chunk: True
2026-07-22 11:35:17.605 | DEBUG    | tau2.user.user_simulator:_generate_next_message:244 - Response: Thanks for checking all that. Since there isn’t a clicky, RGB backlit, full-size keyboard available, I’ll just go ahead and exchange only the thermostat for the Google Home compatible one. 

For the thermostat, can you confirm if there are any price differences or fees I should expect, and if the exchange will be handled as a straight swap or if I need to do a return and repurchase? Also, I’d like to make sure the shipping and timing for the replacement is sorted out in this same process.
2026-07-22 11:35:17.605 | DEBUG    | tau2.orchestrator.orchestrator:step:833 - Step 13. Sending message from Role.USER to Role.AGENT
2026-07-22 11:35:17.606 | DEBUG    | tau2.orchestrator.orchestrator:step:836 - Step 13.
From role: Role.USER
To role: Role.AGENT
Message: UserMessage
content: Thanks for checking all that. Since there isn’t a clicky, RGB backlit, full-size keyboard available, I’ll just go ahead and exchange only the thermostat for the Google Home compatible one. 

For the thermostat, can you confirm if there are any price differences or fees I should expect, and if the exchange will be handled as a straight swap or if I need to do a return and repurchase? Also, I’d like to make sure the shipping and timing for the replacement is sorted out in this same process.
is_final_chunk: True
2026-07-22 11:35:20.870 | DEBUG    | tau2.orchestrator.orchestrator:step:833 - Step 14. Sending message from Role.AGENT to Role.USER
2026-07-22 11:35:20.870 | DEBUG    | tau2.orchestrator.orchestrator:step:836 - Step 14.
From role: Role.AGENT
To role: Role.USER
Message: AssistantMessage
content: Great choice! Let me clarify a few things:

**Price Difference:**
- Your current Smart Thermostat (Apple HomeKit, black - item #4983901480) was **$262.47**
- The new Smart Thermostat (Google Assistant, black - item #7747408585) is **$249.01**
- So you'd get a refund of **$13.46** for the price difference.

**Exchange Process:**
This is an exchange, not a return and repurchase. After I process it, the order status will change to "exchange requested" and you'll receive an email with instructions on how to return the item. There's no need to place a new order.

**Regarding shipping/timing:**
Unfortunately, I don't have specific details about shipping timelines for the replacement item beyond what's available to me. The email you receive after the exchange is processed should provide more information on that.

Now, for the refund of the price difference ($13.46), I'll need a payment method to send that to. It can either go back to your original payment method (Mastercard ending in 2478) or to an existing gift card. Do you have a preference?

Also, before I proceed, let me confirm the details:

- **Order:** #W2378156
- **Item to exchange:** Smart Thermostat (item #4983901480 - Apple HomeKit, black)
- **New item:** Smart Thermostat (item #7747408585 - Google Assistant, black)
- **Price difference refund:** $13.46

Could you please confirm all this looks good and let me know which payment method you'd like the refund to go to?
is_final_chunk: True
2026-07-22 11:35:20.870 | DEBUG    | tau2.user.user_simulator:_generate_next_message:222 - User responds to message: AssistantMessage
content: Great choice! Let me clarify a few things:

**Price Difference:**
- Your current Smart Thermostat (Apple HomeKit, black - item #4983901480) was **$262.47**
- The new Smart Thermostat (Google Assistant, black - item #7747408585) is **$249.01**
- So you'd get a refund of **$13.46** for the price difference.

**Exchange Process:**
This is an exchange, not a return and repurchase. After I process it, the order status will change to "exchange requested" and you'll receive an email with instructions on how to return the item. There's no need to place a new order.

**Regarding shipping/timing:**
Unfortunately, I don't have specific details about shipping timelines for the replacement item beyond what's available to me. The email you receive after the exchange is processed should provide more information on that.

Now, for the refund of the price difference ($13.46), I'll need a payment method to send that to. It can either go back to your original payment method (Mastercard ending in 2478) or to an existing gift card. Do you have a preference?

Also, before I proceed, let me confirm the details:

- **Order:** #W2378156
- **Item to exchange:** Smart Thermostat (item #4983901480 - Apple HomeKit, black)
- **New item:** Smart Thermostat (item #7747408585 - Google Assistant, black)
- **Price difference refund:** $13.46

Could you please confirm all this looks good and let me know which payment method you'd like the refund to go to?
is_final_chunk: True
2026-07-22 11:35:22.389 | DEBUG    | tau2.user.user_simulator:_generate_next_message:244 - Response: Yes, that all looks correct. Please send the $13.46 refund back to the Mastercard ending in 2478. 

And just to double-check—will the exchange email include a prepaid return label for the thermostat, and will the replacement ship after you receive the return, or do you send it out right away? I want to make sure I don’t miss any steps.
2026-07-22 11:35:22.390 | DEBUG    | tau2.orchestrator.orchestrator:step:833 - Step 15. Sending message from Role.USER to Role.AGENT
2026-07-22 11:35:22.390 | DEBUG    | tau2.orchestrator.orchestrator:step:836 - Step 15.
From role: Role.USER
To role: Role.AGENT
Message: UserMessage
content: Yes, that all looks correct. Please send the $13.46 refund back to the Mastercard ending in 2478. 

And just to double-check—will the exchange email include a prepaid return label for the thermostat, and will the replacement ship after you receive the return, or do you send it out right away? I want to make sure I don’t miss any steps.
is_final_chunk: True
2026-07-22 11:35:24.085 | DEBUG    | tau2.orchestrator.orchestrator:step:833 - Step 16. Sending message from Role.AGENT to Role.USER
2026-07-22 11:35:24.085 | DEBUG    | tau2.orchestrator.orchestrator:step:836 - Step 16.
From role: Role.AGENT
To role: Role.USER
Message: AssistantMessage
content: I appreciate you asking, but unfortunately I don't have specific details about the return label or shipping timing beyond what's in the policy. The email you'll receive after the exchange is processed will contain instructions on how and where to return the item, so you'll get all the details there.

Let me go ahead and process the exchange now. Since this action can only be done once per order, I want to make sure you've confirmed **all** the items you want to exchange. You mentioned you only want to exchange the thermostat - is that correct? You don't want to exchange the keyboard or any other items?
is_final_chunk: True
2026-07-22 11:35:24.086 | DEBUG    | tau2.user.user_simulator:_generate_next_message:222 - User responds to message: AssistantMessage
content: I appreciate you asking, but unfortunately I don't have specific details about the return label or shipping timing beyond what's in the policy. The email you'll receive after the exchange is processed will contain instructions on how and where to return the item, so you'll get all the details there.

Let me go ahead and process the exchange now. Since this action can only be done once per order, I want to make sure you've confirmed **all** the items you want to exchange. You mentioned you only want to exchange the thermostat - is that correct? You don't want to exchange the keyboard or any other items?
is_final_chunk: True
2026-07-22 11:35:25.062 | DEBUG    | tau2.user.user_simulator:_generate_next_message:244 - Response: That’s correct—I’m only exchanging the thermostat for the Google Home compatible one. No other items need to be changed. Please go ahead and process it.
2026-07-22 11:35:25.062 | DEBUG    | tau2.orchestrator.orchestrator:step:833 - Step 17. Sending message from Role.USER to Role.AGENT
2026-07-22 11:35:25.063 | DEBUG    | tau2.orchestrator.orchestrator:step:836 - Step 17.
From role: Role.USER
To role: Role.AGENT
Message: UserMessage
content: That’s correct—I’m only exchanging the thermostat for the Google Home compatible one. No other items need to be changed. Please go ahead and process it.
is_final_chunk: True
2026-07-22 11:35:26.734 | DEBUG    | tau2.orchestrator.orchestrator:step:833 - Step 18. Sending message from Role.AGENT to Role.ENV
2026-07-22 11:35:26.734 | DEBUG    | tau2.orchestrator.orchestrator:step:836 - Step 18.
From role: Role.AGENT
To role: Role.ENV
Message: AssistantMessage
content: Let me process the exchange now.
ToolCalls:
ToolCall (from assistant)
id: call_00_dxOOaZzpyr3BN4dwMC7O1846
name: exchange_delivered_order_items
arguments:
{
  "order_id": "#W2378156",
  "item_ids": [
    "4983901480"
  ],
  "new_item_ids": [
    "7747408585"
  ],
  "payment_method_id": "credit_card_9513926"
}
is_final_chunk: True
2026-07-22 11:35:26.734 | DEBUG    | tau2.environment.environment:get_response:454 - Response: order_id='#W2378156' user_id='yusuf_rossi_9620' address=UserAddress(address1='763 Broadway', address2='Suite 135', city='Philadelphia', country='USA', state='PA', zip='19122') items=[OrderItem(name='Headphones', product_id='6992792935', item_id='4202497723', price=342.81, options={'type': 'over-ear', 'connectivity': 'wireless', 'color': 'blue'}), OrderItem(name='Vacuum Cleaner', product_id='1762337868', item_id='4602305039', price=561.05, options={'type': 'robotic', 'bagged/bagless': 'bagged', 'features': 'cordless'}), OrderItem(name='Mechanical Keyboard', product_id='1656367028', item_id='1151293680', price=272.33, options={'switch type': 'linear', 'backlight': 'RGB', 'size': 'full size'}), OrderItem(name='Smart Thermostat', product_id='4896585277', item_id='4983901480', price=262.47, options={'compatibility': 'Apple HomeKit', 'color': 'black'}), OrderItem(name='Smart Watch', product_id='6945232052', item_id='9408160950', price=381.26, options={'color': 'gold', 'band material': 'leather', 'display': 'LCD'})] status='exchange requested' fulfillments=[OrderFullfilment(tracking_id=['843053632392'], item_ids=['4202497723', '4602305039', '1151293680', '4983901480', '9408160950'])] payment_history=[OrderPayment(transaction_type='payment', amount=1819.92, payment_method_id='credit_card_9513926')] cancel_reason=None exchange_items=['4983901480'] exchange_new_items=['7747408585'] exchange_payment_method_id='credit_card_9513926' exchange_price_difference=-13.46 return_items=None return_payment_method_id=None
2026-07-22 11:35:26.735 | DEBUG    | tau2.orchestrator.orchestrator:step:833 - Step 19. Sending message from Role.ENV to Role.AGENT
2026-07-22 11:35:26.735 | DEBUG    | tau2.orchestrator.orchestrator:step:836 - Step 19.
From role: Role.ENV
To role: Role.AGENT
Message: ToolMessage (responding to assistant)
timestamp: 2026-07-22T11:35:26.735235
content: {"order_id": "#W2378156", "user_id": "yusuf_rossi_9620", "address": {"address1": "763 Broadway", "address2": "Suite 135", "city": "Philadelphia", "country": "USA", "state": "PA", "zip": "19122"}, "items": [{"name": "Headphones", "product_id": "6992792935", "item_id": "4202497723", "price": 342.81, "options": {"type": "over-ear", "connectivity": "wireless", "color": "blue"}}, {"name": "Vacuum Cleaner", "product_id": "1762337868", "item_id": "4602305039", "price": 561.05, "options": {"type": "robotic", "bagged/bagless": "bagged", "features": "cordless"}}, {"name": "Mechanical Keyboard", "product_id": "1656367028", "item_id": "1151293680", "price": 272.33, "options": {"switch type": "linear", "backlight": "RGB", "size": "full size"}}, {"name": "Smart Thermostat", "product_id": "4896585277", "item_id": "4983901480", "price": 262.47, "options": {"compatibility": "Apple HomeKit", "color": "black"}}, {"name": "Smart Watch", "product_id": "6945232052", "item_id": "9408160950", "price": 381.26, "options": {"color": "gold", "band material": "leather", "display": "LCD"}}], "status": "exchange requested", "fulfillments": [{"tracking_id": ["843053632392"], "item_ids": ["4202497723", "4602305039", "1151293680", "4983901480", "9408160950"]}], "payment_history": [{"transaction_type": "payment", "amount": 1819.92, "payment_method_id": "credit_card_9513926"}], "cancel_reason": null, "exchange_items": ["4983901480"], "exchange_new_items": ["7747408585"], "exchange_payment_method_id": "credit_card_9513926", "exchange_price_difference": -13.46, "return_items": null, "return_payment_method_id": null}
2026-07-22 11:35:28.369 | DEBUG    | tau2.orchestrator.orchestrator:step:833 - Step 20. Sending message from Role.AGENT to Role.USER
2026-07-22 11:35:28.369 | DEBUG    | tau2.orchestrator.orchestrator:step:836 - Step 20.
From role: Role.AGENT
To role: Role.USER
Message: AssistantMessage
content: The exchange has been processed successfully! Here's a summary:

✅ **Order #W2378156** status is now **"exchange requested"**
✅ **Item exchanged:** Smart Thermostat (Apple HomeKit, black) → Smart Thermostat (Google Assistant, black)
✅ **Refund of $13.46** will go back to your Mastercard ending in 2478 (within 5-7 business days since it's a credit card)
✅ You'll receive an email shortly with instructions on how to return the thermostat

Is there anything else I can help you with?
is_final_chunk: True
2026-07-22 11:35:28.370 | DEBUG    | tau2.user.user_simulator:_generate_next_message:222 - User responds to message: AssistantMessage
content: The exchange has been processed successfully! Here's a summary:

✅ **Order #W2378156** status is now **"exchange requested"**
✅ **Item exchanged:** Smart Thermostat (Apple HomeKit, black) → Smart Thermostat (Google Assistant, black)
✅ **Refund of $13.46** will go back to your Mastercard ending in 2478 (within 5-7 business days since it's a credit card)
✅ You'll receive an email shortly with instructions on how to return the thermostat

Is there anything else I can help you with?
is_final_chunk: True
2026-07-22 11:35:29.209 | DEBUG    | tau2.user.user_simulator:_generate_next_message:244 - Response: No, that covers everything I needed. Thanks for your help! ###STOP###
2026-07-22 11:35:29.290 | DEBUG    | tau2.environment.environment:get_response:454 - Response: order_id='#W2378156' user_id='yusuf_rossi_9620' address=UserAddress(address1='763 Broadway', address2='Suite 135', city='Philadelphia', country='USA', state='PA', zip='19122') items=[OrderItem(name='Headphones', product_id='6992792935', item_id='4202497723', price=342.81, options={'type': 'over-ear', 'connectivity': 'wireless', 'color': 'blue'}), OrderItem(name='Vacuum Cleaner', product_id='1762337868', item_id='4602305039', price=561.05, options={'type': 'robotic', 'bagged/bagless': 'bagged', 'features': 'cordless'}), OrderItem(name='Mechanical Keyboard', product_id='1656367028', item_id='1151293680', price=272.33, options={'switch type': 'linear', 'backlight': 'RGB', 'size': 'full size'}), OrderItem(name='Smart Thermostat', product_id='4896585277', item_id='4983901480', price=262.47, options={'compatibility': 'Apple HomeKit', 'color': 'black'}), OrderItem(name='Smart Watch', product_id='6945232052', item_id='9408160950', price=381.26, options={'color': 'gold', 'band material': 'leather', 'display': 'LCD'})] status='exchange requested' fulfillments=[OrderFullfilment(tracking_id=['843053632392'], item_ids=['4202497723', '4602305039', '1151293680', '4983901480', '9408160950'])] payment_history=[OrderPayment(transaction_type='payment', amount=1819.92, payment_method_id='credit_card_9513926')] cancel_reason=None exchange_items=['4983901480'] exchange_new_items=['7747408585'] exchange_payment_method_id='credit_card_9513926' exchange_price_difference=-13.46 return_items=None return_payment_method_id=None
2026-07-22 11:35:29.407 | INFO     | tau2.runner.simulation:run_simulation:87 - Simulation complete: domain=retail, task=1, reward=1.0
2026-07-22 11:35:29.408 | INFO     | tau2.runner.batch:run_single_task:442 - FINISHED SIMULATION: Domain: retail, Task: 1, Reward: 1.0
